Java HotSpot(TM) 64-Bit Server VM (25.131-b11) for bsd-amd64 JRE (1.8.0_131-b11), built on Mar 15 2017 01:32:22 by "java_re" with gcc 4.2.1 (Based on Apple Inc. build 5658) (LLVM build 2336.11.00)
Memory: 4k page, physical 16777216k(90724k free)

/proc/meminfo:

CommandLine flags: -XX:+ExplicitGCInvokesConcurrent -XX:GCLogFileSize=104857600 -XX:InitialHeapSize=268435456 -XX:InitiatingHeapOccupancyPercent=35 -XX:+ManagementServer -XX:MaxGCPauseMillis=20 -XX:MaxHeapSize=268435456 -XX:NumberOfGCLogFiles=10 -XX:+PrintGC -XX:+PrintGCDateStamps -XX:+PrintGCDetails -XX:+PrintGCTimeStamps -XX:+UseCompressedClassPointers -XX:+UseCompressedOops -XX:+UseG1GC -XX:+UseGCLogFileRotation 
2019-02-06T22:08:50.645+0500: 0.396: [GC pause (G1 Evacuation Pause) (young), 0.0052382 secs]
   [Parallel Time: 3.7 ms, GC Workers: 8]
      [GC Worker Start (ms): Min: 395.9, Avg: 396.2, Max: 396.7, Diff: 0.8]
      [Ext Root Scanning (ms): Min: 0.0, Avg: 0.3, Max: 1.1, Diff: 1.1, Sum: 2.5]
      [Update RS (ms): Min: 0.0, Avg: 0.0, Max: 0.0, Diff: 0.0, Sum: 0.0]
         [Processed Buffers: Min: 0, Avg: 0.0, Max: 0, Diff: 0, Sum: 0]
      [Scan RS (ms): Min: 0.0, Avg: 0.0, Max: 0.0, Diff: 0.0, Sum: 0.0]
      [Code Root Scanning (ms): Min: 0.0, Avg: 0.1, Max: 0.3, Diff: 0.3, Sum: 0.7]
      [Object Copy (ms): Min: 1.8, Avg: 2.4, Max: 3.0, Diff: 1.2, Sum: 18.8]
      [Termination (ms): Min: 0.0, Avg: 0.5, Max: 0.6, Diff: 0.6, Sum: 4.2]
         [Termination Attempts: Min: 1, Avg: 7.5, Max: 15, Diff: 14, Sum: 60]
      [GC Worker Other (ms): Min: 0.0, Avg: 0.0, Max: 0.0, Diff: 0.0, Sum: 0.1]
      [GC Worker Total (ms): Min: 2.7, Avg: 3.3, Max: 3.6, Diff: 0.9, Sum: 26.3]
      [GC Worker End (ms): Min: 399.5, Avg: 399.5, Max: 399.5, Diff: 0.1]
   [Code Root Fixup: 0.1 ms]
   [Code Root Purge: 0.0 ms]
   [Clear CT: 0.1 ms]
   [Other: 1.3 ms]
      [Choose CSet: 0.0 ms]
      [Ref Proc: 1.0 ms]
      [Ref Enq: 0.0 ms]
      [Redirty Cards: 0.2 ms]
      [Humongous Register: 0.0 ms]
      [Humongous Reclaim: 0.0 ms]
      [Free CSet: 0.0 ms]
   [Eden: 12.0M(12.0M)->0.0B(10.0M) Survivors: 0.0B->2048.0K Heap: 12.0M(256.0M)->3115.0K(256.0M)]
 [Times: user=0.03 sys=0.01, real=0.01 secs] 
2019-02-06T22:08:50.888+0500: 0.639: [GC pause (G1 Evacuation Pause) (young), 0.0048645 secs]
   [Parallel Time: 3.2 ms, GC Workers: 8]
      [GC Worker Start (ms): Min: 638.9, Avg: 639.0, Max: 639.0, Diff: 0.1]
      [Ext Root Scanning (ms): Min: 0.1, Avg: 0.3, Max: 1.0, Diff: 0.9, Sum: 2.2]
      [Update RS (ms): Min: 0.0, Avg: 0.1, Max: 0.3, Diff: 0.3, Sum: 0.8]
         [Processed Buffers: Min: 0, Avg: 1.0, Max: 2, Diff: 2, Sum: 8]
      [Scan RS (ms): Min: 0.0, Avg: 0.0, Max: 0.0, Diff: 0.0, Sum: 0.0]
      [Code Root Scanning (ms): Min: 0.0, Avg: 0.1, Max: 0.6, Diff: 0.6, Sum: 0.6]
      [Object Copy (ms): Min: 1.6, Avg: 2.0, Max: 2.2, Diff: 0.6, Sum: 16.2]
      [Termination (ms): Min: 0.0, Avg: 0.5, Max: 0.7, Diff: 0.7, Sum: 4.3]
         [Termination Attempts: Min: 1, Avg: 17.9, Max: 27, Diff: 26, Sum: 143]
      [GC Worker Other (ms): Min: 0.0, Avg: 0.0, Max: 0.0, Diff: 0.0, Sum: 0.1]
      [GC Worker Total (ms): Min: 3.0, Avg: 3.0, Max: 3.1, Diff: 0.1, Sum: 24.3]
      [GC Worker End (ms): Min: 642.0, Avg: 642.0, Max: 642.1, Diff: 0.1]
   [Code Root Fixup: 0.1 ms]
   [Code Root Purge: 0.0 ms]
   [Clear CT: 0.1 ms]
   [Other: 1.4 ms]
      [Choose CSet: 0.0 ms]
      [Ref Proc: 1.2 ms]
      [Ref Enq: 0.0 ms]
      [Redirty Cards: 0.1 ms]
      [Humongous Register: 0.0 ms]
      [Humongous Reclaim: 0.0 ms]
      [Free CSet: 0.0 ms]
   [Eden: 10.0M(10.0M)->0.0B(10.0M) Survivors: 2048.0K->2048.0K Heap: 13.0M(256.0M)->6504.5K(256.0M)]
 [Times: user=0.02 sys=0.00, real=0.01 secs] 
2019-02-06T22:08:51.079+0500: 0.830: [GC pause (G1 Evacuation Pause) (young), 0.0031738 secs]
   [Parallel Time: 2.0 ms, GC Workers: 8]
      [GC Worker Start (ms): Min: 830.5, Avg: 830.5, Max: 830.5, Diff: 0.1]
      [Ext Root Scanning (ms): Min: 0.1, Avg: 0.5, Max: 1.8, Diff: 1.7, Sum: 4.2]
      [Update RS (ms): Min: 0.0, Avg: 0.4, Max: 0.7, Diff: 0.7, Sum: 3.6]
         [Processed Buffers: Min: 0, Avg: 1.8, Max: 4, Diff: 4, Sum: 14]
      [Scan RS (ms): Min: 0.0, Avg: 0.0, Max: 0.0, Diff: 0.0, Sum: 0.0]
      [Code Root Scanning (ms): Min: 0.0, Avg: 0.0, Max: 0.1, Diff: 0.1, Sum: 0.1]
      [Object Copy (ms): Min: 0.0, Avg: 0.3, Max: 0.4, Diff: 0.4, Sum: 2.2]
      [Termination (ms): Min: 0.0, Avg: 0.6, Max: 0.6, Diff: 0.6, Sum: 4.4]
         [Termination Attempts: Min: 1, Avg: 1.2, Max: 3, Diff: 2, Sum: 10]
      [GC Worker Other (ms): Min: 0.0, Avg: 0.0, Max: 0.0, Diff: 0.0, Sum: 0.1]
      [GC Worker Total (ms): Min: 1.8, Avg: 1.8, Max: 1.9, Diff: 0.2, Sum: 14.6]
      [GC Worker End (ms): Min: 832.3, Avg: 832.3, Max: 832.4, Diff: 0.1]
   [Code Root Fixup: 0.0 ms]
   [Code Root Purge: 0.0 ms]
   [Clear CT: 0.1 ms]
   [Other: 1.0 ms]
      [Choose CSet: 0.0 ms]
      [Ref Proc: 0.8 ms]
      [Ref Enq: 0.0 ms]
      [Redirty Cards: 0.1 ms]
      [Humongous Register: 0.0 ms]
      [Humongous Reclaim: 0.0 ms]
      [Free CSet: 0.0 ms]
   [Eden: 10.0M(10.0M)->0.0B(10.0M) Survivors: 2048.0K->2048.0K Heap: 16.4M(256.0M)->7019.0K(256.0M)]
 [Times: user=0.01 sys=0.00, real=0.01 secs] 
2019-02-06T22:08:51.223+0500: 0.974: [GC pause (G1 Evacuation Pause) (young), 0.0020690 secs]
   [Parallel Time: 0.9 ms, GC Workers: 8]
      [GC Worker Start (ms): Min: 974.4, Avg: 974.5, Max: 974.5, Diff: 0.1]
      [Ext Root Scanning (ms): Min: 0.1, Avg: 0.3, Max: 0.6, Diff: 0.4, Sum: 2.1]
      [Update RS (ms): Min: 0.0, Avg: 0.1, Max: 0.2, Diff: 0.2, Sum: 0.5]
         [Processed Buffers: Min: 0, Avg: 1.5, Max: 5, Diff: 5, Sum: 12]
      [Scan RS (ms): Min: 0.0, Avg: 0.0, Max: 0.0, Diff: 0.0, Sum: 0.0]
      [Code Root Scanning (ms): Min: 0.0, Avg: 0.0, Max: 0.1, Diff: 0.1, Sum: 0.1]
      [Object Copy (ms): Min: 0.3, Avg: 0.5, Max: 0.6, Diff: 0.3, Sum: 4.1]
      [Termination (ms): Min: 0.0, Avg: 0.0, Max: 0.0, Diff: 0.0, Sum: 0.0]
         [Termination Attempts: Min: 1, Avg: 3.4, Max: 6, Diff: 5, Sum: 27]
      [GC Worker Other (ms): Min: 0.0, Avg: 0.0, Max: 0.0, Diff: 0.0, Sum: 0.1]
      [GC Worker Total (ms): Min: 0.8, Avg: 0.9, Max: 0.9, Diff: 0.1, Sum: 6.9]
      [GC Worker End (ms): Min: 975.4, Avg: 975.4, Max: 975.4, Diff: 0.0]
   [Code Root Fixup: 0.0 ms]
   [Code Root Purge: 0.0 ms]
   [Clear CT: 0.1 ms]
   [Other: 1.0 ms]
      [Choose CSet: 0.0 ms]
      [Ref Proc: 0.8 ms]
      [Ref Enq: 0.0 ms]
      [Redirty Cards: 0.1 ms]
      [Humongous Register: 0.0 ms]
      [Humongous Reclaim: 0.0 ms]
      [Free CSet: 0.0 ms]
   [Eden: 10.0M(10.0M)->0.0B(14.0M) Survivors: 2048.0K->2048.0K Heap: 16.9M(256.0M)->7771.0K(256.0M)]
 [Times: user=0.01 sys=0.00, real=0.00 secs] 
2019-02-06T22:08:51.386+0500: 1.137: [GC pause (G1 Evacuation Pause) (young), 0.0047862 secs]
   [Parallel Time: 1.9 ms, GC Workers: 8]
      [GC Worker Start (ms): Min: 1137.1, Avg: 1137.1, Max: 1137.2, Diff: 0.1]
      [Ext Root Scanning (ms): Min: 0.1, Avg: 0.3, Max: 0.8, Diff: 0.7, Sum: 2.3]
      [Update RS (ms): Min: 0.0, Avg: 0.1, Max: 0.2, Diff: 0.2, Sum: 0.6]
         [Processed Buffers: Min: 0, Avg: 1.6, Max: 5, Diff: 5, Sum: 13]
      [Scan RS (ms): Min: 0.0, Avg: 0.0, Max: 0.0, Diff: 0.0, Sum: 0.0]
      [Code Root Scanning (ms): Min: 0.0, Avg: 0.0, Max: 0.1, Diff: 0.1, Sum: 0.1]
      [Object Copy (ms): Min: 0.8, Avg: 0.9, Max: 1.0, Diff: 0.2, Sum: 7.4]
      [Termination (ms): Min: 0.0, Avg: 0.5, Max: 0.6, Diff: 0.6, Sum: 4.1]
         [Termination Attempts: Min: 1, Avg: 9.2, Max: 13, Diff: 12, Sum: 74]
      [GC Worker Other (ms): Min: 0.0, Avg: 0.0, Max: 0.0, Diff: 0.0, Sum: 0.1]
      [GC Worker Total (ms): Min: 1.8, Avg: 1.8, Max: 1.9, Diff: 0.1, Sum: 14.6]
      [GC Worker End (ms): Min: 1138.9, Avg: 1138.9, Max: 1138.9, Diff: 0.0]
   [Code Root Fixup: 0.0 ms]
   [Code Root Purge: 0.0 ms]
   [Clear CT: 0.1 ms]
   [Other: 2.7 ms]
      [Choose CSet: 0.0 ms]
      [Ref Proc: 2.5 ms]
      [Ref Enq: 0.0 ms]
      [Redirty Cards: 0.1 ms]
      [Humongous Register: 0.0 ms]
      [Humongous Reclaim: 0.0 ms]
      [Free CSet: 0.0 ms]
   [Eden: 14.0M(14.0M)->0.0B(43.0M) Survivors: 2048.0K->2048.0K Heap: 21.6M(256.0M)->10.3M(256.0M)]
 [Times: user=0.02 sys=0.01, real=0.01 secs] 
2019-02-06T22:08:51.510+0500: 1.261: [GC pause (Metadata GC Threshold) (young) (initial-mark), 0.0029395 secs]
   [Parallel Time: 1.7 ms, GC Workers: 8]
      [GC Worker Start (ms): Min: 1260.8, Avg: 1260.8, Max: 1260.9, Diff: 0.1]
      [Ext Root Scanning (ms): Min: 0.5, Avg: 0.6, Max: 0.6, Diff: 0.1, Sum: 4.5]
      [Update RS (ms): Min: 0.2, Avg: 0.2, Max: 0.3, Diff: 0.1, Sum: 1.9]
         [Processed Buffers: Min: 1, Avg: 1.5, Max: 3, Diff: 2, Sum: 12]
      [Scan RS (ms): Min: 0.0, Avg: 0.0, Max: 0.0, Diff: 0.0, Sum: 0.0]
      [Code Root Scanning (ms): Min: 0.0, Avg: 0.0, Max: 0.1, Diff: 0.1, Sum: 0.2]
      [Object Copy (ms): Min: 0.7, Avg: 0.7, Max: 0.8, Diff: 0.1, Sum: 6.0]
      [Termination (ms): Min: 0.0, Avg: 0.0, Max: 0.0, Diff: 0.0, Sum: 0.1]
         [Termination Attempts: Min: 3, Avg: 12.8, Max: 17, Diff: 14, Sum: 102]
      [GC Worker Other (ms): Min: 0.0, Avg: 0.0, Max: 0.0, Diff: 0.0, Sum: 0.1]
      [GC Worker Total (ms): Min: 1.5, Avg: 1.6, Max: 1.6, Diff: 0.1, Sum: 12.7]
      [GC Worker End (ms): Min: 1262.4, Avg: 1262.4, Max: 1262.4, Diff: 0.0]
   [Code Root Fixup: 0.0 ms]
   [Code Root Purge: 0.0 ms]
   [Clear CT: 0.1 ms]
   [Other: 1.1 ms]
      [Choose CSet: 0.0 ms]
      [Ref Proc: 0.9 ms]
      [Ref Enq: 0.0 ms]
      [Redirty Cards: 0.1 ms]
      [Humongous Register: 0.0 ms]
      [Humongous Reclaim: 0.0 ms]
      [Free CSet: 0.0 ms]
   [Eden: 11.0M(43.0M)->0.0B(77.0M) Survivors: 2048.0K->4096.0K Heap: 20.8M(256.0M)->11.4M(256.0M)]
 [Times: user=0.01 sys=0.00, real=0.00 secs] 
2019-02-06T22:08:51.513+0500: 1.264: [GC concurrent-root-region-scan-start]
2019-02-06T22:08:51.514+0500: 1.265: [GC concurrent-root-region-scan-end, 0.0011020 secs]
2019-02-06T22:08:51.514+0500: 1.265: [GC concurrent-mark-start]
2019-02-06T22:08:51.517+0500: 1.268: [GC concurrent-mark-end, 0.0028632 secs]
2019-02-06T22:08:51.517+0500: 1.268: [GC remark 2019-02-06T22:08:51.517+0500: 1.268: [Finalize Marking, 0.0001745 secs] 2019-02-06T22:08:51.517+0500: 1.268: [GC ref-proc, 0.0001141 secs] 2019-02-06T22:08:51.517+0500: 1.268: [Unloading, 0.0019275 secs], 0.0025010 secs]
 [Times: user=0.02 sys=0.00, real=0.00 secs] 
2019-02-06T22:08:51.519+0500: 1.271: [GC cleanup 11M->9905K(256M), 0.0006758 secs]
 [Times: user=0.00 sys=0.00, real=0.01 secs] 
2019-02-062019-02-06T22:08:45.454+0500: 1.461: [GC concurrent-cleanup-start]
2019-02-06T22:08:45.454+0500: 1.461: [GC concurrent-cleanup-end, 0.0000132 secs]
2019-02-06T22:11:01.075+0500: 137.082: [GC pause (G1 Evacuation Pause) (young), 0.0117851 secs]
   [Parallel Time: 6.0 ms, GC Workers: 8]
      [GC Worker Start (ms): Min: 137081.8, Avg: 137081.9, Max: 137082.0, Diff: 0.2]
      [Ext Root Scanning (ms): Min: 0.5, Avg: 0.8, Max: 2.7, Diff: 2.3, Sum: 6.6]
      [Update RS (ms): Min: 0.0, Avg: 0.2, Max: 0.2, Diff: 0.2, Sum: 1.3]
         [Processed Buffers: Min: 0, Avg: 3.0, Max: 7, Diff: 7, Sum: 24]
      [Scan RS (ms): Min: 0.0, Avg: 0.0, Max: 0.0, Diff: 0.0, Sum: 0.1]
      [Code Root Scanning (ms): Min: 0.0, Avg: 0.5, Max: 1.0, Diff: 1.0, Sum: 4.3]
      [Object Copy (ms): Min: 3.1, Avg: 4.2, Max: 4.6, Diff: 1.5, Sum: 33.7]
      [Termination (ms): Min: 0.0, Avg: 0.0, Max: 0.0, Diff: 0.0, Sum: 0.1]
         [Termination Attempts: Min: 1, Avg: 9.4, Max: 14, Diff: 13, Sum: 75]
      [GC Worker Other (ms): Min: 0.0, Avg: 0.0, Max: 0.0, Diff: 0.0, Sum: 0.2]
      [GC Worker Total (ms): Min: 5.7, Avg: 5.8, Max: 5.9, Diff: 0.2, Sum: 46.2]
      [GC Worker End (ms): Min: 137087.7, Avg: 137087.7, Max: 137087.7, Diff: 0.0]
   [Code Root Fixup: 0.4 ms]
   [Code Root Purge: 0.2 ms]
   [Clear CT: 0.2 ms]
   [Other: 5.0 ms]
      [Choose CSet: 0.0 ms]
      [Ref Proc: 4.5 ms]
      [Ref Enq: 0.1 ms]
      [Redirty Cards: 0.1 ms]
      [Humongous Register: 0.0 ms]
      [Humongous Reclaim: 0.0 ms]
      [Free CSet: 0.1 ms]
   [Eden: 77.0M(77.0M)->0.0B(53.0M) Survivors: 3072.0K->10.0M Heap: 213.7M(256.0M)->144.6M(256.0M)]
 [Times: user=0.04 sys=0.01, real=0.2019-02-06T22:28:02.794+0500: 1152.538: [GC pause (G1 Evacuation Pause) (young), 0.0279183 secs]
   [Parallel Time: 25.1 ms, GC Workers: 8]
      [GC Worker Start (ms): Min: 1152538.3, Avg: 1152538.5, Max: 1152538.7, Diff: 0.4]
      [Ext Root Scanning (ms): Min: 0.8, Avg: 2.7, Max: 16.0, Diff: 15.2, Sum: 21.8]
      [Update RS (ms): Min: 0.0, Avg: 1.2, Max: 1.6, Diff: 1.6, Sum: 9.8]
         [Processed Buffers: Min: 0, Avg: 1.6, Max: 7, Diff: 7, Sum: 13]
      [Scan RS (ms): Min: 0.0, Avg: 0.0, Max: 0.0, Diff: 0.0, Sum: 0.1]
      [Code Root Scanning (ms): Min: 0.0, Avg: 0.7, Max: 2.2, Diff: 2.2, Sum: 5.7]
      [Object Copy (ms): Min: 7.8, Avg: 19.3, Max: 22.0, Diff: 14.2, Sum: 154.2]
      [Termination (ms): Min: 0.0, Avg: 0.6, Max: 1.0, Diff: 1.0, Sum: 5.2]
         [Termination Attempts: Min: 1, Avg: 2.0, Max: 7, Diff: 6, Sum: 16]
      [GC Worker Other (ms): Min: 0.0, Avg: 0.0, Max: 0.0, Diff: 0.0, Sum: 0.2]
      [GC Worker Total (ms): Min: 24.5, Avg: 24.6, Max: 24.8, Diff: 0.3, Sum: 196.9]
      [GC Worker End (ms): Min: 1152563.1, Avg: 1152563.1, Max: 1152563.2, Diff: 0.1]
   [Code Root Fixup: 0.6 ms]
   [Code Root Purge: 0.1 ms]
   [Clear CT: 0.1 ms]
   [Other: 1.9 ms]
      [Choose CSet: 0.0 ms]
      [Ref Proc: 0.7 ms]
      [Ref Enq: 0.0 ms]
      [Redirty Cards: 0.1 ms]
      [Humongous Register: 0.4 ms]
      [Humongous Reclaim: 0.0 ms]
      [Free CSet: 0.3 ms]
   [Eden: 54.0M(54.0M)->0.0B(35.0M) Survivors: 11.0M->8192.0K Heap: 198.7M(256.0M)->141.5M(256.0M)]
 [Times: user=0.04 sys=0.08, real=0.03 secs] 
2019-02-06T22:40:30.173+0500: 1899.912: [GC pause (G1 Evacuation Pause) (young) (initial-mark), 0.0920435 secs]
   [Parallel Time: 77.7 ms, GC Workers: 8]
      [GC Worker Start (ms): Min: 1899942.4, Avg: 1899942.6, Max: 1899942.9, Diff: 0.5]
      [Ext Root Scanning (ms): Min: 20.0, Avg: 21.6, Max: 23.6, Diff: 3.6, Sum: 172.7]
      [Update RS (ms): Min: 0.0, Avg: 1.1, Max: 1.9, Diff: 1.9, Sum: 9.0]
         [Processed Buffers: Min: 0, Avg: 1.4, Max: 4, Diff: 4, Sum: 11]
      [Scan RS (ms): Min: 0.0, Avg: 0.0, Max: 0.0, Diff: 0.0, Sum: 0.1]
      [Code Root Scanning (ms): Min: 0.0, Avg: 2.3, Max: 4.8, Diff: 4.8, Sum: 18.0]
      [Object Copy (ms): Min: 27.3, Avg: 30.9, Max: 34.0, Diff: 6.7, Sum: 247.1]
      [Termination (ms): Min: 0.0, Avg: 0.5, Max: 0.7, Diff: 0.7, Sum: 4.0]
         [Termination Attempts: Min: 1, Avg: 5.8, Max: 13, Diff: 12, Sum: 46]
      [GC Worker Other (ms): Min: 0.0, Avg: 0.2, Max: 1.0, Diff: 1.0, Sum: 1.5]
      [GC Worker Total (ms): Min: 56.2, Avg: 56.5, Max: 56.7, Diff: 0.5, Sum: 452.4]
      [GC Worker End (ms): Min: 1899999.1, Avg: 1899999.1, Max: 1899999.2, Diff: 0.1]
   [Code Root Fixup: 0.9 ms]
   [Code Root Purge: 0.0 ms]
   [Clear CT: 0.2 ms]
   [Other: 13.3 ms]
      [Choose CSet: 0.0 ms]
      [Ref Proc: 2.9 ms]
      [Ref Enq: 0.0 ms]
      [Redirty Cards: 0.1 ms]
      [Humongous Register: 0.0 ms]
      [Humongous Reclaim: 0.0 ms]
      [Free CSet: 0.6 ms]
   [Eden: 35.0M(35.0M)->0.0B(7168.0K) Survivors: 8192.0K->5120.0K Heap: 176.5M(256.0M)->142.8M(256.0M)]
 [Times: user=0.06 sys=0.15, real=0.09 secs] 
2019-02-06T22:40:30.268+0500: 1900.007: [GC concurrent-root-region-scan-start]
2019-02-06T22:40:30.270+0500: 1900.009: [GC concurrent-root-region-scan-end, 0.0018049 secs]
2019-02-06T22:40:30.270+0500: 1900.009: [GC concurrent-mark-start]
2019-02-06T22:40:30.304+0500: 1900.043: [GC concurrent-mark-end, 0.0332786 secs]
2019-02-06T22:40:30.306+0500: 1900.045: [GC remark 2019-02-06T22:40:30.306+0500: 1900.045: [Finalize Marking, 0.0013102 secs] 2019-02-06T22:40:30.308+0500: 1900.047: [GC ref-proc, 0.0005789 secs] 2019-02-06T22:40:30.308+0500: 1900.047: [Unloading, 0.0969442 secs], 0.1019690 secs]
 [Times: user=0.05 sys=0.24, real=0.10 secs] 
2019-02-06T22:40:30.407+0500: 1900.146: [GC cleanup 142M->142M(256M), 0.0007762 secs]
 [Times: user=0.00 sys=0.00, real=0.00 s2019-02-06T22:46:17.373+0500: 2253.366: [GC pause (G1 Evacuation Pause) (young), 0.0122299 secs]
   [Parallel Time: 10.0 ms, GC Workers: 8]
      [GC Worker Start (ms): Min: 2253366.9, Avg: 2253367.2, Max: 2253367.5, Diff: 0.6]
      [Ext Root Scanning (ms): Min: 1.0, Avg: 2.3, Max: 8.9, Diff: 7.9, Sum: 18.5]
      [Update RS (ms): Min: 0.0, Avg: 5.4, Max: 7.6, Diff: 7.6, Sum: 43.2]
         [Processed Buffers: Min: 0, Avg: 6.5, Max: 31, Diff: 31, Sum: 52]
      [Scan RS (ms): Min: 0.0, Avg: 0.1, Max: 0.4, Diff: 0.4, Sum: 0.7]
      [Code Root Scanning (ms): Min: 0.0, Avg: 0.0, Max: 0.2, Diff: 0.2, Sum: 0.4]
      [Object Copy (ms): Min: 0.0, Avg: 0.9, Max: 1.3, Diff: 1.3, Sum: 7.2]
      [Termination (ms): Min: 0.0, Avg: 0.7, Max: 1.0, Diff: 1.0, Sum: 5.7]
         [Termination Attempts: Min: 1, Avg: 2.6, Max: 9, Diff: 8, Sum: 21]
      [GC Worker Other (ms): Min: 0.0, Avg: 0.0, Max: 0.1, Diff: 0.0, Sum: 0.3]
      [GC Worker Total (ms): Min: 9.2, Avg: 9.5, Max: 9.8, Diff: 0.6, Sum: 76.0]
      [GC Worker End (ms): Min: 2253376.7, Avg: 2253376.7, Max: 2253376.8, Diff: 0.1]
   [Code Root Fixup: 0.1 ms]
   [Code Root Purge: 0.0 ms]
   [Clear CT: 0.4 ms]
   [Other: 1.8 ms]
      [Choose CSet: 0.0 ms]
      [Ref Proc: 0.4 ms]
      [Ref Enq: 0.0 ms]
      [Redirty Cards: 0.1 ms]
      [Humongous Register: 0.5 ms]
      [Humongous Reclaim: 0.0 ms]
      [Free CSet: 0.1 ms]
   [Eden: 28.0M(28.0M)->0.0B(85.0M) Survivors: 4096.0K->1024.0K Heap: 171.5M(256.0M)->140.4M(256.0M)]
 [Times: user=0.03 sys=0.03, real=0.01 secs] 
2019-02-06T23:34:01.100+0500: 3917.335: [GC pause (G1 Evacuation Pause) (young), 0.0087334 secs]
   [Parallel Time: 6.0 ms, GC Workers: 8]
      [GC Worker Start (ms): Min: 3917335.9, Avg: 3917336.0, Max: 3917336.2, Diff: 0.3]
      [Ext Root Scanning (ms): Min: 0.4, Avg: 0.8, Max: 3.1, Diff: 2.8, Sum: 6.7]
      [Update RS (ms): Min: 0.0, Avg: 0.7, Max: 1.5, Diff: 1.5, Sum: 5.9]
         [Processed Buffers: Min: 0, Avg: 5.4, Max: 13, Diff: 13, Sum: 43]
      [Scan RS (ms): Min: 0.0, Avg: 0.0, Max: 0.0, Diff: 0.0, Sum: 0.1]
      [Code Root Scanning (ms): Min: 0.0, Avg: 0.1, Max: 0.3, Diff: 0.3, Sum: 0.4]
      [Object Copy (ms): Min: 1.3, Avg: 3.0, Max: 4.3, Diff: 3.0, Sum: 23.8]
      [Termination (ms): Min: 0.0, Avg: 1.0, Max: 1.4, Diff: 1.4, Sum: 7.7]
         [Termination Attempts: Min: 2, Avg: 10.9, Max: 35, Diff: 33, Sum: 87]
      [GC Worker Other (ms): Min: 0.0, Avg: 0.0, Max: 0.0, Diff: 0.0, Sum: 0.2]
      [GC Worker Total (ms): Min: 5.5, Avg: 5.6, Max: 5.9, Diff: 0.4, Sum: 44.9]
      [GC Worker End (ms): Min: 3917341.6, Avg: 3917341.6, Max: 3917341.7, Diff: 0.2]
   [Code Root Fixup: 0.1 ms]
   [Code Root Purge: 0.0 ms]
   [Clear CT: 0.2 ms]
   [Other: 2.5 ms]
      [Choose CSet: 0.0 ms]
      [Ref Proc: 1.5 ms]
      [Ref Enq: 0.0 ms]
      [Redirty Cards: 0.1 ms]
      [Humongous Register: 0.3 ms]
      [Humongous Reclaim: 0.0 ms]
      [Free CSet: 0.2 ms]
   [Eden: 85.0M(85.0M)->0.0B(84.0M) Survivors: 1024.0K->2048.0K Heap: 225.4M(256.0M)->141.2M(256.0M)]
 [Times: user=0.03 sys=0.02, real=0.00 secs] 
] 
2019-02-06T22:50:49.619+0500: 2519.354: [GC pause (G1 Evacuation Pause) (young) (initial-mark), 0.0028294 secs]
   [Parallel Time: 1.9 ms, GC Workers: 8]
      [GC Worker Start (ms): Min: 2519354.6, Avg: 2519354.7, Max: 2519354.8, Diff: 0.1]
      [Ext Root Scanning (ms): Min: 1.1, Avg: 1.2, Max: 1.6, Diff: 0.6, Sum: 9.7]
      [Update RS (ms): Min: 0.0, Avg: 0.2, Max: 0.3, Diff: 0.3, Sum: 1.2]
         [Processed Buffers: Min: 0, Avg: 4.9, Max: 13, Diff: 13, Sum: 39]
      [Scan RS (ms): Min: 0.0, Avg: 0.0, Max: 0.0, Diff: 0.0, Sum: 0.0]
      [Code Root Scanning (ms): Min: 0.0, Avg: 0.0, Max: 0.3, Diff: 0.3, Sum: 0.3]
      [Object Copy (ms): Min: 0.0, Avg: 0.2, Max: 0.3, Diff: 0.3, Sum: 1.3]
      [Termination (ms): Min: 0.0, Avg: 0.1, Max: 0.2, Diff: 0.2, Sum: 1.0]
         [Termination Attempts: Min: 1, Avg: 1.0, Max: 1, Diff: 0, Sum: 8]
      [GC Worker Other (ms): Min: 0.0, Avg: 0.0, Max: 0.0, Diff: 0.0, Sum: 0.1]
      [GC Worker Total (ms): Min: 1.6, Avg: 1.7, Max: 1.8, Diff: 0.2, Sum: 13.7]
      [GC Worker End (ms): Min: 2519356.4, Avg: 2519356.4, Max: 2519356.4, Diff: 0.0]
   [Code Root Fixup: 0.1 ms]
   [Code Root Purge: 0.0 ms]
   [Clear CT: 0.2 ms]
   [Other: 0.6 ms]
      [Choose CSet: 0.0 ms]
      [Ref Proc: 0.3 ms]
      [Ref Enq: 0.0 ms]
      [Redirty Cards: 0.2 ms]
      [Humongous Register: 0.0 ms]
      [Humongous Reclaim: 0.0 ms]
      [Free CSet: 0.0 ms]
   [Eden: 11.0M(11.0M)->0.0B(53.0M) Survivors: 1024.0K->1024.0K Heap: 149.7M(256.0M)->138.5M(256.0M)]
 [Times: user=0.01 sys=0.00, real=0.01 secs] 
2019-02-06T22:50:49.624+0500: 2519.359: [GC concurrent-root-region-scan-start]
2019-02-06T22:50:49.625+0500: 2519.360: [GC concurrent-root-region-scan-end, 0.0009107 secs]
2019-02-06T22:50:49.625+0500: 2519.360: [GC concurrent-mark-start]
2019-02-06T22:50:49.641+0500: 2519.376: [GC concurrent-mark-end, 0.0161239 secs]
2019-02-06T22:50:49.641+0500: 2519.377: [GC remark 2019-02-06T22:50:49.642+0500: 2519.377: [Finalize Marking, 0.0012208 secs] 2019-02-06T22:50:49.643+0500: 2519.378: [GC ref-proc, 0.0005615 secs] 2019-02-06T22:50:49.644+0500: 2519.379: [Unloading, 0.0082991 secs], 0.0129387 secs]
 [Times: user=0.05 sys=0.00, real=0.01 secs] 
2019-02-06T22:50:49.655+0500: 2519.390: [GC cleanup 139M->139M(256M), 0.0009961 secs]
 [Times: user=0.01 sys=0.00, real=0.00 secs] 
2019-02-06T23:10:27.540+0500: 3697.267: [GC pause (G1 Evacuation Pause) (young), 0.0078208 secs]
   [Parallel Time: 5.7 ms, GC Workers: 8]
      [GC Worker Start (ms): Min: 3697268.2, Avg: 3697268.4, Max: 3697268.6, Diff: 0.4]
      [Ext Root Scanning (ms): Min: 1.0, Avg: 1.7, Max: 5.0, Diff: 3.9, Sum: 13.6]
      [Update RS (ms): Min: 0.0, Avg: 0.9, Max: 1.2, Diff: 1.2, Sum: 7.0]
         [Processed Buffers: Min: 0, Avg: 4.9, Max: 13, Diff: 13, Sum: 39]
      [Scan RS (ms): Min: 0.0, Avg: 0.0, Max: 0.0, Diff: 0.0, Sum: 0.0]
      [Code Root Scanning (ms): Min: 0.0, Avg: 0.2, Max: 1.1, Diff: 1.1, Sum: 1.3]
      [Object Copy (ms): Min: 0.3, Avg: 1.2, Max: 3.0, Diff: 2.7, Sum: 9.8]
      [Termination (ms): Min: 0.0, Avg: 1.3, Max: 2.1, Diff: 2.1, Sum: 10.2]
         [Termination Attempts: Min: 1, Avg: 16.0, Max: 42, Diff: 41, Sum: 128]
      [GC Worker Other (ms): Min: 0.0, Avg: 0.0, Max: 0.1, Diff: 0.1, Sum: 0.3]
      [GC Worker Total (ms): Min: 5.1, Avg: 5.3, Max: 5.4, Diff: 0.3, Sum: 42.2]
      [GC Worker End (ms): Min: 3697273.6, Avg: 3697273.7, Max: 3697273.8, Diff: 0.2]
   [Code Root Fixup: 0.1 ms]
   [Code Root Purge: 0.0 ms]
   [Clear CT: 0.2 ms]
   [Other: 1.8 ms]
      [Choose CSet: 0.0 ms]
      [Ref Proc: 0.6 ms]
      [Ref Enq: 0.0 ms]
      [Redirty Cards: 0.1 ms]
      [Humongous Register: 0.4 ms]
      [Humongous Reclaim: 0.0 ms]
      [Free CSet: 0.2 ms]
   [Eden: 53.0M(53.0M)->0.0B(87.0M) Survivors: 1024.0K->1024.0K Heap: 191.5M(256.0M)->138.7M(256.0M)]
 [Times: user=0.02 sys=0.02, real=0.00 secs] 
2019-02-07T07:44:12.373+0500: 4338.208: [GC pause (G1 Evacuation Pause) (young), 0.0262017 secs]
   [Parallel Time: 23.2 ms, GC Workers: 8]
      [GC Worker Start (ms): Min: 4338209.2, Avg: 4338209.3, Max: 4338209.5, Diff: 0.3]
      [Ext Root Scanning (ms): Min: 0.5, Avg: 2.6, Max: 14.8, Diff: 14.3, Sum: 20.9]
      [Update RS (ms): Min: 0.0, Avg: 5.9, Max: 10.4, Diff: 10.4, Sum: 47.1]
         [Processed Buffers: Min: 0, Avg: 7.2, Max: 30, Diff: 30, Sum: 58]
      [Scan RS (ms): Min: 0.0, Avg: 0.0, Max: 0.0, Diff: 0.0, Sum: 0.1]
      [Code Root Scanning (ms): Min: 0.0, Avg: 0.3, Max: 1.6, Diff: 1.6, Sum: 2.7]
      [Object Copy (ms): Min: 8.2, Avg: 14.0, Max: 17.3, Diff: 9.1, Sum: 112.4]
      [Termination (ms): Min: 0.0, Avg: 0.0, Max: 0.0, Diff: 0.0, Sum: 0.1]
         [Termination Attempts: Min: 1, Avg: 1.2, Max: 2, Diff: 1, Sum: 10]
      [GC Worker Other (ms): Min: 0.0, Avg: 0.0, Max: 0.0, Diff: 0.0, Sum: 0.2]
      [GC Worker Total (ms): Min: 22.8, Avg: 22.9, Max: 23.1, Diff: 0.3, Sum: 183.4]
      [GC Worker End (ms): Min: 4338232.2, Avg: 4338232.2, Max: 4338232.3, Diff: 0.0]
   [Code Root Fixup: 0.2 ms]
   [Code Root Purge: 0.2 ms]
   [Clear CT: 0.1 ms]
   [Other: 2.4 ms]
      [Choose CSet: 0.0 ms]
      [Ref Proc: 1.3 ms]
      [Ref Enq: 0.0 ms]
      [Redirty Cards: 0.1 ms]
      [Humongous Register: 0.3 ms]
      [Humongous Reclaim: 0.0 ms]
      [Free CSet: 0.2 ms]
   [Eden: 87.0M(87.0M)->0.0B(10.0M) Survivors: 1024.0K->4096.0K Heap: 225.7M(256.0M)->142.0M(256.0M)]
 [Times: user=0.04 sys=0.09, real=0.02 secs] 
2019-02-07T07:45:22.250+0500: 4408.085: [GC pause (G1 Evacuation Pause) (young) (initial-mark), 0.0147471 secs]
   [Parallel Time: 10.7 ms, GC Workers: 8]
      [GC Worker Start (ms): Min: 4408087.7, Avg: 4408088.2, Max: 4408088.8, Diff: 1.1]
      [Ext Root Scanning (ms): Min: 1.7, Avg: 2.5, Max: 5.0, Diff: 3.3, Sum: 20.3]
      [Update RS (ms): Min: 0.0, Avg: 0.4, Max: 1.1, Diff: 1.1, Sum: 3.1]
         [Processed Buffers: Min: 0, Avg: 4.4, Max: 22, Diff: 22, Sum: 35]
      [Scan RS (ms): Min: 0.0, Avg: 0.0, Max: 0.0, Diff: 0.0, Sum: 0.0]
      [Code Root Scanning (ms): Min: 0.0, Avg: 0.1, Max: 1.2, Diff: 1.2, Sum: 1.2]
      [Object Copy (ms): Min: 4.2, Avg: 5.8, Max: 7.4, Diff: 3.1, Sum: 46.2]
      [Termination (ms): Min: 0.0, Avg: 0.6, Max: 0.7, Diff: 0.7, Sum: 4.5]
         [Termination Attempts: Min: 1, Avg: 2.1, Max: 3, Diff: 2, Sum: 17]
      [GC Worker Other (ms): Min: 0.0, Avg: 0.0, Max: 0.0, Diff: 0.0, Sum: 0.1]
      [GC Worker Total (ms): Min: 8.8, Avg: 9.4, Max: 9.9, Diff: 1.1, Sum: 75.5]
      [GC Worker End (ms): Min: 4408097.6, Avg: 4408097.6, Max: 4408097.6, Diff: 0.0]
   [Code Root Fixup: 0.3 ms]
   [Code Root Purge: 0.0 ms]
   [Clear CT: 0.1 ms]
   [Other: 3.5 ms]
      [Choose CSet: 0.0 ms]
      [Ref Proc: 1.2 ms]
      [Ref Enq: 0.0 ms]
      [Redirty Cards: 0.1 ms]
      [Humongous Register: 0.0 ms]
      [Humongous Reclaim: 0.0 ms]
      [Free CSet: 0.1 ms]
   [Eden: 10.0M(10.0M)->0.0B(23.0M) Survivors: 4096.0K->2048.0K Heap: 152.0M(256.0M)->142.6M(256.0M)]
 [Times: user=0.03 sys=0.01, real=0.01 secs] 
2019-02-07T07:45:22.265+0500: 4408.100: [GC concurrent-root-region-scan-start]
2019-02-07T07:45:22.267+0500: 4408.103: [GC concurrent-root-region-scan-end, 0.0021920 secs]
2019-02-07T07:45:22.267+0500: 4408.103: [GC concurrent-mark-start]
2019-02-07T07:45:22.289+0500: 4408.124: [GC concurrent-mark-end, 0.0212202 secs]
2019-02-07T07:45:22.289+0500: 4408.124: [GC remark 2019-02-07T07:45:22.289+0500: 4408.125: [Finalize Marking, 0.0024639 secs] 2019-02-07T07:45:22.292+0500: 4408.127: [GC ref-proc, 0.0004623 secs] 2019-02-07T07:45:22.292+0500: 4408.128: [Unloading, 0.0194461 secs], 0.0252522 secs]
 [Times: user=0.03 sys=0.04, real=0.03 secs] 
2019-02-07T07:45:22.315+0500: 4408.150: [GC cleanup 142M->142M(256M), 0.0011245 secs]
 [Times: user=0.00 sys=0.00, real=0.00 secs] 
r Start (ms): Min: 735036.4, Avg: 735036.4, Max: 735036.5, Diff: 0.1]
      [Ext Root Scanning (ms): Min: 0.2, Avg: 0.3, Max: 0.6, Diff: 0.5, Sum: 2.1]
      [Update RS (ms): Min: 0.5, Avg: 0.6, Max: 0.7, Diff: 0.2, Sum: 4.6]
         [Processed Buffers: Min: 1, Avg: 4.2, Max: 8, Diff: 7, Sum: 34]
      [Scan RS (ms): Min: 0.0, Avg: 0.0, Max: 0.0, Diff: 0.0, Sum: 0.1]
      [Code Root Scanning (ms): Min: 0.0, Avg: 0.0, Max: 0.0, Diff: 0.0, Sum: 0.0]
      [Object Copy (ms): Min: 1.6, Avg: 1.8, Max: 1.8, Diff: 0.3, Sum: 14.2]
      [Termination (ms): Min: 0.0, Avg: 0.0, Max: 0.0, Diff: 0.0, Sum: 0.0]
         [Termination Attempts: Min: 1, Avg: 1.5, Max: 3, Diff: 2, Sum: 12]
      [GC Worker Other (ms): Min: 0.0, Avg: 0.0, Max: 0.0, Diff: 0.0, Sum: 0.1]
      [GC Worker Total (ms): Min: 2.6, Avg: 2.6, Max: 2.7, Diff: 0.1, Sum: 21.1]
      [GC Worker End (ms): Min: 735039.1, Avg: 735039.1, Max: 735039.1, Diff: 0.0]
   [Code Root Fixup: 0.1 ms]
   [Code Root Purge: 0.0 ms]
   [Clear CT: 0.1 ms]
   [Other: 0.5 ms]
      [Choose CSet: 0.0 ms]
      [Ref Proc: 0.2 ms]
      [Ref Enq: 0.0 ms]
      [Redirty Cards: 0.1 ms]
      [Humongous Register: 0.0 ms]
      [Humongous Reclaim: 0.0 ms]
      [Free CSet: 0.0 ms]
   [Eden: 70.0M(70.0M)->0.0B(68.0M) Survivors: 5120.0K->6144.0K Heap: 223.4M(256.0M)->154.2M(256.0M)]
 [Times: user=0.02 sys=0.00, real=0.00 secs] 
2019-02-06T22:20:56.979+0500: 735.925: [GC pause (G1 Evacuation Pause) (young) (initial-mark), 0.0038039 secs]
   [Parallel Time: 3.2 ms, GC Workers: 8]
      [GC Worker Start (ms): Min: 735925.1, Avg: 735925.1, Max: 735925.1, Diff: 0.1]
      [Ext Root Scanning (ms): Min: 0.5, Avg: 0.6, Max: 0.6, Diff: 0.1, Sum: 4.6]
      [Update RS (ms): Min: 0.5, Avg: 0.6, Max: 0.6, Diff: 0.1, Sum: 4.6]
         [Processed Buffers: Min: 2, Avg: 4.0, Max: 9, Diff: 7, Sum: 32]
      [Scan RS (ms): Min: 0.0, Avg: 0.0, Max: 0.0, Diff: 0.0, Sum: 0.1]
      [Code Root Scanning (ms): Min: 0.0, Avg: 0.0, Max: 0.0, Diff: 0.0, Sum: 0.0]
      [Object Copy (ms): Min: 1.7, Avg: 1.8, Max: 1.8, Diff: 0.1, Sum: 14.1]
      [Termination (ms): Min: 0.0, Avg: 0.0, Max: 0.0, Diff: 0.0, Sum: 0.0]
         [Termination Attempts: Min: 1, Avg: 1.0, Max: 1, Diff: 0, Sum: 8]
      [GC Worker Other (ms): Min: 0.0, Avg: 0.0, Max: 0.0, Diff: 0.0, Sum: 0.1]
      [GC Worker Total (ms): Min: 2.9, Avg: 2.9, Max: 3.0, Diff: 0.1, Sum: 23.5]
      [GC Worker End (ms): Min: 735928.0, Avg: 735928.0, Max: 735928.1, Diff: 0.0]
   [Code Root Fixup: 0.1 ms]
   [Code Root Purge: 0.0 ms]
   [Clear CT: 0.1 ms]
   [Other: 0.5 ms]
      [Choose CSet: 0.0 ms]
      [Ref Proc: 0.2 ms]
      [Ref Enq: 0.0 ms]
      [Redirty Cards: 0.1 ms]
      [Humongous Register: 0.0 ms]
      [Humongous Reclaim: 0.0 ms]
      [Free CSet: 0.0 ms]
   [Eden: 68.0M(68.0M)->0.0B(68.0M) Survivors: 6144.0K->6144.0K Heap: 222.2M(256.0M)->154.3M(256.0M)]
 [Times: user=0.02 sys=0.00, real=0.01 secs] 
2019-02-06T22:20:56.983+0500: 735.929: [GC concurrent-root-region-scan-start]
2019-02-06T22:20:56.987+0500: 735.933: [GC concurrent-root-region-scan-end, 0.0040703 secs]
2019-02-06T22:20:56.987+0500: 735.933: [GC concurrent-mark-start]
2019-02-06T22:20:57.005+0500: 735.951: [GC concurrent-mark-end, 0.0178352 secs]
2019-02-06T22:20:57.005+0500: 735.951: [GC remark 2019-02-06T22:20:57.005+0500: 735.951: [Finalize Marking, 0.0002388 secs] 2019-02-06T22:20:57.005+0500: 735.951: [GC ref-proc, 0.0003899 secs] 2019-02-06T22:20:57.005+0500: 735.952: [Unloading, 0.0033830 secs], 0.0056782 secs]
 [Times: user=0.03 sys=0.00, real=0.01 secs] 
2019-02-06T22:20:57.011+0500: 735.957: [GC cleanup 156M->156M(256M), 0.0005111 secs]
 [Times: user=0.00 sys=0.00, real=0.00 secs] 
2019-02-06T22:20:57.838+0500: 736.785: [GC pause (G1 Evacuation Pause) (young), 0.0041900 secs]
   [Parallel Time: 3.5 ms, GC Workers: 8]
      [GC Worker Start (ms): Min: 736784.7, Avg: 736784.7, Max: 736784.7, Diff: 0.1]
      [Ext Root Scanning (ms): Min: 0.2, Avg: 0.3, Max: 0.6, Diff: 0.4, Sum: 2.2]
      [Update RS (ms): Min: 0.4, Avg: 0.6, Max: 0.8, Diff: 0.4, Sum: 4.8]
         [Processed Buffers: Min: 2, Avg: 4.1, Max: 10, Diff: 8, Sum: 33]
      [Scan RS (ms): Min: 0.0, Avg: 0.0, Max: 0.0, Diff: 0.0, Sum: 0.1]
      [Code Root Scanning (ms): Min: 0.0, Avg: 0.0, Max: 0.0, Diff: 0.0, Sum: 0.0]
      [Object Copy (ms): Min: 2.4, Avg: 2.5, Max: 2.6, Diff: 0.2, Sum: 19.9]
      [Termination (ms): Min: 0.0, Avg: 0.0, Max: 0.1, Diff: 0.0, Sum: 0.3]
         [Termination Attempts: Min: 1, Avg: 1.0, Max: 1, Diff: 0, Sum: 8]
      [GC Worker Other (ms): Min: 0.0, Avg: 0.0, Max: 0.0, Diff: 0.0, Sum: 0.1]
      [GC Worker Total (ms): Min: 3.4, Avg: 3.4, Max: 3.5, Diff: 0.1, Sum: 27.5]
      [GC Worker End (ms): Min: 736788.1, Avg: 736788.1, Max: 736788.2, Diff: 0.0]
   [Code Root Fixup: 0.1 ms]
   [Code Root Purge: 0.0 ms]
   [Clear CT: 0.1 ms]
   [Other: 0.5 ms]
      [Choose CSet: 0.0 ms]
      [Ref Proc: 0.2 ms]
      [Ref Enq: 0.0 ms]
      [Redirty Cards: 0.1 ms]
      [Humongous Register: 0.0 ms]
      [Humongous Reclaim: 0.0 ms]
      [Free CSet: 0.0 ms]
   [Eden: 68.0M(68.0M)->0.0B(70.0M) Survivors: 6144.0K->5120.0K Heap: 222.3M(256.0M)->153.2M(256.0M)]
 [Times: user=0.02 sys=0.00, real=0.01 secs] 
2019-02-06T22:20:58.705+0500: 737.652: [GC pause (G1 Evacuation Pause) (young), 0.0040031 secs]
   [Parallel Time: 3.4 ms, GC Workers: 8]
      [GC Worker Start (ms): Min: 737651.7, Avg: 737651.7, Max: 737651.7, Diff: 0.1]
      [Ext Root Scanning (ms): Min: 0.2, Avg: 0.5, Max: 1.9, Diff: 1.7, Sum: 4.0]
      [Update RS (ms): Min: 0.0, Avg: 0.6, Max: 0.9, Diff: 0.9, Sum: 4.7]
         [Processed Buffers: Min: 0, Avg: 4.5, Max: 14, Diff: 14, Sum: 36]
      [Scan RS (ms): Min: 0.0, Avg: 0.0, Max: 0.0, Diff: 0.0, Sum: 0.1]
      [Code Root Scanning (ms): Min: 0.0, Avg: 0.0, Max: 0.0, Diff: 0.0, Sum: 0.0]
      [Object Copy (ms): Min: 1.4, Avg: 2.2, Max: 2.4, Diff: 1.0, Sum: 17.6]
      [Termination (ms): Min: 0.0, Avg: 0.0, Max: 0.0, Diff: 0.0, Sum: 0.0]
         [Termination Attempts: Min: 1, Avg: 2.0, Max: 5, Diff: 4, Sum: 16]
      [GC Worker Other (ms): Min: 0.0, Avg: 0.0, Max: 0.0, Diff: 0.0, Sum: 0.1]
      [GC Worker Total (ms): Min: 3.3, Avg: 3.3, Max: 3.4, Diff: 0.1, Sum: 26.5]
      [GC Worker End (ms): Min: 737655.0, Avg: 737655.0, Max: 737655.0, Diff: 0.0]
   [Code Root Fixup: 0.0 ms]
   [Code Root Purge: 0.0 ms]
   [Clear CT: 0.1 ms]
   [Other: 0.5 ms]
      [Choose CSet: 0.0 ms]
      [Ref Proc: 0.2 ms]
      [Ref Enq: 0.0 ms]
      [Redirty Cards: 0.1 ms]
      [Humongous Register: 0.0 ms]
      [Humongous Reclaim: 0.0 ms]
      [Free CSet: 0.0 ms]
   [Eden: 70.0M(70.0M)->0.0B(64.0M) Survivors: 5120.0K->8192.0K Heap: 223.2M(256.0M)->156.6M(256.0M)]
 [Times: user=0.03 sys=0.00, real=0.00 secs] 
2019-02-06T22:20:59.404+0500: 738.350: [GC pause (G1 Evacuation Pause) (young) (initial-mark), 0.0049848 secs]
   [Parallel Time: 4.3 ms, GC Workers: 8]
      [GC Worker Start (ms): Min: 738350.5, Avg: 738350.6, Max: 738350.6, Diff: 0.1]
      [Ext Root Scanning (ms): Min: 0.6, Avg: 1.0, Max: 2.3, Diff: 1.7, Sum: 7.8]
      [Update RS (ms): Min: 0.0, Avg: 0.7, Max: 1.1, Diff: 1.1, Sum: 5.6]
         [Processed Buffers: Min: 0, Avg: 4.4, Max: 16, Diff: 16, Sum: 35]
      [Scan RS (ms): Min: 0.0, Avg: 0.0, Max: 0.0, Diff: 0.0, Sum: 0.1]
      [Code Root Scanning (ms): Min: 0.0, Avg: 0.0, Max: 0.0, Diff: 0.0, Sum: 0.0]
      [Object Copy (ms): Min: 1.8, Avg: 2.4, Max: 2.6, Diff: 0.8, Sum: 18.8]
      [Termination (ms): Min: 0.0, Avg: 0.0, Max: 0.0, Diff: 0.0, Sum: 0.0]
         [Termination Attempts: Min: 1, Avg: 1.5, Max: 3, Diff: 2, Sum: 12]
      [GC Worker Other (ms): Min: 0.0, Avg: 0.0, Max: 0.0, Diff: 0.0, Sum: 0.1]
      [GC Worker Total (ms): Min: 4.0, Avg: 4.1, Max: 4.1, Diff: 0.1, Sum: 32.4]
      [GC Worker End (ms): Min: 738354.6, Avg: 738354.6, Max: 738354.6, Diff: 0.0]
   [Code Root Fixup: 0.0 ms]
   [Code Root Purge: 0.0 ms]
   [Clear CT: 0.1 ms]
   [Other: 0.5 ms]
      [Choose CSet: 0.0 ms]
      [Ref Proc: 0.2 ms]
      [Ref Enq: 0.0 ms]
      [Redirty Cards: 0.1 ms]
      [Humongous Register: 0.0 ms]
      [Humongous Reclaim: 0.0 ms]
      [Free CSet: 0.0 ms]
   [Eden: 64.0M(64.0M)->0.0B(70.0M) Survivors: 8192.0K->5120.0K Heap: 220.6M(256.0M)->153.7M(256.0M)]
 [Times: user=0.03 sys=0.01, real=0.00 secs] 
2019-02-06T22:20:59.409+0500: 738.355: [GC concurrent-root-region-scan-start]
2019-02-06T22:20:59.414+0500: 738.360: [GC concurrent-root-region-scan-end, 0.0044599 secs]
2019-02-06T22:20:59.414+0500: 738.360: [GC concurrent-mark-start]
2019-02-06T22:20:59.432+0500: 738.378: [GC concurrent-mark-end, 0.0182966 secs]
2019-02-06T22:20:59.432+0500: 738.379: [GC remark 2019-02-06T22:20:59.432+0500: 738.379: [Finalize Marking, 0.0003520 secs] 2019-02-06T22:20:59.433+0500: 738.379: [GC ref-proc, 0.0003800 secs] 2019-02-06T22:20:59.433+0500: 738.379: [Unloading, 0.0034818 secs], 0.0058682 secs]
 [Times: user=0.03 sys=0.00, real=0.00 secs] 
2019-02-06T22:20:59.438+0500: 738.385: [GC cleanup 155M->155M(256M), 0.0004659 secs]
 [Times: user=0.00 sys=0.00, real=0.00 secs] 
2019-02-06T22:21:00.246+0500: 739.192: [GC pause (G1 Evacuation Pause) (young), 0.0043163 secs]
   [Parallel Time: 3.4 ms, GC Workers: 8]
      [GC Worker Start (ms): Min: 739192.4, Avg: 739192.5, Max: 739192.5, Diff: 0.1]
      [Ext Root Scanning (ms): Min: 0.2, Avg: 0.3, Max: 0.6, Diff: 0.5, Sum: 2.1]
      [Update RS (ms): Min: 0.3, Avg: 0.6, Max: 0.9, Diff: 0.7, Sum: 5.1]
         [Processed Buffers: Min: 1, Avg: 4.1, Max: 12, Diff: 11, Sum: 33]
      [Scan RS (ms): Min: 0.0, Avg: 0.0, Max: 0.0, Diff: 0.0, Sum: 0.1]
      [Code Root Scanning (ms): Min: 0.0, Avg: 0.0, Max: 0.0, Diff: 0.0, Sum: 0.0]
      [Object Copy (ms): Min: 2.1, Avg: 2.3, Max: 2.4, Diff: 0.3, Sum: 18.4]
      [Termination (ms): Min: 0.0, Avg: 0.0, Max: 0.0, Diff: 0.0, Sum: 0.0]
         [Termination Attempts: Min: 1, Avg: 1.4, Max: 2, Diff: 1, Sum: 11]
      [GC Worker Other (ms): Min: 0.0, Avg: 0.0, Max: 0.0, Diff: 0.0, Sum: 0.1]
      [GC Worker Total (ms): Min: 3.2, Avg: 3.2, Max: 3.2, Diff: 0.1, Sum: 25.8]
      [GC Worker End (ms): Min: 739195.7, Avg: 739195.7, Max: 739195.7, Diff: 0.0]
   [Code Root Fixup: 0.0 ms]
   [Code Root Purge: 0.0 ms]
   [Clear CT: 0.1 ms]
   [Other: 0.8 ms]
      [Choose CSet: 0.0 ms]
      [Ref Proc: 0.5 ms]
      [Ref Enq: 0.0 ms]
      [Redirty Cards: 0.1 ms]
      [Humongous Register: 0.0 ms]
      [Humongous Reclaim: 0.0 ms]
      [Free CSet: 0.0 ms]
   [Eden: 70.0M(70.0M)->0.0B(64.0M) Survivors: 5120.0K->8192.0K Heap: 223.7M(256.0M)->156.7M(256.0M)]
 [Times: user=0.03 sys=0.00, real=0.01 secs] 
2019-02-06T22:21:00.990+0500: 739.936: [GC pause (G1 Evacuation Pause) (young), 0.0041052 secs]
   [Parallel Time: 3.5 ms, GC Workers: 8]
      [GC Worker Start (ms): Min: 739936.4, Avg: 739936.4, Max: 739936.5, Diff: 0.1]
      [Ext Root Scanning (ms): Min: 0.2, Avg: 0.3, Max: 0.6, Diff: 0.5, Sum: 2.1]
      [Update RS (ms): Min: 0.4, Avg: 0.6, Max: 0.8, Diff: 0.3, Sum: 4.8]
         [Processed Buffers: Min: 1, Avg: 4.0, Max: 9, Diff: 8, Sum: 32]
      [Scan RS (ms): Min: 0.0, Avg: 0.0, Max: 0.0, Diff: 0.0, Sum: 0.1]
      [Code Root Scanning (ms): Min: 0.0, Avg: 0.0, Max: 0.0, Diff: 0.0, Sum: 0.0]
      [Object Copy (ms): Min: 2.3, Avg: 2.4, Max: 2.5, Diff: 0.2, Sum: 19.4]
      [Termination (ms): Min: 0.0, Avg: 0.0, Max: 0.0, Diff: 0.0, Sum: 0.0]
         [Termination Attempts: Min: 1, Avg: 2.2, Max: 5, Diff: 4, Sum: 18]
      [GC Worker Other (ms): Min: 0.0, Avg: 0.0, Max: 0.0, Diff: 0.0, Sum: 0.1]
      [GC Worker Total (ms): Min: 3.3, Avg: 3.3, Max: 3.3, Diff: 0.1, Sum: 26.5]
      [GC Worker End (ms): Min: 739939.7, Avg: 739939.7, Max: 739939.7, Diff: 0.0]
   [Code Root Fixup: 0.0 ms]
   [Code Root Purge: 0.0 ms]
   [Clear CT: 0.1 ms]
   [Other: 0.5 ms]
      [Choose CSet: 0.0 ms]
      [Ref Proc: 0.2 ms]
      [Ref Enq: 0.0 ms]
      [Redirty Cards: 0.1 ms]
      [Humongous Register: 0.0 ms]
      [Humongous Reclaim: 0.0 ms]
      [Free CSet: 0.0 ms]
   [Eden: 64.0M(64.0M)->0.0B(68.0M) Survivors: 8192.0K->6144.0K Heap: 220.7M(256.0M)->154.5M(256.0M)]
 [Times: user=0.03 sys=0.00, real=0.00 secs] 
2019-02-06T22:21:01.761+0500: 740.707: [GC pause (G1 Evacuation Pause) (young) (initial-mark), 0.0109652 secs]
   [Parallel Time: 4.0 ms, GC Workers: 8]
      [GC Worker Start (ms): Min: 740707.6, Avg: 740707.7, Max: 740707.9, Diff: 0.3]
      [Ext Root Scanning (ms): Min: 0.3, Avg: 0.6, Max: 1.0, Diff: 0.7, Sum: 4.9]
      [Update RS (ms): Min: 0.5, Avg: 0.6, Max: 0.9, Diff: 0.4, Sum: 5.1]
         [Processed Buffers: Min: 1, Avg: 4.0, Max: 11, Diff: 10, Sum: 32]
      [Scan RS (ms): Min: 0.0, Avg: 0.0, Max: 0.0, Diff: 0.0, Sum: 0.1]
      [Code Root Scanning (ms): Min: 0.0, Avg: 0.0, Max: 0.0, Diff: 0.0, Sum: 0.0]
      [Object Copy (ms): Min: 2.3, Avg: 2.5, Max: 2.6, Diff: 0.3, Sum: 20.0]
      [Termination (ms): Min: 0.0, Avg: 0.0, Max: 0.0, Diff: 0.0, Sum: 0.0]
         [Termination Attempts: Min: 1, Avg: 1.2, Max: 2, Diff: 1, Sum: 10]
      [GC Worker Other (ms): Min: 0.0, Avg: 0.0, Max: 0.0, Diff: 0.0, Sum: 0.1]
      [GC Worker Total (ms): Min: 3.5, Avg: 3.8, Max: 3.8, Diff: 0.3, Sum: 30.1]
      [GC Worker End (ms): Min: 740711.4, Avg: 740711.4, Max: 740711.4, Diff: 0.0]
   [Code Root Fixup: 0.0 ms]
   [Code Root Purge: 0.0 ms]
   [Clear CT: 0.1 ms]
   [Other: 6.8 ms]
      [Choose CSet: 0.0 ms]
      [Ref Proc: 6.5 ms]
      [Ref Enq: 0.0 ms]
      [Redirty Cards: 0.1 ms]
      [Humongous Register: 0.0 ms]
      [Humongous Reclaim: 0.0 ms]
      [Free CSet: 0.0 ms]
   [Eden: 68.0M(68.0M)->0.0B(64.0M) Survivors: 6144.0K->8192.0K Heap: 222.5M(256.0M)->156.4M(256.0M)]
 [Times: user=0.03 sys=0.01, real=0.01 secs] 
2019-02-06T22:21:01.774+0500: 740.720: [GC concurrent-root-region-scan-start]
2019-02-06T22:21:01.779+0500: 740.725: [GC concurrent-root-region-scan-end, 0.0050426 secs]
2019-02-06T22:21:01.779+0500: 740.725: [GC concurrent-mark-start]
2019-02-06T22:21:01.795+0500: 740.741: [GC concurrent-mark-end, 0.0156494 secs]
2019-02-06T22:21:01.795+0500: 740.741: [GC remark 2019-02-06T22:21:01.795+0500: 740.741: [Finalize Marking, 0.0021937 secs] 2019-02-06T22:21:01.797+0500: 740.744: [GC ref-proc, 0.0003915 secs] 2019-02-06T22:21:01.798+0500: 740.744: [Unloading, 0.0035713 secs], 0.0077290 secs]
 [Times: user=0.03 sys=0.00, real=0.01 secs] 
2019-02-06T22:21:01.803+0500: 740.749: [GC cleanup 158M->158M(256M), 0.0004892 secs]
 [Times: user=0.00 sys=0.01, real=0.00 secs] 
2019-02-06T22:21:02.488+0500: 741.435: [GC pause (G1 Evacuation Pause) (young), 0.0046186 secs]
   [Parallel Time: 4.0 ms, GC Workers: 8]
      [GC Worker Start (ms): Min: 741434.7, Avg: 741434.7, Max: 741434.7, Diff: 0.1]
      [Ext Root Scanning (ms): Min: 0.2, Avg: 0.3, Max: 0.6, Diff: 0.5, Sum: 2.1]
      [Update RS (ms): Min: 0.3, Avg: 0.6, Max: 0.7, Diff: 0.5, Sum: 5.0]
         [Processed Buffers: Min: 1, Avg: 4.1, Max: 14, Diff: 13, Sum: 33]
      [Scan RS (ms): Min: 0.0, Avg: 0.0, Max: 0.0, Diff: 0.0, Sum: 0.0]
      [Code Root Scanning (ms): Min: 0.0, Avg: 0.0, Max: 0.0, Diff: 0.0, Sum: 0.0]
      [Object Copy (ms): Min: 2.8, Avg: 2.9, Max: 2.9, Diff: 0.1, Sum: 23.0]
      [Termination (ms): Min: 0.0, Avg: 0.0, Max: 0.0, Diff: 0.0, Sum: 0.0]
         [Termination Attempts: Min: 1, Avg: 2.0, Max: 4, Diff: 3, Sum: 16]
      [GC Worker Other (ms): Min: 0.0, Avg: 0.0, Max: 0.1, Diff: 0.0, Sum: 0.2]
      [GC Worker Total (ms): Min: 3.8, Avg: 3.8, Max: 3.8, Diff: 0.1, Sum: 30.4]
      [GC Worker End (ms): Min: 741438.5, Avg: 741438.5, Max: 741438.5, Diff: 0.0]
   [Code Root Fixup: 0.0 ms]
   [Code Root Purge: 0.0 ms]
   [Clear CT: 0.1 ms]
   [Other: 0.5 ms]
      [Choose CSet: 0.0 ms]
      [Ref Proc: 0.2 ms]
      [Ref Enq: 0.0 ms]
      [Redirty Cards: 0.1 ms]
      [Humongous Register: 0.0 ms]
      [Humongous Reclaim: 0.0 ms]
      [Free CSet: 0.0 ms]
   [Eden: 64.0M(64.0M)->0.0B(68.0M) Survivors: 8192.0K->6144.0K Heap: 220.4M(256.0M)->154.9M(256.0M)]
 [Times: user=0.03 sys=0.00, real=0.01 secs] 
2019-02-06T22:21:03.238+0500: 742.184: [GC pause (G1 Evacuation Pause) (young), 0.0048322 secs]
   [Parallel Time: 3.8 ms, GC Workers: 8]
      [GC Worker Start (ms): Min: 742184.5, Avg: 742184.5, Max: 742184.6, Diff: 0.1]
      [Ext Root Scanning (ms): Min: 0.2, Avg: 0.3, Max: 0.7, Diff: 0.5, Sum: 2.2]
      [Update RS (ms): Min: 0.4, Avg: 0.7, Max: 0.8, Diff: 0.4, Sum: 5.2]
         [Processed Buffers: Min: 2, Avg: 4.0, Max: 13, Diff: 11, Sum: 32]
      [Scan RS (ms): Min: 0.0, Avg: 0.0, Max: 0.0, Diff: 0.0, Sum: 0.0]
      [Code Root Scanning (ms): Min: 0.0, Avg: 0.0, Max: 0.0, Diff: 0.0, Sum: 0.0]
      [Object Copy (ms): Min: 2.7, Avg: 2.8, Max: 2.9, Diff: 0.2, Sum: 22.5]
      [Termination (ms): Min: 0.0, Avg: 0.0, Max: 0.0, Diff: 0.0, Sum: 0.0]
         [Termination Attempts: Min: 1, Avg: 2.8, Max: 3, Diff: 2, Sum: 22]
      [GC Worker Other (ms): Min: 0.0, Avg: 0.0, Max: 0.0, Diff: 0.0, Sum: 0.1]
      [GC Worker Total (ms): Min: 3.7, Avg: 3.8, Max: 3.8, Diff: 0.1, Sum: 30.1]
      [GC Worker End (ms): Min: 742188.3, Avg: 742188.3, Max: 742188.3, Diff: 0.0]
   [Code Root Fixup: 0.1 ms]
   [Code Root Purge: 0.0 ms]
   [Clear CT: 0.1 ms]
   [Other: 0.8 ms]
      [Choose CSet: 0.0 ms]
      [Ref Proc: 0.6 ms]
      [Ref Enq: 0.0 ms]
      [Redirty Cards: 0.1 ms]
      [Humongous Register: 0.0 ms]
      [Humongous Reclaim: 0.0 ms]
      [Free CSet: 0.0 ms]
   [Eden: 68.0M(68.0M)->0.0B(68.0M) Survivors: 6144.0K->6144.0K Heap: 222.9M(256.0M)->154.9M(256.0M)]
 [Times: user=0.03 sys=0.00, real=0.01 secs] 
2019-02-06T22:21:03.949+0500: 742.895: [GC pause (G1 Evacuation Pause) (young) (initial-mark), 0.0053925 secs]
   [Parallel Time: 4.4 ms, GC Workers: 8]
      [GC Worker Start (ms): Min: 742895.3, Avg: 742895.3, Max: 742895.4, Diff: 0.1]
      [Ext Root Scanning (ms): Min: 0.5, Avg: 0.6, Max: 0.8, Diff: 0.2, Sum: 4.8]
      [Update RS (ms): Min: 0.4, Avg: 0.6, Max: 0.8, Diff: 0.4, Sum: 5.2]
         [Processed Buffers: Min: 2, Avg: 4.6, Max: 10, Diff: 8, Sum: 37]
      [Scan RS (ms): Min: 0.0, Avg: 0.0, Max: 0.0, Diff: 0.0, Sum: 0.1]
      [Code Root Scanning (ms): Min: 0.0, Avg: 0.0, Max: 0.0, Diff: 0.0, Sum: 0.0]
      [Object Copy (ms): Min: 2.8, Avg: 2.9, Max: 3.0, Diff: 0.2, Sum: 23.6]
      [Termination (ms): Min: 0.0, Avg: 0.0, Max: 0.0, Diff: 0.0, Sum: 0.0]
         [Termination Attempts: Min: 1, Avg: 2.6, Max: 4, Diff: 3, Sum: 21]
      [GC Worker Other (ms): Min: 0.0, Avg: 0.0, Max: 0.0, Diff: 0.0, Sum: 0.1]
      [GC Worker Total (ms): Min: 4.2, Avg: 4.2, Max: 4.3, Diff: 0.1, Sum: 33.7]
      [GC Worker End (ms): Min: 742899.6, Avg: 742899.6, Max: 742899.6, Diff: 0.0]
   [Code Root Fixup: 0.1 ms]
   [Code Root Purge: 0.0 ms]
   [Clear CT: 0.1 ms]
   [Other: 0.8 ms]
      [Choose CSet: 0.0 ms]
      [Ref Proc: 0.2 ms]
      [Ref Enq: 0.0 ms]
      [Redirty Cards: 0.4 ms]
      [Humongous Register: 0.0 ms]
      [Humongous Reclaim: 0.0 ms]
      [Free CSet: 0.0 ms]
   [Eden: 68.0M(68.0M)->0.0B(68.0M) Survivors: 6144.0K->6144.0K Heap: 222.9M(256.0M)->154.4M(256.0M)]
 [Times: user=0.04 sys=0.00, real=0.01 secs] 
2019-02-06T22:21:03.954+0500: 742.901: [GC concurrent-root-region-scan-start]
2019-02-06T22:21:03.960+0500: 742.906: [GC concurrent-root-region-scan-end, 0.0053590 secs]
2019-02-06T22:21:03.960+0500: 742.906: [GC concurrent-mark-start]
2019-02-06T22:21:03.976+0500: 742.923: [GC concurrent-mark-end, 0.0165289 secs]
2019-02-06T22:21:03.977+0500: 742.923: [GC remark 2019-02-06T22:21:03.977+0500: 742.923: [Finalize Marking, 0.0002462 secs] 2019-02-06T22:21:03.977+0500: 742.923: [GC ref-proc, 0.0003817 secs] 2019-02-06T22:21:03.977+0500: 742.924: [Unloading, 0.0033784 secs], 0.0057399 secs]
 [Times: user=0.03 sys=0.00, real=0.01 secs] 
2019-02-06T22:21:03.983+0500: 742.929: [GC cleanup 157M->157M(256M), 0.0005116 secs]
 [Times: user=0.00 sys=0.00, real=0.00 secs] 
2019-02-06T22:21:04.666+0500: 743.612: [GC pause (G1 Evacuation Pause) (young), 0.0053101 secs]
   [Parallel Time: 4.6 ms, GC Workers: 8]
      [GC Worker Start (ms): Min: 743612.5, Avg: 743612.5, Max: 743612.5, Diff: 0.1]
      [Ext Root Scanning (ms): Min: 0.2, Avg: 0.3, Max: 0.7, Diff: 0.5, Sum: 2.4]
      [Update RS (ms): Min: 0.3, Avg: 0.7, Max: 0.9, Diff: 0.5, Sum: 5.4]
         [Processed Buffers: Min: 2, Avg: 4.4, Max: 16, Diff: 14, Sum: 35]
      [Scan RS (ms): Min: 0.0, Avg: 0.0, Max: 0.0, Diff: 0.0, Sum: 0.1]
      [Code Root Scanning (ms): Min: 0.0, Avg: 0.0, Max: 0.0, Diff: 0.0, Sum: 0.0]
      [Object Copy (ms): Min: 3.4, Avg: 3.5, Max: 3.7, Diff: 0.3, Sum: 28.3]
      [Termination (ms): Min: 0.0, Avg: 0.0, Max: 0.0, Diff: 0.0, Sum: 0.1]
         [Termination Attempts: Min: 1, Avg: 5.2, Max: 7, Diff: 6, Sum: 42]
      [GC Worker Other (ms): Min: 0.0, Avg: 0.0, Max: 0.0, Diff: 0.0, Sum: 0.1]
      [GC Worker Total (ms): Min: 4.5, Avg: 4.5, Max: 4.6, Diff: 0.1, Sum: 36.3]
      [GC Worker End (ms): Min: 743617.0, Avg: 743617.0, Max: 743617.0, Diff: 0.0]
   [Code Root Fixup: 0.1 ms]
   [Code Root Purge: 0.0 ms]
   [Clear CT: 0.1 ms]
   [Other: 0.5 ms]
      [Choose CSet: 0.0 ms]
      [Ref Proc: 0.2 ms]
      [Ref Enq: 0.0 ms]
      [Redirty Cards: 0.1 ms]
      [Humongous Register: 0.0 ms]
      [Humongous Reclaim: 0.0 ms]
      [Free CSet: 0.0 ms]
   [Eden: 68.0M(68.0M)->0.0B(67.0M) Survivors: 6144.0K->6144.0K Heap: 222.4M(256.0M)->155.3M(256.0M)]
 [Times: user=0.03 sys=0.01, real=0.01 secs] 
2019-02-06T22:21:05.328+0500: 744.274: [GC pause (G1 Evacuation Pause) (young), 0.0050105 secs]
   [Parallel Time: 4.0 ms, GC Workers: 8]
      [GC Worker Start (ms): Min: 744274.0, Avg: 744274.0, Max: 744274.0, Diff: 0.1]
      [Ext Root Scanning (ms): Min: 0.2, Avg: 0.3, Max: 0.6, Diff: 0.5, Sum: 2.1]
      [Update RS (ms): Min: 0.5, Avg: 0.9, Max: 1.1, Diff: 0.5, Sum: 7.3]
         [Processed Buffers: Min: 2, Avg: 4.5, Max: 18, Diff: 16, Sum: 36]
      [Scan RS (ms): Min: 0.0, Avg: 0.0, Max: 0.0, Diff: 0.0, Sum: 0.1]
      [Code Root Scanning (ms): Min: 0.0, Avg: 0.0, Max: 0.0, Diff: 0.0, Sum: 0.0]
      [Object Copy (ms): Min: 2.5, Avg: 2.6, Max: 2.7, Diff: 0.1, Sum: 21.0]
      [Termination (ms): Min: 0.0, Avg: 0.0, Max: 0.0, Diff: 0.0, Sum: 0.0]
         [Termination Attempts: Min: 1, Avg: 1.5, Max: 2, Diff: 1, Sum: 12]
      [GC Worker Other (ms): Min: 0.0, Avg: 0.0, Max: 0.0, Diff: 0.0, Sum: 0.1]
      [GC Worker Total (ms): Min: 3.8, Avg: 3.8, Max: 3.9, Diff: 0.1, Sum: 30.6]
      [GC Worker End (ms): Min: 744277.8, Avg: 744277.8, Max: 744277.8, Diff: 0.0]
   [Code Root Fixup: 0.1 ms]
   [Code Root Purge: 0.0 ms]
   [Clear CT: 0.1 ms]
   [Other: 0.9 ms]
      [Choose CSet: 0.0 ms]
      [Ref Proc: 0.6 ms]
      [Ref Enq: 0.0 ms]
      [Redirty Cards: 0.1 ms]
      [Humongous Register: 0.0 ms]
      [Humongous Reclaim: 0.0 ms]
      [Free CSet: 0.0 ms]
   [Eden: 67.0M(67.0M)->0.0B(68.0M) Survivors: 6144.0K->5120.0K Heap: 222.3M(256.0M)->154.9M(256.0M)]
 [Times: user=0.04 sys=0.00, real=0.01 secs] 
2019-02-06T22:21:06.000+0500: 744.947: [GC pause (G1 Evacuation Pause) (young) (initial-mark), 0.0061413 secs]
   [Parallel Time: 5.4 ms, GC Workers: 8]
      [GC Worker Start (ms): Min: 744947.0, Avg: 744947.0, Max: 744947.0, Diff: 0.1]
      [Ext Root Scanning (ms): Min: 0.5, Avg: 0.6, Max: 0.6, Diff: 0.1, Sum: 4.7]
      [Update RS (ms): Min: 0.7, Avg: 0.9, Max: 1.1, Diff: 0.4, Sum: 7.1]
         [Processed Buffers: Min: 2, Avg: 4.4, Max: 13, Diff: 11, Sum: 35]
      [Scan RS (ms): Min: 0.0, Avg: 0.0, Max: 0.0, Diff: 0.0, Sum: 0.0]
      [Code Root Scanning (ms): Min: 0.0, Avg: 0.0, Max: 0.0, Diff: 0.0, Sum: 0.0]
      [Object Copy (ms): Min: 2.5, Avg: 2.8, Max: 3.5, Diff: 0.9, Sum: 22.3]
      [Termination (ms): Min: 0.0, Avg: 0.7, Max: 0.9, Diff: 0.9, Sum: 5.7]
         [Termination Attempts: Min: 1, Avg: 1.0, Max: 1, Diff: 0, Sum: 8]
      [GC Worker Other (ms): Min: 0.0, Avg: 0.0, Max: 0.0, Diff: 0.0, Sum: 0.1]
      [GC Worker Total (ms): Min: 4.8, Avg: 5.0, Max: 5.1, Diff: 0.3, Sum: 39.9]
      [GC Worker End (ms): Min: 744951.8, Avg: 744952.0, Max: 744952.1, Diff: 0.3]
   [Code Root Fixup: 0.1 ms]
   [Code Root Purge: 0.0 ms]
   [Clear CT: 0.1 ms]
   [Other: 0.6 ms]
      [Choose CSet: 0.0 ms]
      [Ref Proc: 0.2 ms]
      [Ref Enq: 0.0 ms]
      [Redirty Cards: 0.1 ms]
      [Humongous Register: 0.0 ms]
      [Humongous Reclaim: 0.0 ms]
      [Free CSet: 0.1 ms]
   [Eden: 68.0M(68.0M)->0.0B(69.0M) Survivors: 5120.0K->4096.0K Heap: 222.9M(256.0M)->155.1M(256.0M)]
 [Times: user=0.03 sys=0.00, real=0.00 secs] 
2019-02-06T22:21:06.007+0500: 744.953: [GC concurrent-root-region-scan-start]
2019-02-06T22:21:06.011+0500: 744.957: [GC concurrent-root-region-scan-end, 0.0042579 secs]
2019-02-06T22:21:06.011+0500: 744.957: [GC concurrent-mark-start]
2019-02-06T22:21:06.029+0500: 744.975: [GC concurrent-mark-end, 0.0174137 secs]
2019-02-06T22:21:06.029+0500: 744.975: [GC remark 2019-02-06T22:21:06.029+0500: 744.975: [Finalize Marking, 0.0004351 secs] 2019-02-06T22:21:06.029+0500: 744.975: [GC ref-proc, 0.0003711 secs] 2019-02-06T22:21:06.030+0500: 744.976: [Unloading, 0.0034146 secs], 0.0057875 secs]
 [Times: user=0.03 sys=0.00, real=0.01 secs] 
2019-02-06T22:21:06.035+0500: 744.981: [GC cleanup 157M->157M(256M), 0.0004444 secs]
 [Times: user=0.00 sys=0.00, real=0.00 secs] 
2019-02-06T22:21:06.737+0500: 745.684: [GC pause (G1 Evacuation Pause) (young), 0.0048029 secs]
   [Parallel Time: 3.8 ms, GC Workers: 8]
      [GC Worker Start (ms): Min: 745683.7, Avg: 745683.8, Max: 745683.8, Diff: 0.1]
      [Ext Root Scanning (ms): Min: 0.2, Avg: 0.3, Max: 0.8, Diff: 0.6, Sum: 2.7]
      [Update RS (ms): Min: 0.5, Avg: 1.0, Max: 1.2, Diff: 0.7, Sum: 8.1]
         [Processed Buffers: Min: 2, Avg: 4.9, Max: 14, Diff: 12, Sum: 39]
      [Scan RS (ms): Min: 0.0, Avg: 0.0, Max: 0.0, Diff: 0.0, Sum: 0.1]
      [Code Root Scanning (ms): Min: 0.0, Avg: 0.0, Max: 0.0, Diff: 0.0, Sum: 0.0]
      [Object Copy (ms): Min: 2.2, Avg: 2.3, Max: 2.3, Diff: 0.1, Sum: 18.5]
      [Termination (ms): Min: 0.0, Avg: 0.0, Max: 0.0, Diff: 0.0, Sum: 0.0]
         [Termination Attempts: Min: 1, Avg: 1.0, Max: 1, Diff: 0, Sum: 8]
      [GC Worker Other (ms): Min: 0.0, Avg: 0.0, Max: 0.0, Diff: 0.0, Sum: 0.1]
      [GC Worker Total (ms): Min: 3.7, Avg: 3.7, Max: 3.7, Diff: 0.1, Sum: 29.5]
      [GC Worker End (ms): Min: 745687.4, Avg: 745687.4, Max: 745687.4, Diff: 0.0]
   [Code Root Fixup: 0.1 ms]
   [Code Root Purge: 0.0 ms]
   [Clear CT: 0.1 ms]
   [Other: 0.9 ms]
      [Choose CSet: 0.0 ms]
      [Ref Proc: 0.6 ms]
      [Ref Enq: 0.0 ms]
      [Redirty Cards: 0.1 ms]
      [Humongous Register: 0.0 ms]
      [Humongous Reclaim: 0.0 ms]
      [Free CSet: 0.0 ms]
   [Eden: 69.0M(69.0M)->0.0B(8192.0K) Survivors: 4096.0K->4096.0K Heap: 224.1M(256.0M)->155.6M(256.0M)]
 [Times: user=0.03 sys=0.00, real=0.01 secs] 
2019-02-06T22:21:06.823+0500: 745.769: [GC pause (G1 Evacuation Pause) (mixed), 0.0059834 secs]
   [Parallel Time: 5.3 ms, GC Workers: 8]
      [GC Worker Start (ms): Min: 745769.3, Avg: 745769.4, Max: 745769.4, Diff: 0.1]
      [Ext Root Scanning (ms): Min: 0.2, Avg: 0.3, Max: 0.7, Diff: 0.5, Sum: 2.2]
      [Update RS (ms): Min: 1.1, Avg: 1.2, Max: 1.4, Diff: 0.4, Sum: 9.4]
         [Processed Buffers: Min: 2, Avg: 4.2, Max: 7, Diff: 5, Sum: 34]
      [Scan RS (ms): Min: 0.0, Avg: 0.1, Max: 0.3, Diff: 0.3, Sum: 0.7]
      [Code Root Scanning (ms): Min: 0.0, Avg: 0.0, Max: 0.0, Diff: 0.0, Sum: 0.0]
      [Object Copy (ms): Min: 2.2, Avg: 2.7, Max: 3.3, Diff: 1.1, Sum: 21.9]
      [Termination (ms): Min: 0.0, Avg: 0.7, Max: 1.0, Diff: 1.0, Sum: 5.6]
         [Termination Attempts: Min: 1, Avg: 1.1, Max: 2, Diff: 1, Sum: 9]
      [GC Worker Other (ms): Min: 0.0, Avg: 0.0, Max: 0.0, Diff: 0.0, Sum: 0.1]
      [GC Worker Total (ms): Min: 4.8, Avg: 5.0, Max: 5.1, Diff: 0.4, Sum: 39.8]
      [GC Worker End (ms): Min: 745774.1, Avg: 745774.3, Max: 745774.5, Diff: 0.4]
   [Code Root Fixup: 0.1 ms]
   [Code Root Purge: 0.0 ms]
   [Clear CT: 0.1 ms]
   [Other: 0.5 ms]
      [Choose CSet: 0.0 ms]
      [Ref Proc: 0.3 ms]
      [Ref Enq: 0.0 ms]
      [Redirty Cards: 0.1 ms]
      [Humongous Register: 0.0 ms]
      [Humongous Reclaim: 0.0 ms]
      [Free CSet: 0.0 ms]
   [Eden: 8192.0K(8192.0K)->0.0B(73.0M) Survivors: 4096.0K->2048.0K Heap: 163.6M(256.0M)->153.9M(256.0M)]
 [Times: user=0.04 sys=0.00, real=0.00 secs] 
2019-02-06T22:21:07.628+0500: 746.574: [GC pause (G1 Evacuation Pause) (young), 0.0048667 secs]
   [Parallel Time: 4.3 ms, GC Workers: 8]
      [GC Worker Start (ms): Min: 746574.3, Avg: 746574.3, Max: 746574.4, Diff: 0.1]
      [Ext Root Scanning (ms): Min: 0.2, Avg: 0.3, Max: 0.6, Diff: 0.4, Sum: 2.1]
      [Update RS (ms): Min: 1.7, Avg: 2.0, Max: 2.2, Diff: 0.5, Sum: 15.7]
         [Processed Buffers: Min: 3, Avg: 6.4, Max: 14, Diff: 11, Sum: 51]
      [Scan RS (ms): Min: 0.0, Avg: 0.0, Max: 0.0, Diff: 0.0, Sum: 0.0]
      [Code Root Scanning (ms): Min: 0.0, Avg: 0.0, Max: 0.0, Diff: 0.0, Sum: 0.0]
      [Object Copy (ms): Min: 0.8, Avg: 1.0, Max: 1.4, Diff: 0.6, Sum: 7.8]
      [Termination (ms): Min: 0.0, Avg: 0.7, Max: 1.0, Diff: 1.0, Sum: 5.9]
         [Termination Attempts: Min: 1, Avg: 1.1, Max: 2, Diff: 1, Sum: 9]
      [GC Worker Other (ms): Min: 0.0, Avg: 0.0, Max: 0.0, Diff: 0.0, Sum: 0.1]
      [GC Worker Total (ms): Min: 3.8, Avg: 4.0, Max: 4.2, Diff: 0.4, Sum: 31.7]
      [GC Worker End (ms): Min: 746578.1, Avg: 746578.3, Max: 746578.5, Diff: 0.4]
   [Code Root Fixup: 0.1 ms]
   [Code Root Purge: 0.0 ms]
   [Clear CT: 0.1 ms]
   [Other: 0.4 ms]
      [Choose CSet: 0.0 ms]
      [Ref Proc: 0.2 ms]
      [Ref Enq: 0.0 ms]
      [Redirty Cards: 0.1 ms]
      [Humongous Register: 0.0 ms]
      [Humongous Reclaim: 0.0 ms]
      [Free CSet: 0.0 ms]
   [Eden: 73.0M(73.0M)->0.0B(73.0M) Survivors: 2048.0K->2048.0K Heap: 226.9M(256.0M)->153.1M(256.0M)]
 [Times: user=0.03 sys=0.00, real=0.01 secs] 
2019-02-06T22:21:08.387+0500: 747.333: [GC pause (G1 Evacuation Pause) (young) (initial-mark), 0.0033062 secs]
   [Parallel Time: 2.7 ms, GC Workers: 8]
      [GC Worker Start (ms): Min: 747333.5, Avg: 747333.5, Max: 747333.5, Diff: 0.1]
      [Ext Root Scanning (ms): Min: 0.5, Avg: 0.6, Max: 0.6, Diff: 0.1, Sum: 4.6]
      [Update RS (ms): Min: 0.8, Avg: 1.0, Max: 1.6, Diff: 0.8, Sum: 7.9]
         [Processed Buffers: Min: 2, Avg: 4.2, Max: 15, Diff: 13, Sum: 34]
      [Scan RS (ms): Min: 0.0, Avg: 0.0, Max: 0.0, Diff: 0.0, Sum: 0.1]
      [Code Root Scanning (ms): Min: 0.0, Avg: 0.0, Max: 0.0, Diff: 0.0, Sum: 0.0]
      [Object Copy (ms): Min: 0.3, Avg: 0.9, Max: 1.0, Diff: 0.8, Sum: 7.1]
      [Termination (ms): Min: 0.0, Avg: 0.0, Max: 0.0, Diff: 0.0, Sum: 0.0]
         [Termination Attempts: Min: 1, Avg: 3.8, Max: 6, Diff: 5, Sum: 30]
      [GC Worker Other (ms): Min: 0.0, Avg: 0.0, Max: 0.0, Diff: 0.0, Sum: 0.1]
      [GC Worker Total (ms): Min: 2.5, Avg: 2.5, Max: 2.5, Diff: 0.1, Sum: 19.9]
      [GC Worker End (ms): Min: 747336.0, Avg: 747336.0, Max: 747336.0, Diff: 0.0]
   [Code Root Fixup: 0.1 ms]
   [Code Root Purge: 0.0 ms]
   [Clear CT: 0.1 ms]
   [Other: 0.5 ms]
      [Choose CSet: 0.0 ms]
      [Ref Proc: 0.2 ms]
      [Ref Enq: 0.0 ms]
      [Redirty Cards: 0.1 ms]
      [Humongous Register: 0.0 ms]
      [Humongous Reclaim: 0.0 ms]
      [Free CSet: 0.0 ms]
   [Eden: 73.0M(73.0M)->0.0B(73.0M) Survivors: 2048.0K->2048.0K Heap: 226.1M(256.0M)->153.4M(256.0M)]
 [Times: user=0.02 sys=0.00, real=0.01 secs] 
2019-02-06T22:21:08.391+0500: 747.337: [GC concurrent-root-region-scan-start]
2019-02-06T22:21:08.394+0500: 747.340: [GC concurrent-root-region-scan-end, 0.0032081 secs]
2019-02-06T22:21:08.394+0500: 747.340: [GC concurrent-mark-start]
2019-02-06T22:21:08.412+0500: 747.358: [GC concurrent-mark-end, 0.0184117 secs]
2019-02-06T22:21:08.412+0500: 747.359: [GC remark 2019-02-06T22:21:08.412+0500: 747.359: [Finalize Marking, 0.0002616 secs] 2019-02-06T22:21:08.413+0500: 747.359: [GC ref-proc, 0.0003658 secs] 2019-02-06T22:21:08.413+0500: 747.359: [Unloading, 0.0035339 secs], 0.0060021 secs]
 [Times: user=0.03 sys=0.00, real=0.00 secs] 
2019-02-06T22:21:08.419+0500: 747.365: [GC cleanup 156M->156M(256M), 0.0005165 secs]
 [Times: user=0.00 sys=0.00, real=0.00 secs] 
2019-02-06T22:21:09.183+0500: 748.130: [GC pause (G1 Evacuation Pause) (young), 0.0029517 secs]
   [Parallel Time: 2.2 ms, GC Workers: 8]
      [GC Worker Start (ms): Min: 748129.6, Avg: 748129.7, Max: 748129.7, Diff: 0.1]
      [Ext Root Scanning (ms): Min: 0.2, Avg: 0.3, Max: 0.7, Diff: 0.5, Sum: 2.4]
      [Update RS (ms): Min: 0.6, Avg: 0.9, Max: 1.2, Diff: 0.6, Sum: 7.5]
         [Processed Buffers: Min: 2, Avg: 4.8, Max: 11, Diff: 9, Sum: 38]
      [Scan RS (ms): Min: 0.0, Avg: 0.0, Max: 0.0, Diff: 0.0, Sum: 0.1]
      [Code Root Scanning (ms): Min: 0.0, Avg: 0.0, Max: 0.0, Diff: 0.0, Sum: 0.0]
      [Object Copy (ms): Min: 0.7, Avg: 0.8, Max: 1.1, Diff: 0.5, Sum: 6.7]
      [Termination (ms): Min: 0.0, Avg: 0.0, Max: 0.0, Diff: 0.0, Sum: 0.0]
         [Termination Attempts: Min: 1, Avg: 1.1, Max: 2, Diff: 1, Sum: 9]
      [GC Worker Other (ms): Min: 0.0, Avg: 0.0, Max: 0.0, Diff: 0.0, Sum: 0.1]
      [GC Worker Total (ms): Min: 2.1, Avg: 2.1, Max: 2.1, Diff: 0.1, Sum: 16.7]
      [GC Worker End (ms): Min: 748131.8, Avg: 748131.8, Max: 748131.8, Diff: 0.0]
   [Code Root Fixup: 0.1 ms]
   [Code Root Purge: 0.0 ms]
   [Clear CT: 0.1 ms]
   [Other: 0.6 ms]
      [Choose CSet: 0.0 ms]
      [Ref Proc: 0.2 ms]
      [Ref Enq: 0.0 ms]
      [Redirty Cards: 0.1 ms]
      [Humongous Register: 0.1 ms]
      [Humongous Reclaim: 0.0 ms]
      [Free CSet: 0.0 ms]
   [Eden: 73.0M(73.0M)->0.0B(10.0M) Survivors: 2048.0K->2048.0K Heap: 226.4M(256.0M)->153.1M(256.0M)]
 [Times: user=0.01 sys=0.00, real=0.00 secs] 
2019-02-06T22:21:09.291+0500: 748.237: [GC pause (G1 Evacuation Pause) (mixed), 0.0055582 secs]
   [Parallel Time: 3.5 ms, GC Workers: 8]
      [GC Worker Start (ms): Min: 748237.0, Avg: 748237.0, Max: 748237.0, Diff: 0.1]
      [Ext Root Scanning (ms): Min: 0.2, Avg: 0.3, Max: 0.7, Diff: 0.5, Sum: 2.4]
      [Update RS (ms): Min: 0.6, Avg: 1.2, Max: 3.0, Diff: 2.5, Sum: 9.3]
         [Processed Buffers: Min: 1, Avg: 4.2, Max: 9, Diff: 8, Sum: 34]
      [Scan RS (ms): Min: 0.0, Avg: 0.1, Max: 0.1, Diff: 0.1, Sum: 0.6]
      [Code Root Scanning (ms): Min: 0.0, Avg: 0.0, Max: 0.1, Diff: 0.1, Sum: 0.1]
      [Object Copy (ms): Min: 0.0, Avg: 1.1, Max: 1.3, Diff: 1.3, Sum: 8.4]
      [Termination (ms): Min: 0.0, Avg: 0.7, Max: 1.1, Diff: 1.1, Sum: 5.8]
         [Termination Attempts: Min: 1, Avg: 42.6, Max: 69, Diff: 68, Sum: 341]
      [GC Worker Other (ms): Min: 0.0, Avg: 0.0, Max: 0.0, Diff: 0.0, Sum: 0.1]
      [GC Worker Total (ms): Min: 3.3, Avg: 3.3, Max: 3.4, Diff: 0.1, Sum: 26.6]
      [GC Worker End (ms): Min: 748240.3, Avg: 748240.3, Max: 748240.4, Diff: 0.1]
   [Code Root Fixup: 0.1 ms]
   [Code Root Purge: 0.0 ms]
   [Clear CT: 0.3 ms]
   [Other: 1.7 ms]
      [Choose CSet: 0.0 ms]
      [Ref Proc: 1.4 ms]
      [Ref Enq: 0.0 ms]
      [Redirty Cards: 0.1 ms]
      [Humongous Register: 0.0 ms]
      [Humongous Reclaim: 0.0 ms]
      [Free CSet: 0.0 ms]
   [Eden: 10.0M(10.0M)->0.0B(74.0M) Survivors: 2048.0K->2048.0K Heap: 163.1M(256.0M)->151.6M(256.0M)]
 [Times: user=0.03 sys=0.00, real=0.00 secs] 
2019-02-06T22:21:10.089+0500: 749.035: [GC pause (G1 Evacuation Pause) (young), 0.0056092 secs]
   [Parallel Time: 4.9 ms, GC Workers: 8]
      [GC Worker Start (ms): Min: 749035.2, Avg: 749035.2, Max: 749035.3, Diff: 0.1]
      [Ext Root Scanning (ms): Min: 0.2, Avg: 0.3, Max: 0.6, Diff: 0.4, Sum: 2.4]
      [Update RS (ms): Min: 0.0, Avg: 1.0, Max: 1.3, Diff: 1.3, Sum: 8.1]
         [Processed Buffers: Min: 0, Avg: 5.0, Max: 13, Diff: 13, Sum: 40]
      [Scan RS (ms): Min: 0.0, Avg: 0.0, Max: 0.1, Diff: 0.1, Sum: 0.1]
      [Code Root Scanning (ms): Min: 0.0, Avg: 0.0, Max: 0.0, Diff: 0.0, Sum: 0.0]
      [Object Copy (ms): Min: 0.0, Avg: 0.9, Max: 1.1, Diff: 1.1, Sum: 7.2]
      [Termination (ms): Min: 0.0, Avg: 1.8, Max: 2.4, Diff: 2.4, Sum: 14.1]
         [Termination Attempts: Min: 1, Avg: 1.5, Max: 3, Diff: 2, Sum: 12]
      [GC Worker Other (ms): Min: 0.0, Avg: 0.4, Max: 2.8, Diff: 2.8, Sum: 2.9]
      [GC Worker Total (ms): Min: 3.1, Avg: 4.3, Max: 4.9, Diff: 1.7, Sum: 34.8]
      [GC Worker End (ms): Min: 749038.4, Avg: 749039.6, Max: 749040.1, Diff: 1.7]
   [Code Root Fixup: 0.1 ms]
   [Code Root Purge: 0.0 ms]
   [Clear CT: 0.1 ms]
   [Other: 0.5 ms]
      [Choose CSet: 0.0 ms]
      [Ref Proc: 0.2 ms]
      [Ref Enq: 0.0 ms]
      [Redirty Cards: 0.1 ms]
      [Humongous Register: 0.0 ms]
      [Humongous Reclaim: 0.0 ms]
      [Free CSet: 0.0 ms]
   [Eden: 74.0M(74.0M)->0.0B(74.0M) Survivors: 2048.0K->2048.0K Heap: 225.6M(256.0M)->151.9M(256.0M)]
 [Times: user=0.02 sys=0.00, real=0.01 secs] 
2019-02-06T22:21:10.921+0500: 749.867: [GC pause (G1 Evacuation Pause) (young) (initial-mark), 0.0034375 secs]
   [Parallel Time: 2.7 ms, GC Workers: 8]
      [GC Worker Start (ms): Min: 749867.6, Avg: 749867.6, Max: 749867.7, Diff: 0.1]
      [Ext Root Scanning (ms): Min: 0.5, Avg: 0.6, Max: 0.6, Diff: 0.1, Sum: 4.7]
      [Update RS (ms): Min: 0.8, Avg: 0.9, Max: 1.0, Diff: 0.1, Sum: 7.2]
         [Processed Buffers: Min: 2, Avg: 4.4, Max: 14, Diff: 12, Sum: 35]
      [Scan RS (ms): Min: 0.0, Avg: 0.0, Max: 0.0, Diff: 0.0, Sum: 0.0]
      [Code Root Scanning (ms): Min: 0.0, Avg: 0.0, Max: 0.0, Diff: 0.0, Sum: 0.0]
      [Object Copy (ms): Min: 0.9, Avg: 1.0, Max: 1.0, Diff: 0.1, Sum: 7.7]
      [Termination (ms): Min: 0.0, Avg: 0.0, Max: 0.0, Diff: 0.0, Sum: 0.0]
         [Termination Attempts: Min: 1, Avg: 1.2, Max: 2, Diff: 1, Sum: 10]
      [GC Worker Other (ms): Min: 0.0, Avg: 0.0, Max: 0.0, Diff: 0.0, Sum: 0.1]
      [GC Worker Total (ms): Min: 2.4, Avg: 2.5, Max: 2.5, Diff: 0.1, Sum: 19.7]
      [GC Worker End (ms): Min: 749870.1, Avg: 749870.1, Max: 749870.1, Diff: 0.0]
   [Code Root Fixup: 0.1 ms]
   [Code Root Purge: 0.0 ms]
   [Clear CT: 0.1 ms]
   [Other: 0.5 ms]
      [Choose CSet: 0.0 ms]
      [Ref Proc: 0.2 ms]
      [Ref Enq: 0.0 ms]
      [Redirty Cards: 0.1 ms]
      [Humongous Register: 0.0 ms]
      [Humongous Reclaim: 0.0 ms]
      [Free CSet: 0.0 ms]
   [Eden: 74.0M(74.0M)->0.0B(74.0M) Survivors: 2048.0K->2048.0K Heap: 225.9M(256.0M)->151.4M(256.0M)]
 [Times: user=0.02 sys=0.00, real=0.00 secs] 
2019-02-06T22:21:10.925+0500: 749.871: [GC concurrent-root-region-scan-start]
2019-02-06T22:21:10.928+0500: 749.874: [GC concurrent-root-region-scan-end, 0.0032118 secs]
2019-02-06T22:21:10.928+0500: 749.874: [GC concurrent-mark-start]
2019-02-06T22:21:10.947+0500: 749.893: [GC concurrent-mark-end, 0.0188763 secs]
2019-02-06T22:21:10.947+0500: 749.893: [GC remark 2019-02-06T22:21:10.947+0500: 749.893: [Finalize Marking, 0.0002338 secs] 2019-02-06T22:21:10.947+0500: 749.894: [GC ref-proc, 0.0004037 secs] 2019-02-06T22:21:10.948+0500: 749.894: [Unloading, 0.0037042 secs], 0.0057534 secs]
 [Times: user=0.03 sys=0.00, real=0.01 secs] 
2019-02-06T22:21:10.953+0500: 749.899: [GC cleanup 154M->154M(256M), 0.0005274 secs]
 [Times: user=0.00 sys=0.00, real=0.00 secs] 
2019-02-06T22:21:11.707+0500: 750.653: [GC pause (G1 Evacuation Pause) (young), 0.0071264 secs]
   [Parallel Time: 5.3 ms, GC Workers: 8]
      [GC Worker Start (ms): Min: 750653.2, Avg: 750653.3, Max: 750653.5, Diff: 0.3]
      [Ext Root Scanning (ms): Min: 0.0, Avg: 0.3, Max: 0.7, Diff: 0.7, Sum: 2.2]
      [Update RS (ms): Min: 0.7, Avg: 1.3, Max: 3.1, Diff: 2.4, Sum: 10.5]
         [Processed Buffers: Min: 2, Avg: 4.9, Max: 11, Diff: 9, Sum: 39]
      [Scan RS (ms): Min: 0.0, Avg: 0.0, Max: 0.0, Diff: 0.0, Sum: 0.1]
      [Code Root Scanning (ms): Min: 0.0, Avg: 0.0, Max: 0.0, Diff: 0.0, Sum: 0.0]
      [Object Copy (ms): Min: 0.1, Avg: 1.2, Max: 1.5, Diff: 1.4, Sum: 9.3]
      [Termination (ms): Min: 0.0, Avg: 1.6, Max: 2.6, Diff: 2.6, Sum: 13.1]
         [Termination Attempts: Min: 1, Avg: 2.0, Max: 4, Diff: 3, Sum: 16]
      [GC Worker Other (ms): Min: 0.0, Avg: 0.0, Max: 0.0, Diff: 0.0, Sum: 0.1]
      [GC Worker Total (ms): Min: 3.5, Avg: 4.4, Max: 5.0, Diff: 1.6, Sum: 35.3]
      [GC Worker End (ms): Min: 750656.7, Avg: 750657.7, Max: 750658.5, Diff: 1.8]
   [Code Root Fixup: 0.1 ms]
   [Code Root Purge: 0.0 ms]
   [Clear CT: 0.1 ms]
   [Other: 1.6 ms]
      [Choose CSet: 0.0 ms]
      [Ref Proc: 1.3 ms]
      [Ref Enq: 0.0 ms]
      [Redirty Cards: 0.1 ms]
      [Humongous Register: 0.0 ms]
      [Humongous Reclaim: 0.0 ms]
      [Free CSet: 0.0 ms]
   [Eden: 74.0M(74.0M)->0.0B(74.0M) Survivors: 2048.0K->2048.0K Heap: 225.4M(256.0M)->152.1M(256.0M)]
 [Times: user=0.03 sys=0.00, real=0.01 secs] 
2019-02-06T22:21:12.504+0500: 751.450: [GC pause (G1 Evacuation Pause) (young), 0.0037862 secs]
   [Parallel Time: 2.5 ms, GC Workers: 8]
      [GC Worker Start (ms): Min: 751450.3, Avg: 751450.3, Max: 751450.3, Diff: 0.1]
      [Ext Root Scanning (ms): Min: 0.2, Avg: 0.3, Max: 0.6, Diff: 0.4, Sum: 2.2]
      [Update RS (ms): Min: 0.7, Avg: 1.0, Max: 1.2, Diff: 0.5, Sum: 8.4]
         [Processed Buffers: Min: 2, Avg: 4.9, Max: 10, Diff: 8, Sum: 39]
      [Scan RS (ms): Min: 0.0, Avg: 0.0, Max: 0.0, Diff: 0.0, Sum: 0.1]
      [Code Root Scanning (ms): Min: 0.0, Avg: 0.0, Max: 0.0, Diff: 0.0, Sum: 0.0]
      [Object Copy (ms): Min: 1.0, Avg: 1.1, Max: 1.2, Diff: 0.2, Sum: 8.8]
      [Termination (ms): Min: 0.0, Avg: 0.0, Max: 0.0, Diff: 0.0, Sum: 0.0]
         [Termination Attempts: Min: 1, Avg: 1.5, Max: 3, Diff: 2, Sum: 12]
      [GC Worker Other (ms): Min: 0.0, Avg: 0.0, Max: 0.0, Diff: 0.0, Sum: 0.1]
      [GC Worker Total (ms): Min: 2.4, Avg: 2.5, Max: 2.5, Diff: 0.1, Sum: 19.6]
      [GC Worker End (ms): Min: 751452.7, Avg: 751452.7, Max: 751452.7, Diff: 0.0]
   [Code Root Fixup: 0.1 ms]
   [Code Root Purge: 0.0 ms]
   [Clear CT: 0.1 ms]
   [Other: 1.1 ms]
      [Choose CSet: 0.0 ms]
      [Ref Proc: 0.8 ms]
      [Ref Enq: 0.0 ms]
      [Redirty Cards: 0.1 ms]
      [Humongous Register: 0.0 ms]
      [Humongous Reclaim: 0.0 ms]
      [Free CSet: 0.0 ms]
   [Eden: 74.0M(74.0M)->0.0B(74.0M) Survivors: 2048.0K->2048.0K Heap: 226.1M(256.0M)->151.6M(256.0M)]
 [Times: user=0.03 sys=0.00, real=0.01 secs] 
2019-02-06T22:21:13.247+0500: 752.193: [GC pause (G1 Evacuation Pause) (young) (initial-mark), 0.0037686 secs]
   [Parallel Time: 3.1 ms, GC Workers: 8]
      [GC Worker Start (ms): Min: 752193.4, Avg: 752193.5, Max: 752193.5, Diff: 0.1]
      [Ext Root Scanning (ms): Min: 0.5, Avg: 0.6, Max: 0.6, Diff: 0.1, Sum: 4.6]
      [Update RS (ms): Min: 1.0, Avg: 1.1, Max: 1.6, Diff: 0.6, Sum: 9.1]
         [Processed Buffers: Min: 3, Avg: 5.4, Max: 9, Diff: 6, Sum: 43]
      [Scan RS (ms): Min: 0.0, Avg: 0.0, Max: 0.0, Diff: 0.0, Sum: 0.1]
      [Code Root Scanning (ms): Min: 0.0, Avg: 0.0, Max: 0.0, Diff: 0.0, Sum: 0.0]
      [Object Copy (ms): Min: 0.7, Avg: 1.2, Max: 1.3, Diff: 0.6, Sum: 9.3]
      [Termination (ms): Min: 0.0, Avg: 0.0, Max: 0.0, Diff: 0.0, Sum: 0.0]
         [Termination Attempts: Min: 1, Avg: 2.0, Max: 4, Diff: 3, Sum: 16]
      [GC Worker Other (ms): Min: 0.0, Avg: 0.0, Max: 0.0, Diff: 0.0, Sum: 0.1]
      [GC Worker Total (ms): Min: 2.9, Avg: 2.9, Max: 2.9, Diff: 0.1, Sum: 23.2]
      [GC Worker End (ms): Min: 752196.4, Avg: 752196.4, Max: 752196.4, Diff: 0.0]
   [Code Root Fixup: 0.1 ms]
   [Code Root Purge: 0.0 ms]
   [Clear CT: 0.1 ms]
   [Other: 0.5 ms]
      [Choose CSet: 0.0 ms]
      [Ref Proc: 0.2 ms]
      [Ref Enq: 0.0 ms]
      [Redirty Cards: 0.1 ms]
      [Humongous Register: 0.0 ms]
      [Humongous Reclaim: 0.0 ms]
      [Free CSet: 0.0 ms]
   [Eden: 74.0M(74.0M)->0.0B(74.0M) Survivors: 2048.0K->2048.0K Heap: 225.6M(256.0M)->152.3M(256.0M)]
 [Times: user=0.02 sys=0.00, real=0.01 secs] 
2019-02-06T22:21:13.251+0500: 752.197: [GC concurrent-root-region-scan-start]
2019-02-06T22:21:13.255+0500: 752.201: [GC concurrent-root-region-scan-end, 0.0037067 secs]
2019-02-06T22:21:13.255+0500: 752.201: [GC concurrent-mark-start]
2019-02-06T22:21:13.273+0500: 752.219: [GC concurrent-mark-end, 0.0181798 secs]
2019-02-06T22:21:13.273+0500: 752.219: [GC remark 2019-02-06T22:21:13.273+0500: 752.219: [Finalize Marking, 0.0002425 secs] 2019-02-06T22:21:13.273+0500: 752.220: [GC ref-proc, 0.0003055 secs] 2019-02-06T22:21:13.274+0500: 752.220: [Unloading, 0.0035120 secs], 0.0056805 secs]
 [Times: user=0.02 sys=0.01, real=0.00 secs] 
2019-02-06T22:21:13.279+0500: 752.225: [GC cleanup 155M->155M(256M), 0.0004739 secs]
 [Times: user=0.00 sys=0.00, real=0.01 secs] 
2019-02-06T22:21:14.042+0500: 752.988: [GC pause (G1 Evacuation Pause) (young), 0.0029391 secs]
   [Parallel Time: 2.4 ms, GC Workers: 8]
      [GC Worker Start (ms): Min: 752988.0, Avg: 752988.0, Max: 752988.1, Diff: 0.1]
      [Ext Root Scanning (ms): Min: 0.2, Avg: 0.3, Max: 0.6, Diff: 0.4, Sum: 2.1]
      [Update RS (ms): Min: 0.7, Avg: 1.0, Max: 1.3, Diff: 0.6, Sum: 8.2]
         [Processed Buffers: Min: 2, Avg: 5.6, Max: 10, Diff: 8, Sum: 45]
      [Scan RS (ms): Min: 0.0, Avg: 0.0, Max: 0.0, Diff: 0.0, Sum: 0.0]
      [Code Root Scanning (ms): Min: 0.0, Avg: 0.0, Max: 0.0, Diff: 0.0, Sum: 0.0]
      [Object Copy (ms): Min: 0.8, Avg: 1.0, Max: 1.1, Diff: 0.3, Sum: 8.1]
      [Termination (ms): Min: 0.0, Avg: 0.0, Max: 0.0, Diff: 0.0, Sum: 0.0]
         [Termination Attempts: Min: 1, Avg: 1.0, Max: 1, Diff: 0, Sum: 8]
      [GC Worker Other (ms): Min: 0.0, Avg: 0.0, Max: 0.0, Diff: 0.0, Sum: 0.1]
      [GC Worker Total (ms): Min: 2.3, Avg: 2.3, Max: 2.4, Diff: 0.1, Sum: 18.6]
      [GC Worker End (ms): Min: 752990.4, Avg: 752990.4, Max: 752990.4, Diff: 0.0]
   [Code Root Fixup: 0.0 ms]
   [Code Root Purge: 0.0 ms]
   [Clear CT: 0.1 ms]
   [Other: 0.4 ms]
      [Choose CSet: 0.0 ms]
      [Ref Proc: 0.2 ms]
      [Ref Enq: 0.0 ms]
      [Redirty Cards: 0.1 ms]
      [Humongous Register: 0.0 ms]
      [Humongous Reclaim: 0.0 ms]
      [Free CSet: 0.0 ms]
   [Eden: 74.0M(74.0M)->0.0B(74.0M) Survivors: 2048.0K->2048.0K Heap: 226.3M(256.0M)->151.9M(256.0M)]
 [Times: user=0.02 sys=0.00, real=0.00 secs] 
2019-02-06T22:21:14.803+0500: 753.749: [GC pause (G1 Evacuation Pause) (young), 0.0030852 secs]
   [Parallel Time: 2.5 ms, GC Workers: 8]
      [GC Worker Start (ms): Min: 753749.3, Avg: 753749.3, Max: 753749.3, Diff: 0.1]
      [Ext Root Scanning (ms): Min: 0.2, Avg: 0.3, Max: 0.6, Diff: 0.4, Sum: 2.1]
      [Update RS (ms): Min: 0.7, Avg: 1.1, Max: 1.3, Diff: 0.6, Sum: 8.5]
         [Processed Buffers: Min: 2, Avg: 5.1, Max: 9, Diff: 7, Sum: 41]
      [Scan RS (ms): Min: 0.0, Avg: 0.0, Max: 0.0, Diff: 0.0, Sum: 0.1]
      [Code Root Scanning (ms): Min: 0.0, Avg: 0.0, Max: 0.0, Diff: 0.0, Sum: 0.0]
      [Object Copy (ms): Min: 0.8, Avg: 1.0, Max: 1.1, Diff: 0.3, Sum: 8.4]
      [Termination (ms): Min: 0.0, Avg: 0.0, Max: 0.0, Diff: 0.0, Sum: 0.0]
         [Termination Attempts: Min: 1, Avg: 1.5, Max: 2, Diff: 1, Sum: 12]
      [GC Worker Other (ms): Min: 0.0, Avg: 0.0, Max: 0.0, Diff: 0.0, Sum: 0.1]
      [GC Worker Total (ms): Min: 2.4, Avg: 2.4, Max: 2.4, Diff: 0.1, Sum: 19.2]
      [GC Worker End (ms): Min: 753751.7, Avg: 753751.7, Max: 753751.7, Diff: 0.0]
   [Code Root Fixup: 0.0 ms]
   [Code Root Purge: 0.0 ms]
   [Clear CT: 0.1 ms]
   [Other: 0.5 ms]
      [Choose CSet: 0.0 ms]
      [Ref Proc: 0.2 ms]
      [Ref Enq: 0.0 ms]
      [Redirty Cards: 0.1 ms]
      [Humongous Register: 0.0 ms]
      [Humongous Reclaim: 0.0 ms]
      [Free CSet: 0.0 ms]
   [Eden: 74.0M(74.0M)->0.0B(74.0M) Survivors: 2048.0K->2048.0K Heap: 225.9M(256.0M)->152.6M(256.0M)]
 [Times: user=0.02 sys=0.00, real=0.00 secs] 
2019-02-06T22:21:15.574+0500: 754.520: [GC pause (G1 Evacuation Pause) (young) (initial-mark), 0.0037378 secs]
   [Parallel Time: 3.1 ms, GC Workers: 8]
      [GC Worker Start (ms): Min: 754520.0, Avg: 754520.1, Max: 754520.4, Diff: 0.4]
      [Ext Root Scanning (ms): Min: 0.3, Avg: 0.6, Max: 0.7, Diff: 0.4, Sum: 4.9]
      [Update RS (ms): Min: 1.1, Avg: 1.3, Max: 1.7, Diff: 0.6, Sum: 10.1]
         [Processed Buffers: Min: 1, Avg: 4.9, Max: 13, Diff: 12, Sum: 39]
      [Scan RS (ms): Min: 0.0, Avg: 0.0, Max: 0.0, Diff: 0.0, Sum: 0.0]
      [Code Root Scanning (ms): Min: 0.0, Avg: 0.0, Max: 0.0, Diff: 0.0, Sum: 0.0]
      [Object Copy (ms): Min: 0.5, Avg: 1.0, Max: 1.2, Diff: 0.6, Sum: 8.0]
      [Termination (ms): Min: 0.0, Avg: 0.0, Max: 0.0, Diff: 0.0, Sum: 0.0]
         [Termination Attempts: Min: 1, Avg: 1.4, Max: 2, Diff: 1, Sum: 11]
      [GC Worker Other (ms): Min: 0.0, Avg: 0.0, Max: 0.0, Diff: 0.0, Sum: 0.1]
      [GC Worker Total (ms): Min: 2.6, Avg: 2.9, Max: 3.0, Diff: 0.4, Sum: 23.2]
      [GC Worker End (ms): Min: 754523.0, Avg: 754523.0, Max: 754523.0, Diff: 0.0]
   [Code Root Fixup: 0.1 ms]
   [Code Root Purge: 0.0 ms]
   [Clear CT: 0.1 ms]
   [Other: 0.4 ms]
      [Choose CSet: 0.0 ms]
      [Ref Proc: 0.2 ms]
      [Ref Enq: 0.0 ms]
      [Redirty Cards: 0.1 ms]
      [Humongous Register: 0.0 ms]
      [Humongous Reclaim: 0.0 ms]
      [Free CSet: 0.0 ms]
   [Eden: 74.0M(74.0M)->0.0B(74.0M) Survivors: 2048.0K->2048.0K Heap: 226.6M(256.0M)->152.0M(256.0M)]
 [Times: user=0.02 sys=0.00, real=0.00 secs] 
2019-02-06T22:21:15.578+0500: 754.524: [GC concurrent-root-region-scan-start]
2019-02-06T22:21:15.581+0500: 754.527: [GC concurrent-root-region-scan-end, 0.0036389 secs]
2019-02-06T22:21:15.581+0500: 754.527: [GC concurrent-mark-start]
2019-02-06T22:21:15.600+0500: 754.546: [GC concurrent-mark-end, 0.0190003 secs]
2019-02-06T22:21:15.600+0500: 754.547: [GC remark 2019-02-06T22:21:15.600+0500: 754.547: [Finalize Marking, 0.0002704 secs] 2019-02-06T22:21:15.601+0500: 754.547: [GC ref-proc, 0.0002892 secs] 2019-02-06T22:21:15.601+0500: 754.547: [Unloading, 0.0033524 secs], 0.0051337 secs]
 [Times: user=0.03 sys=0.00, real=0.00 secs] 
2019-02-06T22:21:15.606+0500: 754.552: [GC cleanup 155M->155M(256M), 0.0005290 secs]
 [Times: user=0.00 sys=0.00, real=0.00 secs] 
2019-02-06T22:21:16.342+0500: 755.288: [GC pause (G1 Evacuation Pause) (young), 0.0042265 secs]
   [Parallel Time: 3.6 ms, GC Workers: 8]
      [GC Worker Start (ms): Min: 755288.1, Avg: 755288.1, Max: 755288.2, Diff: 0.1]
      [Ext Root Scanning (ms): Min: 0.3, Avg: 0.4, Max: 0.8, Diff: 0.5, Sum: 2.8]
      [Update RS (ms): Min: 0.0, Avg: 1.3, Max: 1.5, Diff: 1.5, Sum: 10.1]
         [Processed Buffers: Min: 0, Avg: 5.0, Max: 17, Diff: 17, Sum: 40]
      [Scan RS (ms): Min: 0.0, Avg: 0.0, Max: 0.0, Diff: 0.0, Sum: 0.0]
      [Code Root Scanning (ms): Min: 0.0, Avg: 0.0, Max: 0.0, Diff: 0.0, Sum: 0.0]
      [Object Copy (ms): Min: 1.1, Avg: 1.4, Max: 2.9, Diff: 1.8, Sum: 11.5]
      [Termination (ms): Min: 0.0, Avg: 0.3, Max: 0.4, Diff: 0.4, Sum: 2.7]
         [Termination Attempts: Min: 1, Avg: 1.6, Max: 5, Diff: 4, Sum: 13]
      [GC Worker Other (ms): Min: 0.0, Avg: 0.0, Max: 0.0, Diff: 0.0, Sum: 0.1]
      [GC Worker Total (ms): Min: 3.2, Avg: 3.4, Max: 3.5, Diff: 0.3, Sum: 27.1]
      [GC Worker End (ms): Min: 755291.4, Avg: 755291.5, Max: 755291.6, Diff: 0.2]
   [Code Root Fixup: 0.0 ms]
   [Code Root Purge: 0.0 ms]
   [Clear CT: 0.1 ms]
   [Other: 0.5 ms]
      [Choose CSet: 0.0 ms]
      [Ref Proc: 0.2 ms]
      [Ref Enq: 0.0 ms]
      [Redirty Cards: 0.1 ms]
      [Humongous Register: 0.0 ms]
      [Humongous Reclaim: 0.0 ms]
      [Free CSet: 0.0 ms]
   [Eden: 74.0M(74.0M)->0.0B(10.0M) Survivors: 2048.0K->2048.0K Heap: 226.0M(256.0M)->152.7M(256.0M)]
 [Times: user=0.03 sys=0.00, real=0.00 secs] 
2019-02-06T22:21:16.457+0500: 755.403: [GC pause (G1 Evacuation Pause) (mixed), 0.0049395 secs]
   [Parallel Time: 3.7 ms, GC Workers: 8]
      [GC Worker Start (ms): Min: 755402.9, Avg: 755403.0, Max: 755403.0, Diff: 0.1]
      [Ext Root Scanning (ms): Min: 0.2, Avg: 0.4, Max: 1.2, Diff: 1.0, Sum: 2.8]
      [Update RS (ms): Min: 0.4, Avg: 1.1, Max: 1.4, Diff: 1.1, Sum: 8.5]
         [Processed Buffers: Min: 1, Avg: 4.0, Max: 11, Diff: 10, Sum: 32]
      [Scan RS (ms): Min: 0.0, Avg: 0.2, Max: 0.5, Diff: 0.4, Sum: 1.4]
      [Code Root Scanning (ms): Min: 0.0, Avg: 0.2, Max: 1.6, Diff: 1.6, Sum: 1.6]
      [Object Copy (ms): Min: 0.1, Avg: 1.2, Max: 1.5, Diff: 1.4, Sum: 9.7]
      [Termination (ms): Min: 0.0, Avg: 0.6, Max: 0.7, Diff: 0.7, Sum: 4.4]
         [Termination Attempts: Min: 1, Avg: 4.9, Max: 7, Diff: 6, Sum: 39]
      [GC Worker Other (ms): Min: 0.0, Avg: 0.0, Max: 0.0, Diff: 0.0, Sum: 0.1]
      [GC Worker Total (ms): Min: 3.4, Avg: 3.6, Max: 3.6, Diff: 0.2, Sum: 28.6]
      [GC Worker End (ms): Min: 755406.4, Avg: 755406.5, Max: 755406.6, Diff: 0.2]
   [Code Root Fixup: 0.5 ms]
   [Code Root Purge: 0.0 ms]
   [Clear CT: 0.1 ms]
   [Other: 0.6 ms]
      [Choose CSet: 0.0 ms]
      [Ref Proc: 0.2 ms]
      [Ref Enq: 0.0 ms]
      [Redirty Cards: 0.1 ms]
      [Humongous Register: 0.0 ms]
      [Humongous Reclaim: 0.0 ms]
      [Free CSet: 0.1 ms]
   [Eden: 10.0M(10.0M)->0.0B(74.0M) Survivors: 2048.0K->2048.0K Heap: 162.7M(256.0M)->151.4M(256.0M)]
 [Times: user=0.03 sys=0.00, real=0.01 secs] 
2019-02-06T22:21:17.214+0500: 756.160: [GC pause (G1 Evacuation Pause) (young), 0.0037048 secs]
   [Parallel Time: 2.6 ms, GC Workers: 8]
      [GC Worker Start (ms): Min: 756160.0, Avg: 756160.0, Max: 756160.1, Diff: 0.1]
      [Ext Root Scanning (ms): Min: 0.2, Avg: 0.3, Max: 0.6, Diff: 0.4, Sum: 2.2]
      [Update RS (ms): Min: 1.1, Avg: 1.3, Max: 1.5, Diff: 0.4, Sum: 10.5]
         [Processed Buffers: Min: 2, Avg: 5.1, Max: 13, Diff: 11, Sum: 41]
      [Scan RS (ms): Min: 0.0, Avg: 0.0, Max: 0.0, Diff: 0.0, Sum: 0.0]
      [Code Root Scanning (ms): Min: 0.0, Avg: 0.0, Max: 0.0, Diff: 0.0, Sum: 0.0]
      [Object Copy (ms): Min: 0.8, Avg: 1.0, Max: 1.0, Diff: 0.2, Sum: 7.7]
      [Termination (ms): Min: 0.0, Avg: 0.0, Max: 0.0, Diff: 0.0, Sum: 0.0]
         [Termination Attempts: Min: 1, Avg: 1.0, Max: 1, Diff: 0, Sum: 8]
      [GC Worker Other (ms): Min: 0.0, Avg: 0.0, Max: 0.0, Diff: 0.0, Sum: 0.1]
      [GC Worker Total (ms): Min: 2.5, Avg: 2.6, Max: 2.6, Diff: 0.1, Sum: 20.5]
      [GC Worker End (ms): Min: 756162.6, Avg: 756162.6, Max: 756162.6, Diff: 0.0]
   [Code Root Fixup: 0.0 ms]
   [Code Root Purge: 0.0 ms]
   [Clear CT: 0.1 ms]
   [Other: 0.9 ms]
      [Choose CSet: 0.0 ms]
      [Ref Proc: 0.6 ms]
      [Ref Enq: 0.0 ms]
      [Redirty Cards: 0.1 ms]
      [Humongous Register: 0.0 ms]
      [Humongous Reclaim: 0.0 ms]
      [Free CSet: 0.0 ms]
   [Eden: 74.0M(74.0M)->0.0B(74.0M) Survivors: 2048.0K->2048.0K Heap: 225.4M(256.0M)->152.1M(256.0M)]
 [Times: user=0.03 sys=0.00, real=0.00 secs] 
2019-02-06T22:21:17.958+0500: 756.905: [GC pause (G1 Evacuation Pause) (young) (initial-mark), 0.0038717 secs]
   [Parallel Time: 3.2 ms, GC Workers: 8]
      [GC Worker Start (ms): Min: 756904.7, Avg: 756904.8, Max: 756904.8, Diff: 0.1]
      [Ext Root Scanning (ms): Min: 0.6, Avg: 0.6, Max: 0.7, Diff: 0.1, Sum: 5.1]
      [Update RS (ms): Min: 1.1, Avg: 1.2, Max: 1.3, Diff: 0.3, Sum: 9.3]
         [Processed Buffers: Min: 2, Avg: 4.9, Max: 11, Diff: 9, Sum: 39]
      [Scan RS (ms): Min: 0.0, Avg: 0.0, Max: 0.0, Diff: 0.0, Sum: 0.1]
      [Code Root Scanning (ms): Min: 0.0, Avg: 0.0, Max: 0.0, Diff: 0.0, Sum: 0.0]
      [Object Copy (ms): Min: 1.0, Avg: 1.2, Max: 1.2, Diff: 0.3, Sum: 9.2]
      [Termination (ms): Min: 0.0, Avg: 0.0, Max: 0.0, Diff: 0.0, Sum: 0.0]
         [Termination Attempts: Min: 1, Avg: 2.5, Max: 3, Diff: 2, Sum: 20]
      [GC Worker Other (ms): Min: 0.0, Avg: 0.0, Max: 0.0, Diff: 0.0, Sum: 0.1]
      [GC Worker Total (ms): Min: 2.9, Avg: 3.0, Max: 3.0, Diff: 0.1, Sum: 23.8]
      [GC Worker End (ms): Min: 756907.7, Avg: 756907.7, Max: 756907.8, Diff: 0.0]
   [Code Root Fixup: 0.1 ms]
   [Code Root Purge: 0.0 ms]
   [Clear CT: 0.1 ms]
   [Other: 0.5 ms]
      [Choose CSet: 0.0 ms]
      [Ref Proc: 0.2 ms]
      [Ref Enq: 0.0 ms]
      [Redirty Cards: 0.1 ms]
      [Humongous Register: 0.0 ms]
      [Humongous Reclaim: 0.0 ms]
      [Free CSet: 0.0 ms]
   [Eden: 74.0M(74.0M)->0.0B(74.0M) Survivors: 2048.0K->2048.0K Heap: 226.1M(256.0M)->151.5M(256.0M)]
 [Times: user=0.02 sys=0.00, real=0.01 secs] 
2019-02-06T22:21:17.963+0500: 756.909: [GC concurrent-root-region-scan-start]
2019-02-06T22:21:17.967+0500: 756.913: [GC concurrent-root-region-scan-end, 0.0038804 secs]
2019-02-06T22:21:17.967+0500: 756.913: [GC concurrent-mark-start]
2019-02-06T22:21:17.985+0500: 756.932: [GC concurrent-mark-end, 0.0188543 secs]
2019-02-06T22:21:17.986+0500: 756.932: [GC remark 2019-02-06T22:21:17.986+0500: 756.932: [Finalize Marking, 0.0002229 secs] 2019-02-06T22:21:17.986+0500: 756.932: [GC ref-proc, 0.0004155 secs] 2019-02-06T22:21:17.986+0500: 756.933: [Unloading, 0.0034769 secs], 0.0057616 secs]
 [Times: user=0.03 sys=0.00, real=0.01 secs] 
2019-02-06T22:21:17.992+0500: 756.938: [GC cleanup 154M->154M(256M), 0.0004885 secs]
 [Times: user=0.00 sys=0.00, real=0.00 secs] 
2019-02-06T22:21:18.726+0500: 757.672: [GC pause (G1 Evacuation Pause) (young), 0.0034279 secs]
   [Parallel Time: 2.8 ms, GC Workers: 8]
      [GC Worker Start (ms): Min: 757671.8, Avg: 757671.8, Max: 757671.8, Diff: 0.1]
      [Ext Root Scanning (ms): Min: 0.2, Avg: 0.3, Max: 0.6, Diff: 0.4, Sum: 2.3]
      [Update RS (ms): Min: 0.8, Avg: 1.2, Max: 1.4, Diff: 0.6, Sum: 9.5]
         [Processed Buffers: Min: 3, Avg: 5.5, Max: 13, Diff: 10, Sum: 44]
      [Scan RS (ms): Min: 0.0, Avg: 0.0, Max: 0.0, Diff: 0.0, Sum: 0.1]
      [Code Root Scanning (ms): Min: 0.0, Avg: 0.0, Max: 0.0, Diff: 0.0, Sum: 0.0]
      [Object Copy (ms): Min: 1.0, Avg: 1.2, Max: 1.2, Diff: 0.2, Sum: 9.2]
      [Termination (ms): Min: 0.0, Avg: 0.0, Max: 0.0, Diff: 0.0, Sum: 0.0]
         [Termination Attempts: Min: 1, Avg: 2.1, Max: 4, Diff: 3, Sum: 17]
      [GC Worker Other (ms): Min: 0.0, Avg: 0.0, Max: 0.0, Diff: 0.0, Sum: 0.1]
      [GC Worker Total (ms): Min: 2.6, Avg: 2.6, Max: 2.7, Diff: 0.1, Sum: 21.1]
      [GC Worker End (ms): Min: 757674.5, Avg: 757674.5, Max: 757674.5, Diff: 0.0]
   [Code Root Fixup: 0.0 ms]
   [Code Root Purge: 0.0 ms]
   [Clear CT: 0.1 ms]
   [Other: 0.5 ms]
      [Choose CSet: 0.0 ms]
      [Ref Proc: 0.2 ms]
      [Ref Enq: 0.0 ms]
      [Redirty Cards: 0.1 ms]
      [Humongous Register: 0.0 ms]
      [Humongous Reclaim: 0.0 ms]
      [Free CSet: 0.0 ms]
   [Eden: 74.0M(74.0M)->0.0B(74.0M) Survivors: 2048.0K->2048.0K Heap: 225.5M(256.0M)->152.3M(256.0M)]
 [Times: user=0.02 sys=0.00, real=0.00 secs] 
2019-02-06T22:21:19.476+0500: 758.422: [GC pause (G1 Evacuation Pause) (young), 0.0033524 secs]
   [Parallel Time: 2.7 ms, GC Workers: 8]
      [GC Worker Start (ms): Min: 758422.4, Avg: 758422.4, Max: 758422.6, Diff: 0.2]
      [Ext Root Scanning (ms): Min: 0.1, Avg: 0.3, Max: 0.7, Diff: 0.6, Sum: 2.2]
      [Update RS (ms): Min: 0.8, Avg: 1.2, Max: 1.4, Diff: 0.6, Sum: 9.6]
         [Processed Buffers: Min: 2, Avg: 5.5, Max: 14, Diff: 12, Sum: 44]
      [Scan RS (ms): Min: 0.0, Avg: 0.0, Max: 0.0, Diff: 0.0, Sum: 0.1]
      [Code Root Scanning (ms): Min: 0.0, Avg: 0.0, Max: 0.0, Diff: 0.0, Sum: 0.0]
      [Object Copy (ms): Min: 0.9, Avg: 1.1, Max: 1.2, Diff: 0.3, Sum: 8.5]
      [Termination (ms): Min: 0.0, Avg: 0.0, Max: 0.0, Diff: 0.0, Sum: 0.0]
         [Termination Attempts: Min: 1, Avg: 1.1, Max: 2, Diff: 1, Sum: 9]
      [GC Worker Other (ms): Min: 0.0, Avg: 0.0, Max: 0.0, Diff: 0.0, Sum: 0.1]
      [GC Worker Total (ms): Min: 2.4, Avg: 2.6, Max: 2.6, Diff: 0.2, Sum: 20.6]
      [GC Worker End (ms): Min: 758425.0, Avg: 758425.0, Max: 758425.0, Diff: 0.0]
   [Code Root Fixup: 0.1 ms]
   [Code Root Purge: 0.0 ms]
   [Clear CT: 0.1 ms]
   [Other: 0.5 ms]
      [Choose CSet: 0.0 ms]
      [Ref Proc: 0.2 ms]
      [Ref Enq: 0.0 ms]
      [Redirty Cards: 0.1 ms]
      [Humongous Register: 0.0 ms]
      [Humongous Reclaim: 0.0 ms]
      [Free CSet: 0.0 ms]
   [Eden: 74.0M(74.0M)->0.0B(74.0M) Survivors: 2048.0K->2048.0K Heap: 226.3M(256.0M)->151.9M(256.0M)]
 [Times: user=0.02 sys=0.00, real=0.01 secs] 
2019-02-06T22:21:20.264+0500: 759.210: [GC pause (G1 Evacuation Pause) (young) (initial-mark), 0.0047275 secs]
   [Parallel Time: 4.0 ms, GC Workers: 8]
      [GC Worker Start (ms): Min: 759210.2, Avg: 759210.2, Max: 759210.3, Diff: 0.1]
      [Ext Root Scanning (ms): Min: 0.5, Avg: 0.6, Max: 0.6, Diff: 0.1, Sum: 4.4]
      [Update RS (ms): Min: 1.2, Avg: 1.2, Max: 1.3, Diff: 0.2, Sum: 9.8]
         [Processed Buffers: Min: 3, Avg: 5.1, Max: 13, Diff: 10, Sum: 41]
      [Scan RS (ms): Min: 0.0, Avg: 0.0, Max: 0.0, Diff: 0.0, Sum: 0.1]
      [Code Root Scanning (ms): Min: 0.0, Avg: 0.0, Max: 0.0, Diff: 0.0, Sum: 0.0]
      [Object Copy (ms): Min: 1.1, Avg: 1.2, Max: 1.9, Diff: 0.8, Sum: 10.0]
      [Termination (ms): Min: 0.0, Avg: 0.7, Max: 0.9, Diff: 0.9, Sum: 5.8]
         [Termination Attempts: Min: 1, Avg: 3.0, Max: 7, Diff: 6, Sum: 24]
      [GC Worker Other (ms): Min: 0.0, Avg: 0.0, Max: 0.0, Diff: 0.0, Sum: 0.1]
      [GC Worker Total (ms): Min: 3.6, Avg: 3.8, Max: 3.9, Diff: 0.3, Sum: 30.2]
      [GC Worker End (ms): Min: 759213.9, Avg: 759214.0, Max: 759214.1, Diff: 0.2]
   [Code Root Fixup: 0.1 ms]
   [Code Root Purge: 0.0 ms]
   [Clear CT: 0.1 ms]
   [Other: 0.5 ms]
      [Choose CSet: 0.0 ms]
      [Ref Proc: 0.2 ms]
      [Ref Enq: 0.0 ms]
      [Redirty Cards: 0.1 ms]
      [Humongous Register: 0.0 ms]
      [Humongous Reclaim: 0.0 ms]
      [Free CSet: 0.0 ms]
   [Eden: 74.0M(74.0M)->0.0B(74.0M) Survivors: 2048.0K->2048.0K Heap: 225.9M(256.0M)->152.5M(256.0M)]
 [Times: user=0.03 sys=0.00, real=0.00 secs] 
2019-02-06T22:21:20.269+0500: 759.215: [GC concurrent-root-region-scan-start]
2019-02-06T22:21:20.273+0500: 759.219: [GC concurrent-root-region-scan-end, 0.0042081 secs]
2019-02-06T22:21:20.273+0500: 759.219: [GC concurrent-mark-start]
2019-02-06T22:21:20.292+0500: 759.238: [GC concurrent-mark-end, 0.0191683 secs]
2019-02-06T22:21:20.292+0500: 759.239: [GC remark 2019-02-06T22:21:20.292+0500: 759.239: [Finalize Marking, 0.0003221 secs] 2019-02-06T22:21:20.293+0500: 759.239: [GC ref-proc, 0.0002878 secs] 2019-02-06T22:21:20.293+0500: 759.239: [Unloading, 0.0035647 secs], 0.0055958 secs]
 [Times: user=0.02 sys=0.00, real=0.00 secs] 
2019-02-06T22:21:20.298+0500: 759.244: [GC cleanup 155M->155M(256M), 0.0005291 secs]
 [Times: user=0.00 sys=0.00, real=0.00 secs] 
2019-02-06T22:21:21.021+0500: 759.967: [GC pause (G1 Evacuation Pause) (young), 0.0034003 secs]
   [Parallel Time: 2.8 ms, GC Workers: 8]
      [GC Worker Start (ms): Min: 759967.4, Avg: 759967.4, Max: 759967.5, Diff: 0.1]
      [Ext Root Scanning (ms): Min: 0.2, Avg: 0.3, Max: 0.6, Diff: 0.4, Sum: 2.2]
      [Update RS (ms): Min: 0.8, Avg: 1.2, Max: 1.3, Diff: 0.5, Sum: 9.2]
         [Processed Buffers: Min: 2, Avg: 5.0, Max: 11, Diff: 9, Sum: 40]
      [Scan RS (ms): Min: 0.0, Avg: 0.0, Max: 0.0, Diff: 0.0, Sum: 0.0]
      [Code Root Scanning (ms): Min: 0.0, Avg: 0.0, Max: 0.0, Diff: 0.0, Sum: 0.0]
      [Object Copy (ms): Min: 1.0, Avg: 1.1, Max: 1.2, Diff: 0.2, Sum: 9.2]
      [Termination (ms): Min: 0.0, Avg: 0.0, Max: 0.0, Diff: 0.0, Sum: 0.0]
         [Termination Attempts: Min: 1, Avg: 1.9, Max: 4, Diff: 3, Sum: 15]
      [GC Worker Other (ms): Min: 0.0, Avg: 0.0, Max: 0.0, Diff: 0.0, Sum: 0.1]
      [GC Worker Total (ms): Min: 2.6, Avg: 2.6, Max: 2.6, Diff: 0.1, Sum: 20.8]
      [GC Worker End (ms): Min: 759970.0, Avg: 759970.0, Max: 759970.0, Diff: 0.0]
   [Code Root Fixup: 0.1 ms]
   [Code Root Purge: 0.0 ms]
   [Clear CT: 0.1 ms]
   [Other: 0.5 ms]
      [Choose CSet: 0.0 ms]
      [Ref Proc: 0.2 ms]
      [Ref Enq: 0.0 ms]
      [Redirty Cards: 0.1 ms]
      [Humongous Register: 0.0 ms]
      [Humongous Reclaim: 0.0 ms]
      [Free CSet: 0.0 ms]
   [Eden: 74.0M(74.0M)->0.0B(10.0M) Survivors: 2048.0K->2048.0K Heap: 226.5M(256.0M)->152.0M(256.0M)]
 [Times: user=0.02 sys=0.00, real=0.00 secs] 
2019-02-06T22:21:21.153+0500: 760.099: [GC pause (G1 Evacuation Pause) (mixed), 0.0171941 secs]
   [Parallel Time: 15.1 ms, GC Workers: 8]
      [GC Worker Start (ms): Min: 760099.6, Avg: 760099.6, Max: 760099.6, Diff: 0.1]
      [Ext Root Scanning (ms): Min: 0.3, Avg: 0.4, Max: 0.8, Diff: 0.6, Sum: 3.1]
      [Update RS (ms): Min: 0.0, Avg: 1.3, Max: 1.8, Diff: 1.8, Sum: 10.2]
         [Processed Buffers: Min: 0, Avg: 4.8, Max: 10, Diff: 10, Sum: 38]
      [Scan RS (ms): Min: 0.0, Avg: 0.3, Max: 0.6, Diff: 0.5, Sum: 2.6]
      [Code Root Scanning (ms): Min: 0.0, Avg: 0.0, Max: 0.2, Diff: 0.2, Sum: 0.2]
      [Object Copy (ms): Min: 1.7, Avg: 2.3, Max: 3.9, Diff: 2.2, Sum: 18.6]
      [Termination (ms): Min: 0.0, Avg: 1.9, Max: 10.7, Diff: 10.7, Sum: 14.8]
         [Termination Attempts: Min: 1, Avg: 3.4, Max: 6, Diff: 5, Sum: 27]
      [GC Worker Other (ms): Min: 0.0, Avg: 0.0, Max: 0.0, Diff: 0.0, Sum: 0.1]
      [GC Worker Total (ms): Min: 4.9, Avg: 6.2, Max: 15.0, Diff: 10.1, Sum: 49.5]
      [GC Worker End (ms): Min: 760104.5, Avg: 760105.8, Max: 760114.5, Diff: 10.0]
   [Code Root Fixup: 0.2 ms]
   [Code Root Purge: 0.0 ms]
   [Clear CT: 0.1 ms]
   [Other: 1.8 ms]
      [Choose CSet: 0.0 ms]
      [Ref Proc: 1.5 ms]
      [Ref Enq: 0.0 ms]
      [Redirty Cards: 0.1 ms]
      [Humongous Register: 0.0 ms]
      [Humongous Reclaim: 0.0 ms]
      [Free CSet: 0.0 ms]
   [Eden: 10.0M(10.0M)->0.0B(74.0M) Survivors: 2048.0K->2048.0K Heap: 162.0M(256.0M)->151.8M(256.0M)]
 [Times: user=0.04 sys=0.00, real=0.02 secs] 
2019-02-06T22:21:22.045+0500: 760.991: [GC pause (G1 Evacuation Pause) (young), 0.0047148 secs]
   [Parallel Time: 3.2 ms, GC Workers: 8]
      [GC Worker Start (ms): Min: 760991.1, Avg: 760991.2, Max: 760991.4, Diff: 0.3]
      [Ext Root Scanning (ms): Min: 0.0, Avg: 0.3, Max: 0.7, Diff: 0.7, Sum: 2.3]
      [Update RS (ms): Min: 1.1, Avg: 1.6, Max: 1.9, Diff: 0.8, Sum: 12.8]
         [Processed Buffers: Min: 3, Avg: 4.8, Max: 10, Diff: 7, Sum: 38]
      [Scan RS (ms): Min: 0.0, Avg: 0.0, Max: 0.0, Diff: 0.0, Sum: 0.1]
      [Code Root Scanning (ms): Min: 0.0, Avg: 0.0, Max: 0.0, Diff: 0.0, Sum: 0.0]
      [Object Copy (ms): Min: 0.9, Avg: 1.1, Max: 1.6, Diff: 0.8, Sum: 8.7]
      [Termination (ms): Min: 0.0, Avg: 0.0, Max: 0.0, Diff: 0.0, Sum: 0.0]
         [Termination Attempts: Min: 1, Avg: 1.0, Max: 1, Diff: 0, Sum: 8]
      [GC Worker Other (ms): Min: 0.0, Avg: 0.0, Max: 0.0, Diff: 0.0, Sum: 0.1]
      [GC Worker Total (ms): Min: 2.7, Avg: 3.0, Max: 3.1, Diff: 0.3, Sum: 24.0]
      [GC Worker End (ms): Min: 760994.2, Avg: 760994.2, Max: 760994.2, Diff: 0.0]
   [Code Root Fixup: 0.1 ms]
   [Code Root Purge: 0.0 ms]
   [Clear CT: 0.2 ms]
   [Other: 1.3 ms]
      [Choose CSet: 0.0 ms]
      [Ref Proc: 1.0 ms]
      [Ref Enq: 0.0 ms]
      [Redirty Cards: 0.1 ms]
      [Humongous Register: 0.0 ms]
      [Humongous Reclaim: 0.0 ms]
      [Free CSet: 0.0 ms]
   [Eden: 74.0M(74.0M)->0.0B(74.0M) Survivors: 2048.0K->2048.0K Heap: 225.8M(256.0M)->151.7M(256.0M)]
 [Times: user=0.03 sys=0.00, real=0.01 secs] 
2019-02-06T22:21:23.154+0500: 762.101: [GC pause (G1 Evacuation Pause) (young) (initial-mark), 0.0318401 secs]
   [Parallel Time: 21.7 ms, GC Workers: 8]
      [GC Worker Start (ms): Min: 762100.8, Avg: 762100.9, Max: 762101.3, Diff: 0.5]
      [Ext Root Scanning (ms): Min: 0.3, Avg: 0.7, Max: 1.2, Diff: 0.9, Sum: 5.7]
      [Update RS (ms): Min: 1.8, Avg: 2.4, Max: 2.7, Diff: 0.9, Sum: 19.3]
         [Processed Buffers: Min: 1, Avg: 5.1, Max: 18, Diff: 17, Sum: 41]
      [Scan RS (ms): Min: 0.0, Avg: 0.0, Max: 0.0, Diff: 0.0, Sum: 0.1]
      [Code Root Scanning (ms): Min: 0.0, Avg: 0.0, Max: 0.0, Diff: 0.0, Sum: 0.0]
      [Object Copy (ms): Min: 6.6, Avg: 7.5, Max: 8.3, Diff: 1.6, Sum: 60.1]
      [Termination (ms): Min: 0.0, Avg: 5.5, Max: 10.7, Diff: 10.7, Sum: 44.2]
         [Termination Attempts: Min: 1, Avg: 1.0, Max: 1, Diff: 0, Sum: 8]
      [GC Worker Other (ms): Min: 0.0, Avg: 0.0, Max: 0.0, Diff: 0.0, Sum: 0.1]
      [GC Worker Total (ms): Min: 11.6, Avg: 16.2, Max: 21.1, Diff: 9.5, Sum: 129.5]
      [GC Worker End (ms): Min: 762112.4, Avg: 762117.1, Max: 762122.3, Diff: 9.9]
   [Code Root Fixup: 0.0 ms]
   [Code Root Purge: 0.0 ms]
   [Clear CT: 0.1 ms]
   [Other: 10.0 ms]
      [Choose CSet: 0.0 ms]
      [Ref Proc: 9.6 ms]
      [Ref Enq: 0.0 ms]
      [Redirty Cards: 0.1 ms]
      [Humongous Register: 0.0 ms]
      [Humongous Reclaim: 0.0 ms]
      [Free CSet: 0.1 ms]
   [Eden: 74.0M(74.0M)->0.0B(74.0M) Survivors: 2048.0K->2048.0K Heap: 225.7M(256.0M)->151.9M(256.0M)]
 [Times: user=0.03 sys=0.01, real=0.03 secs] 
2019-02-06T22:21:23.187+0500: 762.134: [GC concurrent-root-region-scan-start]
2019-02-06T22:21:23.191+0500: 762.137: [GC concurrent-root-region-scan-end, 0.0037849 secs]
2019-02-06T22:21:23.191+0500: 762.137: [GC concurrent-mark-start]
2019-02-06T22:21:23.222+0500: 762.168: [GC concurrent-mark-end, 0.0311593 secs]
2019-02-06T22:21:23.223+0500: 762.169: [GC remark 2019-02-06T22:21:23.223+0500: 762.169: [Finalize Marking, 0.0022410 secs] 2019-02-06T22:21:23.226+0500: 762.172: [GC ref-proc, 0.0003405 secs] 2019-02-06T22:21:23.227+0500: 762.173: [Unloading, 0.0060384 secs], 0.0117115 secs]
 [Times: user=0.03 sys=0.00, real=0.01 secs] 
2019-02-06T22:21:23.235+0500: 762.181: [GC cleanup 153M->153M(256M), 0.0006112 secs]
 [Times: user=0.00 sys=0.00, real=0.00 secs] 
2019-02-06T22:21:24.631+0500: 763.577: [GC pause (G1 Evacuation Pause) (young), 0.0218080 secs]
   [Parallel Time: 14.8 ms, GC Workers: 8]
      [GC Worker Start (ms): Min: 763577.5, Avg: 763578.1, Max: 763582.2, Diff: 4.7]
      [Ext Root Scanning (ms): Min: 0.0, Avg: 0.5, Max: 1.6, Diff: 1.6, Sum: 3.7]
      [Update RS (ms): Min: 0.0, Avg: 1.8, Max: 4.6, Diff: 4.6, Sum: 14.2]
         [Processed Buffers: Min: 0, Avg: 6.0, Max: 13, Diff: 13, Sum: 48]
      [Scan RS (ms): Min: 0.0, Avg: 0.0, Max: 0.0, Diff: 0.0, Sum: 0.1]
      [Code Root Scanning (ms): Min: 0.0, Avg: 0.0, Max: 0.0, Diff: 0.0, Sum: 0.0]
      [Object Copy (ms): Min: 0.0, Avg: 1.4, Max: 2.1, Diff: 2.0, Sum: 11.5]
      [Termination (ms): Min: 0.0, Avg: 5.5, Max: 10.7, Diff: 10.7, Sum: 44.3]
         [Termination Attempts: Min: 1, Avg: 7.1, Max: 22, Diff: 21, Sum: 57]
      [GC Worker Other (ms): Min: 0.0, Avg: 0.0, Max: 0.0, Diff: 0.0, Sum: 0.1]
      [GC Worker Total (ms): Min: 0.2, Avg: 9.2, Max: 14.8, Diff: 14.5, Sum: 74.0]
      [GC Worker End (ms): Min: 763582.5, Avg: 763587.4, Max: 763592.3, Diff: 9.8]
   [Code Root Fixup: 0.0 ms]
   [Code Root Purge: 0.0 ms]
   [Clear CT: 0.1 ms]
   [Other: 6.8 ms]
      [Choose CSet: 0.0 ms]
      [Ref Proc: 6.5 ms]
      [Ref Enq: 0.0 ms]
      [Redirty Cards: 0.1 ms]
      [Humongous Register: 0.0 ms]
      [Humongous Reclaim: 0.0 ms]
      [Free CSet: 0.0 ms]
   [Eden: 74.0M(74.0M)->0.0B(74.0M) Survivors: 2048.0K->2048.0K Heap: 225.9M(256.0M)->152.3M(256.0M)]
 [Times: user=0.03 sys=0.01, real=0.02 secs] 
2019-02-06T22:21:26.782+0500: 765.728: [GC pause (G1 Evacuation Pause) (young), 0.0330952 secs]
   [Parallel Time: 20.9 ms, GC Workers: 8]
      [GC Worker Start (ms): Min: 765727.9, Avg: 765730.0, Max: 765733.8, Diff: 5.9]
      [Ext Root Scanning (ms): Min: 0.0, Avg: 0.5, Max: 1.9, Diff: 1.9, Sum: 4.2]
      [Update RS (ms): Min: 0.0, Avg: 2.8, Max: 6.6, Diff: 6.6, Sum: 22.6]
         [Processed Buffers: Min: 0, Avg: 5.9, Max: 20, Diff: 20, Sum: 47]
      [Scan RS (ms): Min: 0.0, Avg: 0.0, Max: 0.0, Diff: 0.0, Sum: 0.1]
      [Code Root Scanning (ms): Min: 0.0, Avg: 0.0, Max: 0.0, Diff: 0.0, Sum: 0.1]
      [Object Copy (ms): Min: 2.8, Avg: 5.0, Max: 6.0, Diff: 3.2, Sum: 39.7]
      [Termination (ms): Min: 0.0, Avg: 5.5, Max: 10.7, Diff: 10.7, Sum: 44.2]
         [Termination Attempts: Min: 1, Avg: 1.2, Max: 2, Diff: 1, Sum: 10]
      [GC Worker Other (ms): Min: 0.0, Avg: 0.0, Max: 0.0, Diff: 0.0, Sum: 0.1]
      [GC Worker Total (ms): Min: 5.9, Avg: 13.9, Max: 20.8, Diff: 14.9, Sum: 111.0]
      [GC Worker End (ms): Min: 765738.9, Avg: 765743.9, Max: 765748.8, Diff: 9.8]
   [Code Root Fixup: 0.1 ms]
   [Code Root Purge: 0.0 ms]
   [Clear CT: 0.2 ms]
   [Other: 11.9 ms]
      [Choose CSet: 0.0 ms]
      [Ref Proc: 11.2 ms]
      [Ref Enq: 0.0 ms]
      [Redirty Cards: 0.2 ms]
      [Humongous Register: 0.1 ms]
      [Humongous Reclaim: 0.0 ms]
      [Free CSet: 0.1 ms]
   [Eden: 74.0M(74.0M)->0.0B(10.0M) Survivors: 2048.0K->2048.0K Heap: 226.3M(256.0M)->152.3M(256.0M)]
 [Times: user=0.03 sys=0.00, real=0.03 secs] 
2019-02-06T22:21:27.071+0500: 766.017: [GC pause (G1 Evacuation Pause) (young) (initial-mark), 0.0281075 secs]
   [Parallel Time: 16.2 ms, GC Workers: 8]
      [GC Worker Start (ms): Min: 766017.0, Avg: 766017.2, Max: 766017.7, Diff: 0.6]
      [Ext Root Scanning (ms): Min: 0.2, Avg: 1.2, Max: 2.9, Diff: 2.7, Sum: 9.7]
      [Update RS (ms): Min: 0.0, Avg: 1.8, Max: 2.7, Diff: 2.7, Sum: 14.6]
         [Processed Buffers: Min: 0, Avg: 4.6, Max: 12, Diff: 12, Sum: 37]
      [Scan RS (ms): Min: 0.0, Avg: 0.0, Max: 0.0, Diff: 0.0, Sum: 0.0]
      [Code Root Scanning (ms): Min: 0.0, Avg: 0.0, Max: 0.0, Diff: 0.0, Sum: 0.0]
      [Object Copy (ms): Min: 1.9, Avg: 2.3, Max: 2.6, Diff: 0.7, Sum: 18.5]
      [Termination (ms): Min: 0.0, Avg: 5.5, Max: 10.7, Diff: 10.7, Sum: 43.8]
         [Termination Attempts: Min: 1, Avg: 1.5, Max: 3, Diff: 2, Sum: 12]
      [GC Worker Other (ms): Min: 0.0, Avg: 0.0, Max: 0.0, Diff: 0.0, Sum: 0.1]
      [GC Worker Total (ms): Min: 5.4, Avg: 10.8, Max: 16.0, Diff: 10.6, Sum: 86.7]
      [GC Worker End (ms): Min: 766023.1, Avg: 766028.1, Max: 766033.1, Diff: 10.0]
   [Code Root Fixup: 0.1 ms]
   [Code Root Purge: 0.0 ms]
   [Clear CT: 0.1 ms]
   [Other: 11.6 ms]
      [Choose CSet: 0.0 ms]
      [Ref Proc: 11.3 ms]
      [Ref Enq: 0.0 ms]
      [Redirty Cards: 0.2 ms]
      [Humongous Register: 0.0 ms]
      [Humongous Reclaim: 0.0 ms]
      [Free CSet: 0.0 ms]
   [Eden: 10.0M(10.0M)->0.0B(10.0M) Survivors: 2048.0K->2048.0K Heap: 162.3M(256.0M)->152.2M(256.0M)]
 [Times: user=0.04 sys=0.00, real=0.02 secs] 
2019-02-06T22:21:27.099+0500: 766.045: [GC concurrent-root-region-scan-start]
2019-02-06T22:21:27.104+0500: 766.050: [GC concurrent-root-region-scan-end, 0.0051137 secs]
2019-02-06T22:21:27.104+0500: 766.050: [GC concurrent-mark-start]
2019-02-06T22:21:27.125+0500: 766.071: [GC concurrent-mark-end, 0.0204327 secs]
2019-02-06T22:21:27.125+0500: 766.071: [GC remark 2019-02-06T22:21:27.125+0500: 766.071: [Finalize Marking, 0.0004513 secs] 2019-02-06T22:21:27.126+0500: 766.072: [GC ref-proc, 0.0005399 secs] 2019-02-06T22:21:27.126+0500: 766.072: [Unloading, 0.0055822 secs], 0.0085267 secs]
 [Times: user=0.03 sys=0.00, real=0.01 secs] 
2019-02-06T22:21:27.134+0500: 766.080: [GC cleanup 153M->153M(256M), 0.0006456 secs]
 [Times: user=0.00 sys=0.00, real=0.00 secs] 
2019-02-06T22:21:27.253+0500: 766.199: [GC pause (G1 Evacuation Pause) (young), 0.0149198 secs]
   [Parallel Time: 14.1 ms, GC Workers: 8]
      [GC Worker Start (ms): Min: 766199.0, Avg: 766199.1, Max: 766199.2, Diff: 0.2]
      [Ext Root Scanning (ms): Min: 0.1, Avg: 0.3, Max: 0.7, Diff: 0.6, Sum: 2.5]
      [Update RS (ms): Min: 1.1, Avg: 1.5, Max: 1.7, Diff: 0.6, Sum: 11.7]
         [Processed Buffers: Min: 2, Avg: 5.2, Max: 17, Diff: 15, Sum: 42]
      [Scan RS (ms): Min: 0.0, Avg: 0.0, Max: 0.0, Diff: 0.0, Sum: 0.0]
      [Code Root Scanning (ms): Min: 0.0, Avg: 0.0, Max: 0.0, Diff: 0.0, Sum: 0.0]
      [Object Copy (ms): Min: 1.2, Avg: 1.5, Max: 2.2, Diff: 0.9, Sum: 12.2]
      [Termination (ms): Min: 0.0, Avg: 6.9, Max: 10.7, Diff: 10.7, Sum: 55.0]
         [Termination Attempts: Min: 1, Avg: 1.0, Max: 1, Diff: 0, Sum: 8]
      [GC Worker Other (ms): Min: 0.0, Avg: 0.0, Max: 0.0, Diff: 0.0, Sum: 0.1]
      [GC Worker Total (ms): Min: 3.9, Avg: 10.2, Max: 14.0, Diff: 10.2, Sum: 81.6]
      [GC Worker End (ms): Min: 766203.0, Avg: 766209.3, Max: 766213.0, Diff: 10.0]
   [Code Root Fixup: 0.1 ms]
   [Code Root Purge: 0.0 ms]
   [Clear CT: 0.1 ms]
   [Other: 0.6 ms]
      [Choose CSet: 0.0 ms]
      [Ref Proc: 0.2 ms]
      [Ref Enq: 0.0 ms]
      [Redirty Cards: 0.1 ms]
      [Humongous Register: 0.0 ms]
      [Humongous Reclaim: 0.0 ms]
      [Free CSet: 0.0 ms]
   [Eden: 10.0M(10.0M)->0.0B(74.0M) Survivors: 2048.0K->2048.0K Heap: 162.2M(256.0M)->152.4M(256.0M)]
 [Times: user=0.03 sys=0.01, real=0.01 secs] 
2019-02-06T22:21:28.486+0500: 767.432: [GC pause (G1 Evacuation Pause) (young), 0.0034764 secs]
   [Parallel Time: 2.8 ms, GC Workers: 8]
      [GC Worker Start (ms): Min: 767432.3, Avg: 767432.4, Max: 767432.4, Diff: 0.1]
      [Ext Root Scanning (ms): Min: 0.2, Avg: 0.3, Max: 0.7, Diff: 0.5, Sum: 2.4]
      [Update RS (ms): Min: 1.1, Avg: 1.5, Max: 1.7, Diff: 0.7, Sum: 12.0]
         [Processed Buffers: Min: 2, Avg: 5.9, Max: 12, Diff: 10, Sum: 47]
      [Scan RS (ms): Min: 0.0, Avg: 0.0, Max: 0.0, Diff: 0.0, Sum: 0.1]
      [Code Root Scanning (ms): Min: 0.0, Avg: 0.0, Max: 0.0, Diff: 0.0, Sum: 0.0]
      [Object Copy (ms): Min: 0.7, Avg: 0.9, Max: 1.0, Diff: 0.2, Sum: 7.2]
      [Termination (ms): Min: 0.0, Avg: 0.0, Max: 0.0, Diff: 0.0, Sum: 0.0]
         [Termination Attempts: Min: 1, Avg: 1.0, Max: 1, Diff: 0, Sum: 8]
      [GC Worker Other (ms): Min: 0.0, Avg: 0.0, Max: 0.0, Diff: 0.0, Sum: 0.1]
      [GC Worker Total (ms): Min: 2.7, Avg: 2.7, Max: 2.8, Diff: 0.1, Sum: 21.8]
      [GC Worker End (ms): Min: 767435.1, Avg: 767435.1, Max: 767435.1, Diff: 0.0]
   [Code Root Fixup: 0.1 ms]
   [Code Root Purge: 0.0 ms]
   [Clear CT: 0.1 ms]
   [Other: 0.5 ms]
      [Choose CSet: 0.0 ms]
      [Ref Proc: 0.2 ms]
      [Ref Enq: 0.0 ms]
      [Redirty Cards: 0.1 ms]
      [Humongous Register: 0.0 ms]
      [Humongous Reclaim: 0.0 ms]
      [Free CSet: 0.0 ms]
   [Eden: 74.0M(74.0M)->0.0B(73.0M) Survivors: 2048.0K->2048.0K Heap: 226.4M(256.0M)->152.3M(256.0M)]
 [Times: user=0.03 sys=0.00, real=0.01 secs] 
2019-02-06T22:21:29.343+0500: 768.289: [GC pause (G1 Evacuation Pause) (young) (initial-mark), 0.0154381 secs]
   [Parallel Time: 14.6 ms, GC Workers: 8]
      [GC Worker Start (ms): Min: 768289.1, Avg: 768289.1, Max: 768289.2, Diff: 0.1]
      [Ext Root Scanning (ms): Min: 0.7, Avg: 0.8, Max: 1.4, Diff: 0.7, Sum: 6.8]
      [Update RS (ms): Min: 0.9, Avg: 1.6, Max: 2.2, Diff: 1.3, Sum: 13.2]
         [Processed Buffers: Min: 2, Avg: 5.8, Max: 13, Diff: 11, Sum: 46]
      [Scan RS (ms): Min: 0.0, Avg: 0.0, Max: 0.0, Diff: 0.0, Sum: 0.1]
      [Code Root Scanning (ms): Min: 0.0, Avg: 0.0, Max: 0.0, Diff: 0.0, Sum: 0.1]
      [Object Copy (ms): Min: 0.7, Avg: 1.3, Max: 1.9, Diff: 1.2, Sum: 10.2]
      [Termination (ms): Min: 0.0, Avg: 9.3, Max: 10.7, Diff: 10.7, Sum: 74.7]
         [Termination Attempts: Min: 1, Avg: 2.8, Max: 5, Diff: 4, Sum: 22]
      [GC Worker Other (ms): Min: 0.0, Avg: 0.0, Max: 0.0, Diff: 0.0, Sum: 0.1]
      [GC Worker Total (ms): Min: 4.4, Avg: 13.1, Max: 14.4, Diff: 10.0, Sum: 105.1]
      [GC Worker End (ms): Min: 768293.5, Avg: 768302.3, Max: 768303.5, Diff: 10.0]
   [Code Root Fixup: 0.1 ms]
   [Code Root Purge: 0.0 ms]
   [Clear CT: 0.1 ms]
   [Other: 0.6 ms]
      [Choose CSet: 0.0 ms]
      [Ref Proc: 0.3 ms]
      [Ref Enq: 0.0 ms]
      [Redirty Cards: 0.1 ms]
      [Humongous Register: 0.0 ms]
      [Humongous Reclaim: 0.0 ms]
      [Free CSet: 0.0 ms]
   [Eden: 73.0M(73.0M)->0.0B(73.0M) Survivors: 2048.0K->2048.0K Heap: 225.3M(256.0M)->152.6M(256.0M)]
 [Times: user=0.03 sys=0.01, real=0.01 secs] 
2019-02-06T22:21:29.358+0500: 768.304: [GC concurrent-root-region-scan-start]
2019-02-06T22:21:29.362+0500: 768.308: [GC concurrent-root-region-scan-end, 0.0037147 secs]
2019-02-06T22:21:29.362+0500: 768.308: [GC concurrent-mark-start]
2019-02-06T22:21:29.382+0500: 768.328: [GC concurrent-mark-end, 0.0200915 secs]
2019-02-06T22:21:29.382+0500: 768.329: [GC remark 2019-02-06T22:21:29.383+0500: 768.329: [Finalize Marking, 0.0004491 secs] 2019-02-06T22:21:29.383+0500: 768.329: [GC ref-proc, 0.0004539 secs] 2019-02-06T22:21:29.383+0500: 768.330: [Unloading, 0.0037323 secs], 0.0063617 secs]
 [Times: user=0.03 sys=0.00, real=0.00 secs] 
2019-02-06T22:21:29.389+0500: 768.335: [GC cleanup 155M->155M(256M), 0.0005878 secs]
 [Times: user=0.00 sys=0.00, real=0.01 secs] 
2019-02-06T22:21:30.319+0500: 769.265: [GC pause (G1 Evacuation Pause) (young), 0.0036986 secs]
   [Parallel Time: 2.8 ms, GC Workers: 8]
      [GC Worker Start (ms): Min: 769264.9, Avg: 769265.0, Max: 769265.0, Diff: 0.1]
      [Ext Root Scanning (ms): Min: 0.2, Avg: 0.3, Max: 0.7, Diff: 0.5, Sum: 2.7]
      [Update RS (ms): Min: 1.1, Avg: 1.4, Max: 1.6, Diff: 0.5, Sum: 11.5]
         [Processed Buffers: Min: 2, Avg: 5.5, Max: 15, Diff: 13, Sum: 44]
      [Scan RS (ms): Min: 0.0, Avg: 0.0, Max: 0.0, Diff: 0.0, Sum: 0.1]
      [Code Root Scanning (ms): Min: 0.0, Avg: 0.0, Max: 0.0, Diff: 0.0, Sum: 0.0]
      [Object Copy (ms): Min: 0.9, Avg: 1.0, Max: 1.0, Diff: 0.2, Sum: 7.8]
      [Termination (ms): Min: 0.0, Avg: 0.0, Max: 0.0, Diff: 0.0, Sum: 0.0]
         [Termination Attempts: Min: 1, Avg: 1.8, Max: 3, Diff: 2, Sum: 14]
      [GC Worker Other (ms): Min: 0.0, Avg: 0.0, Max: 0.0, Diff: 0.0, Sum: 0.1]
      [GC Worker Total (ms): Min: 2.7, Avg: 2.8, Max: 2.8, Diff: 0.1, Sum: 22.2]
      [GC Worker End (ms): Min: 769267.7, Avg: 769267.7, Max: 769267.7, Diff: 0.0]
   [Code Root Fixup: 0.1 ms]
   [Code Root Purge: 0.0 ms]
   [Clear CT: 0.1 ms]
   [Other: 0.7 ms]
      [Choose CSet: 0.0 ms]
      [Ref Proc: 0.4 ms]
      [Ref Enq: 0.0 ms]
      [Redirty Cards: 0.1 ms]
      [Humongous Register: 0.0 ms]
      [Humongous Reclaim: 0.0 ms]
      [Free CSet: 0.0 ms]
   [Eden: 73.0M(73.0M)->0.0B(10.0M) Survivors: 2048.0K->2048.0K Heap: 225.6M(256.0M)->152.6M(256.0M)]
 [Times: user=0.03 sys=0.00, real=0.01 secs] 
2019-02-06T22:21:30.452+0500: 769.398: [GC pause (G1 Evacuation Pause) (mixed), 0.0065309 secs]
   [Parallel Time: 5.8 ms, GC Workers: 8]
      [GC Worker Start (ms): Min: 769397.7, Avg: 769397.7, Max: 769397.8, Diff: 0.1]
      [Ext Root Scanning (ms): Min: 0.3, Avg: 0.7, Max: 2.9, Diff: 2.7, Sum: 5.7]
      [Update RS (ms): Min: 0.0, Avg: 1.6, Max: 2.0, Diff: 2.0, Sum: 12.4]
         [Processed Buffers: Min: 0, Avg: 4.4, Max: 13, Diff: 13, Sum: 35]
      [Scan RS (ms): Min: 0.0, Avg: 0.3, Max: 0.5, Diff: 0.5, Sum: 2.3]
      [Code Root Scanning (ms): Min: 0.0, Avg: 0.0, Max: 0.0, Diff: 0.0, Sum: 0.0]
      [Object Copy (ms): Min: 0.9, Avg: 1.4, Max: 2.1, Diff: 1.2, Sum: 11.3]
      [Termination (ms): Min: 0.0, Avg: 1.1, Max: 1.8, Diff: 1.8, Sum: 8.9]
         [Termination Attempts: Min: 1, Avg: 3.4, Max: 5, Diff: 4, Sum: 27]
      [GC Worker Other (ms): Min: 0.0, Avg: 0.0, Max: 0.0, Diff: 0.0, Sum: 0.1]
      [GC Worker Total (ms): Min: 4.6, Avg: 5.1, Max: 5.7, Diff: 1.1, Sum: 40.7]
      [GC Worker End (ms): Min: 769402.3, Avg: 769402.8, Max: 769403.4, Diff: 1.1]
   [Code Root Fixup: 0.1 ms]
   [Code Root Purge: 0.0 ms]
   [Clear CT: 0.1 ms]
   [Other: 0.5 ms]
      [Choose CSet: 0.0 ms]
      [Ref Proc: 0.2 ms]
      [Ref Enq: 0.0 ms]
      [Redirty Cards: 0.1 ms]
      [Humongous Register: 0.0 ms]
      [Humongous Reclaim: 0.0 ms]
      [Free CSet: 0.0 ms]
   [Eden: 10.0M(10.0M)->0.0B(74.0M) Survivors: 2048.0K->2048.0K Heap: 162.6M(256.0M)->151.8M(256.0M)]
 [Times: user=0.03 sys=0.00, real=0.00 secs] 
2019-02-06T22:21:31.328+0500: 770.274: [GC pause (G1 Evacuation Pause) (young), 0.0040471 secs]
   [Parallel Time: 3.0 ms, GC Workers: 8]
      [GC Worker Start (ms): Min: 770273.8, Avg: 770273.8, Max: 770273.9, Diff: 0.1]
      [Ext Root Scanning (ms): Min: 0.2, Avg: 0.3, Max: 0.7, Diff: 0.5, Sum: 2.3]
      [Update RS (ms): Min: 1.2, Avg: 1.6, Max: 1.8, Diff: 0.6, Sum: 12.9]
         [Processed Buffers: Min: 3, Avg: 5.5, Max: 14, Diff: 11, Sum: 44]
      [Scan RS (ms): Min: 0.0, Avg: 0.0, Max: 0.0, Diff: 0.0, Sum: 0.1]
      [Code Root Scanning (ms): Min: 0.0, Avg: 0.0, Max: 0.0, Diff: 0.0, Sum: 0.0]
      [Object Copy (ms): Min: 0.8, Avg: 0.9, Max: 1.0, Diff: 0.2, Sum: 7.2]
      [Termination (ms): Min: 0.0, Avg: 0.0, Max: 0.0, Diff: 0.0, Sum: 0.0]
         [Termination Attempts: Min: 1, Avg: 1.4, Max: 2, Diff: 1, Sum: 11]
      [GC Worker Other (ms): Min: 0.0, Avg: 0.0, Max: 0.0, Diff: 0.0, Sum: 0.2]
      [GC Worker Total (ms): Min: 2.8, Avg: 2.8, Max: 2.9, Diff: 0.1, Sum: 22.7]
      [GC Worker End (ms): Min: 770276.7, Avg: 770276.7, Max: 770276.7, Diff: 0.0]
   [Code Root Fixup: 0.1 ms]
   [Code Root Purge: 0.0 ms]
   [Clear CT: 0.1 ms]
   [Other: 0.9 ms]
      [Choose CSet: 0.0 ms]
      [Ref Proc: 0.6 ms]
      [Ref Enq: 0.0 ms]
      [Redirty Cards: 0.1 ms]
      [Humongous Register: 0.0 ms]
      [Humongous Reclaim: 0.0 ms]
      [Free CSet: 0.0 ms]
   [Eden: 74.0M(74.0M)->0.0B(74.0M) Survivors: 2048.0K->2048.0K Heap: 225.8M(256.0M)->151.7M(256.0M)]
 [Times: user=0.02 sys=0.00, real=0.01 secs] 
2019-02-06T22:21:32.151+0500: 771.097: [GC pause (G1 Evacuation Pause) (young) (initial-mark), 0.0040369 secs]
   [Parallel Time: 3.3 ms, GC Workers: 8]
      [GC Worker Start (ms): Min: 771097.1, Avg: 771097.1, Max: 771097.2, Diff: 0.1]
      [Ext Root Scanning (ms): Min: 0.6, Avg: 0.6, Max: 0.7, Diff: 0.1, Sum: 5.2]
      [Update RS (ms): Min: 1.4, Avg: 1.5, Max: 1.6, Diff: 0.1, Sum: 11.8]
         [Processed Buffers: Min: 3, Avg: 5.4, Max: 16, Diff: 13, Sum: 43]
      [Scan RS (ms): Min: 0.0, Avg: 0.0, Max: 0.0, Diff: 0.0, Sum: 0.1]
      [Code Root Scanning (ms): Min: 0.0, Avg: 0.0, Max: 0.0, Diff: 0.0, Sum: 0.0]
      [Object Copy (ms): Min: 0.8, Avg: 0.9, Max: 0.9, Diff: 0.1, Sum: 6.9]
      [Termination (ms): Min: 0.0, Avg: 0.0, Max: 0.0, Diff: 0.0, Sum: 0.0]
         [Termination Attempts: Min: 1, Avg: 1.0, Max: 1, Diff: 0, Sum: 8]
      [GC Worker Other (ms): Min: 0.0, Avg: 0.0, Max: 0.0, Diff: 0.0, Sum: 0.1]
      [GC Worker Total (ms): Min: 3.0, Avg: 3.0, Max: 3.1, Diff: 0.1, Sum: 24.2]
      [GC Worker End (ms): Min: 771100.2, Avg: 771100.2, Max: 771100.2, Diff: 0.0]
   [Code Root Fixup: 0.1 ms]
   [Code Root Purge: 0.0 ms]
   [Clear CT: 0.1 ms]
   [Other: 0.6 ms]
      [Choose CSet: 0.0 ms]
      [Ref Proc: 0.2 ms]
      [Ref Enq: 0.0 ms]
      [Redirty Cards: 0.1 ms]
      [Humongous Register: 0.0 ms]
      [Humongous Reclaim: 0.0 ms]
      [Free CSet: 0.0 ms]
   [Eden: 74.0M(74.0M)->0.0B(74.0M) Survivors: 2048.0K->2048.0K Heap: 225.7M(256.0M)->151.8M(256.0M)]
 [Times: user=0.02 sys=0.00, real=0.00 secs] 
2019-02-06T22:21:32.155+0500: 771.101: [GC concurrent-root-region-scan-start]
2019-02-06T22:21:32.160+0500: 771.106: [GC concurrent-root-region-scan-end, 0.0044454 secs]
2019-02-06T22:21:32.160+0500: 771.106: [GC concurrent-mark-start]
2019-02-06T22:21:32.181+0500: 771.127: [GC concurrent-mark-end, 0.0216185 secs]
2019-02-06T22:21:32.181+0500: 771.127: [GC remark 2019-02-06T22:21:32.181+0500: 771.127: [Finalize Marking, 0.0004999 secs] 2019-02-06T22:21:32.182+0500: 771.128: [GC ref-proc, 0.0003116 secs] 2019-02-06T22:21:32.182+0500: 771.128: [Unloading, 0.0036746 secs], 0.0060962 secs]
 [Times: user=0.03 sys=0.01, real=0.00 secs] 
2019-02-06T22:21:32.188+0500: 771.134: [GC cleanup 154M->154M(256M), 0.0005651 secs]
 [Times: user=0.00 sys=0.00, real=0.00 secs] 
2019-02-06T22:21:32.958+0500: 771.904: [GC pause (G1 Evacuation Pause) (young), 0.0159419 secs]
   [Parallel Time: 13.6 ms, GC Workers: 8]
      [GC Worker Start (ms): Min: 771903.9, Avg: 771904.0, Max: 771904.4, Diff: 0.5]
      [Ext Root Scanning (ms): Min: 0.0, Avg: 0.3, Max: 0.8, Diff: 0.8, Sum: 2.7]
      [Update RS (ms): Min: 1.4, Avg: 1.9, Max: 2.9, Diff: 1.6, Sum: 14.9]
         [Processed Buffers: Min: 1, Avg: 5.4, Max: 13, Diff: 12, Sum: 43]
      [Scan RS (ms): Min: 0.0, Avg: 0.0, Max: 0.0, Diff: 0.0, Sum: 0.0]
      [Code Root Scanning (ms): Min: 0.0, Avg: 0.0, Max: 0.0, Diff: 0.0, Sum: 0.0]
      [Object Copy (ms): Min: 0.1, Avg: 1.1, Max: 1.7, Diff: 1.6, Sum: 9.0]
      [Termination (ms): Min: 0.0, Avg: 6.7, Max: 10.2, Diff: 10.2, Sum: 53.8]
         [Termination Attempts: Min: 1, Avg: 2.1, Max: 4, Diff: 3, Sum: 17]
      [GC Worker Other (ms): Min: 0.0, Avg: 0.0, Max: 0.0, Diff: 0.0, Sum: 0.1]
      [GC Worker Total (ms): Min: 3.6, Avg: 10.1, Max: 13.5, Diff: 9.9, Sum: 80.6]
      [GC Worker End (ms): Min: 771907.9, Avg: 771914.1, Max: 771917.4, Diff: 9.5]
   [Code Root Fixup: 0.1 ms]
   [Code Root Purge: 0.0 ms]
   [Clear CT: 0.2 ms]
   [Other: 2.0 ms]
      [Choose CSet: 0.0 ms]
      [Ref Proc: 1.6 ms]
      [Ref Enq: 0.0 ms]
      [Redirty Cards: 0.2 ms]
      [Humongous Register: 0.0 ms]
      [Humongous Reclaim: 0.0 ms]
      [Free CSet: 0.0 ms]
   [Eden: 74.0M(74.0M)->0.0B(74.0M) Survivors: 2048.0K->2048.0K Heap: 225.8M(256.0M)->152.4M(256.0M)]
 [Times: user=0.03 sys=0.00, real=0.02 secs] 
2019-02-06T22:21:33.833+0500: 772.779: [GC pause (G1 Evacuation Pause) (young), 0.0059432 secs]
   [Parallel Time: 5.1 ms, GC Workers: 8]
      [GC Worker Start (ms): Min: 772779.5, Avg: 772779.5, Max: 772779.6, Diff: 0.1]
      [Ext Root Scanning (ms): Min: 0.0, Avg: 0.3, Max: 0.7, Diff: 0.7, Sum: 2.3]
      [Update RS (ms): Min: 1.4, Avg: 1.9, Max: 2.5, Diff: 1.1, Sum: 15.2]
         [Processed Buffers: Min: 1, Avg: 6.0, Max: 10, Diff: 9, Sum: 48]
      [Scan RS (ms): Min: 0.0, Avg: 0.0, Max: 0.0, Diff: 0.0, Sum: 0.1]
      [Code Root Scanning (ms): Min: 0.0, Avg: 0.0, Max: 0.0, Diff: 0.0, Sum: 0.1]
      [Object Copy (ms): Min: 0.0, Avg: 1.2, Max: 1.8, Diff: 1.8, Sum: 9.3]
      [Termination (ms): Min: 0.0, Avg: 0.8, Max: 1.7, Diff: 1.7, Sum: 6.7]
         [Termination Attempts: Min: 1, Avg: 1.9, Max: 5, Diff: 4, Sum: 15]
      [GC Worker Other (ms): Min: 0.0, Avg: 0.1, Max: 0.7, Diff: 0.7, Sum: 0.8]
      [GC Worker Total (ms): Min: 4.0, Avg: 4.3, Max: 5.1, Diff: 1.1, Sum: 34.4]
      [GC Worker End (ms): Min: 772783.5, Avg: 772783.8, Max: 772784.6, Diff: 1.0]
   [Code Root Fixup: 0.1 ms]
   [Code Root Purge: 0.0 ms]
   [Clear CT: 0.1 ms]
   [Other: 0.6 ms]
      [Choose CSet: 0.0 ms]
      [Ref Proc: 0.2 ms]
      [Ref Enq: 0.0 ms]
      [Redirty Cards: 0.1 ms]
      [Humongous Register: 0.0 ms]
      [Humongous Reclaim: 0.0 ms]
      [Free CSet: 0.0 ms]
   [Eden: 74.0M(74.0M)->0.0B(76.0M) Survivors: 2048.0K->1024.0K Heap: 226.4M(256.0M)->151.9M(256.0M)]
 [Times: user=0.03 sys=0.00, real=0.01 secs] 
2019-02-06T22:21:34.715+0500: 773.661: [GC pause (G1 Evacuation Pause) (young) (initial-mark), 0.0066063 secs]
   [Parallel Time: 5.9 ms, GC Workers: 8]
      [GC Worker Start (ms): Min: 773661.7, Avg: 773661.8, Max: 773662.2, Diff: 0.4]
      [Ext Root Scanning (ms): Min: 0.4, Avg: 0.7, Max: 0.9, Diff: 0.5, Sum: 5.9]
      [Update RS (ms): Min: 1.4, Avg: 1.6, Max: 1.9, Diff: 0.5, Sum: 12.9]
         [Processed Buffers: Min: 3, Avg: 5.8, Max: 12, Diff: 9, Sum: 46]
      [Scan RS (ms): Min: 0.0, Avg: 0.0, Max: 0.0, Diff: 0.0, Sum: 0.1]
      [Code Root Scanning (ms): Min: 0.0, Avg: 0.0, Max: 0.1, Diff: 0.1, Sum: 0.1]
      [Object Copy (ms): Min: 1.2, Avg: 1.5, Max: 2.2, Diff: 1.0, Sum: 12.3]
      [Termination (ms): Min: 0.0, Avg: 1.1, Max: 1.7, Diff: 1.7, Sum: 9.2]
         [Termination Attempts: Min: 1, Avg: 1.4, Max: 2, Diff: 1, Sum: 11]
      [GC Worker Other (ms): Min: 0.0, Avg: 0.0, Max: 0.0, Diff: 0.0, Sum: 0.1]
      [GC Worker Total (ms): Min: 4.4, Avg: 5.1, Max: 5.6, Diff: 1.2, Sum: 40.5]
      [GC Worker End (ms): Min: 773666.4, Avg: 773666.9, Max: 773667.4, Diff: 1.0]
   [Code Root Fixup: 0.1 ms]
   [Code Root Purge: 0.0 ms]
   [Clear CT: 0.1 ms]
   [Other: 0.6 ms]
      [Choose CSet: 0.0 ms]
      [Ref Proc: 0.2 ms]
      [Ref Enq: 0.0 ms]
      [Redirty Cards: 0.1 ms]
      [Humongous Register: 0.0 ms]
      [Humongous Reclaim: 0.0 ms]
      [Free CSet: 0.0 ms]
   [Eden: 76.0M(76.0M)->0.0B(74.0M) Survivors: 1024.0K->2048.0K Heap: 227.9M(256.0M)->152.5M(256.0M)]
 [Times: user=0.03 sys=0.01, real=0.01 secs] 
2019-02-06T22:21:34.722+0500: 773.668: [GC concurrent-root-region-scan-start]
2019-02-06T22:21:34.726+0500: 773.673: [GC concurrent-root-region-scan-end, 0.0042287 secs]
2019-02-06T22:21:34.726+0500: 773.673: [GC concurrent-mark-start]
2019-02-06T22:21:34.748+0500: 773.694: [GC concurrent-mark-end, 0.0210797 secs]
2019-02-06T22:21:34.748+0500: 773.694: [GC remark 2019-02-06T22:21:34.748+0500: 773.694: [Finalize Marking, 0.0002206 secs] 2019-02-06T22:21:34.748+0500: 773.694: [GC ref-proc, 0.0003202 secs] 2019-02-06T22:21:34.748+0500: 773.694: [Unloading, 0.0036289 secs], 0.0059168 secs]
 [Times: user=0.03 sys=0.00, real=0.01 secs] 
2019-02-06T22:21:34.754+0500: 773.700: [GC cleanup 155M->155M(256M), 0.0006149 secs]
 [Times: user=0.00 sys=0.00, real=0.00 secs] 
2019-02-06T22:21:35.582+0500: 774.528: [GC pause (G1 Evacuation Pause) (young), 0.0036812 secs]
   [Parallel Time: 3.0 ms, GC Workers: 8]
      [GC Worker Start (ms): Min: 774527.7, Avg: 774527.7, Max: 774527.7, Diff: 0.1]
      [Ext Root Scanning (ms): Min: 0.2, Avg: 0.3, Max: 0.7, Diff: 0.5, Sum: 2.3]
      [Update RS (ms): Min: 1.2, Avg: 1.6, Max: 1.9, Diff: 0.7, Sum: 13.0]
         [Processed Buffers: Min: 3, Avg: 5.4, Max: 11, Diff: 8, Sum: 43]
      [Scan RS (ms): Min: 0.0, Avg: 0.0, Max: 0.0, Diff: 0.0, Sum: 0.1]
      [Code Root Scanning (ms): Min: 0.0, Avg: 0.0, Max: 0.0, Diff: 0.0, Sum: 0.0]
      [Object Copy (ms): Min: 0.7, Avg: 1.0, Max: 1.0, Diff: 0.3, Sum: 7.7]
      [Termination (ms): Min: 0.0, Avg: 0.0, Max: 0.0, Diff: 0.0, Sum: 0.0]
         [Termination Attempts: Min: 1, Avg: 1.0, Max: 1, Diff: 0, Sum: 8]
      [GC Worker Other (ms): Min: 0.0, Avg: 0.0, Max: 0.0, Diff: 0.0, Sum: 0.1]
      [GC Worker Total (ms): Min: 2.9, Avg: 2.9, Max: 2.9, Diff: 0.1, Sum: 23.2]
      [GC Worker End (ms): Min: 774530.6, Avg: 774530.6, Max: 774530.6, Diff: 0.0]
   [Code Root Fixup: 0.1 ms]
   [Code Root Purge: 0.0 ms]
   [Clear CT: 0.1 ms]
   [Other: 0.5 ms]
      [Choose CSet: 0.0 ms]
      [Ref Proc: 0.2 ms]
      [Ref Enq: 0.0 ms]
      [Redirty Cards: 0.1 ms]
      [Humongous Register: 0.0 ms]
      [Humongous Reclaim: 0.0 ms]
      [Free CSet: 0.0 ms]
   [Eden: 74.0M(74.0M)->0.0B(73.0M) Survivors: 2048.0K->2048.0K Heap: 226.5M(256.0M)->152.5M(256.0M)]
 [Times: user=0.03 sys=0.01, real=0.00 secs] 
2019-02-06T22:21:36.375+0500: 775.321: [GC pause (G1 Evacuation Pause) (young), 0.0046486 secs]
   [Parallel Time: 3.3 ms, GC Workers: 8]
      [GC Worker Start (ms): Min: 775320.8, Avg: 775320.9, Max: 775320.9, Diff: 0.1]
      [Ext Root Scanning (ms): Min: 0.2, Avg: 0.3, Max: 0.7, Diff: 0.5, Sum: 2.4]
      [Update RS (ms): Min: 1.7, Avg: 1.8, Max: 1.9, Diff: 0.2, Sum: 14.4]
         [Processed Buffers: Min: 2, Avg: 5.6, Max: 11, Diff: 9, Sum: 45]
      [Scan RS (ms): Min: 0.0, Avg: 0.0, Max: 0.0, Diff: 0.0, Sum: 0.1]
      [Code Root Scanning (ms): Min: 0.0, Avg: 0.0, Max: 0.0, Diff: 0.0, Sum: 0.1]
      [Object Copy (ms): Min: 0.6, Avg: 1.0, Max: 1.1, Diff: 0.5, Sum: 7.9]
      [Termination (ms): Min: 0.0, Avg: 0.0, Max: 0.0, Diff: 0.0, Sum: 0.0]
         [Termination Attempts: Min: 1, Avg: 2.0, Max: 4, Diff: 3, Sum: 16]
      [GC Worker Other (ms): Min: 0.0, Avg: 0.0, Max: 0.0, Diff: 0.0, Sum: 0.1]
      [GC Worker Total (ms): Min: 3.1, Avg: 3.1, Max: 3.2, Diff: 0.1, Sum: 24.9]
      [GC Worker End (ms): Min: 775324.0, Avg: 775324.0, Max: 775324.0, Diff: 0.0]
   [Code Root Fixup: 0.1 ms]
   [Code Root Purge: 0.0 ms]
   [Clear CT: 0.1 ms]
   [Other: 1.2 ms]
      [Choose CSet: 0.0 ms]
      [Ref Proc: 0.9 ms]
      [Ref Enq: 0.0 ms]
      [Redirty Cards: 0.1 ms]
      [Humongous Register: 0.0 ms]
      [Humongous Reclaim: 0.0 ms]
      [Free CSet: 0.0 ms]
   [Eden: 73.0M(73.0M)->0.0B(73.0M) Survivors: 2048.0K->2048.0K Heap: 225.5M(256.0M)->152.6M(256.0M)]
 [Times: user=0.03 sys=0.00, real=0.01 secs] 
2019-02-06T22:21:37.216+0500: 776.162: [GC pause (G1 Evacuation Pause) (young) (initial-mark), 0.0047138 secs]
   [Parallel Time: 3.8 ms, GC Workers: 8]
      [GC Worker Start (ms): Min: 776162.7, Avg: 776162.8, Max: 776163.2, Diff: 0.5]
      [Ext Root Scanning (ms): Min: 0.4, Avg: 0.8, Max: 1.2, Diff: 0.8, Sum: 6.4]
      [Update RS (ms): Min: 1.2, Avg: 1.6, Max: 1.9, Diff: 0.7, Sum: 13.2]
         [Processed Buffers: Min: 3, Avg: 5.9, Max: 19, Diff: 16, Sum: 47]
      [Scan RS (ms): Min: 0.0, Avg: 0.0, Max: 0.0, Diff: 0.0, Sum: 0.1]
      [Code Root Scanning (ms): Min: 0.0, Avg: 0.0, Max: 0.1, Diff: 0.1, Sum: 0.1]
      [Object Copy (ms): Min: 0.7, Avg: 0.9, Max: 1.1, Diff: 0.3, Sum: 7.5]
      [Termination (ms): Min: 0.0, Avg: 0.0, Max: 0.0, Diff: 0.0, Sum: 0.0]
         [Termination Attempts: Min: 1, Avg: 1.2, Max: 2, Diff: 1, Sum: 10]
      [GC Worker Other (ms): Min: 0.0, Avg: 0.0, Max: 0.0, Diff: 0.0, Sum: 0.1]
      [GC Worker Total (ms): Min: 3.1, Avg: 3.4, Max: 3.6, Diff: 0.5, Sum: 27.4]
      [GC Worker End (ms): Min: 776166.2, Avg: 776166.2, Max: 776166.3, Diff: 0.0]
   [Code Root Fixup: 0.1 ms]
   [Code Root Purge: 0.0 ms]
   [Clear CT: 0.1 ms]
   [Other: 0.7 ms]
      [Choose CSet: 0.0 ms]
      [Ref Proc: 0.4 ms]
      [Ref Enq: 0.0 ms]
      [Redirty Cards: 0.1 ms]
      [Humongous Register: 0.0 ms]
      [Humongous Reclaim: 0.0 ms]
      [Free CSet: 0.0 ms]
   [Eden: 73.0M(73.0M)->0.0B(73.0M) Survivors: 2048.0K->2048.0K Heap: 225.6M(256.0M)->152.5M(256.0M)]
 [Times: user=0.03 sys=0.00, real=0.01 secs] 
2019-02-06T22:21:37.221+0500: 776.167: [GC concurrent-root-region-scan-start]
2019-02-06T22:21:37.225+0500: 776.172: [GC concurrent-root-region-scan-end, 0.0041731 secs]
2019-02-06T22:21:37.226+0500: 776.172: [GC concurrent-mark-start]
2019-02-06T22:21:37.250+0500: 776.196: [GC concurrent-mark-end, 0.0242068 secs]
2019-02-06T22:21:37.250+0500: 776.196: [GC remark 2019-02-06T22:21:37.250+0500: 776.196: [Finalize Marking, 0.0013508 secs] 2019-02-06T22:21:37.252+0500: 776.198: [GC ref-proc, 0.0005067 secs] 2019-02-06T22:21:37.252+0500: 776.198: [Unloading, 0.0072625 secs], 0.0116694 secs]
 [Times: user=0.04 sys=0.00, real=0.01 secs] 
2019-02-06T22:21:37.262+0500: 776.208: [GC cleanup 155M->155M(256M), 0.0006154 secs]
 [Times: user=0.00 sys=0.00, real=0.00 secs] 
2019-02-06T22:21:38.002+0500: 776.948: [GC pause (G1 Evacuation Pause) (young), 0.0039888 secs]
   [Parallel Time: 3.2 ms, GC Workers: 8]
      [GC Worker Start (ms): Min: 776947.9, Avg: 776947.9, Max: 776948.0, Diff: 0.1]
      [Ext Root Scanning (ms): Min: 0.2, Avg: 0.3, Max: 0.7, Diff: 0.5, Sum: 2.4]
      [Update RS (ms): Min: 1.5, Avg: 1.7, Max: 1.8, Diff: 0.3, Sum: 13.5]
         [Processed Buffers: Min: 3, Avg: 5.9, Max: 15, Diff: 12, Sum: 47]
      [Scan RS (ms): Min: 0.0, Avg: 0.0, Max: 0.0, Diff: 0.0, Sum: 0.1]
      [Code Root Scanning (ms): Min: 0.0, Avg: 0.0, Max: 0.0, Diff: 0.0, Sum: 0.0]
      [Object Copy (ms): Min: 0.8, Avg: 0.9, Max: 1.1, Diff: 0.4, Sum: 7.4]
      [Termination (ms): Min: 0.0, Avg: 0.2, Max: 0.3, Diff: 0.3, Sum: 1.7]
         [Termination Attempts: Min: 1, Avg: 1.9, Max: 3, Diff: 2, Sum: 15]
      [GC Worker Other (ms): Min: 0.0, Avg: 0.0, Max: 0.0, Diff: 0.0, Sum: 0.1]
      [GC Worker Total (ms): Min: 3.1, Avg: 3.1, Max: 3.2, Diff: 0.1, Sum: 25.2]
      [GC Worker End (ms): Min: 776951.0, Avg: 776951.1, Max: 776951.1, Diff: 0.1]
   [Code Root Fixup: 0.1 ms]
   [Code Root Purge: 0.0 ms]
   [Clear CT: 0.1 ms]
   [Other: 0.5 ms]
      [Choose CSet: 0.0 ms]
      [Ref Proc: 0.2 ms]
      [Ref Enq: 0.0 ms]
      [Redirty Cards: 0.1 ms]
      [Humongous Register: 0.0 ms]
      [Humongous Reclaim: 0.0 ms]
      [Free CSet: 0.0 ms]
   [Eden: 73.0M(73.0M)->0.0B(10.0M) Survivors: 2048.0K->2048.0K Heap: 225.5M(256.0M)->152.7M(256.0M)]
 [Times: user=0.02 sys=0.00, real=0.00 secs] 
2019-02-06T22:21:38.109+0500: 777.055: [GC pause (G1 Evacuation Pause) (mixed), 0.0079080 secs]
   [Parallel Time: 5.0 ms, GC Workers: 8]
      [GC Worker Start (ms): Min: 777055.4, Avg: 777055.6, Max: 777055.7, Diff: 0.3]
      [Ext Root Scanning (ms): Min: 0.1, Avg: 0.3, Max: 0.9, Diff: 0.8, Sum: 2.6]
      [Update RS (ms): Min: 1.2, Avg: 1.6, Max: 1.8, Diff: 0.6, Sum: 12.9]
         [Processed Buffers: Min: 3, Avg: 5.1, Max: 12, Diff: 9, Sum: 41]
      [Scan RS (ms): Min: 0.3, Avg: 0.5, Max: 0.6, Diff: 0.3, Sum: 4.0]
      [Code Root Scanning (ms): Min: 0.0, Avg: 0.0, Max: 0.3, Diff: 0.3, Sum: 0.3]
      [Object Copy (ms): Min: 2.0, Avg: 2.2, Max: 2.3, Diff: 0.3, Sum: 17.4]
      [Termination (ms): Min: 0.0, Avg: 0.1, Max: 0.1, Diff: 0.1, Sum: 0.7]
         [Termination Attempts: Min: 1, Avg: 1.0, Max: 1, Diff: 0, Sum: 8]
      [GC Worker Other (ms): Min: 0.0, Avg: 0.0, Max: 0.0, Diff: 0.0, Sum: 0.1]
      [GC Worker Total (ms): Min: 4.6, Avg: 4.8, Max: 4.9, Diff: 0.3, Sum: 38.1]
      [GC Worker End (ms): Min: 777060.3, Avg: 777060.3, Max: 777060.3, Diff: 0.0]
   [Code Root Fixup: 0.2 ms]
   [Code Root Purge: 0.0 ms]
   [Clear CT: 0.1 ms]
   [Other: 2.6 ms]
      [Choose CSet: 0.0 ms]
      [Ref Proc: 2.3 ms]
      [Ref Enq: 0.0 ms]
      [Redirty Cards: 0.1 ms]
      [Humongous Register: 0.0 ms]
      [Humongous Reclaim: 0.0 ms]
      [Free CSet: 0.1 ms]
   [Eden: 10.0M(10.0M)->0.0B(74.0M) Survivors: 2048.0K->2048.0K Heap: 162.7M(256.0M)->151.7M(256.0M)]
 [Times: user=0.04 sys=0.00, real=0.01 secs] 
2019-02-06T22:21:38.920+0500: 777.866: [GC pause (G1 Evacuation Pause) (young), 0.0040611 secs]
   [Parallel Time: 3.4 ms, GC Workers: 8]
      [GC Worker Start (ms): Min: 777865.7, Avg: 777865.7, Max: 777865.8, Diff: 0.1]
      [Ext Root Scanning (ms): Min: 0.2, Avg: 0.3, Max: 0.7, Diff: 0.5, Sum: 2.3]
      [Update RS (ms): Min: 1.7, Avg: 2.0, Max: 2.1, Diff: 0.5, Sum: 16.3]
         [Processed Buffers: Min: 4, Avg: 6.4, Max: 16, Diff: 12, Sum: 51]
      [Scan RS (ms): Min: 0.0, Avg: 0.0, Max: 0.0, Diff: 0.0, Sum: 0.1]
      [Code Root Scanning (ms): Min: 0.0, Avg: 0.0, Max: 0.0, Diff: 0.0, Sum: 0.0]
      [Object Copy (ms): Min: 0.8, Avg: 0.9, Max: 0.9, Diff: 0.1, Sum: 7.1]
      [Termination (ms): Min: 0.0, Avg: 0.0, Max: 0.0, Diff: 0.0, Sum: 0.0]
         [Termination Attempts: Min: 1, Avg: 1.1, Max: 2, Diff: 1, Sum: 9]
      [GC Worker Other (ms): Min: 0.0, Avg: 0.0, Max: 0.0, Diff: 0.0, Sum: 0.1]
      [GC Worker Total (ms): Min: 3.2, Avg: 3.2, Max: 3.3, Diff: 0.1, Sum: 25.8]
      [GC Worker End (ms): Min: 777869.0, Avg: 777869.0, Max: 777869.0, Diff: 0.0]
   [Code Root Fixup: 0.1 ms]
   [Code Root Purge: 0.0 ms]
   [Clear CT: 0.1 ms]
   [Other: 0.5 ms]
      [Choose CSet: 0.0 ms]
      [Ref Proc: 0.2 ms]
      [Ref Enq: 0.0 ms]
      [Redirty Cards: 0.1 ms]
      [Humongous Register: 0.0 ms]
      [Humongous Reclaim: 0.0 ms]
      [Free CSet: 0.0 ms]
   [Eden: 74.0M(74.0M)->0.0B(74.0M) Survivors: 2048.0K->2048.0K Heap: 225.7M(256.0M)->152.3M(256.0M)]
 [Times: user=0.03 sys=0.00, real=0.00 secs] 
2019-02-06T22:21:39.687+0500: 778.633: [GC pause (G1 Evacuation Pause) (young) (initial-mark), 0.0040450 secs]
   [Parallel Time: 3.3 ms, GC Workers: 8]
      [GC Worker Start (ms): Min: 778633.3, Avg: 778633.4, Max: 778633.4, Diff: 0.1]
      [Ext Root Scanning (ms): Min: 0.5, Avg: 0.6, Max: 0.7, Diff: 0.1, Sum: 5.0]
      [Update RS (ms): Min: 1.5, Avg: 1.6, Max: 1.6, Diff: 0.1, Sum: 12.6]
         [Processed Buffers: Min: 3, Avg: 6.2, Max: 17, Diff: 14, Sum: 50]
      [Scan RS (ms): Min: 0.0, Avg: 0.0, Max: 0.0, Diff: 0.0, Sum: 0.1]
      [Code Root Scanning (ms): Min: 0.0, Avg: 0.0, Max: 0.0, Diff: 0.0, Sum: 0.0]
      [Object Copy (ms): Min: 0.9, Avg: 0.9, Max: 0.9, Diff: 0.1, Sum: 7.2]
      [Termination (ms): Min: 0.0, Avg: 0.0, Max: 0.0, Diff: 0.0, Sum: 0.0]
         [Termination Attempts: Min: 1, Avg: 1.8, Max: 3, Diff: 2, Sum: 14]
      [GC Worker Other (ms): Min: 0.0, Avg: 0.0, Max: 0.0, Diff: 0.0, Sum: 0.1]
      [GC Worker Total (ms): Min: 3.0, Avg: 3.1, Max: 3.2, Diff: 0.1, Sum: 24.9]
      [GC Worker End (ms): Min: 778636.5, Avg: 778636.5, Max: 778636.5, Diff: 0.0]
   [Code Root Fixup: 0.1 ms]
   [Code Root Purge: 0.0 ms]
   [Clear CT: 0.1 ms]
   [Other: 0.5 ms]
      [Choose CSet: 0.0 ms]
      [Ref Proc: 0.2 ms]
      [Ref Enq: 0.0 ms]
      [Redirty Cards: 0.1 ms]
      [Humongous Register: 0.0 ms]
      [Humongous Reclaim: 0.0 ms]
      [Free CSet: 0.0 ms]
   [Eden: 74.0M(74.0M)->0.0B(73.0M) Survivors: 2048.0K->2048.0K Heap: 226.3M(256.0M)->152.5M(256.0M)]
 [Times: user=0.03 sys=0.00, real=0.01 secs] 
2019-02-06T22:21:39.691+0500: 778.637: [GC concurrent-root-region-scan-start]
2019-02-06T22:21:39.696+0500: 778.642: [GC concurrent-root-region-scan-end, 0.0046378 secs]
2019-02-06T22:21:39.696+0500: 778.642: [GC concurrent-mark-start]
2019-02-06T22:21:39.717+0500: 778.663: [GC concurrent-mark-end, 0.0213932 secs]
2019-02-06T22:21:39.718+0500: 778.664: [GC remark 2019-02-06T22:21:39.718+0500: 778.664: [Finalize Marking, 0.0001862 secs] 2019-02-06T22:21:39.718+0500: 778.664: [GC ref-proc, 0.0003373 secs] 2019-02-06T22:21:39.718+0500: 778.664: [Unloading, 0.0037295 secs], 0.0059336 secs]
 [Times: user=0.03 sys=0.00, real=0.01 secs] 
2019-02-06T22:21:39.724+0500: 778.670: [GC cleanup 155M->155M(256M), 0.0005757 secs]
 [Times: user=0.00 sys=0.00, real=0.00 secs] 
2019-02-06T22:21:40.478+0500: 779.424: [GC pause (G1 Evacuation Pause) (young), 0.0037797 secs]
   [Parallel Time: 3.1 ms, GC Workers: 8]
      [GC Worker Start (ms): Min: 779424.4, Avg: 779424.4, Max: 779424.5, Diff: 0.1]
      [Ext Root Scanning (ms): Min: 0.2, Avg: 0.3, Max: 0.7, Diff: 0.5, Sum: 2.7]
      [Update RS (ms): Min: 1.3, Avg: 1.7, Max: 2.0, Diff: 0.7, Sum: 13.3]
         [Processed Buffers: Min: 3, Avg: 5.8, Max: 10, Diff: 7, Sum: 46]
      [Scan RS (ms): Min: 0.0, Avg: 0.0, Max: 0.0, Diff: 0.0, Sum: 0.1]
      [Code Root Scanning (ms): Min: 0.0, Avg: 0.0, Max: 0.0, Diff: 0.0, Sum: 0.0]
      [Object Copy (ms): Min: 0.7, Avg: 1.0, Max: 1.0, Diff: 0.3, Sum: 7.6]
      [Termination (ms): Min: 0.0, Avg: 0.0, Max: 0.0, Diff: 0.0, Sum: 0.0]
         [Termination Attempts: Min: 1, Avg: 1.6, Max: 3, Diff: 2, Sum: 13]
      [GC Worker Other (ms): Min: 0.0, Avg: 0.0, Max: 0.0, Diff: 0.0, Sum: 0.1]
      [GC Worker Total (ms): Min: 2.9, Avg: 3.0, Max: 3.0, Diff: 0.1, Sum: 23.8]
      [GC Worker End (ms): Min: 779427.4, Avg: 779427.4, Max: 779427.4, Diff: 0.0]
   [Code Root Fixup: 0.1 ms]
   [Code Root Purge: 0.0 ms]
   [Clear CT: 0.1 ms]
   [Other: 0.5 ms]
      [Choose CSet: 0.0 ms]
      [Ref Proc: 0.3 ms]
      [Ref Enq: 0.0 ms]
      [Redirty Cards: 0.1 ms]
      [Humongous Register: 0.0 ms]
      [Humongous Reclaim: 0.0 ms]
      [Free CSet: 0.0 ms]
   [Eden: 73.0M(73.0M)->0.0B(10.0M) Survivors: 2048.0K->2048.0K Heap: 225.5M(256.0M)->152.5M(256.0M)]
 [Times: user=0.02 sys=0.00, real=0.01 secs] 
2019-02-06T22:21:40.587+0500: 779.533: [GC pause (G1 Evacuation Pause) (mixed), 0.0044135 secs]
   [Parallel Time: 3.7 ms, GC Workers: 8]
      [GC Worker Start (ms): Min: 779533.2, Avg: 779533.3, Max: 779533.3, Diff: 0.1]
      [Ext Root Scanning (ms): Min: 0.3, Avg: 0.4, Max: 0.9, Diff: 0.6, Sum: 2.8]
      [Update RS (ms): Min: 1.3, Avg: 1.7, Max: 2.1, Diff: 0.8, Sum: 13.9]
         [Processed Buffers: Min: 4, Avg: 5.4, Max: 8, Diff: 4, Sum: 43]
      [Scan RS (ms): Min: 0.0, Avg: 0.2, Max: 0.3, Diff: 0.3, Sum: 1.7]
      [Code Root Scanning (ms): Min: 0.0, Avg: 0.0, Max: 0.0, Diff: 0.0, Sum: 0.0]
      [Object Copy (ms): Min: 1.1, Avg: 1.2, Max: 1.4, Diff: 0.2, Sum: 10.0]
      [Termination (ms): Min: 0.0, Avg: 0.0, Max: 0.0, Diff: 0.0, Sum: 0.0]
         [Termination Attempts: Min: 1, Avg: 5.6, Max: 10, Diff: 9, Sum: 45]
      [GC Worker Other (ms): Min: 0.0, Avg: 0.0, Max: 0.0, Diff: 0.0, Sum: 0.1]
      [GC Worker Total (ms): Min: 3.5, Avg: 3.6, Max: 3.6, Diff: 0.1, Sum: 28.5]
      [GC Worker End (ms): Min: 779536.8, Avg: 779536.8, Max: 779536.8, Diff: 0.0]
   [Code Root Fixup: 0.1 ms]
   [Code Root Purge: 0.0 ms]
   [Clear CT: 0.1 ms]
   [Other: 0.5 ms]
      [Choose CSet: 0.0 ms]
      [Ref Proc: 0.2 ms]
      [Ref Enq: 0.0 ms]
      [Redirty Cards: 0.1 ms]
      [Humongous Register: 0.0 ms]
      [Humongous Reclaim: 0.0 ms]
      [Free CSet: 0.0 ms]
   [Eden: 10.0M(10.0M)->0.0B(74.0M) Survivors: 2048.0K->2048.0K Heap: 162.5M(256.0M)->151.7M(256.0M)]
 [Times: user=0.03 sys=0.00, real=0.01 secs] 
2019-02-06T22:21:41.377+0500: 780.323: [GC pause (G1 Evacuation Pause) (young), 0.0040632 secs]
   [Parallel Time: 3.4 ms, GC Workers: 8]
      [GC Worker Start (ms): Min: 780323.3, Avg: 780323.4, Max: 780323.4, Diff: 0.1]
      [Ext Root Scanning (ms): Min: 0.2, Avg: 0.3, Max: 0.7, Diff: 0.5, Sum: 2.3]
      [Update RS (ms): Min: 1.5, Avg: 1.9, Max: 2.2, Diff: 0.7, Sum: 15.3]
         [Processed Buffers: Min: 2, Avg: 5.9, Max: 13, Diff: 11, Sum: 47]
      [Scan RS (ms): Min: 0.0, Avg: 0.0, Max: 0.0, Diff: 0.0, Sum: 0.0]
      [Code Root Scanning (ms): Min: 0.0, Avg: 0.0, Max: 0.0, Diff: 0.0, Sum: 0.0]
      [Object Copy (ms): Min: 0.7, Avg: 0.9, Max: 1.1, Diff: 0.3, Sum: 7.5]
      [Termination (ms): Min: 0.0, Avg: 0.0, Max: 0.0, Diff: 0.0, Sum: 0.0]
         [Termination Attempts: Min: 1, Avg: 1.1, Max: 2, Diff: 1, Sum: 9]
      [GC Worker Other (ms): Min: 0.0, Avg: 0.0, Max: 0.0, Diff: 0.0, Sum: 0.1]
      [GC Worker Total (ms): Min: 3.1, Avg: 3.2, Max: 3.2, Diff: 0.1, Sum: 25.3]
      [GC Worker End (ms): Min: 780326.5, Avg: 780326.5, Max: 780326.5, Diff: 0.0]
   [Code Root Fixup: 0.1 ms]
   [Code Root Purge: 0.0 ms]
   [Clear CT: 0.1 ms]
   [Other: 0.5 ms]
      [Choose CSet: 0.0 ms]
      [Ref Proc: 0.2 ms]
      [Ref Enq: 0.0 ms]
      [Redirty Cards: 0.1 ms]
      [Humongous Register: 0.0 ms]
      [Humongous Reclaim: 0.0 ms]
      [Free CSet: 0.0 ms]
   [Eden: 74.0M(74.0M)->0.0B(74.0M) Survivors: 2048.0K->2048.0K Heap: 225.7M(256.0M)->152.1M(256.0M)]
 [Times: user=0.03 sys=0.00, real=0.01 secs] 
2019-02-06T22:21:42.182+0500: 781.128: [GC pause (G1 Evacuation Pause) (young) (initial-mark), 0.0045264 secs]
   [Parallel Time: 3.8 ms, GC Workers: 8]
      [GC Worker Start (ms): Min: 781128.4, Avg: 781128.4, Max: 781128.5, Diff: 0.1]
      [Ext Root Scanning (ms): Min: 0.6, Avg: 0.6, Max: 0.7, Diff: 0.1, Sum: 5.2]
      [Update RS (ms): Min: 1.8, Avg: 1.9, Max: 2.0, Diff: 0.2, Sum: 15.1]
         [Processed Buffers: Min: 4, Avg: 5.9, Max: 10, Diff: 6, Sum: 47]
      [Scan RS (ms): Min: 0.0, Avg: 0.0, Max: 0.0, Diff: 0.0, Sum: 0.1]
      [Code Root Scanning (ms): Min: 0.0, Avg: 0.0, Max: 0.0, Diff: 0.0, Sum: 0.0]
      [Object Copy (ms): Min: 0.9, Avg: 1.0, Max: 1.1, Diff: 0.2, Sum: 8.1]
      [Termination (ms): Min: 0.0, Avg: 0.0, Max: 0.0, Diff: 0.0, Sum: 0.0]
         [Termination Attempts: Min: 1, Avg: 1.0, Max: 1, Diff: 0, Sum: 8]
      [GC Worker Other (ms): Min: 0.0, Avg: 0.0, Max: 0.1, Diff: 0.0, Sum: 0.3]
      [GC Worker Total (ms): Min: 3.6, Avg: 3.6, Max: 3.6, Diff: 0.1, Sum: 28.6]
      [GC Worker End (ms): Min: 781132.0, Avg: 781132.0, Max: 781132.0, Diff: 0.0]
   [Code Root Fixup: 0.1 ms]
   [Code Root Purge: 0.0 ms]
   [Clear CT: 0.1 ms]
   [Other: 0.5 ms]
      [Choose CSet: 0.0 ms]
      [Ref Proc: 0.2 ms]
      [Ref Enq: 0.0 ms]
      [Redirty Cards: 0.1 ms]
      [Humongous Register: 0.0 ms]
      [Humongous Reclaim: 0.0 ms]
      [Free CSet: 0.0 ms]
   [Eden: 74.0M(74.0M)->0.0B(74.0M) Survivors: 2048.0K->2048.0K Heap: 226.1M(256.0M)->152.2M(256.0M)]
 [Times: user=0.03 sys=0.00, real=0.00 secs] 
2019-02-06T22:21:42.187+0500: 781.133: [GC concurrent-root-region-scan-start]
2019-02-06T22:21:42.191+0500: 781.137: [GC concurrent-root-region-scan-end, 0.0045592 secs]
2019-02-06T22:21:42.191+0500: 781.137: [GC concurrent-mark-start]
2019-02-06T22:21:42.213+0500: 781.159: [GC concurrent-mark-end, 0.0219237 secs]
2019-02-06T22:21:42.214+0500: 781.160: [GC remark 2019-02-06T22:21:42.214+0500: 781.160: [Finalize Marking, 0.0002635 secs] 2019-02-06T22:21:42.214+0500: 781.160: [GC ref-proc, 0.0003112 secs] 2019-02-06T22:21:42.214+0500: 781.160: [Unloading, 0.0037761 secs], 0.0061556 secs]
 [Times: user=0.03 sys=0.00, real=0.01 secs] 
2019-02-06T22:21:42.220+0500: 781.166: [GC cleanup 155M->155M(256M), 0.0005831 secs]
 [Times: user=0.00 sys=0.00, real=0.00 secs] 
2019-02-06T22:21:42.970+0500: 781.916: [GC pause (G1 Evacuation Pause) (young), 0.0043888 secs]
   [Parallel Time: 3.0 ms, GC Workers: 8]
      [GC Worker Start (ms): Min: 781916.5, Avg: 781916.6, Max: 781916.6, Diff: 0.1]
      [Ext Root Scanning (ms): Min: 0.2, Avg: 0.3, Max: 0.7, Diff: 0.5, Sum: 2.5]
      [Update RS (ms): Min: 1.3, Avg: 1.6, Max: 1.9, Diff: 0.6, Sum: 13.0]
         [Processed Buffers: Min: 3, Avg: 6.1, Max: 12, Diff: 9, Sum: 49]
      [Scan RS (ms): Min: 0.0, Avg: 0.0, Max: 0.0, Diff: 0.0, Sum: 0.0]
      [Code Root Scanning (ms): Min: 0.0, Avg: 0.0, Max: 0.0, Diff: 0.0, Sum: 0.0]
      [Object Copy (ms): Min: 0.8, Avg: 1.0, Max: 1.0, Diff: 0.3, Sum: 7.6]
      [Termination (ms): Min: 0.0, Avg: 0.0, Max: 0.0, Diff: 0.0, Sum: 0.0]
         [Termination Attempts: Min: 1, Avg: 1.0, Max: 1, Diff: 0, Sum: 8]
      [GC Worker Other (ms): Min: 0.0, Avg: 0.0, Max: 0.0, Diff: 0.0, Sum: 0.1]
      [GC Worker Total (ms): Min: 2.9, Avg: 2.9, Max: 2.9, Diff: 0.1, Sum: 23.3]
      [GC Worker End (ms): Min: 781919.5, Avg: 781919.5, Max: 781919.5, Diff: 0.0]
   [Code Root Fixup: 0.1 ms]
   [Code Root Purge: 0.0 ms]
   [Clear CT: 0.1 ms]
   [Other: 1.1 ms]
      [Choose CSet: 0.0 ms]
      [Ref Proc: 0.9 ms]
      [Ref Enq: 0.0 ms]
      [Redirty Cards: 0.1 ms]
      [Humongous Register: 0.0 ms]
      [Humongous Reclaim: 0.0 ms]
      [Free CSet: 0.0 ms]
   [Eden: 74.0M(74.0M)->0.0B(74.0M) Survivors: 2048.0K->2048.0K Heap: 226.2M(256.0M)->152.3M(256.0M)]
 [Times: user=0.03 sys=0.00, real=0.00 secs] 
2019-02-06T22:21:43.765+0500: 782.711: [GC pause (G1 Evacuation Pause) (young), 0.0038283 secs]
   [Parallel Time: 3.2 ms, GC Workers: 8]
      [GC Worker Start (ms): Min: 782710.7, Avg: 782710.8, Max: 782711.0, Diff: 0.2]
      [Ext Root Scanning (ms): Min: 0.1, Avg: 0.3, Max: 0.8, Diff: 0.7, Sum: 2.6]
      [Update RS (ms): Min: 1.5, Avg: 1.8, Max: 1.9, Diff: 0.5, Sum: 14.1]
         [Processed Buffers: Min: 3, Avg: 6.9, Max: 11, Diff: 8, Sum: 55]
      [Scan RS (ms): Min: 0.0, Avg: 0.0, Max: 0.0, Diff: 0.0, Sum: 0.1]
      [Code Root Scanning (ms): Min: 0.0, Avg: 0.0, Max: 0.0, Diff: 0.0, Sum: 0.0]
      [Object Copy (ms): Min: 0.8, Avg: 0.9, Max: 1.0, Diff: 0.2, Sum: 7.3]
      [Termination (ms): Min: 0.0, Avg: 0.0, Max: 0.0, Diff: 0.0, Sum: 0.1]
         [Termination Attempts: Min: 1, Avg: 1.0, Max: 1, Diff: 0, Sum: 8]
      [GC Worker Other (ms): Min: 0.0, Avg: 0.0, Max: 0.0, Diff: 0.0, Sum: 0.1]
      [GC Worker Total (ms): Min: 2.9, Avg: 3.0, Max: 3.1, Diff: 0.2, Sum: 24.3]
      [GC Worker End (ms): Min: 782713.8, Avg: 782713.8, Max: 782713.8, Diff: 0.0]
   [Code Root Fixup: 0.0 ms]
   [Code Root Purge: 0.0 ms]
   [Clear CT: 0.1 ms]
   [Other: 0.5 ms]
      [Choose CSet: 0.0 ms]
      [Ref Proc: 0.2 ms]
      [Ref Enq: 0.0 ms]
      [Redirty Cards: 0.1 ms]
      [Humongous Register: 0.0 ms]
      [Humongous Reclaim: 0.0 ms]
      [Free CSet: 0.0 ms]
   [Eden: 74.0M(74.0M)->0.0B(73.0M) Survivors: 2048.0K->2048.0K Heap: 226.3M(256.0M)->152.3M(256.0M)]
 [Times: user=0.03 sys=0.00, real=0.00 secs] 
2019-02-06T22:21:44.538+0500: 783.484: [GC pause (G1 Evacuation Pause) (young) (initial-mark), 0.0042578 secs]
   [Parallel Time: 3.6 ms, GC Workers: 8]
      [GC Worker Start (ms): Min: 783484.0, Avg: 783484.1, Max: 783484.1, Diff: 0.1]
      [Ext Root Scanning (ms): Min: 0.6, Avg: 0.6, Max: 0.7, Diff: 0.1, Sum: 5.0]
      [Update RS (ms): Min: 1.7, Avg: 1.8, Max: 2.1, Diff: 0.3, Sum: 14.4]
         [Processed Buffers: Min: 4, Avg: 6.5, Max: 14, Diff: 10, Sum: 52]
      [Scan RS (ms): Min: 0.0, Avg: 0.0, Max: 0.0, Diff: 0.0, Sum: 0.1]
      [Code Root Scanning (ms): Min: 0.0, Avg: 0.0, Max: 0.0, Diff: 0.0, Sum: 0.0]
      [Object Copy (ms): Min: 0.7, Avg: 0.9, Max: 1.0, Diff: 0.3, Sum: 7.4]
      [Termination (ms): Min: 0.0, Avg: 0.0, Max: 0.0, Diff: 0.0, Sum: 0.0]
         [Termination Attempts: Min: 1, Avg: 1.9, Max: 3, Diff: 2, Sum: 15]
      [GC Worker Other (ms): Min: 0.0, Avg: 0.0, Max: 0.0, Diff: 0.0, Sum: 0.1]
      [GC Worker Total (ms): Min: 3.3, Avg: 3.4, Max: 3.4, Diff: 0.1, Sum: 27.0]
      [GC Worker End (ms): Min: 783487.4, Avg: 783487.4, Max: 783487.4, Diff: 0.0]
   [Code Root Fixup: 0.1 ms]
   [Code Root Purge: 0.0 ms]
   [Clear CT: 0.1 ms]
   [Other: 0.5 ms]
      [Choose CSet: 0.0 ms]
      [Ref Proc: 0.2 ms]
      [Ref Enq: 0.0 ms]
      [Redirty Cards: 0.1 ms]
      [Humongous Register: 0.0 ms]
      [Humongous Reclaim: 0.0 ms]
      [Free CSet: 0.0 ms]
   [Eden: 73.0M(73.0M)->0.0B(73.0M) Survivors: 2048.0K->2048.0K Heap: 225.3M(256.0M)->152.4M(256.0M)]
 [Times: user=0.03 sys=0.01, real=0.01 secs] 
2019-02-06T22:21:44.542+0500: 783.488: [GC concurrent-root-region-scan-start]
2019-02-06T22:21:44.547+0500: 783.493: [GC concurrent-root-region-scan-end, 0.0044504 secs]
2019-02-06T22:21:44.547+0500: 783.493: [GC concurrent-mark-start]
2019-02-06T22:21:44.567+0500: 783.513: [GC concurrent-mark-end, 0.0206400 secs]
2019-02-06T22:21:44.568+0500: 783.514: [GC remark 2019-02-06T22:21:44.568+0500: 783.514: [Finalize Marking, 0.0011909 secs] 2019-02-06T22:21:44.569+0500: 783.515: [GC ref-proc, 0.0003152 secs] 2019-02-06T22:21:44.569+0500: 783.515: [Unloading, 0.0039894 secs], 0.0072977 secs]
 [Times: user=0.03 sys=0.00, real=0.01 secs] 
2019-02-06T22:21:44.575+0500: 783.521: [GC cleanup 155M->155M(256M), 0.0005538 secs]
 [Times: user=0.00 sys=0.00, real=0.00 secs] 
2019-02-06T22:21:45.311+0500: 784.257: [GC pause (G1 Evacuation Pause) (young), 0.0071909 secs]
   [Parallel Time: 5.7 ms, GC Workers: 8]
      [GC Worker Start (ms): Min: 784256.8, Avg: 784257.0, Max: 784257.4, Diff: 0.5]
      [Ext Root Scanning (ms): Min: 0.0, Avg: 0.3, Max: 1.0, Diff: 1.0, Sum: 2.7]
      [Update RS (ms): Min: 0.0, Avg: 1.8, Max: 2.2, Diff: 2.2, Sum: 14.3]
         [Processed Buffers: Min: 0, Avg: 6.0, Max: 16, Diff: 16, Sum: 48]
      [Scan RS (ms): Min: 0.0, Avg: 0.0, Max: 0.0, Diff: 0.0, Sum: 0.1]
      [Code Root Scanning (ms): Min: 0.0, Avg: 0.0, Max: 0.0, Diff: 0.0, Sum: 0.0]
      [Object Copy (ms): Min: 1.0, Avg: 1.5, Max: 3.9, Diff: 2.9, Sum: 11.6]
      [Termination (ms): Min: 0.0, Avg: 0.9, Max: 2.0, Diff: 2.0, Sum: 6.9]
         [Termination Attempts: Min: 1, Avg: 1.2, Max: 2, Diff: 1, Sum: 10]
      [GC Worker Other (ms): Min: 0.0, Avg: 0.0, Max: 0.0, Diff: 0.0, Sum: 0.1]
      [GC Worker Total (ms): Min: 4.1, Avg: 4.5, Max: 5.3, Diff: 1.1, Sum: 35.7]
      [GC Worker End (ms): Min: 784261.2, Avg: 784261.5, Max: 784262.5, Diff: 1.3]
   [Code Root Fixup: 0.1 ms]
   [Code Root Purge: 0.0 ms]
   [Clear CT: 0.1 ms]
   [Other: 1.3 ms]
      [Choose CSet: 0.0 ms]
      [Ref Proc: 0.9 ms]
      [Ref Enq: 0.0 ms]
      [Redirty Cards: 0.1 ms]
      [Humongous Register: 0.0 ms]
      [Humongous Reclaim: 0.0 ms]
      [Free CSet: 0.0 ms]
   [Eden: 73.0M(73.0M)->0.0B(10.0M) Survivors: 2048.0K->2048.0K Heap: 225.4M(256.0M)->152.9M(256.0M)]
 [Times: user=0.04 sys=0.00, real=0.00 secs] 
2019-02-06T22:21:45.423+0500: 784.369: [GC pause (G1 Evacuation Pause) (mixed), 0.0041683 secs]
   [Parallel Time: 3.5 ms, GC Workers: 8]
      [GC Worker Start (ms): Min: 784369.1, Avg: 784369.2, Max: 784369.2, Diff: 0.1]
      [Ext Root Scanning (ms): Min: 0.2, Avg: 0.3, Max: 0.7, Diff: 0.5, Sum: 2.5]
      [Update RS (ms): Min: 1.6, Avg: 1.8, Max: 2.0, Diff: 0.4, Sum: 14.4]
         [Processed Buffers: Min: 3, Avg: 5.6, Max: 8, Diff: 5, Sum: 45]
      [Scan RS (ms): Min: 0.2, Avg: 0.4, Max: 0.5, Diff: 0.3, Sum: 3.1]
      [Code Root Scanning (ms): Min: 0.0, Avg: 0.0, Max: 0.0, Diff: 0.0, Sum: 0.0]
      [Object Copy (ms): Min: 0.8, Avg: 0.9, Max: 0.9, Diff: 0.1, Sum: 7.0]
      [Termination (ms): Min: 0.0, Avg: 0.0, Max: 0.0, Diff: 0.0, Sum: 0.0]
         [Termination Attempts: Min: 1, Avg: 1.0, Max: 1, Diff: 0, Sum: 8]
      [GC Worker Other (ms): Min: 0.0, Avg: 0.0, Max: 0.0, Diff: 0.0, Sum: 0.1]
      [GC Worker Total (ms): Min: 3.4, Avg: 3.4, Max: 3.4, Diff: 0.1, Sum: 27.1]
      [GC Worker End (ms): Min: 784372.6, Avg: 784372.6, Max: 784372.6, Diff: 0.0]
   [Code Root Fixup: 0.1 ms]
   [Code Root Purge: 0.0 ms]
   [Clear CT: 0.1 ms]
   [Other: 0.4 ms]
      [Choose CSet: 0.0 ms]
      [Ref Proc: 0.2 ms]
      [Ref Enq: 0.0 ms]
      [Redirty Cards: 0.1 ms]
      [Humongous Register: 0.0 ms]
      [Humongous Reclaim: 0.0 ms]
      [Free CSet: 0.0 ms]
   [Eden: 10.0M(10.0M)->0.0B(74.0M) Survivors: 2048.0K->2048.0K Heap: 162.9M(256.0M)->151.5M(256.0M)]
 [Times: user=0.03 sys=0.00, real=0.00 secs] 
2019-02-06T22:21:46.206+0500: 785.152: [GC pause (G1 Evacuation Pause) (young), 0.0039506 secs]
   [Parallel Time: 3.1 ms, GC Workers: 8]
      [GC Worker Start (ms): Min: 785151.6, Avg: 785151.6, Max: 785151.7, Diff: 0.1]
      [Ext Root Scanning (ms): Min: 0.2, Avg: 0.3, Max: 0.7, Diff: 0.5, Sum: 2.4]
      [Update RS (ms): Min: 1.6, Avg: 1.8, Max: 1.9, Diff: 0.3, Sum: 14.4]
         [Processed Buffers: Min: 3, Avg: 6.1, Max: 12, Diff: 9, Sum: 49]
      [Scan RS (ms): Min: 0.0, Avg: 0.0, Max: 0.0, Diff: 0.0, Sum: 0.1]
      [Code Root Scanning (ms): Min: 0.0, Avg: 0.0, Max: 0.0, Diff: 0.0, Sum: 0.0]
      [Object Copy (ms): Min: 0.7, Avg: 0.8, Max: 0.9, Diff: 0.2, Sum: 6.7]
      [Termination (ms): Min: 0.0, Avg: 0.0, Max: 0.0, Diff: 0.0, Sum: 0.0]
         [Termination Attempts: Min: 1, Avg: 1.0, Max: 1, Diff: 0, Sum: 8]
      [GC Worker Other (ms): Min: 0.0, Avg: 0.0, Max: 0.0, Diff: 0.0, Sum: 0.1]
      [GC Worker Total (ms): Min: 2.9, Avg: 3.0, Max: 3.0, Diff: 0.1, Sum: 23.7]
      [GC Worker End (ms): Min: 785154.6, Avg: 785154.6, Max: 785154.6, Diff: 0.0]
   [Code Root Fixup: 0.1 ms]
   [Code Root Purge: 0.0 ms]
   [Clear CT: 0.1 ms]
   [Other: 0.7 ms]
      [Choose CSet: 0.0 ms]
      [Ref Proc: 0.4 ms]
      [Ref Enq: 0.0 ms]
      [Redirty Cards: 0.1 ms]
      [Humongous Register: 0.0 ms]
      [Humongous Reclaim: 0.0 ms]
      [Free CSet: 0.0 ms]
   [Eden: 74.0M(74.0M)->0.0B(74.0M) Survivors: 2048.0K->2048.0K Heap: 225.5M(256.0M)->151.7M(256.0M)]
 [Times: user=0.02 sys=0.01, real=0.01 secs] 
2019-02-06T22:21:46.981+0500: 785.927: [GC pause (G1 Evacuation Pause) (young) (initial-mark), 0.0043572 secs]
   [Parallel Time: 3.6 ms, GC Workers: 8]
      [GC Worker Start (ms): Min: 785927.1, Avg: 785927.1, Max: 785927.2, Diff: 0.1]
      [Ext Root Scanning (ms): Min: 0.6, Avg: 0.6, Max: 0.7, Diff: 0.1, Sum: 5.0]
      [Update RS (ms): Min: 1.7, Avg: 1.9, Max: 2.1, Diff: 0.4, Sum: 14.9]
         [Processed Buffers: Min: 3, Avg: 6.0, Max: 12, Diff: 9, Sum: 48]
      [Scan RS (ms): Min: 0.0, Avg: 0.0, Max: 0.0, Diff: 0.0, Sum: 0.1]
      [Code Root Scanning (ms): Min: 0.0, Avg: 0.0, Max: 0.0, Diff: 0.0, Sum: 0.0]
      [Object Copy (ms): Min: 0.7, Avg: 0.9, Max: 1.1, Diff: 0.4, Sum: 7.3]
      [Termination (ms): Min: 0.0, Avg: 0.0, Max: 0.0, Diff: 0.0, Sum: 0.0]
         [Termination Attempts: Min: 1, Avg: 2.1, Max: 4, Diff: 3, Sum: 17]
      [GC Worker Other (ms): Min: 0.0, Avg: 0.0, Max: 0.0, Diff: 0.0, Sum: 0.1]
      [GC Worker Total (ms): Min: 3.4, Avg: 3.4, Max: 3.5, Diff: 0.1, Sum: 27.3]
      [GC Worker End (ms): Min: 785930.5, Avg: 785930.5, Max: 785930.5, Diff: 0.0]
   [Code Root Fixup: 0.1 ms]
   [Code Root Purge: 0.0 ms]
   [Clear CT: 0.1 ms]
   [Other: 0.5 ms]
      [Choose CSet: 0.0 ms]
      [Ref Proc: 0.2 ms]
      [Ref Enq: 0.0 ms]
      [Redirty Cards: 0.1 ms]
      [Humongous Register: 0.0 ms]
      [Humongous Reclaim: 0.0 ms]
      [Free CSet: 0.0 ms]
   [Eden: 74.0M(74.0M)->0.0B(74.0M) Survivors: 2048.0K->2048.0K Heap: 225.7M(256.0M)->151.9M(256.0M)]
 [Times: user=0.03 sys=0.00, real=0.00 secs] 
2019-02-06T22:21:46.985+0500: 785.931: [GC concurrent-root-region-scan-start]
2019-02-06T22:21:46.990+0500: 785.936: [GC concurrent-root-region-scan-end, 0.0040963 secs]
2019-02-06T22:21:46.990+0500: 785.936: [GC concurrent-mark-start]
2019-02-06T22:21:47.011+0500: 785.957: [GC concurrent-mark-end, 0.0217926 secs]
2019-02-06T22:21:47.012+0500: 785.958: [GC remark 2019-02-06T22:21:47.012+0500: 785.958: [Finalize Marking, 0.0002982 secs] 2019-02-06T22:21:47.012+0500: 785.958: [GC ref-proc, 0.0002293 secs] 2019-02-06T22:21:47.012+0500: 785.958: [Unloading, 0.0036717 secs], 0.0059407 secs]
 [Times: user=0.03 sys=0.00, real=0.00 secs] 
2019-02-06T22:21:47.018+0500: 785.964: [GC cleanup 154M->154M(256M), 0.0005780 secs]
 [Times: user=0.00 sys=0.00, real=0.00 secs] 
2019-02-06T22:21:47.791+0500: 786.737: [GC pause (G1 Evacuation Pause) (young), 0.0038979 secs]
   [Parallel Time: 3.2 ms, GC Workers: 8]
      [GC Worker Start (ms): Min: 786737.3, Avg: 786737.4, Max: 786737.4, Diff: 0.1]
      [Ext Root Scanning (ms): Min: 0.2, Avg: 0.3, Max: 0.7, Diff: 0.5, Sum: 2.6]
      [Update RS (ms): Min: 1.5, Avg: 1.9, Max: 2.1, Diff: 0.6, Sum: 14.9]
         [Processed Buffers: Min: 4, Avg: 6.0, Max: 12, Diff: 8, Sum: 48]
      [Scan RS (ms): Min: 0.0, Avg: 0.0, Max: 0.0, Diff: 0.0, Sum: 0.1]
      [Code Root Scanning (ms): Min: 0.0, Avg: 0.0, Max: 0.0, Diff: 0.0, Sum: 0.0]
      [Object Copy (ms): Min: 0.8, Avg: 0.9, Max: 1.0, Diff: 0.2, Sum: 7.2]
      [Termination (ms): Min: 0.0, Avg: 0.0, Max: 0.0, Diff: 0.0, Sum: 0.0]
         [Termination Attempts: Min: 1, Avg: 2.2, Max: 3, Diff: 2, Sum: 18]
      [GC Worker Other (ms): Min: 0.0, Avg: 0.0, Max: 0.0, Diff: 0.0, Sum: 0.1]
      [GC Worker Total (ms): Min: 3.1, Avg: 3.1, Max: 3.2, Diff: 0.1, Sum: 25.0]
      [GC Worker End (ms): Min: 786740.5, Avg: 786740.5, Max: 786740.5, Diff: 0.0]
   [Code Root Fixup: 0.1 ms]
   [Code Root Purge: 0.0 ms]
   [Clear CT: 0.1 ms]
   [Other: 0.5 ms]
      [Choose CSet: 0.0 ms]
      [Ref Proc: 0.2 ms]
      [Ref Enq: 0.0 ms]
      [Redirty Cards: 0.1 ms]
      [Humongous Register: 0.0 ms]
      [Humongous Reclaim: 0.0 ms]
      [Free CSet: 0.0 ms]
   [Eden: 74.0M(74.0M)->0.0B(76.0M) Survivors: 2048.0K->1024.0K Heap: 225.9M(256.0M)->151.6M(256.0M)]
 [Times: user=0.03 sys=0.00, real=0.00 secs] 
2019-02-06T22:21:48.620+0500: 787.566: [GC pause (G1 Evacuation Pause) (young), 0.0038949 secs]
   [Parallel Time: 3.1 ms, GC Workers: 8]
      [GC Worker Start (ms): Min: 787566.3, Avg: 787566.3, Max: 787566.3, Diff: 0.1]
      [Ext Root Scanning (ms): Min: 0.0, Avg: 0.3, Max: 0.7, Diff: 0.7, Sum: 2.3]
      [Update RS (ms): Min: 1.5, Avg: 1.8, Max: 2.1, Diff: 0.6, Sum: 14.8]
         [Processed Buffers: Min: 4, Avg: 6.1, Max: 11, Diff: 7, Sum: 49]
      [Scan RS (ms): Min: 0.0, Avg: 0.0, Max: 0.0, Diff: 0.0, Sum: 0.1]
      [Code Root Scanning (ms): Min: 0.0, Avg: 0.0, Max: 0.0, Diff: 0.0, Sum: 0.0]
      [Object Copy (ms): Min: 0.7, Avg: 0.9, Max: 0.9, Diff: 0.2, Sum: 7.0]
      [Termination (ms): Min: 0.0, Avg: 0.0, Max: 0.0, Diff: 0.0, Sum: 0.0]
         [Termination Attempts: Min: 1, Avg: 1.1, Max: 2, Diff: 1, Sum: 9]
      [GC Worker Other (ms): Min: 0.0, Avg: 0.0, Max: 0.3, Diff: 0.3, Sum: 0.3]
      [GC Worker Total (ms): Min: 3.0, Avg: 3.1, Max: 3.1, Diff: 0.1, Sum: 24.5]
      [GC Worker End (ms): Min: 787569.4, Avg: 787569.4, Max: 787569.4, Diff: 0.0]
   [Code Root Fixup: 0.1 ms]
   [Code Root Purge: 0.0 ms]
   [Clear CT: 0.1 ms]
   [Other: 0.6 ms]
      [Choose CSet: 0.0 ms]
      [Ref Proc: 0.2 ms]
      [Ref Enq: 0.0 ms]
      [Redirty Cards: 0.1 ms]
      [Humongous Register: 0.0 ms]
      [Humongous Reclaim: 0.0 ms]
      [Free CSet: 0.0 ms]
   [Eden: 76.0M(76.0M)->0.0B(74.0M) Survivors: 1024.0K->2048.0K Heap: 227.6M(256.0M)->152.1M(256.0M)]
 [Times: user=0.02 sys=0.00, real=0.00 secs] 
2019-02-06T22:21:49.365+0500: 788.311: [GC pause (G1 Evacuation Pause) (young) (initial-mark), 0.0044294 secs]
   [Parallel Time: 3.7 ms, GC Workers: 8]
      [GC Worker Start (ms): Min: 788311.1, Avg: 788311.1, Max: 788311.1, Diff: 0.1]
      [Ext Root Scanning (ms): Min: 0.6, Avg: 0.7, Max: 0.7, Diff: 0.1, Sum: 5.3]
      [Update RS (ms): Min: 1.6, Avg: 1.8, Max: 2.1, Diff: 0.4, Sum: 14.4]
         [Processed Buffers: Min: 3, Avg: 6.2, Max: 14, Diff: 11, Sum: 50]
      [Scan RS (ms): Min: 0.0, Avg: 0.0, Max: 0.0, Diff: 0.0, Sum: 0.1]
      [Code Root Scanning (ms): Min: 0.0, Avg: 0.0, Max: 0.0, Diff: 0.0, Sum: 0.0]
      [Object Copy (ms): Min: 0.7, Avg: 0.9, Max: 1.0, Diff: 0.4, Sum: 7.6]
      [Termination (ms): Min: 0.0, Avg: 0.0, Max: 0.0, Diff: 0.0, Sum: 0.0]
         [Termination Attempts: Min: 1, Avg: 1.4, Max: 2, Diff: 1, Sum: 11]
      [GC Worker Other (ms): Min: 0.0, Avg: 0.0, Max: 0.0, Diff: 0.0, Sum: 0.2]
      [GC Worker Total (ms): Min: 3.4, Avg: 3.4, Max: 3.5, Diff: 0.1, Sum: 27.6]
      [GC Worker End (ms): Min: 788314.5, Avg: 788314.5, Max: 788314.6, Diff: 0.0]
   [Code Root Fixup: 0.1 ms]
   [Code Root Purge: 0.0 ms]
   [Clear CT: 0.1 ms]
   [Other: 0.6 ms]
      [Choose CSet: 0.0 ms]
      [Ref Proc: 0.2 ms]
      [Ref Enq: 0.0 ms]
      [Redirty Cards: 0.1 ms]
      [Humongous Register: 0.0 ms]
      [Humongous Reclaim: 0.0 ms]
      [Free CSet: 0.0 ms]
   [Eden: 74.0M(74.0M)->0.0B(74.0M) Survivors: 2048.0K->2048.0K Heap: 226.1M(256.0M)->152.2M(256.0M)]
 [Times: user=0.03 sys=0.00, real=0.00 secs] 
2019-02-06T22:21:49.370+0500: 788.315: [GC concurrent-root-region-scan-start]
2019-02-06T22:21:49.374+0500: 788.320: [GC concurrent-root-region-scan-end, 0.0042502 secs]
2019-02-06T22:21:49.374+0500: 788.320: [GC concurrent-mark-start]
2019-02-06T22:21:49.396+0500: 788.342: [GC concurrent-mark-end, 0.0218063 secs]
2019-02-06T22:21:49.396+0500: 788.342: [GC remark 2019-02-06T22:21:49.396+0500: 788.342: [Finalize Marking, 0.0002350 secs] 2019-02-06T22:21:49.396+0500: 788.342: [GC ref-proc, 0.0002393 secs] 2019-02-06T22:21:49.396+0500: 788.342: [Unloading, 0.0037053 secs], 0.0057600 secs]
 [Times: user=0.03 sys=0.00, real=0.01 secs] 
2019-02-06T22:21:49.402+0500: 788.348: [GC cleanup 155M->155M(256M), 0.0005876 secs]
 [Times: user=0.00 sys=0.00, real=0.00 secs] 
2019-02-06T22:21:50.150+0500: 789.096: [GC pause (G1 Evacuation Pause) (young), 0.0038266 secs]
   [Parallel Time: 3.2 ms, GC Workers: 8]
      [GC Worker Start (ms): Min: 789096.3, Avg: 789096.3, Max: 789096.4, Diff: 0.1]
      [Ext Root Scanning (ms): Min: 0.2, Avg: 0.3, Max: 0.7, Diff: 0.5, Sum: 2.3]
      [Update RS (ms): Min: 1.4, Avg: 1.7, Max: 1.8, Diff: 0.4, Sum: 13.6]
         [Processed Buffers: Min: 3, Avg: 6.1, Max: 14, Diff: 11, Sum: 49]
      [Scan RS (ms): Min: 0.0, Avg: 0.0, Max: 0.0, Diff: 0.0, Sum: 0.0]
      [Code Root Scanning (ms): Min: 0.0, Avg: 0.0, Max: 0.0, Diff: 0.0, Sum: 0.0]
      [Object Copy (ms): Min: 1.0, Avg: 1.1, Max: 1.1, Diff: 0.1, Sum: 8.7]
      [Termination (ms): Min: 0.0, Avg: 0.0, Max: 0.0, Diff: 0.0, Sum: 0.0]
         [Termination Attempts: Min: 1, Avg: 2.6, Max: 5, Diff: 4, Sum: 21]
      [GC Worker Other (ms): Min: 0.0, Avg: 0.0, Max: 0.0, Diff: 0.0, Sum: 0.1]
      [GC Worker Total (ms): Min: 3.1, Avg: 3.1, Max: 3.1, Diff: 0.1, Sum: 24.8]
      [GC Worker End (ms): Min: 789099.4, Avg: 789099.4, Max: 789099.4, Diff: 0.0]
   [Code Root Fixup: 0.0 ms]
   [Code Root Purge: 0.0 ms]
   [Clear CT: 0.1 ms]
   [Other: 0.5 ms]
      [Choose CSet: 0.0 ms]
      [Ref Proc: 0.2 ms]
      [Ref Enq: 0.0 ms]
      [Redirty Cards: 0.1 ms]
      [Humongous Register: 0.0 ms]
      [Humongous Reclaim: 0.0 ms]
      [Free CSet: 0.0 ms]
   [Eden: 74.0M(74.0M)->0.0B(76.0M) Survivors: 2048.0K->1024.0K Heap: 226.2M(256.0M)->151.9M(256.0M)]
 [Times: user=0.02 sys=0.00, real=0.00 secs] 
2019-02-06T22:21:50.964+0500: 789.910: [GC pause (G1 Evacuation Pause) (young), 0.0054938 secs]
   [Parallel Time: 4.6 ms, GC Workers: 8]
      [GC Worker Start (ms): Min: 789909.8, Avg: 789909.8, Max: 789909.9, Diff: 0.1]
      [Ext Root Scanning (ms): Min: 0.2, Avg: 0.3, Max: 0.7, Diff: 0.5, Sum: 2.5]
      [Update RS (ms): Min: 1.7, Avg: 2.1, Max: 2.9, Diff: 1.2, Sum: 16.5]
         [Processed Buffers: Min: 3, Avg: 5.8, Max: 12, Diff: 9, Sum: 46]
      [Scan RS (ms): Min: 0.0, Avg: 0.0, Max: 0.0, Diff: 0.0, Sum: 0.1]
      [Code Root Scanning (ms): Min: 0.0, Avg: 0.0, Max: 0.0, Diff: 0.0, Sum: 0.0]
      [Object Copy (ms): Min: 0.0, Avg: 1.2, Max: 2.0, Diff: 2.0, Sum: 9.3]
      [Termination (ms): Min: 0.0, Avg: 0.7, Max: 1.1, Diff: 1.1, Sum: 5.8]
         [Termination Attempts: Min: 1, Avg: 31.4, Max: 64, Diff: 63, Sum: 251]
      [GC Worker Other (ms): Min: 0.0, Avg: 0.1, Max: 0.3, Diff: 0.3, Sum: 0.4]
      [GC Worker Total (ms): Min: 4.2, Avg: 4.3, Max: 4.5, Diff: 0.3, Sum: 34.6]
      [GC Worker End (ms): Min: 789914.1, Avg: 789914.1, Max: 789914.4, Diff: 0.3]
   [Code Root Fixup: 0.1 ms]
   [Code Root Purge: 0.0 ms]
   [Clear CT: 0.1 ms]
   [Other: 0.7 ms]
      [Choose CSet: 0.0 ms]
      [Ref Proc: 0.4 ms]
      [Ref Enq: 0.0 ms]
      [Redirty Cards: 0.1 ms]
      [Humongous Register: 0.0 ms]
      [Humongous Reclaim: 0.0 ms]
      [Free CSet: 0.0 ms]
   [Eden: 76.0M(76.0M)->0.0B(74.0M) Survivors: 1024.0K->2048.0K Heap: 227.9M(256.0M)->152.3M(256.0M)]
 [Times: user=0.03 sys=0.00, real=0.01 secs] 
2019-02-06T22:21:51.761+0500: 790.707: [GC pause (G1 Evacuation Pause) (young) (initial-mark), 0.0042084 secs]
   [Parallel Time: 3.5 ms, GC Workers: 8]
      [GC Worker Start (ms): Min: 790706.8, Avg: 790706.8, Max: 790706.9, Diff: 0.1]
      [Ext Root Scanning (ms): Min: 0.6, Avg: 0.6, Max: 0.6, Diff: 0.1, Sum: 4.9]
      [Update RS (ms): Min: 1.6, Avg: 1.7, Max: 1.9, Diff: 0.2, Sum: 14.0]
         [Processed Buffers: Min: 4, Avg: 6.0, Max: 14, Diff: 10, Sum: 48]
      [Scan RS (ms): Min: 0.0, Avg: 0.0, Max: 0.0, Diff: 0.0, Sum: 0.1]
      [Code Root Scanning (ms): Min: 0.0, Avg: 0.0, Max: 0.0, Diff: 0.0, Sum: 0.0]
      [Object Copy (ms): Min: 0.7, Avg: 0.8, Max: 0.9, Diff: 0.2, Sum: 6.8]
      [Termination (ms): Min: 0.0, Avg: 0.0, Max: 0.0, Diff: 0.0, Sum: 0.0]
         [Termination Attempts: Min: 1, Avg: 1.0, Max: 1, Diff: 0, Sum: 8]
      [GC Worker Other (ms): Min: 0.0, Avg: 0.0, Max: 0.0, Diff: 0.0, Sum: 0.1]
      [GC Worker Total (ms): Min: 3.2, Avg: 3.2, Max: 3.3, Diff: 0.1, Sum: 25.8]
      [GC Worker End (ms): Min: 790710.0, Avg: 790710.0, Max: 790710.1, Diff: 0.0]
   [Code Root Fixup: 0.1 ms]
   [Code Root Purge: 0.0 ms]
   [Clear CT: 0.1 ms]
   [Other: 0.5 ms]
      [Choose CSet: 0.0 ms]
      [Ref Proc: 0.2 ms]
      [Ref Enq: 0.0 ms]
      [Redirty Cards: 0.1 ms]
      [Humongous Register: 0.0 ms]
      [Humongous Reclaim: 0.0 ms]
      [Free CSet: 0.0 ms]
   [Eden: 74.0M(74.0M)->0.0B(73.0M) Survivors: 2048.0K->2048.0K Heap: 226.3M(256.0M)->152.1M(256.0M)]
 [Times: user=0.03 sys=0.00, real=0.00 secs] 
2019-02-06T22:21:51.765+0500: 790.711: [GC concurrent-root-region-scan-start]
2019-02-06T22:21:51.770+0500: 790.716: [GC concurrent-root-region-scan-end, 0.0046179 secs]
2019-02-06T22:21:51.770+0500: 790.716: [GC concurrent-mark-start]
2019-02-06T22:21:51.793+0500: 790.738: [GC concurrent-mark-end, 0.0227854 secs]
2019-02-06T22:21:51.793+0500: 790.739: [GC remark 2019-02-06T22:21:51.793+0500: 790.739: [Finalize Marking, 0.0002587 secs] 2019-02-06T22:21:51.793+0500: 790.739: [GC ref-proc, 0.0003331 secs] 2019-02-06T22:21:51.793+0500: 790.739: [Unloading, 0.0037574 secs], 0.0063215 secs]
 [Times: user=0.03 sys=0.01, real=0.00 secs] 
2019-02-06T22:21:51.799+0500: 790.745: [GC cleanup 154M->154M(256M), 0.0006814 secs]
 [Times: user=0.00 sys=0.00, real=0.01 secs] 
2019-02-06T22:21:52.575+0500: 791.520: [GC pause (G1 Evacuation Pause) (young), 0.0036632 secs]
   [Parallel Time: 3.1 ms, GC Workers: 8]
      [GC Worker Start (ms): Min: 791520.6, Avg: 791520.6, Max: 791520.7, Diff: 0.1]
      [Ext Root Scanning (ms): Min: 0.2, Avg: 0.3, Max: 0.7, Diff: 0.5, Sum: 2.3]
      [Update RS (ms): Min: 1.3, Avg: 1.7, Max: 1.9, Diff: 0.6, Sum: 13.4]
         [Processed Buffers: Min: 4, Avg: 6.2, Max: 14, Diff: 10, Sum: 50]
      [Scan RS (ms): Min: 0.0, Avg: 0.0, Max: 0.0, Diff: 0.0, Sum: 0.1]
      [Code Root Scanning (ms): Min: 0.0, Avg: 0.0, Max: 0.0, Diff: 0.0, Sum: 0.0]
      [Object Copy (ms): Min: 0.7, Avg: 0.9, Max: 1.0, Diff: 0.3, Sum: 7.5]
      [Termination (ms): Min: 0.0, Avg: 0.0, Max: 0.0, Diff: 0.0, Sum: 0.0]
         [Termination Attempts: Min: 1, Avg: 1.2, Max: 3, Diff: 2, Sum: 10]
      [GC Worker Other (ms): Min: 0.0, Avg: 0.0, Max: 0.0, Diff: 0.0, Sum: 0.2]
      [GC Worker Total (ms): Min: 2.9, Avg: 2.9, Max: 3.0, Diff: 0.1, Sum: 23.4]
      [GC Worker End (ms): Min: 791523.5, Avg: 791523.5, Max: 791523.6, Diff: 0.0]
   [Code Root Fixup: 0.1 ms]
   [Code Root Purge: 0.0 ms]
   [Clear CT: 0.1 ms]
   [Other: 0.4 ms]
      [Choose CSet: 0.0 ms]
      [Ref Proc: 0.2 ms]
      [Ref Enq: 0.0 ms]
      [Redirty Cards: 0.1 ms]
      [Humongous Register: 0.0 ms]
      [Humongous Reclaim: 0.0 ms]
      [Free CSet: 0.0 ms]
   [Eden: 73.0M(73.0M)->0.0B(10.0M) Survivors: 2048.0K->2048.0K Heap: 225.1M(256.0M)->152.6M(256.0M)]
 [Times: user=0.03 sys=0.00, real=0.00 secs] 
2019-02-06T22:21:52.686+0500: 791.632: [GC pause (G1 Evacuation Pause) (mixed), 0.0043161 secs]
   [Parallel Time: 3.6 ms, GC Workers: 8]
      [GC Worker Start (ms): Min: 791631.6, Avg: 791631.7, Max: 791631.8, Diff: 0.1]
      [Ext Root Scanning (ms): Min: 0.2, Avg: 0.3, Max: 0.7, Diff: 0.5, Sum: 2.7]
      [Update RS (ms): Min: 1.5, Avg: 1.7, Max: 1.9, Diff: 0.4, Sum: 13.7]
         [Processed Buffers: Min: 4, Avg: 5.6, Max: 15, Diff: 11, Sum: 45]
      [Scan RS (ms): Min: 0.3, Avg: 0.4, Max: 0.5, Diff: 0.2, Sum: 3.0]
      [Code Root Scanning (ms): Min: 0.0, Avg: 0.0, Max: 0.0, Diff: 0.0, Sum: 0.0]
      [Object Copy (ms): Min: 1.0, Avg: 1.0, Max: 1.1, Diff: 0.1, Sum: 8.4]
      [Termination (ms): Min: 0.0, Avg: 0.0, Max: 0.0, Diff: 0.0, Sum: 0.0]
         [Termination Attempts: Min: 1, Avg: 1.1, Max: 2, Diff: 1, Sum: 9]
      [GC Worker Other (ms): Min: 0.0, Avg: 0.0, Max: 0.0, Diff: 0.0, Sum: 0.1]
      [GC Worker Total (ms): Min: 3.4, Avg: 3.5, Max: 3.6, Diff: 0.1, Sum: 27.9]
      [GC Worker End (ms): Min: 791635.2, Avg: 791635.2, Max: 791635.2, Diff: 0.0]
   [Code Root Fixup: 0.1 ms]
   [Code Root Purge: 0.0 ms]
   [Clear CT: 0.1 ms]
   [Other: 0.5 ms]
      [Choose CSet: 0.0 ms]
      [Ref Proc: 0.2 ms]
      [Ref Enq: 0.0 ms]
      [Redirty Cards: 0.1 ms]
      [Humongous Register: 0.0 ms]
      [Humongous Reclaim: 0.0 ms]
      [Free CSet: 0.0 ms]
   [Eden: 10.0M(10.0M)->0.0B(74.0M) Survivors: 2048.0K->2048.0K Heap: 162.6M(256.0M)->151.5M(256.0M)]
 [Times: user=0.03 sys=0.00, real=0.01 secs] 
2019-02-06T22:21:53.487+0500: 792.433: [GC pause (G1 Evacuation Pause) (young), 0.0040737 secs]
   [Parallel Time: 3.3 ms, GC Workers: 8]
      [GC Worker Start (ms): Min: 792433.0, Avg: 792433.0, Max: 792433.0, Diff: 0.1]
      [Ext Root Scanning (ms): Min: 0.2, Avg: 0.3, Max: 0.7, Diff: 0.5, Sum: 2.4]
      [Update RS (ms): Min: 1.8, Avg: 2.0, Max: 2.2, Diff: 0.4, Sum: 16.2]
         [Processed Buffers: Min: 3, Avg: 6.6, Max: 17, Diff: 14, Sum: 53]
      [Scan RS (ms): Min: 0.0, Avg: 0.0, Max: 0.0, Diff: 0.0, Sum: 0.1]
      [Code Root Scanning (ms): Min: 0.0, Avg: 0.0, Max: 0.0, Diff: 0.0, Sum: 0.0]
      [Object Copy (ms): Min: 0.8, Avg: 0.9, Max: 1.0, Diff: 0.2, Sum: 7.3]
      [Termination (ms): Min: 0.0, Avg: 0.0, Max: 0.0, Diff: 0.0, Sum: 0.0]
         [Termination Attempts: Min: 1, Avg: 1.0, Max: 1, Diff: 0, Sum: 8]
      [GC Worker Other (ms): Min: 0.0, Avg: 0.0, Max: 0.0, Diff: 0.0, Sum: 0.1]
      [GC Worker Total (ms): Min: 3.2, Avg: 3.3, Max: 3.3, Diff: 0.1, Sum: 26.1]
      [GC Worker End (ms): Min: 792436.3, Avg: 792436.3, Max: 792436.3, Diff: 0.0]
   [Code Root Fixup: 0.1 ms]
   [Code Root Purge: 0.0 ms]
   [Clear CT: 0.1 ms]
   [Other: 0.5 ms]
      [Choose CSet: 0.0 ms]
      [Ref Proc: 0.2 ms]
      [Ref Enq: 0.0 ms]
      [Redirty Cards: 0.1 ms]
      [Humongous Register: 0.0 ms]
      [Humongous Reclaim: 0.0 ms]
      [Free CSet: 0.0 ms]
   [Eden: 74.0M(74.0M)->0.0B(74.0M) Survivors: 2048.0K->2048.0K Heap: 225.5M(256.0M)->152.0M(256.0M)]
 [Times: user=0.03 sys=0.00, real=0.01 secs] 
2019-02-06T22:21:54.272+0500: 793.218: [GC pause (G1 Evacuation Pause) (young) (initial-mark), 0.0042671 secs]
   [Parallel Time: 3.6 ms, GC Workers: 8]
      [GC Worker Start (ms): Min: 793218.3, Avg: 793218.4, Max: 793218.4, Diff: 0.1]
      [Ext Root Scanning (ms): Min: 0.6, Avg: 0.7, Max: 0.7, Diff: 0.1, Sum: 5.3]
      [Update RS (ms): Min: 1.7, Avg: 1.9, Max: 2.0, Diff: 0.3, Sum: 14.8]
         [Processed Buffers: Min: 4, Avg: 6.2, Max: 13, Diff: 9, Sum: 50]
      [Scan RS (ms): Min: 0.0, Avg: 0.0, Max: 0.0, Diff: 0.0, Sum: 0.0]
      [Code Root Scanning (ms): Min: 0.0, Avg: 0.0, Max: 0.0, Diff: 0.0, Sum: 0.0]
      [Object Copy (ms): Min: 0.7, Avg: 0.9, Max: 1.0, Diff: 0.3, Sum: 6.9]
      [Termination (ms): Min: 0.0, Avg: 0.0, Max: 0.0, Diff: 0.0, Sum: 0.0]
         [Termination Attempts: Min: 1, Avg: 1.1, Max: 2, Diff: 1, Sum: 9]
      [GC Worker Other (ms): Min: 0.0, Avg: 0.0, Max: 0.0, Diff: 0.0, Sum: 0.1]
      [GC Worker Total (ms): Min: 3.4, Avg: 3.4, Max: 3.4, Diff: 0.1, Sum: 27.3]
      [GC Worker End (ms): Min: 793221.8, Avg: 793221.8, Max: 793221.8, Diff: 0.0]
   [Code Root Fixup: 0.0 ms]
   [Code Root Purge: 0.0 ms]
   [Clear CT: 0.1 ms]
   [Other: 0.5 ms]
      [Choose CSet: 0.0 ms]
      [Ref Proc: 0.2 ms]
      [Ref Enq: 0.0 ms]
      [Redirty Cards: 0.1 ms]
      [Humongous Register: 0.0 ms]
      [Humongous Reclaim: 0.0 ms]
      [Free CSet: 0.0 ms]
   [Eden: 74.0M(74.0M)->0.0B(74.0M) Survivors: 2048.0K->2048.0K Heap: 226.0M(256.0M)->151.8M(256.0M)]
 [Times: user=0.02 sys=0.01, real=0.00 secs] 
2019-02-06T22:21:54.277+0500: 793.223: [GC concurrent-root-region-scan-start]
2019-02-06T22:21:54.281+0500: 793.227: [GC concurrent-root-region-scan-end, 0.0039547 secs]
2019-02-06T22:21:54.281+0500: 793.227: [GC concurrent-mark-start]
2019-02-06T22:21:54.303+0500: 793.249: [GC concurrent-mark-end, 0.0222227 secs]
2019-02-06T22:21:54.303+0500: 793.249: [GC remark 2019-02-06T22:21:54.303+0500: 793.249: [Finalize Marking, 0.0002530 secs] 2019-02-06T22:21:54.303+0500: 793.249: [GC ref-proc, 0.0002244 secs] 2019-02-06T22:21:54.304+0500: 793.250: [Unloading, 0.0036219 secs], 0.0057064 secs]
 [Times: user=0.02 sys=0.00, real=0.00 secs] 
2019-02-06T22:21:54.309+0500: 793.255: [GC cleanup 154M->154M(256M), 0.0006014 secs]
 [Times: user=0.01 sys=0.00, real=0.01 secs] 
2019-02-06T22:21:55.109+0500: 794.055: [GC pause (G1 Evacuation Pause) (young), 0.0037944 secs]
   [Parallel Time: 3.1 ms, GC Workers: 8]
      [GC Worker Start (ms): Min: 794055.3, Avg: 794055.4, Max: 794055.4, Diff: 0.1]
      [Ext Root Scanning (ms): Min: 0.2, Avg: 0.3, Max: 0.7, Diff: 0.5, Sum: 2.3]
      [Update RS (ms): Min: 1.4, Avg: 1.8, Max: 1.9, Diff: 0.5, Sum: 14.2]
         [Processed Buffers: Min: 4, Avg: 6.4, Max: 14, Diff: 10, Sum: 51]
      [Scan RS (ms): Min: 0.0, Avg: 0.0, Max: 0.0, Diff: 0.0, Sum: 0.1]
      [Code Root Scanning (ms): Min: 0.0, Avg: 0.0, Max: 0.0, Diff: 0.0, Sum: 0.0]
      [Object Copy (ms): Min: 0.8, Avg: 0.9, Max: 0.9, Diff: 0.1, Sum: 7.2]
      [Termination (ms): Min: 0.0, Avg: 0.0, Max: 0.0, Diff: 0.0, Sum: 0.0]
         [Termination Attempts: Min: 1, Avg: 1.0, Max: 1, Diff: 0, Sum: 8]
      [GC Worker Other (ms): Min: 0.0, Avg: 0.0, Max: 0.0, Diff: 0.0, Sum: 0.2]
      [GC Worker Total (ms): Min: 2.9, Avg: 3.0, Max: 3.1, Diff: 0.1, Sum: 23.9]
      [GC Worker End (ms): Min: 794058.3, Avg: 794058.3, Max: 794058.4, Diff: 0.0]
   [Code Root Fixup: 0.0 ms]
   [Code Root Purge: 0.0 ms]
   [Clear CT: 0.1 ms]
   [Other: 0.5 ms]
      [Choose CSet: 0.0 ms]
      [Ref Proc: 0.2 ms]
      [Ref Enq: 0.0 ms]
      [Redirty Cards: 0.1 ms]
      [Humongous Register: 0.0 ms]
      [Humongous Reclaim: 0.0 ms]
      [Free CSet: 0.0 ms]
   [Eden: 74.0M(74.0M)->0.0B(74.0M) Survivors: 2048.0K->2048.0K Heap: 225.8M(256.0M)->152.2M(256.0M)]
 [Times: user=0.02 sys=0.00, real=0.01 secs] 
2019-02-06T22:21:55.968+0500: 794.914: [GC pause (G1 Evacuation Pause) (young), 0.0040121 secs]
   [Parallel Time: 3.3 ms, GC Workers: 8]
      [GC Worker Start (ms): Min: 794913.8, Avg: 794913.9, Max: 794913.9, Diff: 0.1]
      [Ext Root Scanning (ms): Min: 0.2, Avg: 0.3, Max: 0.7, Diff: 0.5, Sum: 2.5]
      [Update RS (ms): Min: 1.4, Avg: 1.8, Max: 1.9, Diff: 0.5, Sum: 14.5]
         [Processed Buffers: Min: 4, Avg: 6.1, Max: 11, Diff: 7, Sum: 49]
      [Scan RS (ms): Min: 0.0, Avg: 0.0, Max: 0.0, Diff: 0.0, Sum: 0.1]
      [Code Root Scanning (ms): Min: 0.0, Avg: 0.0, Max: 0.0, Diff: 0.0, Sum: 0.0]
      [Object Copy (ms): Min: 0.8, Avg: 0.9, Max: 1.1, Diff: 0.3, Sum: 7.2]
      [Termination (ms): Min: 0.0, Avg: 0.1, Max: 0.1, Diff: 0.1, Sum: 0.8]
         [Termination Attempts: Min: 1, Avg: 1.1, Max: 2, Diff: 1, Sum: 9]
      [GC Worker Other (ms): Min: 0.0, Avg: 0.0, Max: 0.0, Diff: 0.0, Sum: 0.1]
      [GC Worker Total (ms): Min: 3.1, Avg: 3.2, Max: 3.2, Diff: 0.1, Sum: 25.3]
      [GC Worker End (ms): Min: 794917.0, Avg: 794917.0, Max: 794917.0, Diff: 0.0]
   [Code Root Fixup: 0.1 ms]
   [Code Root Purge: 0.0 ms]
   [Clear CT: 0.1 ms]
   [Other: 0.5 ms]
      [Choose CSet: 0.0 ms]
      [Ref Proc: 0.2 ms]
      [Ref Enq: 0.0 ms]
      [Redirty Cards: 0.1 ms]
      [Humongous Register: 0.0 ms]
      [Humongous Reclaim: 0.0 ms]
      [Free CSet: 0.0 ms]
   [Eden: 74.0M(74.0M)->0.0B(76.0M) Survivors: 2048.0K->1024.0K Heap: 226.2M(256.0M)->151.8M(256.0M)]
 [Times: user=0.03 sys=0.00, real=0.01 secs] 
2019-02-06T22:21:56.809+0500: 795.755: [GC pause (G1 Evacuation Pause) (young) (initial-mark), 0.0043338 secs]
   [Parallel Time: 3.6 ms, GC Workers: 8]
      [GC Worker Start (ms): Min: 795754.8, Avg: 795754.9, Max: 795754.9, Diff: 0.1]
      [Ext Root Scanning (ms): Min: 0.6, Avg: 0.6, Max: 0.7, Diff: 0.1, Sum: 5.1]
      [Update RS (ms): Min: 1.7, Avg: 1.8, Max: 1.9, Diff: 0.2, Sum: 14.7]
         [Processed Buffers: Min: 4, Avg: 6.0, Max: 15, Diff: 11, Sum: 48]
      [Scan RS (ms): Min: 0.0, Avg: 0.0, Max: 0.0, Diff: 0.0, Sum: 0.0]
      [Code Root Scanning (ms): Min: 0.0, Avg: 0.0, Max: 0.0, Diff: 0.0, Sum: 0.0]
      [Object Copy (ms): Min: 0.8, Avg: 0.9, Max: 0.9, Diff: 0.2, Sum: 7.0]
      [Termination (ms): Min: 0.0, Avg: 0.0, Max: 0.0, Diff: 0.0, Sum: 0.0]
         [Termination Attempts: Min: 1, Avg: 1.6, Max: 3, Diff: 2, Sum: 13]
      [GC Worker Other (ms): Min: 0.0, Avg: 0.0, Max: 0.0, Diff: 0.0, Sum: 0.1]
      [GC Worker Total (ms): Min: 3.3, Avg: 3.4, Max: 3.4, Diff: 0.1, Sum: 27.0]
      [GC Worker End (ms): Min: 795758.2, Avg: 795758.2, Max: 795758.2, Diff: 0.0]
   [Code Root Fixup: 0.0 ms]
   [Code Root Purge: 0.0 ms]
   [Clear CT: 0.1 ms]
   [Other: 0.5 ms]
      [Choose CSet: 0.0 ms]
      [Ref Proc: 0.2 ms]
      [Ref Enq: 0.0 ms]
      [Redirty Cards: 0.1 ms]
      [Humongous Register: 0.0 ms]
      [Humongous Reclaim: 0.0 ms]
      [Free CSet: 0.0 ms]
   [Eden: 76.0M(76.0M)->0.0B(74.0M) Survivors: 1024.0K->2048.0K Heap: 227.8M(256.0M)->152.3M(256.0M)]
 [Times: user=0.03 sys=0.00, real=0.01 secs] 
2019-02-06T22:21:56.813+0500: 795.759: [GC concurrent-root-region-scan-start]
2019-02-06T22:21:56.817+0500: 795.763: [GC concurrent-root-region-scan-end, 0.0040892 secs]
2019-02-06T22:21:56.817+0500: 795.763: [GC concurrent-mark-start]
2019-02-06T22:21:56.840+0500: 795.786: [GC concurrent-mark-end, 0.0223117 secs]
2019-02-06T22:21:56.840+0500: 795.786: [GC remark 2019-02-06T22:21:56.840+0500: 795.786: [Finalize Marking, 0.0002471 secs] 2019-02-06T22:21:56.840+0500: 795.786: [GC ref-proc, 0.0003291 secs] 2019-02-06T22:21:56.841+0500: 795.787: [Unloading, 0.0036994 secs], 0.0057247 secs]
 [Times: user=0.03 sys=0.00, real=0.00 secs] 
2019-02-06T22:21:56.846+0500: 795.792: [GC cleanup 154M->154M(256M), 0.0005149 secs]
 [Times: user=0.00 sys=0.00, real=0.00 secs] 
2019-02-06T22:21:57.600+0500: 796.546: [GC pause (G1 Evacuation Pause) (young), 0.0038269 secs]
   [Parallel Time: 3.1 ms, GC Workers: 8]
      [GC Worker Start (ms): Min: 796546.2, Avg: 796546.2, Max: 796546.2, Diff: 0.1]
      [Ext Root Scanning (ms): Min: 0.2, Avg: 0.3, Max: 0.7, Diff: 0.5, Sum: 2.4]
      [Update RS (ms): Min: 1.5, Avg: 1.8, Max: 1.9, Diff: 0.5, Sum: 14.3]
         [Processed Buffers: Min: 4, Avg: 6.2, Max: 12, Diff: 8, Sum: 50]
      [Scan RS (ms): Min: 0.0, Avg: 0.0, Max: 0.0, Diff: 0.0, Sum: 0.1]
      [Code Root Scanning (ms): Min: 0.0, Avg: 0.0, Max: 0.0, Diff: 0.0, Sum: 0.0]
      [Object Copy (ms): Min: 0.8, Avg: 0.9, Max: 0.9, Diff: 0.2, Sum: 7.1]
      [Termination (ms): Min: 0.0, Avg: 0.0, Max: 0.0, Diff: 0.0, Sum: 0.0]
         [Termination Attempts: Min: 1, Avg: 1.0, Max: 1, Diff: 0, Sum: 8]
      [GC Worker Other (ms): Min: 0.0, Avg: 0.0, Max: 0.0, Diff: 0.0, Sum: 0.1]
      [GC Worker Total (ms): Min: 3.0, Avg: 3.0, Max: 3.0, Diff: 0.1, Sum: 23.9]
      [GC Worker End (ms): Min: 796549.2, Avg: 796549.2, Max: 796549.2, Diff: 0.0]
   [Code Root Fixup: 0.0 ms]
   [Code Root Purge: 0.0 ms]
   [Clear CT: 0.1 ms]
   [Other: 0.5 ms]
      [Choose CSet: 0.0 ms]
      [Ref Proc: 0.2 ms]
      [Ref Enq: 0.0 ms]
      [Redirty Cards: 0.1 ms]
      [Humongous Register: 0.0 ms]
      [Humongous Reclaim: 0.0 ms]
      [Free CSet: 0.0 ms]
   [Eden: 74.0M(74.0M)->0.0B(76.0M) Survivors: 2048.0K->1024.0K Heap: 226.3M(256.0M)->152.0M(256.0M)]
 [Times: user=0.03 sys=0.00, real=0.00 secs] 
2019-02-06T22:21:58.571+0500: 797.517: [GC pause (G1 Evacuation Pause) (young), 0.0057870 secs]
   [Parallel Time: 5.1 ms, GC Workers: 8]
      [GC Worker Start (ms): Min: 797516.9, Avg: 797516.9, Max: 797517.0, Diff: 0.1]
      [Ext Root Scanning (ms): Min: 0.2, Avg: 0.3, Max: 0.7, Diff: 0.5, Sum: 2.3]
      [Update RS (ms): Min: 1.6, Avg: 2.2, Max: 4.2, Diff: 2.6, Sum: 17.5]
         [Processed Buffers: Min: 2, Avg: 6.8, Max: 14, Diff: 12, Sum: 54]
      [Scan RS (ms): Min: 0.0, Avg: 0.0, Max: 0.0, Diff: 0.0, Sum: 0.1]
      [Code Root Scanning (ms): Min: 0.0, Avg: 0.0, Max: 0.0, Diff: 0.0, Sum: 0.0]
      [Object Copy (ms): Min: 0.0, Avg: 1.1, Max: 1.7, Diff: 1.7, Sum: 8.6]
      [Termination (ms): Min: 0.0, Avg: 1.2, Max: 1.7, Diff: 1.7, Sum: 9.8]
         [Termination Attempts: Min: 1, Avg: 14.6, Max: 61, Diff: 60, Sum: 117]
      [GC Worker Other (ms): Min: 0.0, Avg: 0.0, Max: 0.0, Diff: 0.0, Sum: 0.1]
      [GC Worker Total (ms): Min: 4.5, Avg: 4.8, Max: 5.1, Diff: 0.6, Sum: 38.3]
      [GC Worker End (ms): Min: 797521.4, Avg: 797521.7, Max: 797522.0, Diff: 0.5]
   [Code Root Fixup: 0.1 ms]
   [Code Root Purge: 0.0 ms]
   [Clear CT: 0.1 ms]
   [Other: 0.5 ms]
      [Choose CSet: 0.0 ms]
      [Ref Proc: 0.2 ms]
      [Ref Enq: 0.0 ms]
      [Redirty Cards: 0.1 ms]
      [Humongous Register: 0.0 ms]
      [Humongous Reclaim: 0.0 ms]
      [Free CSet: 0.0 ms]
   [Eden: 76.0M(76.0M)->0.0B(73.0M) Survivors: 1024.0K->2048.0K Heap: 228.0M(256.0M)->152.6M(256.0M)]
 [Times: user=0.03 sys=0.00, real=0.00 secs] 
2019-02-06T22:21:59.543+0500: 798.489: [GC pause (G1 Evacuation Pause) (young) (initial-mark), 0.0295718 secs]
   [Parallel Time: 18.2 ms, GC Workers: 8]
      [GC Worker Start (ms): Min: 798489.4, Avg: 798489.7, Max: 798490.0, Diff: 0.6]
      [Ext Root Scanning (ms): Min: 0.8, Avg: 2.9, Max: 7.4, Diff: 6.6, Sum: 23.3]
      [Update RS (ms): Min: 0.0, Avg: 2.3, Max: 5.2, Diff: 5.2, Sum: 18.3]
         [Processed Buffers: Min: 0, Avg: 6.8, Max: 23, Diff: 23, Sum: 54]
      [Scan RS (ms): Min: 0.0, Avg: 0.0, Max: 0.0, Diff: 0.0, Sum: 0.1]
      [Code Root Scanning (ms): Min: 0.0, Avg: 0.0, Max: 0.0, Diff: 0.0, Sum: 0.0]
      [Object Copy (ms): Min: 0.0, Avg: 1.6, Max: 2.9, Diff: 2.9, Sum: 12.6]
      [Termination (ms): Min: 0.0, Avg: 8.2, Max: 11.0, Diff: 11.0, Sum: 65.5]
         [Termination Attempts: Min: 1, Avg: 2.0, Max: 5, Diff: 4, Sum: 16]
      [GC Worker Other (ms): Min: 0.0, Avg: 0.0, Max: 0.0, Diff: 0.0, Sum: 0.1]
      [GC Worker Total (ms): Min: 7.4, Avg: 15.0, Max: 17.8, Diff: 10.4, Sum: 119.9]
      [GC Worker End (ms): Min: 798497.4, Avg: 798504.7, Max: 798507.4, Diff: 10.0]
   [Code Root Fixup: 0.0 ms]
   [Code Root Purge: 0.0 ms]
   [Clear CT: 0.1 ms]
   [Other: 11.2 ms]
      [Choose CSet: 0.0 ms]
      [Ref Proc: 10.8 ms]
      [Ref Enq: 0.0 ms]
      [Redirty Cards: 0.1 ms]
      [Humongous Register: 0.0 ms]
      [Humongous Reclaim: 0.0 ms]
      [Free CSet: 0.0 ms]
   [Eden: 73.0M(73.0M)->0.0B(73.0M) Survivors: 2048.0K->2048.0K Heap: 225.6M(256.0M)->152.2M(256.0M)]
 [Times: user=0.04 sys=0.00, real=0.03 secs] 
2019-02-06T22:21:59.573+0500: 798.519: [GC concurrent-root-region-scan-start]
2019-02-06T22:21:59.578+0500: 798.524: [GC concurrent-root-region-scan-end, 0.0045464 secs]
2019-02-06T22:21:59.578+0500: 798.524: [GC concurrent-mark-start]
2019-02-06T22:21:59.601+0500: 798.547: [GC concurrent-mark-end, 0.0230550 secs]
2019-02-06T22:21:59.601+0500: 798.547: [GC remark 2019-02-06T22:21:59.601+0500: 798.547: [Finalize Marking, 0.0109594 secs] 2019-02-06T22:21:59.612+0500: 798.558: [GC ref-proc, 0.0003402 secs] 2019-02-06T22:21:59.613+0500: 798.559: [Unloading, 0.0046040 secs], 0.0176941 secs]
 [Times: user=0.03 sys=0.00, real=0.01 secs] 
2019-02-06T22:21:59.619+0500: 798.565: [GC cleanup 154M->154M(256M), 0.0006164 secs]
 [Times: user=0.00 sys=0.00, real=0.01 secs] 
2019-02-06T22:22:00.798+0500: 799.744: [GC pause (G1 Evacuation Pause) (young), 0.0272421 secs]
   [Parallel Time: 18.8 ms, GC Workers: 8]
      [GC Worker Start (ms): Min: 799744.1, Avg: 799746.2, Max: 799752.7, Diff: 8.7]
      [Ext Root Scanning (ms): Min: 0.0, Avg: 0.3, Max: 0.7, Diff: 0.7, Sum: 2.7]
      [Update RS (ms): Min: 0.0, Avg: 3.1, Max: 7.8, Diff: 7.8, Sum: 24.8]
         [Processed Buffers: Min: 0, Avg: 6.6, Max: 15, Diff: 15, Sum: 53]
      [Scan RS (ms): Min: 0.0, Avg: 0.0, Max: 0.0, Diff: 0.0, Sum: 0.1]
      [Code Root Scanning (ms): Min: 0.0, Avg: 0.0, Max: 0.0, Diff: 0.0, Sum: 0.0]
      [Object Copy (ms): Min: 0.0, Avg: 2.2, Max: 4.0, Diff: 4.0, Sum: 17.7]
      [Termination (ms): Min: 0.0, Avg: 5.8, Max: 11.3, Diff: 11.3, Sum: 46.1]
         [Termination Attempts: Min: 1, Avg: 2.9, Max: 10, Diff: 9, Sum: 23]
      [GC Worker Other (ms): Min: 0.0, Avg: 0.0, Max: 0.0, Diff: 0.0, Sum: 0.1]
      [GC Worker Total (ms): Min: 0.0, Avg: 11.4, Max: 18.7, Diff: 18.6, Sum: 91.4]
      [GC Worker End (ms): Min: 799752.8, Avg: 799757.6, Max: 799762.8, Diff: 10.0]
   [Code Root Fixup: 0.1 ms]
   [Code Root Purge: 0.0 ms]
   [Clear CT: 0.1 ms]
   [Other: 8.3 ms]
      [Choose CSet: 0.0 ms]
      [Ref Proc: 7.9 ms]
      [Ref Enq: 0.0 ms]
      [Redirty Cards: 0.1 ms]
      [Humongous Register: 0.0 ms]
      [Humongous Reclaim: 0.0 ms]
      [Free CSet: 0.0 ms]
   [Eden: 73.0M(73.0M)->0.0B(10.0M) Survivors: 2048.0K->2048.0K Heap: 225.2M(256.0M)->152.4M(256.0M)]
 [Times: user=0.04 sys=0.00, real=0.03 secs] 
2019-02-06T22:22:01.023+0500: 799.969: [GC pause (G1 Evacuation Pause) (mixed), 0.0178792 secs]
   [Parallel Time: 15.5 ms, GC Workers: 8]
      [GC Worker Start (ms): Min: 799970.0, Avg: 799975.4, Max: 799981.5, Diff: 11.6]
      [Ext Root Scanning (ms): Min: 0.0, Avg: 0.3, Max: 1.4, Diff: 1.4, Sum: 2.2]
      [Update RS (ms): Min: 0.0, Avg: 2.7, Max: 5.6, Diff: 5.6, Sum: 21.9]
         [Processed Buffers: Min: 0, Avg: 6.4, Max: 18, Diff: 18, Sum: 51]
      [Scan RS (ms): Min: 0.0, Avg: 0.7, Max: 2.6, Diff: 2.6, Sum: 5.9]
      [Code Root Scanning (ms): Min: 0.0, Avg: 0.0, Max: 0.0, Diff: 0.0, Sum: 0.0]
      [Object Copy (ms): Min: 0.0, Avg: 1.8, Max: 3.4, Diff: 3.4, Sum: 14.3]
      [Termination (ms): Min: 0.0, Avg: 2.2, Max: 4.4, Diff: 4.4, Sum: 17.6]
         [Termination Attempts: Min: 1, Avg: 3.6, Max: 8, Diff: 7, Sum: 29]
      [GC Worker Other (ms): Min: 0.0, Avg: 0.0, Max: 0.0, Diff: 0.0, Sum: 0.1]
      [GC Worker Total (ms): Min: 0.0, Avg: 7.8, Max: 13.4, Diff: 13.3, Sum: 62.0]
      [GC Worker End (ms): Min: 799981.6, Avg: 799983.1, Max: 799984.9, Diff: 3.3]
   [Code Root Fixup: 0.1 ms]
   [Code Root Purge: 0.0 ms]
   [Clear CT: 0.3 ms]
   [Other: 2.0 ms]
      [Choose CSet: 0.0 ms]
      [Ref Proc: 1.7 ms]
      [Ref Enq: 0.0 ms]
      [Redirty Cards: 0.1 ms]
      [Humongous Register: 0.0 ms]
      [Humongous Reclaim: 0.0 ms]
      [Free CSet: 0.0 ms]
   [Eden: 10.0M(10.0M)->0.0B(74.0M) Survivors: 2048.0K->2048.0K Heap: 162.4M(256.0M)->151.5M(256.0M)]
 [Times: user=0.04 sys=0.01, real=0.02 secs] 
2019-02-06T22:22:02.212+0500: 801.158: [GC pause (G1 Evacuation Pause) (young), 0.0258508 secs]
   [Parallel Time: 14.4 ms, GC Workers: 8]
      [GC Worker Start (ms): Min: 801158.3, Avg: 801158.3, Max: 801158.4, Diff: 0.1]
      [Ext Root Scanning (ms): Min: 0.2, Avg: 0.3, Max: 0.6, Diff: 0.5, Sum: 2.2]
      [Update RS (ms): Min: 1.8, Avg: 2.3, Max: 2.7, Diff: 0.9, Sum: 18.1]
         [Processed Buffers: Min: 3, Avg: 6.5, Max: 11, Diff: 8, Sum: 52]
      [Scan RS (ms): Min: 0.0, Avg: 0.0, Max: 0.0, Diff: 0.0, Sum: 0.1]
      [Code Root Scanning (ms): Min: 0.0, Avg: 0.0, Max: 0.0, Diff: 0.0, Sum: 0.0]
      [Object Copy (ms): Min: 0.6, Avg: 1.1, Max: 1.8, Diff: 1.1, Sum: 8.9]
      [Termination (ms): Min: 0.0, Avg: 5.6, Max: 10.7, Diff: 10.7, Sum: 45.0]
         [Termination Attempts: Min: 1, Avg: 1.1, Max: 2, Diff: 1, Sum: 9]
      [GC Worker Other (ms): Min: 0.0, Avg: 0.0, Max: 0.0, Diff: 0.0, Sum: 0.1]
      [GC Worker Total (ms): Min: 4.2, Avg: 9.3, Max: 14.3, Diff: 10.1, Sum: 74.4]
      [GC Worker End (ms): Min: 801162.6, Avg: 801167.6, Max: 801172.7, Diff: 10.0]
   [Code Root Fixup: 0.0 ms]
   [Code Root Purge: 0.0 ms]
   [Clear CT: 0.1 ms]
   [Other: 11.2 ms]
      [Choose CSet: 0.0 ms]
      [Ref Proc: 10.9 ms]
      [Ref Enq: 0.0 ms]
      [Redirty Cards: 0.1 ms]
      [Humongous Register: 0.0 ms]
      [Humongous Reclaim: 0.0 ms]
      [Free CSet: 0.0 ms]
   [Eden: 74.0M(74.0M)->0.0B(74.0M) Survivors: 2048.0K->2048.0K Heap: 225.5M(256.0M)->151.8M(256.0M)]
 [Times: user=0.03 sys=0.00, real=0.02 secs] 
2019-02-06T22:22:02.503+0500: 801.449: [GC pause (G1 Evacuation Pause) (young) (initial-mark), 0.0054445 secs]
   [Parallel Time: 4.7 ms, GC Workers: 8]
      [GC Worker Start (ms): Min: 801449.3, Avg: 801449.4, Max: 801449.5, Diff: 0.1]
      [Ext Root Scanning (ms): Min: 0.5, Avg: 0.9, Max: 2.0, Diff: 1.4, Sum: 7.0]
      [Update RS (ms): Min: 0.6, Avg: 1.6, Max: 2.0, Diff: 1.3, Sum: 13.1]
         [Processed Buffers: Min: 4, Avg: 6.0, Max: 11, Diff: 7, Sum: 48]
      [Scan RS (ms): Min: 0.1, Avg: 0.4, Max: 1.9, Diff: 1.7, Sum: 3.3]
      [Code Root Scanning (ms): Min: 0.0, Avg: 0.0, Max: 0.0, Diff: 0.0, Sum: 0.0]
      [Object Copy (ms): Min: 0.0, Avg: 1.0, Max: 1.1, Diff: 1.1, Sum: 7.8]
      [Termination (ms): Min: 0.0, Avg: 0.6, Max: 0.6, Diff: 0.6, Sum: 4.5]
         [Termination Attempts: Min: 1, Avg: 3.2, Max: 5, Diff: 4, Sum: 26]
      [GC Worker Other (ms): Min: 0.0, Avg: 0.0, Max: 0.0, Diff: 0.0, Sum: 0.1]
      [GC Worker Total (ms): Min: 4.4, Avg: 4.5, Max: 4.5, Diff: 0.1, Sum: 35.8]
      [GC Worker End (ms): Min: 801453.8, Avg: 801453.9, Max: 801453.9, Diff: 0.1]
   [Code Root Fixup: 0.0 ms]
   [Code Root Purge: 0.0 ms]
   [Clear CT: 0.1 ms]
   [Other: 0.6 ms]
      [Choose CSet: 0.0 ms]
      [Ref Proc: 0.3 ms]
      [Ref Enq: 0.0 ms]
      [Redirty Cards: 0.1 ms]
      [Humongous Register: 0.0 ms]
      [Humongous Reclaim: 0.0 ms]
      [Free CSet: 0.0 ms]
   [Eden: 18.0M(10.0M)->0.0B(76.0M) Survivors: 2048.0K->1024.0K Heap: 169.8M(256.0M)->151.5M(256.0M)]
 [Times: user=0.04 sys=0.00, real=0.00 secs] 
2019-02-06T22:22:02.509+0500: 801.455: [GC concurrent-root-region-scan-start]
2019-02-06T22:22:02.513+0500: 801.459: [GC concurrent-root-region-scan-end, 0.0042386 secs]
2019-02-06T22:22:02.513+0500: 801.459: [GC concurrent-mark-start]
2019-02-06T22:22:02.536+0500: 801.482: [GC concurrent-mark-end, 0.0227310 secs]
2019-02-06T22:22:02.536+0500: 801.482: [GC remark 2019-02-06T22:22:02.536+0500: 801.482: [Finalize Marking, 0.0001963 secs] 2019-02-06T22:22:02.536+0500: 801.482: [GC ref-proc, 0.0003421 secs] 2019-02-06T22:22:02.537+0500: 801.483: [Unloading, 0.0036741 secs], 0.0060813 secs]
 [Times: user=0.03 sys=0.00, real=0.01 secs] 
2019-02-06T22:22:02.543+0500: 801.488: [GC cleanup 154M->154M(256M), 0.0005503 secs]
 [Times: user=0.00 sys=0.00, real=0.00 secs] 
2019-02-06T22:22:04.748+0500: 803.694: [GC pause (G1 Evacuation Pause) (young), 0.0151031 secs]
   [Parallel Time: 14.3 ms, GC Workers: 8]
      [GC Worker Start (ms): Min: 803694.4, Avg: 803694.4, Max: 803694.4, Diff: 0.1]
      [Ext Root Scanning (ms): Min: 0.3, Avg: 0.9, Max: 4.2, Diff: 3.9, Sum: 7.2]
      [Update RS (ms): Min: 0.0, Avg: 1.7, Max: 2.2, Diff: 2.2, Sum: 13.9]
         [Processed Buffers: Min: 0, Avg: 6.8, Max: 17, Diff: 17, Sum: 54]
      [Scan RS (ms): Min: 0.0, Avg: 0.1, Max: 0.3, Diff: 0.3, Sum: 1.2]
      [Code Root Scanning (ms): Min: 0.0, Avg: 0.0, Max: 0.0, Diff: 0.0, Sum: 0.0]
      [Object Copy (ms): Min: 0.0, Avg: 0.8, Max: 1.0, Diff: 1.0, Sum: 6.4]
      [Termination (ms): Min: 0.0, Avg: 9.4, Max: 10.7, Diff: 10.7, Sum: 74.8]
         [Termination Attempts: Min: 1, Avg: 1.1, Max: 2, Diff: 1, Sum: 9]
      [GC Worker Other (ms): Min: 0.0, Avg: 0.0, Max: 0.0, Diff: 0.0, Sum: 0.1]
      [GC Worker Total (ms): Min: 4.2, Avg: 13.0, Max: 14.3, Diff: 10.0, Sum: 103.7]
      [GC Worker End (ms): Min: 803698.6, Avg: 803707.4, Max: 803708.6, Diff: 10.0]
   [Code Root Fixup: 0.1 ms]
   [Code Root Purge: 0.0 ms]
   [Clear CT: 0.1 ms]
   [Other: 0.6 ms]
      [Choose CSet: 0.0 ms]
      [Ref Proc: 0.2 ms]
      [Ref Enq: 0.0 ms]
      [Redirty Cards: 0.2 ms]
      [Humongous Register: 0.0 ms]
      [Humongous Reclaim: 0.0 ms]
      [Free CSet: 0.0 ms]
   [Eden: 76.0M(76.0M)->0.0B(74.0M) Survivors: 1024.0K->2048.0K Heap: 227.5M(256.0M)->151.9M(256.0M)]
 [Times: user=0.03 sys=0.00, real=0.02 secs] 
2019-02-06T22:22:05.871+0500: 804.817: [GC pause (G1 Evacuation Pause) (young), 0.0119053 secs]
   [Parallel Time: 10.2 ms, GC Workers: 8]
      [GC Worker Start (ms): Min: 804817.3, Avg: 804817.6, Max: 804819.9, Diff: 2.6]
      [Ext Root Scanning (ms): Min: 0.0, Avg: 0.3, Max: 0.7, Diff: 0.7, Sum: 2.4]
      [Update RS (ms): Min: 0.0, Avg: 1.9, Max: 2.4, Diff: 2.4, Sum: 15.2]
         [Processed Buffers: Min: 0, Avg: 6.2, Max: 13, Diff: 13, Sum: 50]
      [Scan RS (ms): Min: 0.0, Avg: 0.0, Max: 0.0, Diff: 0.0, Sum: 0.1]
      [Code Root Scanning (ms): Min: 0.0, Avg: 0.0, Max: 0.0, Diff: 0.0, Sum: 0.0]
      [Object Copy (ms): Min: 1.1, Avg: 1.3, Max: 2.0, Diff: 0.9, Sum: 10.2]
      [Termination (ms): Min: 0.0, Avg: 3.9, Max: 6.3, Diff: 6.3, Sum: 31.5]
         [Termination Attempts: Min: 1, Avg: 2.2, Max: 4, Diff: 3, Sum: 18]
      [GC Worker Other (ms): Min: 0.0, Avg: 0.0, Max: 0.0, Diff: 0.0, Sum: 0.1]
      [GC Worker Total (ms): Min: 1.8, Avg: 7.4, Max: 10.0, Diff: 8.2, Sum: 59.5]
      [GC Worker End (ms): Min: 804821.7, Avg: 804825.1, Max: 804827.4, Diff: 5.7]
   [Code Root Fixup: 0.1 ms]
   [Code Root Purge: 0.0 ms]
   [Clear CT: 0.1 ms]
   [Other: 1.5 ms]
      [Choose CSet: 0.0 ms]
      [Ref Proc: 1.2 ms]
      [Ref Enq: 0.0 ms]
      [Redirty Cards: 0.1 ms]
      [Humongous Register: 0.0 ms]
      [Humongous Reclaim: 0.0 ms]
      [Free CSet: 0.0 ms]
   [Eden: 74.0M(74.0M)->0.0B(76.0M) Survivors: 2048.0K->1024.0K Heap: 225.9M(256.0M)->151.6M(256.0M)]
 [Times: user=0.03 sys=0.00, real=0.01 secs] 
2019-02-06T22:22:06.777+0500: 805.723: [GC pause (G1 Evacuation Pause) (young) (initial-mark), 0.0044014 secs]
   [Parallel Time: 3.7 ms, GC Workers: 8]
      [GC Worker Start (ms): Min: 805722.8, Avg: 805722.9, Max: 805723.0, Diff: 0.2]
      [Ext Root Scanning (ms): Min: 0.5, Avg: 0.7, Max: 0.7, Diff: 0.2, Sum: 5.2]
      [Update RS (ms): Min: 1.8, Avg: 1.9, Max: 1.9, Diff: 0.1, Sum: 15.0]
         [Processed Buffers: Min: 3, Avg: 6.4, Max: 15, Diff: 12, Sum: 51]
      [Scan RS (ms): Min: 0.0, Avg: 0.0, Max: 0.0, Diff: 0.0, Sum: 0.1]
      [Code Root Scanning (ms): Min: 0.0, Avg: 0.0, Max: 0.0, Diff: 0.0, Sum: 0.0]
      [Object Copy (ms): Min: 0.8, Avg: 0.9, Max: 0.9, Diff: 0.1, Sum: 6.9]
      [Termination (ms): Min: 0.0, Avg: 0.0, Max: 0.0, Diff: 0.0, Sum: 0.0]
         [Termination Attempts: Min: 1, Avg: 3.8, Max: 6, Diff: 5, Sum: 30]
      [GC Worker Other (ms): Min: 0.0, Avg: 0.0, Max: 0.0, Diff: 0.0, Sum: 0.1]
      [GC Worker Total (ms): Min: 3.3, Avg: 3.4, Max: 3.5, Diff: 0.2, Sum: 27.3]
      [GC Worker End (ms): Min: 805726.3, Avg: 805726.3, Max: 805726.3, Diff: 0.0]
   [Code Root Fixup: 0.1 ms]
   [Code Root Purge: 0.0 ms]
   [Clear CT: 0.1 ms]
   [Other: 0.6 ms]
      [Choose CSet: 0.0 ms]
      [Ref Proc: 0.2 ms]
      [Ref Enq: 0.0 ms]
      [Redirty Cards: 0.1 ms]
      [Humongous Register: 0.0 ms]
      [Humongous Reclaim: 0.0 ms]
      [Free CSet: 0.0 ms]
   [Eden: 76.0M(76.0M)->0.0B(74.0M) Survivors: 1024.0K->2048.0K Heap: 227.6M(256.0M)->152.1M(256.0M)]
 [Times: user=0.02 sys=0.00, real=0.01 secs] 
2019-02-06T22:22:06.781+0500: 805.727: [GC concurrent-root-region-scan-start]
2019-02-06T22:22:06.785+0500: 805.731: [GC concurrent-root-region-scan-end, 0.0039951 secs]
2019-02-06T22:22:06.785+0500: 805.731: [GC concurrent-mark-start]
2019-02-06T22:22:06.808+0500: 805.753: [GC concurrent-mark-end, 0.0221747 secs]
2019-02-06T22:22:06.808+0500: 805.754: [GC remark 2019-02-06T22:22:06.808+0500: 805.754: [Finalize Marking, 0.0001989 secs] 2019-02-06T22:22:06.808+0500: 805.754: [GC ref-proc, 0.0004469 secs] 2019-02-06T22:22:06.809+0500: 805.754: [Unloading, 0.0036268 secs], 0.0059961 secs]
 [Times: user=0.02 sys=0.00, real=0.01 secs] 
2019-02-06T22:22:06.814+0500: 805.760: [GC cleanup 154M->154M(256M), 0.0005722 secs]
 [Times: user=0.00 sys=0.00, real=0.00 secs] 
2019-02-06T22:22:07.621+0500: 806.567: [GC pause (G1 Evacuation Pause) (young), 0.0044016 secs]
   [Parallel Time: 3.7 ms, GC Workers: 8]
      [GC Worker Start (ms): Min: 806567.3, Avg: 806567.7, Max: 806568.8, Diff: 1.6]
      [Ext Root Scanning (ms): Min: 0.0, Avg: 0.3, Max: 0.7, Diff: 0.7, Sum: 2.4]
      [Update RS (ms): Min: 0.9, Avg: 1.8, Max: 2.4, Diff: 1.5, Sum: 14.4]
         [Processed Buffers: Min: 3, Avg: 6.2, Max: 12, Diff: 9, Sum: 50]
      [Scan RS (ms): Min: 0.0, Avg: 0.0, Max: 0.0, Diff: 0.0, Sum: 0.1]
      [Code Root Scanning (ms): Min: 0.0, Avg: 0.0, Max: 0.0, Diff: 0.0, Sum: 0.0]
      [Object Copy (ms): Min: 0.8, Avg: 1.1, Max: 1.7, Diff: 0.9, Sum: 8.7]
      [Termination (ms): Min: 0.0, Avg: 0.0, Max: 0.0, Diff: 0.0, Sum: 0.0]
         [Termination Attempts: Min: 1, Avg: 1.4, Max: 3, Diff: 2, Sum: 11]
      [GC Worker Other (ms): Min: 0.0, Avg: 0.0, Max: 0.0, Diff: 0.0, Sum: 0.1]
      [GC Worker Total (ms): Min: 2.0, Avg: 3.2, Max: 3.6, Diff: 1.6, Sum: 25.6]
      [GC Worker End (ms): Min: 806570.9, Avg: 806570.9, Max: 806570.9, Diff: 0.0]
   [Code Root Fixup: 0.1 ms]
   [Code Root Purge: 0.0 ms]
   [Clear CT: 0.1 ms]
   [Other: 0.5 ms]
      [Choose CSet: 0.0 ms]
      [Ref Proc: 0.2 ms]
      [Ref Enq: 0.0 ms]
      [Redirty Cards: 0.1 ms]
      [Humongous Register: 0.0 ms]
      [Humongous Reclaim: 0.0 ms]
      [Free CSet: 0.0 ms]
   [Eden: 74.0M(74.0M)->0.0B(76.0M) Survivors: 2048.0K->1024.0K Heap: 226.1M(256.0M)->151.8M(256.0M)]
 [Times: user=0.03 sys=0.00, real=0.00 secs] 
2019-02-06T22:22:08.459+0500: 807.405: [GC pause (G1 Evacuation Pause) (young), 0.0050158 secs]
   [Parallel Time: 4.3 ms, GC Workers: 8]
      [GC Worker Start (ms): Min: 807405.3, Avg: 807405.4, Max: 807405.4, Diff: 0.1]
      [Ext Root Scanning (ms): Min: 0.3, Avg: 0.3, Max: 0.7, Diff: 0.4, Sum: 2.8]
      [Update RS (ms): Min: 1.6, Avg: 1.8, Max: 2.0, Diff: 0.4, Sum: 14.6]
         [Processed Buffers: Min: 4, Avg: 6.6, Max: 13, Diff: 9, Sum: 53]
      [Scan RS (ms): Min: 0.0, Avg: 0.0, Max: 0.0, Diff: 0.0, Sum: 0.1]
      [Code Root Scanning (ms): Min: 0.0, Avg: 0.0, Max: 0.0, Diff: 0.0, Sum: 0.0]
      [Object Copy (ms): Min: 1.1, Avg: 1.3, Max: 1.9, Diff: 0.8, Sum: 10.1]
      [Termination (ms): Min: 0.0, Avg: 0.7, Max: 0.8, Diff: 0.8, Sum: 5.3]
         [Termination Attempts: Min: 1, Avg: 1.0, Max: 1, Diff: 0, Sum: 8]
      [GC Worker Other (ms): Min: 0.0, Avg: 0.0, Max: 0.0, Diff: 0.0, Sum: 0.1]
      [GC Worker Total (ms): Min: 4.1, Avg: 4.1, Max: 4.2, Diff: 0.1, Sum: 32.9]
      [GC Worker End (ms): Min: 807409.4, Avg: 807409.5, Max: 807409.6, Diff: 0.1]
   [Code Root Fixup: 0.1 ms]
   [Code Root Purge: 0.0 ms]
   [Clear CT: 0.1 ms]
   [Other: 0.5 ms]
      [Choose CSet: 0.0 ms]
      [Ref Proc: 0.2 ms]
      [Ref Enq: 0.0 ms]
      [Redirty Cards: 0.1 ms]
      [Humongous Register: 0.0 ms]
      [Humongous Reclaim: 0.0 ms]
      [Free CSet: 0.0 ms]
   [Eden: 76.0M(76.0M)->0.0B(74.0M) Survivors: 1024.0K->2048.0K Heap: 227.8M(256.0M)->152.2M(256.0M)]
 [Times: user=0.03 sys=0.00, real=0.01 secs] 
2019-02-06T22:22:09.248+0500: 808.194: [GC pause (G1 Evacuation Pause) (young) (initial-mark), 0.0041990 secs]
   [Parallel Time: 3.5 ms, GC Workers: 8]
      [GC Worker Start (ms): Min: 808194.3, Avg: 808194.4, Max: 808194.4, Diff: 0.1]
      [Ext Root Scanning (ms): Min: 0.6, Avg: 0.6, Max: 0.8, Diff: 0.2, Sum: 5.1]
      [Update RS (ms): Min: 1.7, Avg: 1.8, Max: 1.9, Diff: 0.2, Sum: 14.6]
         [Processed Buffers: Min: 4, Avg: 6.6, Max: 12, Diff: 8, Sum: 53]
      [Scan RS (ms): Min: 0.0, Avg: 0.0, Max: 0.0, Diff: 0.0, Sum: 0.1]
      [Code Root Scanning (ms): Min: 0.0, Avg: 0.0, Max: 0.0, Diff: 0.0, Sum: 0.0]
      [Object Copy (ms): Min: 0.7, Avg: 0.8, Max: 0.9, Diff: 0.2, Sum: 6.7]
      [Termination (ms): Min: 0.0, Avg: 0.0, Max: 0.0, Diff: 0.0, Sum: 0.0]
         [Termination Attempts: Min: 1, Avg: 1.2, Max: 2, Diff: 1, Sum: 10]
      [GC Worker Other (ms): Min: 0.0, Avg: 0.0, Max: 0.0, Diff: 0.0, Sum: 0.1]
      [GC Worker Total (ms): Min: 3.3, Avg: 3.3, Max: 3.4, Diff: 0.1, Sum: 26.5]
      [GC Worker End (ms): Min: 808197.7, Avg: 808197.7, Max: 808197.7, Diff: 0.0]
   [Code Root Fixup: 0.0 ms]
   [Code Root Purge: 0.0 ms]
   [Clear CT: 0.1 ms]
   [Other: 0.5 ms]
      [Choose CSet: 0.0 ms]
      [Ref Proc: 0.2 ms]
      [Ref Enq: 0.0 ms]
      [Redirty Cards: 0.1 ms]
      [Humongous Register: 0.0 ms]
      [Humongous Reclaim: 0.0 ms]
      [Free CSet: 0.0 ms]
   [Eden: 74.0M(74.0M)->0.0B(73.0M) Survivors: 2048.0K->2048.0K Heap: 226.2M(256.0M)->152.3M(256.0M)]
 [Times: user=0.02 sys=0.00, real=0.01 secs] 
2019-02-06T22:22:09.253+0500: 808.199: [GC concurrent-root-region-scan-start]
2019-02-06T22:22:09.257+0500: 808.202: [GC concurrent-root-region-scan-end, 0.0039097 secs]
2019-02-06T22:22:09.257+0500: 808.202: [GC concurrent-mark-start]
2019-02-06T22:22:09.279+0500: 808.224: [GC concurrent-mark-end, 0.0220025 secs]
2019-02-06T22:22:09.279+0500: 808.225: [GC remark 2019-02-06T22:22:09.279+0500: 808.225: [Finalize Marking, 0.0002507 secs] 2019-02-06T22:22:09.279+0500: 808.225: [GC ref-proc, 0.0003891 secs] 2019-02-06T22:22:09.280+0500: 808.225: [Unloading, 0.0035192 secs], 0.0061349 secs]
 [Times: user=0.02 sys=0.00, real=0.01 secs] 
2019-02-06T22:22:09.285+0500: 808.231: [GC cleanup 155M->155M(256M), 0.0005327 secs]
 [Times: user=0.01 sys=0.00, real=0.00 secs] 
2019-02-06T22:22:10.112+0500: 809.058: [GC pause (G1 Evacuation Pause) (young), 0.0038464 secs]
   [Parallel Time: 3.1 ms, GC Workers: 8]
      [GC Worker Start (ms): Min: 809058.3, Avg: 809058.3, Max: 809058.4, Diff: 0.1]
      [Ext Root Scanning (ms): Min: 0.2, Avg: 0.3, Max: 0.7, Diff: 0.4, Sum: 2.6]
      [Update RS (ms): Min: 1.5, Avg: 1.8, Max: 1.9, Diff: 0.5, Sum: 14.5]
         [Processed Buffers: Min: 4, Avg: 6.5, Max: 11, Diff: 7, Sum: 52]
      [Scan RS (ms): Min: 0.0, Avg: 0.0, Max: 0.0, Diff: 0.0, Sum: 0.1]
      [Code Root Scanning (ms): Min: 0.0, Avg: 0.0, Max: 0.0, Diff: 0.0, Sum: 0.0]
      [Object Copy (ms): Min: 0.8, Avg: 0.8, Max: 0.9, Diff: 0.1, Sum: 6.7]
      [Termination (ms): Min: 0.0, Avg: 0.0, Max: 0.0, Diff: 0.0, Sum: 0.0]
         [Termination Attempts: Min: 1, Avg: 1.0, Max: 1, Diff: 0, Sum: 8]
      [GC Worker Other (ms): Min: 0.0, Avg: 0.0, Max: 0.0, Diff: 0.0, Sum: 0.1]
      [GC Worker Total (ms): Min: 3.0, Avg: 3.0, Max: 3.0, Diff: 0.1, Sum: 23.9]
      [GC Worker End (ms): Min: 809061.3, Avg: 809061.3, Max: 809061.3, Diff: 0.0]
   [Code Root Fixup: 0.1 ms]
   [Code Root Purge: 0.0 ms]
   [Clear CT: 0.1 ms]
   [Other: 0.6 ms]
      [Choose CSet: 0.0 ms]
      [Ref Proc: 0.2 ms]
      [Ref Enq: 0.0 ms]
      [Redirty Cards: 0.1 ms]
      [Humongous Register: 0.0 ms]
      [Humongous Reclaim: 0.0 ms]
      [Free CSet: 0.0 ms]
   [Eden: 73.0M(73.0M)->0.0B(11.0M) Survivors: 2048.0K->1024.0K Heap: 225.3M(256.0M)->152.1M(256.0M)]
 [Times: user=0.02 sys=0.01, real=0.00 secs] 
2019-02-06T22:22:10.266+0500: 809.211: [GC pause (G1 Evacuation Pause) (mixed), 0.0049056 secs]
   [Parallel Time: 4.0 ms, GC Workers: 8]
      [GC Worker Start (ms): Min: 809211.6, Avg: 809211.6, Max: 809211.6, Diff: 0.1]
      [Ext Root Scanning (ms): Min: 0.2, Avg: 0.8, Max: 3.8, Diff: 3.6, Sum: 6.0]
      [Update RS (ms): Min: 0.0, Avg: 1.8, Max: 2.3, Diff: 2.3, Sum: 14.5]
         [Processed Buffers: Min: 0, Avg: 5.6, Max: 15, Diff: 15, Sum: 45]
      [Scan RS (ms): Min: 0.0, Avg: 0.5, Max: 0.8, Diff: 0.8, Sum: 4.0]
      [Code Root Scanning (ms): Min: 0.0, Avg: 0.0, Max: 0.0, Diff: 0.0, Sum: 0.0]
      [Object Copy (ms): Min: 0.1, Avg: 0.9, Max: 1.0, Diff: 0.9, Sum: 7.0]
      [Termination (ms): Min: 0.0, Avg: 0.0, Max: 0.0, Diff: 0.0, Sum: 0.0]
         [Termination Attempts: Min: 1, Avg: 1.0, Max: 1, Diff: 0, Sum: 8]
      [GC Worker Other (ms): Min: 0.0, Avg: 0.0, Max: 0.0, Diff: 0.0, Sum: 0.1]
      [GC Worker Total (ms): Min: 3.9, Avg: 3.9, Max: 4.0, Diff: 0.1, Sum: 31.6]
      [GC Worker End (ms): Min: 809215.5, Avg: 809215.5, Max: 809215.5, Diff: 0.0]
   [Code Root Fixup: 0.1 ms]
   [Code Root Purge: 0.0 ms]
   [Clear CT: 0.1 ms]
   [Other: 0.7 ms]
      [Choose CSet: 0.0 ms]
      [Ref Proc: 0.4 ms]
      [Ref Enq: 0.0 ms]
      [Redirty Cards: 0.1 ms]
      [Humongous Register: 0.0 ms]
      [Humongous Reclaim: 0.0 ms]
      [Free CSet: 0.0 ms]
   [Eden: 11.0M(11.0M)->0.0B(74.0M) Survivors: 1024.0K->2048.0K Heap: 163.1M(256.0M)->151.6M(256.0M)]
 [Times: user=0.03 sys=0.00, real=0.01 secs] 
2019-02-06T22:22:11.152+0500: 810.098: [GC pause (G1 Evacuation Pause) (young), 0.0042007 secs]
   [Parallel Time: 3.5 ms, GC Workers: 8]
      [GC Worker Start (ms): Min: 810098.4, Avg: 810098.4, Max: 810098.5, Diff: 0.1]
      [Ext Root Scanning (ms): Min: 0.2, Avg: 0.3, Max: 0.6, Diff: 0.4, Sum: 2.4]
      [Update RS (ms): Min: 1.6, Avg: 2.0, Max: 2.1, Diff: 0.5, Sum: 15.7]
         [Processed Buffers: Min: 3, Avg: 6.6, Max: 15, Diff: 12, Sum: 53]
      [Scan RS (ms): Min: 0.0, Avg: 0.0, Max: 0.0, Diff: 0.0, Sum: 0.0]
      [Code Root Scanning (ms): Min: 0.0, Avg: 0.0, Max: 0.0, Diff: 0.0, Sum: 0.0]
      [Object Copy (ms): Min: 1.0, Avg: 1.1, Max: 1.2, Diff: 0.2, Sum: 8.7]
      [Termination (ms): Min: 0.0, Avg: 0.1, Max: 0.1, Diff: 0.1, Sum: 0.4]
         [Termination Attempts: Min: 1, Avg: 3.5, Max: 6, Diff: 5, Sum: 28]
      [GC Worker Other (ms): Min: 0.0, Avg: 0.0, Max: 0.0, Diff: 0.0, Sum: 0.1]
      [GC Worker Total (ms): Min: 3.4, Avg: 3.4, Max: 3.4, Diff: 0.1, Sum: 27.3]
      [GC Worker End (ms): Min: 810101.8, Avg: 810101.9, Max: 810101.9, Diff: 0.0]
   [Code Root Fixup: 0.1 ms]
   [Code Root Purge: 0.0 ms]
   [Clear CT: 0.1 ms]
   [Other: 0.5 ms]
      [Choose CSet: 0.0 ms]
      [Ref Proc: 0.2 ms]
      [Ref Enq: 0.0 ms]
      [Redirty Cards: 0.1 ms]
      [Humongous Register: 0.0 ms]
      [Humongous Reclaim: 0.0 ms]
      [Free CSet: 0.0 ms]
   [Eden: 74.0M(74.0M)->0.0B(76.0M) Survivors: 2048.0K->1024.0K Heap: 225.6M(256.0M)->151.3M(256.0M)]
 [Times: user=0.02 sys=0.00, real=0.00 secs] 
2019-02-06T22:22:12.149+0500: 811.095: [GC pause (G1 Evacuation Pause) (young) (initial-mark), 0.0045007 secs]
   [Parallel Time: 3.7 ms, GC Workers: 8]
      [GC Worker Start (ms): Min: 811094.7, Avg: 811094.9, Max: 811095.0, Diff: 0.2]
      [Ext Root Scanning (ms): Min: 0.5, Avg: 0.6, Max: 1.3, Diff: 0.8, Sum: 5.2]
      [Update RS (ms): Min: 1.4, Avg: 1.8, Max: 2.0, Diff: 0.6, Sum: 14.8]
         [Processed Buffers: Min: 4, Avg: 6.5, Max: 12, Diff: 8, Sum: 52]
      [Scan RS (ms): Min: 0.0, Avg: 0.0, Max: 0.0, Diff: 0.0, Sum: 0.1]
      [Code Root Scanning (ms): Min: 0.0, Avg: 0.0, Max: 0.0, Diff: 0.0, Sum: 0.0]
      [Object Copy (ms): Min: 0.7, Avg: 0.8, Max: 0.9, Diff: 0.2, Sum: 6.7]
      [Termination (ms): Min: 0.0, Avg: 0.0, Max: 0.0, Diff: 0.0, Sum: 0.0]
         [Termination Attempts: Min: 1, Avg: 1.1, Max: 2, Diff: 1, Sum: 9]
      [GC Worker Other (ms): Min: 0.0, Avg: 0.0, Max: 0.0, Diff: 0.0, Sum: 0.1]
      [GC Worker Total (ms): Min: 3.3, Avg: 3.4, Max: 3.5, Diff: 0.2, Sum: 26.8]
      [GC Worker End (ms): Min: 811098.2, Avg: 811098.2, Max: 811098.2, Diff: 0.0]
   [Code Root Fixup: 0.1 ms]
   [Code Root Purge: 0.0 ms]
   [Clear CT: 0.1 ms]
   [Other: 0.6 ms]
      [Choose CSet: 0.0 ms]
      [Ref Proc: 0.3 ms]
      [Ref Enq: 0.0 ms]
      [Redirty Cards: 0.1 ms]
      [Humongous Register: 0.0 ms]
      [Humongous Reclaim: 0.0 ms]
      [Free CSet: 0.0 ms]
   [Eden: 76.0M(76.0M)->0.0B(74.0M) Survivors: 1024.0K->2048.0K Heap: 227.3M(256.0M)->151.7M(256.0M)]
 [Times: user=0.02 sys=0.00, real=0.01 secs] 
2019-02-06T22:22:12.153+0500: 811.099: [GC concurrent-root-region-scan-start]
2019-02-06T22:22:12.158+0500: 811.103: [GC concurrent-root-region-scan-end, 0.0041624 secs]
2019-02-06T22:22:12.158+0500: 811.103: [GC concurrent-mark-start]
2019-02-06T22:22:12.181+0500: 811.127: [GC concurrent-mark-end, 0.0233467 secs]
2019-02-06T22:22:12.181+0500: 811.127: [GC remark 2019-02-06T22:22:12.181+0500: 811.127: [Finalize Marking, 0.0003634 secs] 2019-02-06T22:22:12.182+0500: 811.127: [GC ref-proc, 0.0004664 secs] 2019-02-06T22:22:12.182+0500: 811.128: [Unloading, 0.0041959 secs], 0.0068225 secs]
 [Times: user=0.03 sys=0.00, real=0.00 secs] 
2019-02-06T22:22:12.188+0500: 811.134: [GC cleanup 153M->153M(256M), 0.0007457 secs]
 [Times: user=0.00 sys=0.00, real=0.00 secs] 
2019-02-06T22:22:13.067+0500: 812.012: [GC pause (G1 Evacuation Pause) (young), 0.0038897 secs]
   [Parallel Time: 3.0 ms, GC Workers: 8]
      [GC Worker Start (ms): Min: 812012.5, Avg: 812012.5, Max: 812012.5, Diff: 0.1]
      [Ext Root Scanning (ms): Min: 0.2, Avg: 0.3, Max: 0.7, Diff: 0.5, Sum: 2.6]
      [Update RS (ms): Min: 1.3, Avg: 1.8, Max: 1.9, Diff: 0.6, Sum: 14.1]
         [Processed Buffers: Min: 4, Avg: 6.1, Max: 17, Diff: 13, Sum: 49]
      [Scan RS (ms): Min: 0.0, Avg: 0.0, Max: 0.0, Diff: 0.0, Sum: 0.0]
      [Code Root Scanning (ms): Min: 0.0, Avg: 0.0, Max: 0.0, Diff: 0.0, Sum: 0.0]
      [Object Copy (ms): Min: 0.7, Avg: 0.8, Max: 1.0, Diff: 0.3, Sum: 6.8]
      [Termination (ms): Min: 0.0, Avg: 0.0, Max: 0.0, Diff: 0.0, Sum: 0.0]
         [Termination Attempts: Min: 1, Avg: 1.4, Max: 2, Diff: 1, Sum: 11]
      [GC Worker Other (ms): Min: 0.0, Avg: 0.0, Max: 0.0, Diff: 0.0, Sum: 0.1]
      [GC Worker Total (ms): Min: 2.9, Avg: 2.9, Max: 3.0, Diff: 0.1, Sum: 23.6]
      [GC Worker End (ms): Min: 812015.4, Avg: 812015.4, Max: 812015.4, Diff: 0.0]
   [Code Root Fixup: 0.1 ms]
   [Code Root Purge: 0.0 ms]
   [Clear CT: 0.3 ms]
   [Other: 0.5 ms]
      [Choose CSet: 0.0 ms]
      [Ref Proc: 0.2 ms]
      [Ref Enq: 0.0 ms]
      [Redirty Cards: 0.1 ms]
      [Humongous Register: 0.0 ms]
      [Humongous Reclaim: 0.0 ms]
      [Free CSet: 0.0 ms]
   [Eden: 74.0M(74.0M)->0.0B(76.0M) Survivors: 2048.0K->1024.0K Heap: 225.7M(256.0M)->151.4M(256.0M)]
 [Times: user=0.03 sys=0.00, real=0.01 secs] 
2019-02-06T22:22:13.940+0500: 812.886: [GC pause (G1 Evacuation Pause) (young), 0.0052255 secs]
   [Parallel Time: 4.6 ms, GC Workers: 8]
      [GC Worker Start (ms): Min: 812886.3, Avg: 812886.4, Max: 812886.4, Diff: 0.1]
      [Ext Root Scanning (ms): Min: 0.2, Avg: 0.3, Max: 0.7, Diff: 0.4, Sum: 2.4]
      [Update RS (ms): Min: 1.5, Avg: 1.9, Max: 2.1, Diff: 0.5, Sum: 15.0]
         [Processed Buffers: Min: 4, Avg: 7.4, Max: 14, Diff: 10, Sum: 59]
      [Scan RS (ms): Min: 0.0, Avg: 0.0, Max: 0.0, Diff: 0.0, Sum: 0.1]
      [Code Root Scanning (ms): Min: 0.0, Avg: 0.0, Max: 0.0, Diff: 0.0, Sum: 0.0]
      [Object Copy (ms): Min: 1.0, Avg: 1.2, Max: 1.9, Diff: 0.9, Sum: 9.9]
      [Termination (ms): Min: 0.0, Avg: 0.9, Max: 1.1, Diff: 1.1, Sum: 7.0]
         [Termination Attempts: Min: 1, Avg: 4.4, Max: 7, Diff: 6, Sum: 35]
      [GC Worker Other (ms): Min: 0.0, Avg: 0.0, Max: 0.0, Diff: 0.0, Sum: 0.1]
      [GC Worker Total (ms): Min: 4.0, Avg: 4.3, Max: 4.5, Diff: 0.4, Sum: 34.4]
      [GC Worker End (ms): Min: 812890.4, Avg: 812890.7, Max: 812890.8, Diff: 0.4]
   [Code Root Fixup: 0.0 ms]
   [Code Root Purge: 0.0 ms]
   [Clear CT: 0.1 ms]
   [Other: 0.5 ms]
      [Choose CSet: 0.0 ms]
      [Ref Proc: 0.2 ms]
      [Ref Enq: 0.0 ms]
      [Redirty Cards: 0.1 ms]
      [Humongous Register: 0.0 ms]
      [Humongous Reclaim: 0.0 ms]
      [Free CSet: 0.0 ms]
   [Eden: 76.0M(76.0M)->0.0B(74.0M) Survivors: 1024.0K->2048.0K Heap: 227.4M(256.0M)->152.0M(256.0M)]
 [Times: user=0.03 sys=0.01, real=0.00 secs] 
2019-02-06T22:22:14.832+0500: 813.778: [GC pause (G1 Evacuation Pause) (young) (initial-mark), 0.0067976 secs]
   [Parallel Time: 3.9 ms, GC Workers: 8]
      [GC Worker Start (ms): Min: 813778.3, Avg: 813778.4, Max: 813778.4, Diff: 0.1]
      [Ext Root Scanning (ms): Min: 0.6, Avg: 0.7, Max: 0.7, Diff: 0.1, Sum: 5.2]
      [Update RS (ms): Min: 1.9, Avg: 2.0, Max: 2.2, Diff: 0.3, Sum: 16.2]
         [Processed Buffers: Min: 4, Avg: 7.0, Max: 14, Diff: 10, Sum: 56]
      [Scan RS (ms): Min: 0.0, Avg: 0.0, Max: 0.0, Diff: 0.0, Sum: 0.1]
      [Code Root Scanning (ms): Min: 0.0, Avg: 0.0, Max: 0.0, Diff: 0.0, Sum: 0.0]
      [Object Copy (ms): Min: 0.7, Avg: 0.9, Max: 1.0, Diff: 0.3, Sum: 7.0]
      [Termination (ms): Min: 0.0, Avg: 0.0, Max: 0.0, Diff: 0.0, Sum: 0.0]
         [Termination Attempts: Min: 1, Avg: 1.0, Max: 1, Diff: 0, Sum: 8]
      [GC Worker Other (ms): Min: 0.0, Avg: 0.0, Max: 0.1, Diff: 0.1, Sum: 0.2]
      [GC Worker Total (ms): Min: 3.5, Avg: 3.6, Max: 3.7, Diff: 0.1, Sum: 28.7]
      [GC Worker End (ms): Min: 813781.9, Avg: 813782.0, Max: 813782.0, Diff: 0.1]
   [Code Root Fixup: 0.1 ms]
   [Code Root Purge: 0.0 ms]
   [Clear CT: 0.1 ms]
   [Other: 2.7 ms]
      [Choose CSet: 0.0 ms]
      [Ref Proc: 2.4 ms]
      [Ref Enq: 0.0 ms]
      [Redirty Cards: 0.1 ms]
      [Humongous Register: 0.0 ms]
      [Humongous Reclaim: 0.0 ms]
      [Free CSet: 0.0 ms]
   [Eden: 74.0M(74.0M)->0.0B(76.0M) Survivors: 2048.0K->1024.0K Heap: 226.0M(256.0M)->151.6M(256.0M)]
 [Times: user=0.03 sys=0.00, real=0.00 secs] 
2019-02-06T22:22:14.839+0500: 813.785: [GC concurrent-root-region-scan-start]
2019-02-06T22:22:14.844+0500: 813.790: [GC concurrent-root-region-scan-end, 0.0047143 secs]
2019-02-06T22:22:14.844+0500: 813.790: [GC concurrent-mark-start]
2019-02-06T22:22:14.868+0500: 813.814: [GC concurrent-mark-end, 0.0242534 secs]
2019-02-06T22:22:14.869+0500: 813.814: [GC remark 2019-02-06T22:22:14.869+0500: 813.814: [Finalize Marking, 0.0005145 secs] 2019-02-06T22:22:14.869+0500: 813.815: [GC ref-proc, 0.0004646 secs] 2019-02-06T22:22:14.870+0500: 813.815: [Unloading, 0.0043402 secs], 0.0074102 secs]
 [Times: user=0.03 sys=0.00, real=0.01 secs] 
2019-02-06T22:22:14.876+0500: 813.822: [GC cleanup 154M->154M(256M), 0.0006325 secs]
 [Times: user=0.00 sys=0.00, real=0.00 secs] 
2019-02-06T22:22:15.817+0500: 814.762: [GC pause (G1 Evacuation Pause) (young), 0.0109191 secs]
   [Parallel Time: 8.9 ms, GC Workers: 8]
      [GC Worker Start (ms): Min: 814762.6, Avg: 814762.6, Max: 814762.7, Diff: 0.1]
      [Ext Root Scanning (ms): Min: 0.3, Avg: 0.4, Max: 0.7, Diff: 0.4, Sum: 2.8]
      [Update RS (ms): Min: 1.9, Avg: 2.4, Max: 2.8, Diff: 0.9, Sum: 18.8]
         [Processed Buffers: Min: 2, Avg: 6.2, Max: 10, Diff: 8, Sum: 50]
      [Scan RS (ms): Min: 0.0, Avg: 0.0, Max: 0.0, Diff: 0.0, Sum: 0.1]
      [Code Root Scanning (ms): Min: 0.0, Avg: 0.0, Max: 0.0, Diff: 0.0, Sum: 0.0]
      [Object Copy (ms): Min: 0.8, Avg: 1.3, Max: 1.9, Diff: 1.1, Sum: 10.8]
      [Termination (ms): Min: 0.0, Avg: 2.7, Max: 4.8, Diff: 4.8, Sum: 21.3]
         [Termination Attempts: Min: 1, Avg: 3.0, Max: 7, Diff: 6, Sum: 24]
      [GC Worker Other (ms): Min: 0.0, Avg: 0.0, Max: 0.0, Diff: 0.0, Sum: 0.1]
      [GC Worker Total (ms): Min: 4.7, Avg: 6.7, Max: 8.8, Diff: 4.0, Sum: 53.8]
      [GC Worker End (ms): Min: 814767.4, Avg: 814769.3, Max: 814771.4, Diff: 4.1]
   [Code Root Fixup: 0.1 ms]
   [Code Root Purge: 0.0 ms]
   [Clear CT: 0.1 ms]
   [Other: 1.8 ms]
      [Choose CSet: 0.0 ms]
      [Ref Proc: 1.4 ms]
      [Ref Enq: 0.0 ms]
      [Redirty Cards: 0.1 ms]
      [Humongous Register: 0.0 ms]
      [Humongous Reclaim: 0.0 ms]
      [Free CSet: 0.0 ms]
   [Eden: 76.0M(76.0M)->0.0B(74.0M) Survivors: 1024.0K->2048.0K Heap: 227.6M(256.0M)->151.9M(256.0M)]
 [Times: user=0.04 sys=0.00, real=0.01 secs] 
2019-02-06T22:22:16.954+0500: 815.900: [GC pause (G1 Evacuation Pause) (young), 0.0051276 secs]
   [Parallel Time: 4.1 ms, GC Workers: 8]
      [GC Worker Start (ms): Min: 815899.8, Avg: 815899.8, Max: 815899.9, Diff: 0.1]
      [Ext Root Scanning (ms): Min: 0.3, Avg: 0.4, Max: 0.7, Diff: 0.4, Sum: 3.1]
      [Update RS (ms): Min: 2.1, Avg: 2.4, Max: 2.7, Diff: 0.6, Sum: 19.5]
         [Processed Buffers: Min: 3, Avg: 6.4, Max: 15, Diff: 12, Sum: 51]
      [Scan RS (ms): Min: 0.0, Avg: 0.0, Max: 0.0, Diff: 0.0, Sum: 0.1]
      [Code Root Scanning (ms): Min: 0.0, Avg: 0.0, Max: 0.0, Diff: 0.0, Sum: 0.0]
      [Object Copy (ms): Min: 0.8, Avg: 1.0, Max: 1.2, Diff: 0.4, Sum: 8.3]
      [Termination (ms): Min: 0.0, Avg: 0.0, Max: 0.0, Diff: 0.0, Sum: 0.0]
         [Termination Attempts: Min: 1, Avg: 1.4, Max: 2, Diff: 1, Sum: 11]
      [GC Worker Other (ms): Min: 0.0, Avg: 0.0, Max: 0.0, Diff: 0.0, Sum: 0.1]
      [GC Worker Total (ms): Min: 3.8, Avg: 3.9, Max: 3.9, Diff: 0.1, Sum: 31.1]
      [GC Worker End (ms): Min: 815903.7, Avg: 815903.7, Max: 815903.7, Diff: 0.0]
   [Code Root Fixup: 0.1 ms]
   [Code Root Purge: 0.0 ms]
   [Clear CT: 0.1 ms]
   [Other: 0.8 ms]
      [Choose CSet: 0.0 ms]
      [Ref Proc: 0.4 ms]
      [Ref Enq: 0.0 ms]
      [Redirty Cards: 0.1 ms]
      [Humongous Register: 0.0 ms]
      [Humongous Reclaim: 0.0 ms]
      [Free CSet: 0.0 ms]
   [Eden: 74.0M(74.0M)->0.0B(74.0M) Survivors: 2048.0K->2048.0K Heap: 225.9M(256.0M)->152.1M(256.0M)]
 [Times: user=0.03 sys=0.00, real=0.00 secs] 
2019-02-06T22:22:17.962+0500: 816.908: [GC pause (G1 Evacuation Pause) (young) (initial-mark), 0.0051142 secs]
   [Parallel Time: 4.2 ms, GC Workers: 8]
      [GC Worker Start (ms): Min: 816907.7, Avg: 816907.8, Max: 816907.8, Diff: 0.1]
      [Ext Root Scanning (ms): Min: 0.6, Avg: 0.7, Max: 0.7, Diff: 0.1, Sum: 5.4]
      [Update RS (ms): Min: 2.0, Avg: 2.2, Max: 2.3, Diff: 0.3, Sum: 17.3]
         [Processed Buffers: Min: 4, Avg: 6.5, Max: 13, Diff: 9, Sum: 52]
      [Scan RS (ms): Min: 0.0, Avg: 0.0, Max: 0.0, Diff: 0.0, Sum: 0.1]
      [Code Root Scanning (ms): Min: 0.0, Avg: 0.0, Max: 0.0, Diff: 0.0, Sum: 0.0]
      [Object Copy (ms): Min: 0.9, Avg: 1.1, Max: 1.2, Diff: 0.2, Sum: 8.5]
      [Termination (ms): Min: 0.0, Avg: 0.0, Max: 0.0, Diff: 0.0, Sum: 0.0]
         [Termination Attempts: Min: 1, Avg: 1.1, Max: 2, Diff: 1, Sum: 9]
      [GC Worker Other (ms): Min: 0.0, Avg: 0.0, Max: 0.0, Diff: 0.0, Sum: 0.2]
      [GC Worker Total (ms): Min: 3.9, Avg: 3.9, Max: 4.0, Diff: 0.1, Sum: 31.4]
      [GC Worker End (ms): Min: 816911.7, Avg: 816911.7, Max: 816911.7, Diff: 0.0]
   [Code Root Fixup: 0.1 ms]
   [Code Root Purge: 0.0 ms]
   [Clear CT: 0.2 ms]
   [Other: 0.6 ms]
      [Choose CSet: 0.0 ms]
      [Ref Proc: 0.3 ms]
      [Ref Enq: 0.0 ms]
      [Redirty Cards: 0.1 ms]
      [Humongous Register: 0.0 ms]
      [Humongous Reclaim: 0.0 ms]
      [Free CSet: 0.0 ms]
   [Eden: 74.0M(74.0M)->0.0B(74.0M) Survivors: 2048.0K->2048.0K Heap: 226.1M(256.0M)->152.0M(256.0M)]
 [Times: user=0.03 sys=0.00, real=0.00 secs] 
2019-02-06T22:22:17.967+0500: 816.913: [GC concurrent-root-region-scan-start]
2019-02-06T22:22:17.972+0500: 816.918: [GC concurrent-root-region-scan-end, 0.0046814 secs]
2019-02-06T22:22:17.972+0500: 816.918: [GC concurrent-mark-start]
2019-02-06T22:22:17.998+0500: 816.944: [GC concurrent-mark-end, 0.0265553 secs]
2019-02-06T22:22:17.999+0500: 816.944: [GC remark 2019-02-06T22:22:17.999+0500: 816.944: [Finalize Marking, 0.0002567 secs] 2019-02-06T22:22:17.999+0500: 816.945: [GC ref-proc, 0.0004594 secs] 2019-02-06T22:22:18.000+0500: 816.945: [Unloading, 0.0040832 secs], 0.0064845 secs]
 [Times: user=0.03 sys=0.00, real=0.01 secs] 
2019-02-06T22:22:18.005+0500: 816.951: [GC cleanup 154M->154M(256M), 0.0006660 secs]
 [Times: user=0.00 sys=0.00, real=0.00 secs] 
2019-02-06T22:22:19.028+0500: 817.974: [GC pause (G1 Evacuation Pause) (young), 0.0047701 secs]
   [Parallel Time: 3.9 ms, GC Workers: 8]
      [GC Worker Start (ms): Min: 817973.8, Avg: 817973.8, Max: 817973.9, Diff: 0.1]
      [Ext Root Scanning (ms): Min: 0.3, Avg: 0.4, Max: 0.7, Diff: 0.4, Sum: 3.0]
      [Update RS (ms): Min: 2.2, Avg: 2.3, Max: 2.4, Diff: 0.2, Sum: 18.4]
         [Processed Buffers: Min: 4, Avg: 6.8, Max: 16, Diff: 12, Sum: 54]
      [Scan RS (ms): Min: 0.0, Avg: 0.0, Max: 0.0, Diff: 0.0, Sum: 0.1]
      [Code Root Scanning (ms): Min: 0.0, Avg: 0.0, Max: 0.0, Diff: 0.0, Sum: 0.0]
      [Object Copy (ms): Min: 0.7, Avg: 1.0, Max: 1.1, Diff: 0.4, Sum: 8.3]
      [Termination (ms): Min: 0.0, Avg: 0.0, Max: 0.0, Diff: 0.0, Sum: 0.0]
         [Termination Attempts: Min: 1, Avg: 1.1, Max: 2, Diff: 1, Sum: 9]
      [GC Worker Other (ms): Min: 0.0, Avg: 0.0, Max: 0.0, Diff: 0.0, Sum: 0.2]
      [GC Worker Total (ms): Min: 3.7, Avg: 3.7, Max: 3.8, Diff: 0.1, Sum: 29.8]
      [GC Worker End (ms): Min: 817977.6, Avg: 817977.6, Max: 817977.6, Diff: 0.0]
   [Code Root Fixup: 0.1 ms]
   [Code Root Purge: 0.0 ms]
   [Clear CT: 0.1 ms]
   [Other: 0.6 ms]
      [Choose CSet: 0.0 ms]
      [Ref Proc: 0.3 ms]
      [Ref Enq: 0.0 ms]
      [Redirty Cards: 0.2 ms]
      [Humongous Register: 0.0 ms]
      [Humongous Reclaim: 0.0 ms]
      [Free CSet: 0.0 ms]
   [Eden: 74.0M(74.0M)->0.0B(74.0M) Survivors: 2048.0K->2048.0K Heap: 226.0M(256.0M)->152.1M(256.0M)]
 [Times: user=0.03 sys=0.00, real=0.01 secs] 
2019-02-06T22:22:20.148+0500: 819.094: [GC pause (G1 Evacuation Pause) (young), 0.0043685 secs]
   [Parallel Time: 3.6 ms, GC Workers: 8]
      [GC Worker Start (ms): Min: 819094.3, Avg: 819094.3, Max: 819094.3, Diff: 0.1]
      [Ext Root Scanning (ms): Min: 0.2, Avg: 0.3, Max: 0.7, Diff: 0.4, Sum: 2.7]
      [Update RS (ms): Min: 1.9, Avg: 2.2, Max: 2.3, Diff: 0.4, Sum: 17.6]
         [Processed Buffers: Min: 4, Avg: 6.9, Max: 14, Diff: 10, Sum: 55]
      [Scan RS (ms): Min: 0.0, Avg: 0.0, Max: 0.0, Diff: 0.0, Sum: 0.1]
      [Code Root Scanning (ms): Min: 0.0, Avg: 0.0, Max: 0.0, Diff: 0.0, Sum: 0.0]
      [Object Copy (ms): Min: 0.9, Avg: 1.0, Max: 1.0, Diff: 0.1, Sum: 7.8]
      [Termination (ms): Min: 0.0, Avg: 0.0, Max: 0.0, Diff: 0.0, Sum: 0.0]
         [Termination Attempts: Min: 1, Avg: 1.0, Max: 1, Diff: 0, Sum: 8]
      [GC Worker Other (ms): Min: 0.0, Avg: 0.0, Max: 0.0, Diff: 0.0, Sum: 0.1]
      [GC Worker Total (ms): Min: 3.5, Avg: 3.5, Max: 3.6, Diff: 0.1, Sum: 28.4]
      [GC Worker End (ms): Min: 819097.8, Avg: 819097.8, Max: 819097.8, Diff: 0.0]
   [Code Root Fixup: 0.1 ms]
   [Code Root Purge: 0.0 ms]
   [Clear CT: 0.1 ms]
   [Other: 0.5 ms]
      [Choose CSet: 0.0 ms]
      [Ref Proc: 0.2 ms]
      [Ref Enq: 0.0 ms]
      [Redirty Cards: 0.1 ms]
      [Humongous Register: 0.0 ms]
      [Humongous Reclaim: 0.0 ms]
      [Free CSet: 0.0 ms]
   [Eden: 74.0M(74.0M)->0.0B(74.0M) Survivors: 2048.0K->2048.0K Heap: 226.1M(256.0M)->152.2M(256.0M)]
 [Times: user=0.03 sys=0.00, real=0.01 secs] 
2019-02-06T22:22:21.177+0500: 820.123: [GC pause (G1 Evacuation Pause) (young) (initial-mark), 0.0051408 secs]
   [Parallel Time: 4.3 ms, GC Workers: 8]
      [GC Worker Start (ms): Min: 820123.0, Avg: 820123.1, Max: 820123.1, Diff: 0.1]
      [Ext Root Scanning (ms): Min: 0.6, Avg: 0.7, Max: 1.0, Diff: 0.4, Sum: 5.9]
      [Update RS (ms): Min: 1.9, Avg: 2.2, Max: 2.4, Diff: 0.4, Sum: 17.5]
         [Processed Buffers: Min: 4, Avg: 6.5, Max: 19, Diff: 15, Sum: 52]
      [Scan RS (ms): Min: 0.0, Avg: 0.0, Max: 0.1, Diff: 0.1, Sum: 0.1]
      [Code Root Scanning (ms): Min: 0.0, Avg: 0.0, Max: 0.0, Diff: 0.0, Sum: 0.0]
      [Object Copy (ms): Min: 1.0, Avg: 1.1, Max: 1.2, Diff: 0.2, Sum: 8.8]
      [Termination (ms): Min: 0.0, Avg: 0.0, Max: 0.0, Diff: 0.0, Sum: 0.0]
         [Termination Attempts: Min: 1, Avg: 2.4, Max: 3, Diff: 2, Sum: 19]
      [GC Worker Other (ms): Min: 0.0, Avg: 0.0, Max: 0.0, Diff: 0.0, Sum: 0.1]
      [GC Worker Total (ms): Min: 4.0, Avg: 4.1, Max: 4.1, Diff: 0.1, Sum: 32.5]
      [GC Worker End (ms): Min: 820127.1, Avg: 820127.1, Max: 820127.1, Diff: 0.0]
   [Code Root Fixup: 0.1 ms]
   [Code Root Purge: 0.0 ms]
   [Clear CT: 0.2 ms]
   [Other: 0.6 ms]
      [Choose CSet: 0.0 ms]
      [Ref Proc: 0.3 ms]
      [Ref Enq: 0.0 ms]
      [Redirty Cards: 0.1 ms]
      [Humongous Register: 0.0 ms]
      [Humongous Reclaim: 0.0 ms]
      [Free CSet: 0.0 ms]
   [Eden: 74.0M(74.0M)->0.0B(73.0M) Survivors: 2048.0K->2048.0K Heap: 226.2M(256.0M)->152.3M(256.0M)]
 [Times: user=0.03 sys=0.00, real=0.01 secs] 
2019-02-06T22:22:21.183+0500: 820.128: [GC concurrent-root-region-scan-start]
2019-02-06T22:22:21.188+0500: 820.134: [GC concurrent-root-region-scan-end, 0.0051671 secs]
2019-02-06T22:22:21.188+0500: 820.134: [GC concurrent-mark-start]
2019-02-06T22:22:21.214+0500: 820.160: [GC concurrent-mark-end, 0.0258486 secs]
2019-02-06T22:22:21.214+0500: 820.160: [GC remark 2019-02-06T22:22:21.214+0500: 820.160: [Finalize Marking, 0.0004312 secs] 2019-02-06T22:22:21.215+0500: 820.160: [GC ref-proc, 0.0004762 secs] 2019-02-06T22:22:21.215+0500: 820.161: [Unloading, 0.0042097 secs], 0.0073831 secs]
 [Times: user=0.04 sys=0.00, real=0.01 secs] 
2019-02-06T22:22:21.222+0500: 820.168: [GC cleanup 155M->155M(256M), 0.0006779 secs]
 [Times: user=0.00 sys=0.00, real=0.00 secs] 
2019-02-06T22:22:22.271+0500: 821.216: [GC pause (G1 Evacuation Pause) (young), 0.0047515 secs]
   [Parallel Time: 3.8 ms, GC Workers: 8]
      [GC Worker Start (ms): Min: 821216.5, Avg: 821216.6, Max: 821216.6, Diff: 0.1]
      [Ext Root Scanning (ms): Min: 0.3, Avg: 0.3, Max: 0.7, Diff: 0.4, Sum: 2.7]
      [Update RS (ms): Min: 1.7, Avg: 1.7, Max: 1.9, Diff: 0.3, Sum: 13.8]
         [Processed Buffers: Min: 3, Avg: 6.0, Max: 17, Diff: 14, Sum: 48]
      [Scan RS (ms): Min: 0.4, Avg: 0.6, Max: 0.8, Diff: 0.4, Sum: 4.8]
      [Code Root Scanning (ms): Min: 0.0, Avg: 0.0, Max: 0.0, Diff: 0.0, Sum: 0.0]
      [Object Copy (ms): Min: 0.9, Avg: 1.0, Max: 1.0, Diff: 0.1, Sum: 7.8]
      [Termination (ms): Min: 0.0, Avg: 0.0, Max: 0.0, Diff: 0.0, Sum: 0.0]
         [Termination Attempts: Min: 1, Avg: 1.2, Max: 3, Diff: 2, Sum: 10]
      [GC Worker Other (ms): Min: 0.0, Avg: 0.0, Max: 0.0, Diff: 0.0, Sum: 0.1]
      [GC Worker Total (ms): Min: 3.6, Avg: 3.6, Max: 3.7, Diff: 0.1, Sum: 29.2]
      [GC Worker End (ms): Min: 821220.2, Avg: 821220.2, Max: 821220.2, Diff: 0.0]
   [Code Root Fixup: 0.1 ms]
   [Code Root Purge: 0.0 ms]
   [Clear CT: 0.2 ms]
   [Other: 0.7 ms]
      [Choose CSet: 0.0 ms]
      [Ref Proc: 0.3 ms]
      [Ref Enq: 0.0 ms]
      [Redirty Cards: 0.1 ms]
      [Humongous Register: 0.0 ms]
      [Humongous Reclaim: 0.0 ms]
      [Free CSet: 0.0 ms]
   [Eden: 73.0M(73.0M)->0.0B(10.0M) Survivors: 2048.0K->2048.0K Heap: 225.3M(256.0M)->152.3M(256.0M)]
 [Times: user=0.03 sys=0.00, real=0.00 secs] 
2019-02-06T22:22:22.415+0500: 821.360: [GC pause (G1 Evacuation Pause) (mixed), 0.0162358 secs]
   [Parallel Time: 5.7 ms, GC Workers: 8]
      [GC Worker Start (ms): Min: 821360.5, Avg: 821360.6, Max: 821360.6, Diff: 0.1]
      [Ext Root Scanning (ms): Min: 0.3, Avg: 0.4, Max: 0.8, Diff: 0.6, Sum: 2.9]
      [Update RS (ms): Min: 1.7, Avg: 1.9, Max: 2.2, Diff: 0.6, Sum: 15.0]
         [Processed Buffers: Min: 4, Avg: 5.5, Max: 10, Diff: 6, Sum: 44]
      [Scan RS (ms): Min: 0.5, Avg: 0.8, Max: 1.0, Diff: 0.5, Sum: 6.2]
      [Code Root Scanning (ms): Min: 0.0, Avg: 0.3, Max: 2.2, Diff: 2.2, Sum: 2.2]
      [Object Copy (ms): Min: 0.0, Avg: 1.4, Max: 1.6, Diff: 1.6, Sum: 11.1]
      [Termination (ms): Min: 0.0, Avg: 0.8, Max: 1.0, Diff: 1.0, Sum: 6.0]
         [Termination Attempts: Min: 1, Avg: 12.5, Max: 21, Diff: 20, Sum: 100]
      [GC Worker Other (ms): Min: 0.0, Avg: 0.0, Max: 0.0, Diff: 0.0, Sum: 0.1]
      [GC Worker Total (ms): Min: 5.2, Avg: 5.4, Max: 5.6, Diff: 0.4, Sum: 43.5]
      [GC Worker End (ms): Min: 821365.8, Avg: 821366.0, Max: 821366.2, Diff: 0.4]
   [Code Root Fixup: 0.7 ms]
   [Code Root Purge: 0.0 ms]
   [Clear CT: 0.1 ms]
   [Other: 9.7 ms]
      [Choose CSet: 0.0 ms]
      [Ref Proc: 9.2 ms]
      [Ref Enq: 0.0 ms]
      [Redirty Cards: 0.1 ms]
      [Humongous Register: 0.0 ms]
      [Humongous Reclaim: 0.0 ms]
      [Free CSet: 0.2 ms]
   [Eden: 10.0M(10.0M)->0.0B(74.0M) Survivors: 2048.0K->2048.0K Heap: 162.3M(256.0M)->151.8M(256.0M)]
 [Times: user=0.06 sys=0.00, real=0.02 secs] 
2019-02-06T22:22:23.443+0500: 822.388: [GC pause (G1 Evacuation Pause) (young), 0.0069938 secs]
   [Parallel Time: 6.0 ms, GC Workers: 8]
      [GC Worker Start (ms): Min: 822388.4, Avg: 822388.4, Max: 822388.4, Diff: 0.1]
      [Ext Root Scanning (ms): Min: 0.3, Avg: 0.4, Max: 0.7, Diff: 0.4, Sum: 2.9]
      [Update RS (ms): Min: 2.4, Avg: 2.8, Max: 5.0, Diff: 2.6, Sum: 22.5]
         [Processed Buffers: Min: 3, Avg: 6.6, Max: 16, Diff: 13, Sum: 53]
      [Scan RS (ms): Min: 0.0, Avg: 0.4, Max: 0.7, Diff: 0.7, Sum: 3.6]
      [Code Root Scanning (ms): Min: 0.0, Avg: 0.0, Max: 0.0, Diff: 0.0, Sum: 0.0]
      [Object Copy (ms): Min: 0.0, Avg: 1.2, Max: 1.5, Diff: 1.5, Sum: 9.5]
      [Termination (ms): Min: 0.0, Avg: 0.9, Max: 1.3, Diff: 1.3, Sum: 6.9]
         [Termination Attempts: Min: 1, Avg: 25.8, Max: 40, Diff: 39, Sum: 206]
      [GC Worker Other (ms): Min: 0.0, Avg: 0.0, Max: 0.0, Diff: 0.0, Sum: 0.1]
      [GC Worker Total (ms): Min: 5.6, Avg: 5.7, Max: 6.0, Diff: 0.3, Sum: 45.5]
      [GC Worker End (ms): Min: 822394.0, Avg: 822394.1, Max: 822394.3, Diff: 0.3]
   [Code Root Fixup: 0.1 ms]
   [Code Root Purge: 0.0 ms]
   [Clear CT: 0.2 ms]
   [Other: 0.7 ms]
      [Choose CSet: 0.0 ms]
      [Ref Proc: 0.3 ms]
      [Ref Enq: 0.0 ms]
      [Redirty Cards: 0.2 ms]
      [Humongous Register: 0.0 ms]
      [Humongous Reclaim: 0.0 ms]
      [Free CSet: 0.0 ms]
   [Eden: 74.0M(74.0M)->0.0B(76.0M) Survivors: 2048.0K->1024.0K Heap: 225.8M(256.0M)->151.6M(256.0M)]
 [Times: user=0.04 sys=0.01, real=0.01 secs] 
2019-02-06T22:22:24.574+0500: 823.520: [GC pause (G1 Evacuation Pause) (young) (initial-mark), 0.0061963 secs]
   [Parallel Time: 4.9 ms, GC Workers: 8]
      [GC Worker Start (ms): Min: 823520.0, Avg: 823520.0, Max: 823520.1, Diff: 0.1]
      [Ext Root Scanning (ms): Min: 0.6, Avg: 0.7, Max: 0.7, Diff: 0.1, Sum: 5.5]
      [Update RS (ms): Min: 1.8, Avg: 2.0, Max: 2.3, Diff: 0.4, Sum: 15.8]
         [Processed Buffers: Min: 4, Avg: 5.9, Max: 15, Diff: 11, Sum: 47]
      [Scan RS (ms): Min: 0.2, Avg: 0.4, Max: 0.6, Diff: 0.4, Sum: 3.5]
      [Code Root Scanning (ms): Min: 0.0, Avg: 0.0, Max: 0.0, Diff: 0.0, Sum: 0.0]
      [Object Copy (ms): Min: 1.4, Avg: 1.4, Max: 1.5, Diff: 0.1, Sum: 11.4]
      [Termination (ms): Min: 0.0, Avg: 0.0, Max: 0.0, Diff: 0.0, Sum: 0.0]
         [Termination Attempts: Min: 1, Avg: 2.2, Max: 3, Diff: 2, Sum: 18]
      [GC Worker Other (ms): Min: 0.0, Avg: 0.0, Max: 0.0, Diff: 0.0, Sum: 0.1]
      [GC Worker Total (ms): Min: 4.5, Avg: 4.6, Max: 4.6, Diff: 0.1, Sum: 36.5]
      [GC Worker End (ms): Min: 823524.6, Avg: 823524.6, Max: 823524.6, Diff: 0.0]
   [Code Root Fixup: 0.1 ms]
   [Code Root Purge: 0.0 ms]
   [Clear CT: 0.1 ms]
   [Other: 1.1 ms]
      [Choose CSet: 0.0 ms]
      [Ref Proc: 0.7 ms]
      [Ref Enq: 0.0 ms]
      [Redirty Cards: 0.2 ms]
      [Humongous Register: 0.0 ms]
      [Humongous Reclaim: 0.0 ms]
      [Free CSet: 0.0 ms]
   [Eden: 76.0M(76.0M)->0.0B(74.0M) Survivors: 1024.0K->2048.0K Heap: 227.6M(256.0M)->152.0M(256.0M)]
 [Times: user=0.04 sys=0.00, real=0.01 secs] 
2019-02-06T22:22:24.580+0500: 823.526: [GC concurrent-root-region-scan-start]
2019-02-06T22:22:24.586+0500: 823.531: [GC concurrent-root-region-scan-end, 0.0050540 secs]
2019-02-06T22:22:24.586+0500: 823.531: [GC concurrent-mark-start]
2019-02-06T22:22:24.614+0500: 823.560: [GC concurrent-mark-end, 0.0282342 secs]
2019-02-06T22:22:24.614+0500: 823.560: [GC remark 2019-02-06T22:22:24.614+0500: 823.560: [Finalize Marking, 0.0004495 secs] 2019-02-06T22:22:24.615+0500: 823.560: [GC ref-proc, 0.0005749 secs] 2019-02-06T22:22:24.615+0500: 823.561: [Unloading, 0.0045661 secs], 0.0080260 secs]
 [Times: user=0.03 sys=0.00, real=0.02 secs] 
2019-02-06T22:22:24.630+0500: 823.576: [GC cleanup 154M->154M(256M), 0.0007433 secs]
 [Times: user=0.00 sys=0.00, real=0.00 secs] 
2019-02-06T22:22:25.690+0500: 824.635: [GC pause (G1 Evacuation Pause) (young), 0.0050565 secs]
   [Parallel Time: 4.1 ms, GC Workers: 8]
      [GC Worker Start (ms): Min: 824635.4, Avg: 824635.4, Max: 824635.5, Diff: 0.1]
      [Ext Root Scanning (ms): Min: 0.3, Avg: 0.6, Max: 2.1, Diff: 1.8, Sum: 4.8]
      [Update RS (ms): Min: 0.7, Avg: 2.2, Max: 2.7, Diff: 2.0, Sum: 17.6]
         [Processed Buffers: Min: 3, Avg: 6.8, Max: 9, Diff: 6, Sum: 54]
      [Scan RS (ms): Min: 0.0, Avg: 0.0, Max: 0.1, Diff: 0.1, Sum: 0.1]
      [Code Root Scanning (ms): Min: 0.0, Avg: 0.0, Max: 0.0, Diff: 0.0, Sum: 0.0]
      [Object Copy (ms): Min: 0.9, Avg: 1.1, Max: 1.2, Diff: 0.4, Sum: 8.8]
      [Termination (ms): Min: 0.0, Avg: 0.0, Max: 0.0, Diff: 0.0, Sum: 0.0]
         [Termination Attempts: Min: 1, Avg: 1.2, Max: 2, Diff: 1, Sum: 10]
      [GC Worker Other (ms): Min: 0.0, Avg: 0.0, Max: 0.0, Diff: 0.0, Sum: 0.1]
      [GC Worker Total (ms): Min: 3.9, Avg: 3.9, Max: 4.0, Diff: 0.1, Sum: 31.5]
      [GC Worker End (ms): Min: 824639.4, Avg: 824639.4, Max: 824639.4, Diff: 0.0]
   [Code Root Fixup: 0.1 ms]
   [Code Root Purge: 0.0 ms]
   [Clear CT: 0.2 ms]
   [Other: 0.6 ms]
      [Choose CSet: 0.0 ms]
      [Ref Proc: 0.3 ms]
      [Ref Enq: 0.0 ms]
      [Redirty Cards: 0.2 ms]
      [Humongous Register: 0.0 ms]
      [Humongous Reclaim: 0.0 ms]
      [Free CSet: 0.0 ms]
   [Eden: 74.0M(74.0M)->0.0B(74.0M) Survivors: 2048.0K->2048.0K Heap: 226.0M(256.0M)->152.2M(256.0M)]
 [Times: user=0.03 sys=0.00, real=0.00 secs] 
2019-02-06T22:22:26.796+0500: 825.742: [GC pause (G1 Evacuation Pause) (young), 0.0088171 secs]
   [Parallel Time: 4.9 ms, GC Workers: 8]
      [GC Worker Start (ms): Min: 825742.2, Avg: 825742.3, Max: 825742.4, Diff: 0.2]
      [Ext Root Scanning (ms): Min: 0.2, Avg: 0.5, Max: 1.1, Diff: 0.9, Sum: 3.9]
      [Update RS (ms): Min: 1.6, Avg: 2.1, Max: 2.6, Diff: 1.0, Sum: 16.6]
         [Processed Buffers: Min: 3, Avg: 6.2, Max: 14, Diff: 11, Sum: 50]
      [Scan RS (ms): Min: 0.3, Avg: 0.7, Max: 0.8, Diff: 0.6, Sum: 5.3]
      [Code Root Scanning (ms): Min: 0.0, Avg: 0.0, Max: 0.0, Diff: 0.0, Sum: 0.0]
      [Object Copy (ms): Min: 1.1, Avg: 1.2, Max: 1.4, Diff: 0.3, Sum: 9.4]
      [Termination (ms): Min: 0.0, Avg: 0.3, Max: 0.3, Diff: 0.3, Sum: 2.2]
         [Termination Attempts: Min: 1, Avg: 1.0, Max: 1, Diff: 0, Sum: 8]
      [GC Worker Other (ms): Min: 0.0, Avg: 0.0, Max: 0.0, Diff: 0.0, Sum: 0.1]
      [GC Worker Total (ms): Min: 4.6, Avg: 4.7, Max: 4.7, Diff: 0.2, Sum: 37.5]
      [GC Worker End (ms): Min: 825747.0, Avg: 825747.0, Max: 825747.0, Diff: 0.1]
   [Code Root Fixup: 0.1 ms]
   [Code Root Purge: 0.0 ms]
   [Clear CT: 0.2 ms]
   [Other: 3.7 ms]
      [Choose CSet: 0.0 ms]
      [Ref Proc: 3.2 ms]
      [Ref Enq: 0.0 ms]
      [Redirty Cards: 0.2 ms]
      [Humongous Register: 0.0 ms]
      [Humongous Reclaim: 0.0 ms]
      [Free CSet: 0.0 ms]
   [Eden: 74.0M(74.0M)->0.0B(73.0M) Survivors: 2048.0K->2048.0K Heap: 226.2M(256.0M)->152.2M(256.0M)]
 [Times: user=0.05 sys=0.01, real=0.01 secs] 
2019-02-06T22:22:27.949+0500: 826.895: [GC pause (G1 Evacuation Pause) (young) (initial-mark), 0.0064760 secs]
   [Parallel Time: 5.6 ms, GC Workers: 8]
      [GC Worker Start (ms): Min: 826895.3, Avg: 826895.4, Max: 826895.5, Diff: 0.2]
      [Ext Root Scanning (ms): Min: 0.6, Avg: 0.8, Max: 0.9, Diff: 0.3, Sum: 6.0]
      [Update RS (ms): Min: 1.4, Avg: 1.6, Max: 2.0, Diff: 0.6, Sum: 13.1]
         [Processed Buffers: Min: 3, Avg: 6.0, Max: 10, Diff: 7, Sum: 48]
      [Scan RS (ms): Min: 0.7, Avg: 1.0, Max: 1.2, Diff: 0.6, Sum: 7.6]
      [Code Root Scanning (ms): Min: 0.0, Avg: 0.0, Max: 0.0, Diff: 0.0, Sum: 0.0]
      [Object Copy (ms): Min: 1.3, Avg: 1.5, Max: 1.7, Diff: 0.3, Sum: 11.7]
      [Termination (ms): Min: 0.0, Avg: 0.3, Max: 0.4, Diff: 0.4, Sum: 2.2]
         [Termination Attempts: Min: 1, Avg: 5.4, Max: 8, Diff: 7, Sum: 43]
      [GC Worker Other (ms): Min: 0.0, Avg: 0.0, Max: 0.0, Diff: 0.0, Sum: 0.1]
      [GC Worker Total (ms): Min: 4.9, Avg: 5.1, Max: 5.3, Diff: 0.3, Sum: 40.8]
      [GC Worker End (ms): Min: 826900.4, Avg: 826900.5, Max: 826900.6, Diff: 0.2]
   [Code Root Fixup: 0.1 ms]
   [Code Root Purge: 0.0 ms]
   [Clear CT: 0.2 ms]
   [Other: 0.7 ms]
      [Choose CSet: 0.0 ms]
      [Ref Proc: 0.3 ms]
      [Ref Enq: 0.0 ms]
      [Redirty Cards: 0.2 ms]
      [Humongous Register: 0.0 ms]
      [Humongous Reclaim: 0.0 ms]
      [Free CSet: 0.0 ms]
   [Eden: 73.0M(73.0M)->0.0B(73.0M) Survivors: 2048.0K->2048.0K Heap: 225.2M(256.0M)->152.5M(256.0M)]
 [Times: user=0.04 sys=0.00, real=0.01 secs] 
2019-02-06T22:22:27.956+0500: 826.902: [GC concurrent-root-region-scan-start]
2019-02-06T22:22:27.961+0500: 826.907: [GC concurrent-root-region-scan-end, 0.0048044 secs]
2019-02-06T22:22:27.961+0500: 826.907: [GC concurrent-mark-start]
2019-02-06T22:22:27.990+0500: 826.936: [GC concurrent-mark-end, 0.0295569 secs]
2019-02-06T22:22:27.991+0500: 826.936: [GC remark 2019-02-06T22:22:27.991+0500: 826.936: [Finalize Marking, 0.0003709 secs] 2019-02-06T22:22:27.991+0500: 826.937: [GC ref-proc, 0.0006039 secs] 2019-02-06T22:22:27.992+0500: 826.938: [Unloading, 0.0044255 secs], 0.0076761 secs]
 [Times: user=0.03 sys=0.00, real=0.00 secs] 
2019-02-06T22:22:27.999+0500: 826.944: [GC cleanup 155M->155M(256M), 0.0007355 secs]
 [Times: user=0.01 sys=0.00, real=0.01 secs] 
2019-02-06T22:22:29.052+0500: 827.998: [GC pause (G1 Evacuation Pause) (young), 0.0058324 secs]
   [Parallel Time: 4.7 ms, GC Workers: 8]
      [GC Worker Start (ms): Min: 827997.7, Avg: 827997.7, Max: 827997.8, Diff: 0.1]
      [Ext Root Scanning (ms): Min: 0.3, Avg: 0.4, Max: 0.7, Diff: 0.4, Sum: 3.3]
      [Update RS (ms): Min: 1.8, Avg: 2.1, Max: 2.7, Diff: 0.9, Sum: 16.9]
         [Processed Buffers: Min: 1, Avg: 6.0, Max: 9, Diff: 8, Sum: 48]
      [Scan RS (ms): Min: 0.3, Avg: 0.8, Max: 1.2, Diff: 0.9, Sum: 6.5]
      [Code Root Scanning (ms): Min: 0.0, Avg: 0.0, Max: 0.0, Diff: 0.0, Sum: 0.0]
      [Object Copy (ms): Min: 1.1, Avg: 1.2, Max: 1.3, Diff: 0.1, Sum: 9.6]
      [Termination (ms): Min: 0.0, Avg: 0.0, Max: 0.0, Diff: 0.0, Sum: 0.0]
         [Termination Attempts: Min: 1, Avg: 1.4, Max: 3, Diff: 2, Sum: 11]
      [GC Worker Other (ms): Min: 0.0, Avg: 0.0, Max: 0.0, Diff: 0.0, Sum: 0.1]
      [GC Worker Total (ms): Min: 4.5, Avg: 4.6, Max: 4.6, Diff: 0.1, Sum: 36.4]
      [GC Worker End (ms): Min: 828002.3, Avg: 828002.3, Max: 828002.3, Diff: 0.0]
   [Code Root Fixup: 0.1 ms]
   [Code Root Purge: 0.0 ms]
   [Clear CT: 0.2 ms]
   [Other: 0.9 ms]
      [Choose CSet: 0.0 ms]
      [Ref Proc: 0.5 ms]
      [Ref Enq: 0.0 ms]
      [Redirty Cards: 0.2 ms]
      [Humongous Register: 0.0 ms]
      [Humongous Reclaim: 0.0 ms]
      [Free CSet: 0.0 ms]
   [Eden: 73.0M(73.0M)->0.0B(10.0M) Survivors: 2048.0K->2048.0K Heap: 225.5M(256.0M)->152.3M(256.0M)]
 [Times: user=0.04 sys=0.00, real=0.00 secs] 
2019-02-06T22:22:29.208+0500: 828.154: [GC pause (G1 Evacuation Pause) (mixed), 0.0079661 secs]
   [Parallel Time: 7.0 ms, GC Workers: 8]
      [GC Worker Start (ms): Min: 828153.7, Avg: 828153.8, Max: 828153.8, Diff: 0.1]
      [Ext Root Scanning (ms): Min: 0.3, Avg: 0.8, Max: 3.8, Diff: 3.5, Sum: 6.7]
      [Update RS (ms): Min: 0.0, Avg: 2.1, Max: 2.7, Diff: 2.7, Sum: 17.2]
         [Processed Buffers: Min: 0, Avg: 6.4, Max: 12, Diff: 12, Sum: 51]
      [Scan RS (ms): Min: 0.5, Avg: 1.7, Max: 3.8, Diff: 3.4, Sum: 13.7]
      [Code Root Scanning (ms): Min: 0.0, Avg: 0.0, Max: 0.1, Diff: 0.1, Sum: 0.1]
      [Object Copy (ms): Min: 0.0, Avg: 1.6, Max: 1.8, Diff: 1.8, Sum: 12.5]
      [Termination (ms): Min: 0.0, Avg: 0.5, Max: 0.7, Diff: 0.7, Sum: 4.3]
         [Termination Attempts: Min: 1, Avg: 9.1, Max: 14, Diff: 13, Sum: 73]
      [GC Worker Other (ms): Min: 0.0, Avg: 0.0, Max: 0.0, Diff: 0.0, Sum: 0.1]
      [GC Worker Total (ms): Min: 6.7, Avg: 6.8, Max: 6.9, Diff: 0.3, Sum: 54.6]
      [GC Worker End (ms): Min: 828160.4, Avg: 828160.6, Max: 828160.7, Diff: 0.2]
   [Code Root Fixup: 0.1 ms]
   [Code Root Purge: 0.0 ms]
   [Clear CT: 0.2 ms]
   [Other: 0.7 ms]
      [Choose CSet: 0.0 ms]
      [Ref Proc: 0.3 ms]
      [Ref Enq: 0.0 ms]
      [Redirty Cards: 0.2 ms]
      [Humongous Register: 0.0 ms]
      [Humongous Reclaim: 0.0 ms]
      [Free CSet: 0.0 ms]
   [Eden: 10.0M(10.0M)->0.0B(74.0M) Survivors: 2048.0K->2048.0K Heap: 162.3M(256.0M)->151.8M(256.0M)]
 [Times: user=0.05 sys=0.00, real=0.01 secs] 
2019-02-06T22:22:30.358+0500: 829.304: [GC pause (G1 Evacuation Pause) (young), 0.0052789 secs]
   [Parallel Time: 4.3 ms, GC Workers: 8]
      [GC Worker Start (ms): Min: 829304.1, Avg: 829304.1, Max: 829304.2, Diff: 0.1]
      [Ext Root Scanning (ms): Min: 0.3, Avg: 0.4, Max: 0.7, Diff: 0.4, Sum: 2.9]
      [Update RS (ms): Min: 1.1, Avg: 1.5, Max: 1.9, Diff: 0.8, Sum: 12.3]
         [Processed Buffers: Min: 2, Avg: 5.2, Max: 14, Diff: 12, Sum: 42]
      [Scan RS (ms): Min: 0.8, Avg: 1.1, Max: 1.3, Diff: 0.5, Sum: 8.6]
      [Code Root Scanning (ms): Min: 0.0, Avg: 0.0, Max: 0.0, Diff: 0.0, Sum: 0.0]
      [Object Copy (ms): Min: 1.1, Avg: 1.1, Max: 1.2, Diff: 0.1, Sum: 9.2]
      [Termination (ms): Min: 0.0, Avg: 0.0, Max: 0.0, Diff: 0.0, Sum: 0.0]
         [Termination Attempts: Min: 1, Avg: 1.2, Max: 2, Diff: 1, Sum: 10]
      [GC Worker Other (ms): Min: 0.0, Avg: 0.0, Max: 0.0, Diff: 0.0, Sum: 0.2]
      [GC Worker Total (ms): Min: 4.1, Avg: 4.1, Max: 4.2, Diff: 0.1, Sum: 33.1]
      [GC Worker End (ms): Min: 829308.2, Avg: 829308.2, Max: 829308.3, Diff: 0.0]
   [Code Root Fixup: 0.1 ms]
   [Code Root Purge: 0.0 ms]
   [Clear CT: 0.2 ms]
   [Other: 0.7 ms]
      [Choose CSet: 0.0 ms]
      [Ref Proc: 0.3 ms]
      [Ref Enq: 0.0 ms]
      [Redirty Cards: 0.2 ms]
      [Humongous Register: 0.0 ms]
      [Humongous Reclaim: 0.0 ms]
      [Free CSet: 0.0 ms]
   [Eden: 74.0M(74.0M)->0.0B(76.0M) Survivors: 2048.0K->1024.0K Heap: 225.8M(256.0M)->151.5M(256.0M)]
 [Times: user=0.03 sys=0.00, real=0.01 secs] 
2019-02-06T22:22:31.565+0500: 830.511: [GC pause (G1 Evacuation Pause) (young) (initial-mark), 0.0082977 secs]
   [Parallel Time: 6.7 ms, GC Workers: 8]
      [GC Worker Start (ms): Min: 830511.2, Avg: 830511.3, Max: 830511.4, Diff: 0.2]
      [Ext Root Scanning (ms): Min: 0.6, Avg: 0.9, Max: 2.0, Diff: 1.4, Sum: 7.4]
      [Update RS (ms): Min: 0.8, Avg: 1.9, Max: 3.4, Diff: 2.6, Sum: 15.3]
         [Processed Buffers: Min: 2, Avg: 5.4, Max: 11, Diff: 9, Sum: 43]
      [Scan RS (ms): Min: 0.0, Avg: 1.1, Max: 1.5, Diff: 1.5, Sum: 8.7]
      [Code Root Scanning (ms): Min: 0.0, Avg: 0.0, Max: 0.0, Diff: 0.0, Sum: 0.0]
      [Object Copy (ms): Min: 1.2, Avg: 1.5, Max: 2.2, Diff: 1.1, Sum: 12.1]
      [Termination (ms): Min: 0.0, Avg: 0.9, Max: 1.0, Diff: 1.0, Sum: 6.9]
         [Termination Attempts: Min: 1, Avg: 2.8, Max: 5, Diff: 4, Sum: 22]
      [GC Worker Other (ms): Min: 0.0, Avg: 0.0, Max: 0.0, Diff: 0.0, Sum: 0.1]
      [GC Worker Total (ms): Min: 6.2, Avg: 6.3, Max: 6.5, Diff: 0.2, Sum: 50.6]
      [GC Worker End (ms): Min: 830517.5, Avg: 830517.6, Max: 830517.7, Diff: 0.1]
   [Code Root Fixup: 0.1 ms]
   [Code Root Purge: 0.0 ms]
   [Clear CT: 0.2 ms]
   [Other: 1.3 ms]
      [Choose CSet: 0.0 ms]
      [Ref Proc: 0.9 ms]
      [Ref Enq: 0.0 ms]
      [Redirty Cards: 0.2 ms]
      [Humongous Register: 0.0 ms]
      [Humongous Reclaim: 0.0 ms]
      [Free CSet: 0.0 ms]
   [Eden: 76.0M(76.0M)->0.0B(74.0M) Survivors: 1024.0K->2048.0K Heap: 227.5M(256.0M)->151.8M(256.0M)]
 [Times: user=0.04 sys=0.01, real=0.01 secs] 
2019-02-06T22:22:31.574+0500: 830.520: [GC concurrent-root-region-scan-start]
2019-02-06T22:22:31.578+0500: 830.524: [GC concurrent-root-region-scan-end, 0.0046706 secs]
2019-02-06T22:22:31.579+0500: 830.524: [GC concurrent-mark-start]
2019-02-06T22:22:31.609+0500: 830.555: [GC concurrent-mark-end, 0.0304504 secs]
2019-02-06T22:22:31.609+0500: 830.555: [GC remark 2019-02-06T22:22:31.609+0500: 830.555: [Finalize Marking, 0.0004880 secs] 2019-02-06T22:22:31.610+0500: 830.556: [GC ref-proc, 0.0006001 secs] 2019-02-06T22:22:31.611+0500: 830.556: [Unloading, 0.0048150 secs], 0.0086803 secs]
 [Times: user=0.04 sys=0.00, real=0.01 secs] 
2019-02-06T22:22:31.618+0500: 830.564: [GC cleanup 154M->154M(256M), 0.0008440 secs]
 [Times: user=0.00 sys=0.00, real=0.00 secs] 
2019-02-06T22:22:32.773+0500: 831.718: [GC pause (G1 Evacuation Pause) (young), 0.0051751 secs]
   [Parallel Time: 4.2 ms, GC Workers: 8]
      [GC Worker Start (ms): Min: 831718.3, Avg: 831718.4, Max: 831718.4, Diff: 0.1]
      [Ext Root Scanning (ms): Min: 0.3, Avg: 0.4, Max: 0.7, Diff: 0.4, Sum: 3.0]
      [Update RS (ms): Min: 1.6, Avg: 1.7, Max: 2.1, Diff: 0.5, Sum: 13.9]
         [Processed Buffers: Min: 3, Avg: 5.5, Max: 14, Diff: 11, Sum: 44]
      [Scan RS (ms): Min: 0.4, Avg: 0.8, Max: 1.0, Diff: 0.6, Sum: 6.7]
      [Code Root Scanning (ms): Min: 0.0, Avg: 0.0, Max: 0.0, Diff: 0.0, Sum: 0.0]
      [Object Copy (ms): Min: 1.1, Avg: 1.1, Max: 1.2, Diff: 0.1, Sum: 9.0]
      [Termination (ms): Min: 0.0, Avg: 0.0, Max: 0.0, Diff: 0.0, Sum: 0.0]
         [Termination Attempts: Min: 1, Avg: 1.0, Max: 1, Diff: 0, Sum: 8]
      [GC Worker Other (ms): Min: 0.0, Avg: 0.0, Max: 0.0, Diff: 0.0, Sum: 0.1]
      [GC Worker Total (ms): Min: 4.1, Avg: 4.1, Max: 4.2, Diff: 0.1, Sum: 32.8]
      [GC Worker End (ms): Min: 831722.5, Avg: 831722.5, Max: 831722.5, Diff: 0.0]
   [Code Root Fixup: 0.1 ms]
   [Code Root Purge: 0.0 ms]
   [Clear CT: 0.2 ms]
   [Other: 0.7 ms]
      [Choose CSet: 0.0 ms]
      [Ref Proc: 0.3 ms]
      [Ref Enq: 0.0 ms]
      [Redirty Cards: 0.2 ms]
      [Humongous Register: 0.0 ms]
      [Humongous Reclaim: 0.0 ms]
      [Free CSet: 0.0 ms]
   [Eden: 74.0M(74.0M)->0.0B(74.0M) Survivors: 2048.0K->2048.0K Heap: 225.8M(256.0M)->151.8M(256.0M)]
 [Times: user=0.03 sys=0.00, real=0.00 secs] 
2019-02-06T22:22:33.955+0500: 832.901: [GC pause (G1 Evacuation Pause) (young), 0.0056649 secs]
   [Parallel Time: 4.7 ms, GC Workers: 8]
      [GC Worker Start (ms): Min: 832901.0, Avg: 832901.0, Max: 832901.1, Diff: 0.1]
      [Ext Root Scanning (ms): Min: 0.3, Avg: 0.5, Max: 1.0, Diff: 0.7, Sum: 4.1]
      [Update RS (ms): Min: 1.8, Avg: 2.1, Max: 2.5, Diff: 0.6, Sum: 16.9]
         [Processed Buffers: Min: 3, Avg: 5.9, Max: 17, Diff: 14, Sum: 47]
      [Scan RS (ms): Min: 0.4, Avg: 0.6, Max: 0.8, Diff: 0.4, Sum: 5.1]
      [Code Root Scanning (ms): Min: 0.0, Avg: 0.0, Max: 0.0, Diff: 0.0, Sum: 0.0]
      [Object Copy (ms): Min: 1.1, Avg: 1.2, Max: 1.2, Diff: 0.1, Sum: 9.4]
      [Termination (ms): Min: 0.0, Avg: 0.0, Max: 0.0, Diff: 0.0, Sum: 0.0]
         [Termination Attempts: Min: 1, Avg: 1.8, Max: 2, Diff: 1, Sum: 14]
      [GC Worker Other (ms): Min: 0.0, Avg: 0.0, Max: 0.1, Diff: 0.0, Sum: 0.2]
      [GC Worker Total (ms): Min: 4.4, Avg: 4.5, Max: 4.5, Diff: 0.1, Sum: 35.8]
      [GC Worker End (ms): Min: 832905.5, Avg: 832905.5, Max: 832905.5, Diff: 0.0]
   [Code Root Fixup: 0.1 ms]
   [Code Root Purge: 0.0 ms]
   [Clear CT: 0.2 ms]
   [Other: 0.8 ms]
      [Choose CSet: 0.0 ms]
      [Ref Proc: 0.3 ms]
      [Ref Enq: 0.0 ms]
      [Redirty Cards: 0.2 ms]
      [Humongous Register: 0.0 ms]
      [Humongous Reclaim: 0.0 ms]
      [Free CSet: 0.0 ms]
   [Eden: 74.0M(74.0M)->0.0B(74.0M) Survivors: 2048.0K->2048.0K Heap: 225.8M(256.0M)->151.9M(256.0M)]
 [Times: user=0.03 sys=0.00, real=0.01 secs] 
2019-02-06T22:22:35.504+0500: 834.450: [GC pause (G1 Evacuation Pause) (young) (initial-mark), 0.0322946 secs]
   [Parallel Time: 20.2 ms, GC Workers: 8]
      [GC Worker Start (ms): Min: 834450.3, Avg: 834450.7, Max: 834451.2, Diff: 0.9]
      [Ext Root Scanning (ms): Min: 0.8, Avg: 4.1, Max: 9.2, Diff: 8.3, Sum: 33.0]
      [Update RS (ms): Min: 0.0, Avg: 2.5, Max: 4.3, Diff: 4.3, Sum: 19.9]
         [Processed Buffers: Min: 0, Avg: 5.5, Max: 12, Diff: 12, Sum: 44]
      [Scan RS (ms): Min: 0.0, Avg: 0.6, Max: 1.0, Diff: 1.0, Sum: 4.5]
      [Code Root Scanning (ms): Min: 0.0, Avg: 0.0, Max: 0.0, Diff: 0.0, Sum: 0.0]
      [Object Copy (ms): Min: 0.0, Avg: 1.6, Max: 2.4, Diff: 2.4, Sum: 12.5]
      [Termination (ms): Min: 0.0, Avg: 8.3, Max: 11.1, Diff: 11.1, Sum: 66.2]
         [Termination Attempts: Min: 1, Avg: 2.2, Max: 4, Diff: 3, Sum: 18]
      [GC Worker Other (ms): Min: 0.0, Avg: 0.0, Max: 0.1, Diff: 0.0, Sum: 0.2]
      [GC Worker Total (ms): Min: 9.2, Avg: 17.0, Max: 19.9, Diff: 10.7, Sum: 136.3]
      [GC Worker End (ms): Min: 834460.4, Avg: 834467.7, Max: 834470.3, Diff: 9.8]
   [Code Root Fixup: 0.1 ms]
   [Code Root Purge: 0.0 ms]
   [Clear CT: 0.2 ms]
   [Other: 11.8 ms]
      [Choose CSet: 0.0 ms]
      [Ref Proc: 11.2 ms]
      [Ref Enq: 0.0 ms]
      [Redirty Cards: 0.2 ms]
      [Humongous Register: 0.0 ms]
      [Humongous Reclaim: 0.0 ms]
      [Free CSet: 0.1 ms]
   [Eden: 74.0M(74.0M)->0.0B(74.0M) Survivors: 2048.0K->2048.0K Heap: 225.9M(256.0M)->151.9M(256.0M)]
 [Times: user=0.06 sys=0.00, real=0.03 secs] 
2019-02-06T22:22:35.537+0500: 834.483: [GC concurrent-root-region-scan-start]
2019-02-06T22:22:35.543+0500: 834.488: [GC concurrent-root-region-scan-end, 0.0056236 secs]
2019-02-06T22:22:35.543+0500: 834.488: [GC concurrent-mark-start]
2019-02-06T22:22:35.571+0500: 834.516: [GC concurrent-mark-end, 0.0281510 secs]
2019-02-06T22:22:35.571+0500: 834.517: [GC remark 2019-02-06T22:22:35.571+0500: 834.517: [Finalize Marking, 0.0018110 secs] 2019-02-06T22:22:35.573+0500: 834.519: [GC ref-proc, 0.0005983 secs] 2019-02-06T22:22:35.574+0500: 834.520: [Unloading, 0.0055069 secs], 0.0104653 secs]
 [Times: user=0.04 sys=0.00, real=0.01 secs] 
2019-02-06T22:22:35.582+0500: 834.528: [GC cleanup 155M->155M(256M), 0.0008209 secs]
 [Times: user=0.00 sys=0.00, real=0.00 secs] 
2019-02-06T22:22:36.964+0500: 835.909: [GC pause (G1 Evacuation Pause) (young), 0.0091589 secs]
   [Parallel Time: 8.2 ms, GC Workers: 8]
      [GC Worker Start (ms): Min: 835909.4, Avg: 835909.4, Max: 835909.5, Diff: 0.1]
      [Ext Root Scanning (ms): Min: 0.3, Avg: 1.0, Max: 5.1, Diff: 4.9, Sum: 7.8]
      [Update RS (ms): Min: 0.0, Avg: 1.6, Max: 2.0, Diff: 2.0, Sum: 12.6]
         [Processed Buffers: Min: 0, Avg: 5.4, Max: 15, Diff: 15, Sum: 43]
      [Scan RS (ms): Min: 0.0, Avg: 0.9, Max: 1.1, Diff: 1.1, Sum: 6.9]
      [Code Root Scanning (ms): Min: 0.0, Avg: 0.0, Max: 0.0, Diff: 0.0, Sum: 0.0]
      [Object Copy (ms): Min: 0.0, Avg: 1.0, Max: 1.2, Diff: 1.2, Sum: 8.3]
      [Termination (ms): Min: 0.0, Avg: 3.3, Max: 3.8, Diff: 3.8, Sum: 26.1]
         [Termination Attempts: Min: 1, Avg: 1.4, Max: 3, Diff: 2, Sum: 11]
      [GC Worker Other (ms): Min: 0.0, Avg: 0.0, Max: 0.0, Diff: 0.0, Sum: 0.1]
      [GC Worker Total (ms): Min: 5.2, Avg: 7.7, Max: 8.2, Diff: 3.0, Sum: 61.8]
      [GC Worker End (ms): Min: 835914.6, Avg: 835917.2, Max: 835917.6, Diff: 2.9]
   [Code Root Fixup: 0.1 ms]
   [Code Root Purge: 0.0 ms]
   [Clear CT: 0.1 ms]
   [Other: 0.7 ms]
      [Choose CSet: 0.0 ms]
      [Ref Proc: 0.3 ms]
      [Ref Enq: 0.0 ms]
      [Redirty Cards: 0.2 ms]
      [Humongous Register: 0.0 ms]
      [Humongous Reclaim: 0.0 ms]
      [Free CSet: 0.0 ms]
   [Eden: 74.0M(74.0M)->0.0B(10.0M) Survivors: 2048.0K->2048.0K Heap: 225.9M(256.0M)->152.3M(256.0M)]
 [Times: user=0.04 sys=0.00, real=0.01 secs] 
2019-02-06T22:22:37.105+0500: 836.051: [GC pause (G1 Evacuation Pause) (mixed), 0.0067507 secs]
   [Parallel Time: 5.3 ms, GC Workers: 8]
      [GC Worker Start (ms): Min: 836050.8, Avg: 836050.8, Max: 836050.9, Diff: 0.1]
      [Ext Root Scanning (ms): Min: 0.2, Avg: 0.4, Max: 0.8, Diff: 0.5, Sum: 2.8]
      [Update RS (ms): Min: 0.1, Avg: 1.4, Max: 2.0, Diff: 1.9, Sum: 11.4]
         [Processed Buffers: Min: 1, Avg: 4.4, Max: 11, Diff: 10, Sum: 35]
      [Scan RS (ms): Min: 1.2, Avg: 1.5, Max: 1.9, Diff: 0.7, Sum: 12.1]
      [Code Root Scanning (ms): Min: 0.0, Avg: 0.0, Max: 0.1, Diff: 0.1, Sum: 0.1]
      [Object Copy (ms): Min: 1.4, Avg: 1.9, Max: 3.0, Diff: 1.7, Sum: 14.8]
      [Termination (ms): Min: 0.0, Avg: 0.0, Max: 0.0, Diff: 0.0, Sum: 0.0]
         [Termination Attempts: Min: 1, Avg: 2.5, Max: 4, Diff: 3, Sum: 20]
      [GC Worker Other (ms): Min: 0.0, Avg: 0.0, Max: 0.0, Diff: 0.0, Sum: 0.1]
      [GC Worker Total (ms): Min: 5.2, Avg: 5.2, Max: 5.2, Diff: 0.1, Sum: 41.5]
      [GC Worker End (ms): Min: 836056.0, Avg: 836056.0, Max: 836056.0, Diff: 0.0]
   [Code Root Fixup: 0.1 ms]
   [Code Root Purge: 0.0 ms]
   [Clear CT: 0.2 ms]
   [Other: 1.2 ms]
      [Choose CSet: 0.0 ms]
      [Ref Proc: 0.3 ms]
      [Ref Enq: 0.0 ms]
      [Redirty Cards: 0.2 ms]
      [Humongous Register: 0.0 ms]
      [Humongous Reclaim: 0.0 ms]
      [Free CSet: 0.0 ms]
   [Eden: 10.0M(10.0M)->0.0B(76.0M) Survivors: 2048.0K->1024.0K Heap: 162.3M(256.0M)->151.2M(256.0M)]
 [Times: user=0.04 sys=0.00, real=0.01 secs] 
2019-02-06T22:22:38.087+0500: 837.033: [GC pause (G1 Evacuation Pause) (young), 0.0046617 secs]
   [Parallel Time: 3.9 ms, GC Workers: 8]
      [GC Worker Start (ms): Min: 837033.1, Avg: 837033.1, Max: 837033.2, Diff: 0.1]
      [Ext Root Scanning (ms): Min: 0.2, Avg: 0.4, Max: 0.7, Diff: 0.5, Sum: 2.9]
      [Update RS (ms): Min: 1.2, Avg: 1.6, Max: 2.0, Diff: 0.7, Sum: 13.1]
         [Processed Buffers: Min: 3, Avg: 5.1, Max: 8, Diff: 5, Sum: 41]
      [Scan RS (ms): Min: 0.4, Avg: 0.7, Max: 0.9, Diff: 0.4, Sum: 5.6]
      [Code Root Scanning (ms): Min: 0.0, Avg: 0.0, Max: 0.0, Diff: 0.0, Sum: 0.0]
      [Object Copy (ms): Min: 0.9, Avg: 1.0, Max: 1.0, Diff: 0.1, Sum: 7.7]
      [Termination (ms): Min: 0.0, Avg: 0.0, Max: 0.0, Diff: 0.0, Sum: 0.0]
         [Termination Attempts: Min: 1, Avg: 1.4, Max: 3, Diff: 2, Sum: 11]
      [GC Worker Other (ms): Min: 0.0, Avg: 0.0, Max: 0.0, Diff: 0.0, Sum: 0.2]
      [GC Worker Total (ms): Min: 3.6, Avg: 3.7, Max: 3.7, Diff: 0.1, Sum: 29.5]
      [GC Worker End (ms): Min: 837036.8, Avg: 837036.8, Max: 837036.8, Diff: 0.0]
   [Code Root Fixup: 0.1 ms]
   [Code Root Purge: 0.0 ms]
   [Clear CT: 0.1 ms]
   [Other: 0.6 ms]
      [Choose CSet: 0.0 ms]
      [Ref Proc: 0.2 ms]
      [Ref Enq: 0.0 ms]
      [Redirty Cards: 0.2 ms]
      [Humongous Register: 0.0 ms]
      [Humongous Reclaim: 0.0 ms]
      [Free CSet: 0.0 ms]
   [Eden: 76.0M(76.0M)->0.0B(74.0M) Survivors: 1024.0K->2048.0K Heap: 227.2M(256.0M)->151.7M(256.0M)]
 [Times: user=0.03 sys=0.00, real=0.01 secs] 
2019-02-06T22:22:39.064+0500: 838.010: [GC pause (G1 Evacuation Pause) (young) (initial-mark), 0.0051479 secs]
   [Parallel Time: 4.3 ms, GC Workers: 8]
      [GC Worker Start (ms): Min: 838010.3, Avg: 838010.4, Max: 838010.4, Diff: 0.1]
      [Ext Root Scanning (ms): Min: 0.7, Avg: 0.7, Max: 0.8, Diff: 0.1, Sum: 5.6]
      [Update RS (ms): Min: 1.5, Avg: 1.7, Max: 1.9, Diff: 0.4, Sum: 13.9]
         [Processed Buffers: Min: 3, Avg: 5.8, Max: 11, Diff: 8, Sum: 46]
      [Scan RS (ms): Min: 0.3, Avg: 0.5, Max: 0.7, Diff: 0.4, Sum: 4.1]
      [Code Root Scanning (ms): Min: 0.0, Avg: 0.0, Max: 0.0, Diff: 0.0, Sum: 0.0]
      [Object Copy (ms): Min: 0.9, Avg: 1.0, Max: 1.0, Diff: 0.1, Sum: 7.9]
      [Termination (ms): Min: 0.0, Avg: 0.0, Max: 0.0, Diff: 0.0, Sum: 0.0]
         [Termination Attempts: Min: 1, Avg: 1.0, Max: 1, Diff: 0, Sum: 8]
      [GC Worker Other (ms): Min: 0.0, Avg: 0.0, Max: 0.0, Diff: 0.0, Sum: 0.2]
      [GC Worker Total (ms): Min: 3.9, Avg: 4.0, Max: 4.0, Diff: 0.1, Sum: 31.7]
      [GC Worker End (ms): Min: 838014.3, Avg: 838014.3, Max: 838014.4, Diff: 0.0]
   [Code Root Fixup: 0.1 ms]
   [Code Root Purge: 0.0 ms]
   [Clear CT: 0.2 ms]
   [Other: 0.6 ms]
      [Choose CSet: 0.0 ms]
      [Ref Proc: 0.2 ms]
      [Ref Enq: 0.0 ms]
      [Redirty Cards: 0.1 ms]
      [Humongous Register: 0.0 ms]
      [Humongous Reclaim: 0.0 ms]
      [Free CSet: 0.0 ms]
   [Eden: 74.0M(74.0M)->0.0B(76.0M) Survivors: 2048.0K->1024.0K Heap: 225.7M(256.0M)->151.5M(256.0M)]
 [Times: user=0.04 sys=0.00, real=0.01 secs] 
2019-02-06T22:22:39.070+0500: 838.015: [GC concurrent-root-region-scan-start]
2019-02-06T22:22:39.075+0500: 838.020: [GC concurrent-root-region-scan-end, 0.0049720 secs]
2019-02-06T22:22:39.075+0500: 838.020: [GC concurrent-mark-start]
2019-02-06T22:22:39.104+0500: 838.050: [GC concurrent-mark-end, 0.0293880 secs]
2019-02-06T22:22:39.104+0500: 838.050: [GC remark 2019-02-06T22:22:39.105+0500: 838.050: [Finalize Marking, 0.0004174 secs] 2019-02-06T22:22:39.105+0500: 838.051: [GC ref-proc, 0.0005435 secs] 2019-02-06T22:22:39.106+0500: 838.051: [Unloading, 0.0045015 secs], 0.0079432 secs]
 [Times: user=0.03 sys=0.00, real=0.01 secs] 
2019-02-06T22:22:39.113+0500: 838.059: [GC cleanup 154M->154M(256M), 0.0006944 secs]
 [Times: user=0.00 sys=0.00, real=0.00 secs] 
2019-02-06T22:22:40.042+0500: 838.988: [GC pause (G1 Evacuation Pause) (young), 0.0045256 secs]
   [Parallel Time: 3.7 ms, GC Workers: 8]
      [GC Worker Start (ms): Min: 838988.1, Avg: 838988.2, Max: 838988.2, Diff: 0.1]
      [Ext Root Scanning (ms): Min: 0.3, Avg: 0.4, Max: 0.7, Diff: 0.4, Sum: 2.9]
      [Update RS (ms): Min: 1.5, Avg: 1.6, Max: 1.9, Diff: 0.4, Sum: 13.2]
         [Processed Buffers: Min: 3, Avg: 5.8, Max: 11, Diff: 8, Sum: 46]
      [Scan RS (ms): Min: 0.3, Avg: 0.6, Max: 1.0, Diff: 0.7, Sum: 4.7]
      [Code Root Scanning (ms): Min: 0.0, Avg: 0.0, Max: 0.0, Diff: 0.0, Sum: 0.0]
      [Object Copy (ms): Min: 0.6, Avg: 1.0, Max: 1.1, Diff: 0.5, Sum: 7.8]
      [Termination (ms): Min: 0.0, Avg: 0.0, Max: 0.0, Diff: 0.0, Sum: 0.0]
         [Termination Attempts: Min: 1, Avg: 1.0, Max: 1, Diff: 0, Sum: 8]
      [GC Worker Other (ms): Min: 0.0, Avg: 0.0, Max: 0.0, Diff: 0.0, Sum: 0.1]
      [GC Worker Total (ms): Min: 3.6, Avg: 3.6, Max: 3.6, Diff: 0.1, Sum: 28.8]
      [GC Worker End (ms): Min: 838991.7, Avg: 838991.7, Max: 838991.7, Diff: 0.0]
   [Code Root Fixup: 0.1 ms]
   [Code Root Purge: 0.0 ms]
   [Clear CT: 0.1 ms]
   [Other: 0.6 ms]
      [Choose CSet: 0.0 ms]
      [Ref Proc: 0.3 ms]
      [Ref Enq: 0.0 ms]
      [Redirty Cards: 0.1 ms]
      [Humongous Register: 0.0 ms]
      [Humongous Reclaim: 0.0 ms]
      [Free CSet: 0.0 ms]
   [Eden: 76.0M(76.0M)->0.0B(74.0M) Survivors: 1024.0K->2048.0K Heap: 227.5M(256.0M)->151.9M(256.0M)]
 [Times: user=0.03 sys=0.00, real=0.00 secs] 
2019-02-06T22:22:41.139+0500: 840.085: [GC pause (G1 Evacuation Pause) (young), 0.0059560 secs]
   [Parallel Time: 5.1 ms, GC Workers: 8]
      [GC Worker Start (ms): Min: 840084.8, Avg: 840084.8, Max: 840084.9, Diff: 0.1]
      [Ext Root Scanning (ms): Min: 0.3, Avg: 0.8, Max: 2.0, Diff: 1.7, Sum: 6.4]
      [Update RS (ms): Min: 1.0, Avg: 2.4, Max: 4.3, Diff: 3.4, Sum: 19.3]
         [Processed Buffers: Min: 3, Avg: 6.8, Max: 13, Diff: 10, Sum: 54]
      [Scan RS (ms): Min: 0.0, Avg: 0.0, Max: 0.1, Diff: 0.1, Sum: 0.2]
      [Code Root Scanning (ms): Min: 0.0, Avg: 0.0, Max: 0.0, Diff: 0.0, Sum: 0.0]
      [Object Copy (ms): Min: 0.0, Avg: 1.2, Max: 1.5, Diff: 1.5, Sum: 9.9]
      [Termination (ms): Min: 0.0, Avg: 0.3, Max: 0.5, Diff: 0.5, Sum: 2.5]
         [Termination Attempts: Min: 1, Avg: 6.1, Max: 20, Diff: 19, Sum: 49]
      [GC Worker Other (ms): Min: 0.0, Avg: 0.0, Max: 0.0, Diff: 0.0, Sum: 0.1]
      [GC Worker Total (ms): Min: 4.7, Avg: 4.8, Max: 5.0, Diff: 0.3, Sum: 38.3]
      [GC Worker End (ms): Min: 840089.6, Avg: 840089.6, Max: 840089.8, Diff: 0.2]
   [Code Root Fixup: 0.1 ms]
   [Code Root Purge: 0.0 ms]
   [Clear CT: 0.1 ms]
   [Other: 0.6 ms]
      [Choose CSet: 0.0 ms]
      [Ref Proc: 0.2 ms]
      [Ref Enq: 0.0 ms]
      [Redirty Cards: 0.1 ms]
      [Humongous Register: 0.0 ms]
      [Humongous Reclaim: 0.0 ms]
      [Free CSet: 0.0 ms]
   [Eden: 74.0M(74.0M)->0.0B(74.0M) Survivors: 2048.0K->2048.0K Heap: 225.9M(256.0M)->152.0M(256.0M)]
 [Times: user=0.03 sys=0.00, real=0.01 secs] 
2019-02-06T22:22:42.635+0500: 841.581: [GC pause (G1 Evacuation Pause) (young) (initial-mark), 0.0065841 secs]
   [Parallel Time: 4.4 ms, GC Workers: 8]
      [GC Worker Start (ms): Min: 841581.0, Avg: 841581.0, Max: 841581.1, Diff: 0.1]
      [Ext Root Scanning (ms): Min: 0.6, Avg: 0.7, Max: 0.7, Diff: 0.1, Sum: 5.5]
      [Update RS (ms): Min: 1.8, Avg: 1.9, Max: 2.1, Diff: 0.3, Sum: 15.2]
         [Processed Buffers: Min: 3, Avg: 6.0, Max: 15, Diff: 12, Sum: 48]
      [Scan RS (ms): Min: 0.4, Avg: 0.5, Max: 0.7, Diff: 0.3, Sum: 4.2]
      [Code Root Scanning (ms): Min: 0.0, Avg: 0.0, Max: 0.0, Diff: 0.0, Sum: 0.0]
      [Object Copy (ms): Min: 0.9, Avg: 1.0, Max: 1.1, Diff: 0.2, Sum: 7.9]
      [Termination (ms): Min: 0.0, Avg: 0.0, Max: 0.0, Diff: 0.0, Sum: 0.0]
         [Termination Attempts: Min: 1, Avg: 1.8, Max: 3, Diff: 2, Sum: 14]
      [GC Worker Other (ms): Min: 0.0, Avg: 0.0, Max: 0.0, Diff: 0.0, Sum: 0.1]
      [GC Worker Total (ms): Min: 4.1, Avg: 4.1, Max: 4.1, Diff: 0.1, Sum: 32.8]
      [GC Worker End (ms): Min: 841585.1, Avg: 841585.1, Max: 841585.1, Diff: 0.0]
   [Code Root Fixup: 0.1 ms]
   [Code Root Purge: 0.0 ms]
   [Clear CT: 0.2 ms]
   [Other: 1.9 ms]
      [Choose CSet: 0.0 ms]
      [Ref Proc: 1.5 ms]
      [Ref Enq: 0.0 ms]
      [Redirty Cards: 0.2 ms]
      [Humongous Register: 0.0 ms]
      [Humongous Reclaim: 0.0 ms]
      [Free CSet: 0.0 ms]
   [Eden: 74.0M(74.0M)->0.0B(74.0M) Survivors: 2048.0K->2048.0K Heap: 226.0M(256.0M)->151.8M(256.0M)]
 [Times: user=0.03 sys=0.00, real=0.01 secs] 
2019-02-06T22:22:42.642+0500: 841.588: [GC concurrent-root-region-scan-start]
2019-02-06T22:22:42.646+0500: 841.592: [GC concurrent-root-region-scan-end, 0.0045394 secs]
2019-02-06T22:22:42.646+0500: 841.592: [GC concurrent-mark-start]
2019-02-06T22:22:42.673+0500: 841.618: [GC concurrent-mark-end, 0.0262808 secs]
2019-02-06T22:22:42.673+0500: 841.619: [GC remark 2019-02-06T22:22:42.673+0500: 841.619: [Finalize Marking, 0.0011873 secs] 2019-02-06T22:22:42.674+0500: 841.620: [GC ref-proc, 0.0005327 secs] 2019-02-06T22:22:42.675+0500: 841.620: [Unloading, 0.0045476 secs], 0.0086532 secs]
 [Times: user=0.04 sys=0.00, real=0.01 secs] 
2019-02-06T22:22:42.682+0500: 841.628: [GC cleanup 154M->154M(256M), 0.0006789 secs]
 [Times: user=0.00 sys=0.00, real=0.00 secs] 
2019-02-06T22:22:43.844+0500: 842.790: [GC pause (G1 Evacuation Pause) (young), 0.0083116 secs]
   [Parallel Time: 6.4 ms, GC Workers: 8]
      [GC Worker Start (ms): Min: 842790.2, Avg: 842790.9, Max: 842795.3, Diff: 5.1]
      [Ext Root Scanning (ms): Min: 0.0, Avg: 0.4, Max: 0.9, Diff: 0.9, Sum: 3.4]
      [Update RS (ms): Min: 0.0, Avg: 1.7, Max: 2.2, Diff: 2.2, Sum: 14.0]
         [Processed Buffers: Min: 0, Avg: 6.8, Max: 14, Diff: 14, Sum: 54]
      [Scan RS (ms): Min: 0.0, Avg: 0.5, Max: 0.7, Diff: 0.7, Sum: 3.9]
      [Code Root Scanning (ms): Min: 0.0, Avg: 0.0, Max: 0.0, Diff: 0.0, Sum: 0.0]
      [Object Copy (ms): Min: 0.0, Avg: 1.1, Max: 1.9, Diff: 1.9, Sum: 8.9]
      [Termination (ms): Min: 0.0, Avg: 1.1, Max: 2.1, Diff: 2.1, Sum: 8.8]
         [Termination Attempts: Min: 1, Avg: 1.0, Max: 1, Diff: 0, Sum: 8]
      [GC Worker Other (ms): Min: 0.0, Avg: 0.0, Max: 0.0, Diff: 0.0, Sum: 0.1]
      [GC Worker Total (ms): Min: 0.0, Avg: 4.9, Max: 6.3, Diff: 6.2, Sum: 39.0]
      [GC Worker End (ms): Min: 842795.3, Avg: 842795.7, Max: 842796.5, Diff: 1.2]
   [Code Root Fixup: 0.1 ms]
   [Code Root Purge: 0.0 ms]
   [Clear CT: 0.1 ms]
   [Other: 1.7 ms]
      [Choose CSet: 0.0 ms]
      [Ref Proc: 1.3 ms]
      [Ref Enq: 0.0 ms]
      [Redirty Cards: 0.1 ms]
      [Humongous Register: 0.0 ms]
      [Humongous Reclaim: 0.0 ms]
      [Free CSet: 0.0 ms]
   [Eden: 74.0M(74.0M)->0.0B(74.0M) Survivors: 2048.0K->2048.0K Heap: 225.8M(256.0M)->152.1M(256.0M)]
 [Times: user=0.04 sys=0.00, real=0.01 secs] 
2019-02-06T22:22:44.923+0500: 843.869: [GC pause (G1 Evacuation Pause) (young), 0.0093520 secs]
   [Parallel Time: 8.4 ms, GC Workers: 8]
      [GC Worker Start (ms): Min: 843868.9, Avg: 843869.0, Max: 843869.0, Diff: 0.2]
      [Ext Root Scanning (ms): Min: 0.3, Avg: 0.4, Max: 0.7, Diff: 0.4, Sum: 3.0]
      [Update RS (ms): Min: 2.0, Avg: 2.2, Max: 2.4, Diff: 0.3, Sum: 17.9]
         [Processed Buffers: Min: 4, Avg: 6.9, Max: 16, Diff: 12, Sum: 55]
      [Scan RS (ms): Min: 0.0, Avg: 0.0, Max: 0.1, Diff: 0.1, Sum: 0.1]
      [Code Root Scanning (ms): Min: 0.0, Avg: 0.0, Max: 0.0, Diff: 0.0, Sum: 0.0]
      [Object Copy (ms): Min: 1.1, Avg: 1.3, Max: 2.0, Diff: 0.9, Sum: 10.6]
      [Termination (ms): Min: 0.0, Avg: 2.0, Max: 4.4, Diff: 4.4, Sum: 16.3]
         [Termination Attempts: Min: 1, Avg: 1.6, Max: 3, Diff: 2, Sum: 13]
      [GC Worker Other (ms): Min: 0.0, Avg: 0.0, Max: 0.0, Diff: 0.0, Sum: 0.1]
      [GC Worker Total (ms): Min: 4.7, Avg: 6.0, Max: 8.2, Diff: 3.5, Sum: 48.1]
      [GC Worker End (ms): Min: 843873.7, Avg: 843875.0, Max: 843877.2, Diff: 3.5]
   [Code Root Fixup: 0.1 ms]
   [Code Root Purge: 0.0 ms]
   [Clear CT: 0.1 ms]
   [Other: 0.7 ms]
      [Choose CSet: 0.0 ms]
      [Ref Proc: 0.3 ms]
      [Ref Enq: 0.0 ms]
      [Redirty Cards: 0.1 ms]
      [Humongous Register: 0.0 ms]
      [Humongous Reclaim: 0.0 ms]
      [Free CSet: 0.0 ms]
   [Eden: 74.0M(74.0M)->0.0B(74.0M) Survivors: 2048.0K->2048.0K Heap: 226.1M(256.0M)->152.4M(256.0M)]
 [Times: user=0.04 sys=0.00, real=0.01 secs] 
2019-02-06T22:22:46.177+0500: 845.122: [GC pause (G1 Evacuation Pause) (young) (initial-mark), 0.0052080 secs]
   [Parallel Time: 4.3 ms, GC Workers: 8]
      [GC Worker Start (ms): Min: 845122.7, Avg: 845122.7, Max: 845122.8, Diff: 0.1]
      [Ext Root Scanning (ms): Min: 0.7, Avg: 0.7, Max: 0.9, Diff: 0.3, Sum: 5.9]
      [Update RS (ms): Min: 2.0, Avg: 2.3, Max: 2.5, Diff: 0.5, Sum: 18.2]
         [Processed Buffers: Min: 4, Avg: 7.0, Max: 14, Diff: 10, Sum: 56]
      [Scan RS (ms): Min: 0.0, Avg: 0.0, Max: 0.1, Diff: 0.1, Sum: 0.2]
      [Code Root Scanning (ms): Min: 0.0, Avg: 0.0, Max: 0.0, Diff: 0.0, Sum: 0.0]
      [Object Copy (ms): Min: 0.9, Avg: 1.0, Max: 1.1, Diff: 0.2, Sum: 8.0]
      [Termination (ms): Min: 0.0, Avg: 0.0, Max: 0.0, Diff: 0.0, Sum: 0.0]
         [Termination Attempts: Min: 1, Avg: 1.1, Max: 2, Diff: 1, Sum: 9]
      [GC Worker Other (ms): Min: 0.0, Avg: 0.0, Max: 0.0, Diff: 0.0, Sum: 0.1]
      [GC Worker Total (ms): Min: 4.0, Avg: 4.1, Max: 4.1, Diff: 0.1, Sum: 32.4]
      [GC Worker End (ms): Min: 845126.8, Avg: 845126.8, Max: 845126.8, Diff: 0.0]
   [Code Root Fixup: 0.1 ms]
   [Code Root Purge: 0.0 ms]
   [Clear CT: 0.1 ms]
   [Other: 0.7 ms]
      [Choose CSet: 0.0 ms]
      [Ref Proc: 0.3 ms]
      [Ref Enq: 0.0 ms]
      [Redirty Cards: 0.2 ms]
      [Humongous Register: 0.0 ms]
      [Humongous Reclaim: 0.0 ms]
      [Free CSet: 0.0 ms]
   [Eden: 74.0M(74.0M)->0.0B(74.0M) Survivors: 2048.0K->2048.0K Heap: 226.4M(256.0M)->152.1M(256.0M)]
 [Times: user=0.03 sys=0.00, real=0.01 secs] 
2019-02-06T22:22:46.182+0500: 845.128: [GC concurrent-root-region-scan-start]
2019-02-06T22:22:46.187+0500: 845.133: [GC concurrent-root-region-scan-end, 0.0048196 secs]
2019-02-06T22:22:46.187+0500: 845.133: [GC concurrent-mark-start]
2019-02-06T22:22:46.215+0500: 845.160: [GC concurrent-mark-end, 0.0274314 secs]
2019-02-06T22:22:46.215+0500: 845.160: [GC remark 2019-02-06T22:22:46.215+0500: 845.161: [Finalize Marking, 0.0008882 secs] 2019-02-06T22:22:46.216+0500: 845.161: [GC ref-proc, 0.0005391 secs] 2019-02-06T22:22:46.216+0500: 845.162: [Unloading, 0.0042909 secs], 0.0081733 secs]
 [Times: user=0.04 sys=0.00, real=0.01 secs] 
2019-02-06T22:22:46.223+0500: 845.169: [GC cleanup 154M->154M(256M), 0.0007164 secs]
 [Times: user=0.00 sys=0.00, real=0.00 secs] 
2019-02-06T22:22:47.197+0500: 846.142: [GC pause (G1 Evacuation Pause) (young), 0.0048604 secs]
   [Parallel Time: 4.0 ms, GC Workers: 8]
      [GC Worker Start (ms): Min: 846142.4, Avg: 846142.4, Max: 846142.4, Diff: 0.1]
      [Ext Root Scanning (ms): Min: 0.3, Avg: 0.3, Max: 0.7, Diff: 0.5, Sum: 2.8]
      [Update RS (ms): Min: 1.0, Avg: 1.4, Max: 1.8, Diff: 0.8, Sum: 11.6]
         [Processed Buffers: Min: 2, Avg: 5.6, Max: 18, Diff: 16, Sum: 45]
      [Scan RS (ms): Min: 0.7, Avg: 1.0, Max: 1.1, Diff: 0.4, Sum: 7.7]
      [Code Root Scanning (ms): Min: 0.0, Avg: 0.0, Max: 0.0, Diff: 0.0, Sum: 0.0]
      [Object Copy (ms): Min: 1.1, Avg: 1.1, Max: 1.2, Diff: 0.1, Sum: 9.1]
      [Termination (ms): Min: 0.0, Avg: 0.0, Max: 0.0, Diff: 0.0, Sum: 0.0]
         [Termination Attempts: Min: 1, Avg: 2.1, Max: 5, Diff: 4, Sum: 17]
      [GC Worker Other (ms): Min: 0.0, Avg: 0.0, Max: 0.0, Diff: 0.0, Sum: 0.2]
      [GC Worker Total (ms): Min: 3.9, Avg: 3.9, Max: 4.0, Diff: 0.1, Sum: 31.4]
      [GC Worker End (ms): Min: 846146.3, Avg: 846146.3, Max: 846146.3, Diff: 0.0]
   [Code Root Fixup: 0.1 ms]
   [Code Root Purge: 0.0 ms]
   [Clear CT: 0.1 ms]
   [Other: 0.6 ms]
      [Choose CSet: 0.0 ms]
      [Ref Proc: 0.2 ms]
      [Ref Enq: 0.0 ms]
      [Redirty Cards: 0.2 ms]
      [Humongous Register: 0.0 ms]
      [Humongous Reclaim: 0.0 ms]
      [Free CSet: 0.0 ms]
   [Eden: 74.0M(74.0M)->0.0B(73.0M) Survivors: 2048.0K->2048.0K Heap: 226.1M(256.0M)->152.3M(256.0M)]
 [Times: user=0.03 sys=0.00, real=0.01 secs] 
2019-02-06T22:22:48.169+0500: 847.115: [GC pause (G1 Evacuation Pause) (young), 0.0050636 secs]
   [Parallel Time: 4.2 ms, GC Workers: 8]
      [GC Worker Start (ms): Min: 847115.0, Avg: 847115.0, Max: 847115.1, Diff: 0.1]
      [Ext Root Scanning (ms): Min: 0.3, Avg: 0.5, Max: 1.2, Diff: 0.8, Sum: 3.9]
      [Update RS (ms): Min: 1.4, Avg: 1.8, Max: 2.1, Diff: 0.7, Sum: 14.3]
         [Processed Buffers: Min: 3, Avg: 5.5, Max: 19, Diff: 16, Sum: 44]
      [Scan RS (ms): Min: 0.5, Avg: 0.7, Max: 0.9, Diff: 0.4, Sum: 5.6]
      [Code Root Scanning (ms): Min: 0.0, Avg: 0.0, Max: 0.0, Diff: 0.0, Sum: 0.0]
      [Object Copy (ms): Min: 1.1, Avg: 1.1, Max: 1.1, Diff: 0.1, Sum: 8.9]
      [Termination (ms): Min: 0.0, Avg: 0.0, Max: 0.0, Diff: 0.0, Sum: 0.0]
         [Termination Attempts: Min: 1, Avg: 1.0, Max: 1, Diff: 0, Sum: 8]
      [GC Worker Other (ms): Min: 0.0, Avg: 0.0, Max: 0.0, Diff: 0.0, Sum: 0.1]
      [GC Worker Total (ms): Min: 4.1, Avg: 4.1, Max: 4.2, Diff: 0.1, Sum: 32.9]
      [GC Worker End (ms): Min: 847119.1, Avg: 847119.1, Max: 847119.2, Diff: 0.0]
   [Code Root Fixup: 0.1 ms]
   [Code Root Purge: 0.0 ms]
   [Clear CT: 0.1 ms]
   [Other: 0.6 ms]
      [Choose CSet: 0.0 ms]
      [Ref Proc: 0.3 ms]
      [Ref Enq: 0.0 ms]
      [Redirty Cards: 0.1 ms]
      [Humongous Register: 0.0 ms]
      [Humongous Reclaim: 0.0 ms]
      [Free CSet: 0.0 ms]
   [Eden: 73.0M(73.0M)->0.0B(73.0M) Survivors: 2048.0K->2048.0K Heap: 225.3M(256.0M)->152.3M(256.0M)]
 [Times: user=0.04 sys=0.01, real=0.01 secs] 
2019-02-06T22:22:49.190+0500: 848.135: [GC pause (G1 Evacuation Pause) (young) (initial-mark), 0.0058327 secs]
   [Parallel Time: 5.0 ms, GC Workers: 8]
      [GC Worker Start (ms): Min: 848135.4, Avg: 848135.5, Max: 848135.6, Diff: 0.2]
      [Ext Root Scanning (ms): Min: 0.6, Avg: 0.7, Max: 0.9, Diff: 0.3, Sum: 5.8]
      [Update RS (ms): Min: 1.6, Avg: 1.9, Max: 2.2, Diff: 0.7, Sum: 15.1]
         [Processed Buffers: Min: 3, Avg: 6.0, Max: 13, Diff: 10, Sum: 48]
      [Scan RS (ms): Min: 0.3, Avg: 0.6, Max: 0.7, Diff: 0.4, Sum: 4.8]
      [Code Root Scanning (ms): Min: 0.0, Avg: 0.0, Max: 0.0, Diff: 0.0, Sum: 0.0]
      [Object Copy (ms): Min: 1.0, Avg: 1.1, Max: 1.3, Diff: 0.3, Sum: 8.8]
      [Termination (ms): Min: 0.0, Avg: 0.3, Max: 0.4, Diff: 0.4, Sum: 2.3]
         [Termination Attempts: Min: 1, Avg: 1.2, Max: 2, Diff: 1, Sum: 10]
      [GC Worker Other (ms): Min: 0.0, Avg: 0.0, Max: 0.0, Diff: 0.0, Sum: 0.1]
      [GC Worker Total (ms): Min: 4.5, Avg: 4.6, Max: 4.7, Diff: 0.2, Sum: 36.9]
      [GC Worker End (ms): Min: 848140.0, Avg: 848140.1, Max: 848140.2, Diff: 0.2]
   [Code Root Fixup: 0.1 ms]
   [Code Root Purge: 0.0 ms]
   [Clear CT: 0.1 ms]
   [Other: 0.6 ms]
      [Choose CSet: 0.0 ms]
      [Ref Proc: 0.3 ms]
      [Ref Enq: 0.0 ms]
      [Redirty Cards: 0.1 ms]
      [Humongous Register: 0.0 ms]
      [Humongous Reclaim: 0.0 ms]
      [Free CSet: 0.0 ms]
   [Eden: 73.0M(73.0M)->0.0B(73.0M) Survivors: 2048.0K->2048.0K Heap: 225.3M(256.0M)->152.4M(256.0M)]
 [Times: user=0.04 sys=0.00, real=0.00 secs] 
2019-02-06T22:22:49.196+0500: 848.141: [GC concurrent-root-region-scan-start]
2019-02-06T22:22:49.200+0500: 848.146: [GC concurrent-root-region-scan-end, 0.0047329 secs]
2019-02-06T22:22:49.200+0500: 848.146: [GC concurrent-mark-start]
2019-02-06T22:22:49.228+0500: 848.173: [GC concurrent-mark-end, 0.0273572 secs]
2019-02-06T22:22:49.228+0500: 848.174: [GC remark 2019-02-06T22:22:49.228+0500: 848.174: [Finalize Marking, 0.0003713 secs] 2019-02-06T22:22:49.229+0500: 848.174: [GC ref-proc, 0.0003970 secs] 2019-02-06T22:22:49.229+0500: 848.175: [Unloading, 0.0041675 secs], 0.0070661 secs]
 [Times: user=0.03 sys=0.00, real=0.01 secs] 
2019-02-06T22:22:49.235+0500: 848.181: [GC cleanup 155M->155M(256M), 0.0007789 secs]
 [Times: user=0.00 sys=0.00, real=0.00 secs] 
2019-02-06T22:22:50.272+0500: 849.218: [GC pause (G1 Evacuation Pause) (young), 0.0046159 secs]
   [Parallel Time: 3.8 ms, GC Workers: 8]
      [GC Worker Start (ms): Min: 849217.6, Avg: 849217.7, Max: 849217.7, Diff: 0.1]
      [Ext Root Scanning (ms): Min: 0.3, Avg: 0.4, Max: 0.7, Diff: 0.4, Sum: 3.0]
      [Update RS (ms): Min: 2.1, Avg: 2.2, Max: 2.3, Diff: 0.2, Sum: 18.0]
         [Processed Buffers: Min: 5, Avg: 7.0, Max: 10, Diff: 5, Sum: 56]
      [Scan RS (ms): Min: 0.0, Avg: 0.0, Max: 0.1, Diff: 0.1, Sum: 0.2]
      [Code Root Scanning (ms): Min: 0.0, Avg: 0.0, Max: 0.0, Diff: 0.0, Sum: 0.0]
      [Object Copy (ms): Min: 0.9, Avg: 1.0, Max: 1.1, Diff: 0.2, Sum: 8.3]
      [Termination (ms): Min: 0.0, Avg: 0.0, Max: 0.0, Diff: 0.0, Sum: 0.0]
         [Termination Attempts: Min: 1, Avg: 1.2, Max: 2, Diff: 1, Sum: 10]
      [GC Worker Other (ms): Min: 0.0, Avg: 0.0, Max: 0.0, Diff: 0.0, Sum: 0.1]
      [GC Worker Total (ms): Min: 3.7, Avg: 3.7, Max: 3.7, Diff: 0.1, Sum: 29.6]
      [GC Worker End (ms): Min: 849221.4, Avg: 849221.4, Max: 849221.4, Diff: 0.0]
   [Code Root Fixup: 0.1 ms]
   [Code Root Purge: 0.0 ms]
   [Clear CT: 0.1 ms]
   [Other: 0.6 ms]
      [Choose CSet: 0.0 ms]
      [Ref Proc: 0.2 ms]
      [Ref Enq: 0.0 ms]
      [Redirty Cards: 0.2 ms]
      [Humongous Register: 0.0 ms]
      [Humongous Reclaim: 0.0 ms]
      [Free CSet: 0.0 ms]
   [Eden: 73.0M(73.0M)->0.0B(10.0M) Survivors: 2048.0K->2048.0K Heap: 225.4M(256.0M)->152.4M(256.0M)]
 [Times: user=0.03 sys=0.00, real=0.00 secs] 
2019-02-06T22:22:50.405+0500: 849.351: [GC pause (G1 Evacuation Pause) (mixed), 0.0065446 secs]
   [Parallel Time: 5.2 ms, GC Workers: 8]
      [GC Worker Start (ms): Min: 849350.6, Avg: 849350.7, Max: 849350.7, Diff: 0.1]
      [Ext Root Scanning (ms): Min: 0.3, Avg: 0.4, Max: 0.8, Diff: 0.5, Sum: 2.9]
      [Update RS (ms): Min: 1.2, Avg: 1.6, Max: 1.8, Diff: 0.6, Sum: 12.9]
         [Processed Buffers: Min: 3, Avg: 5.2, Max: 12, Diff: 9, Sum: 42]
      [Scan RS (ms): Min: 1.7, Avg: 1.8, Max: 2.0, Diff: 0.3, Sum: 14.7]
      [Code Root Scanning (ms): Min: 0.0, Avg: 0.0, Max: 0.0, Diff: 0.0, Sum: 0.0]
      [Object Copy (ms): Min: 1.1, Avg: 1.2, Max: 1.2, Diff: 0.1, Sum: 9.6]
      [Termination (ms): Min: 0.0, Avg: 0.0, Max: 0.0, Diff: 0.0, Sum: 0.0]
         [Termination Attempts: Min: 1, Avg: 2.2, Max: 4, Diff: 3, Sum: 18]
      [GC Worker Other (ms): Min: 0.0, Avg: 0.0, Max: 0.1, Diff: 0.0, Sum: 0.2]
      [GC Worker Total (ms): Min: 5.0, Avg: 5.0, Max: 5.1, Diff: 0.1, Sum: 40.4]
      [GC Worker End (ms): Min: 849355.7, Avg: 849355.7, Max: 849355.8, Diff: 0.0]
   [Code Root Fixup: 0.1 ms]
   [Code Root Purge: 0.0 ms]
   [Clear CT: 0.6 ms]
   [Other: 0.6 ms]
      [Choose CSet: 0.0 ms]
      [Ref Proc: 0.2 ms]
      [Ref Enq: 0.0 ms]
      [Redirty Cards: 0.2 ms]
      [Humongous Register: 0.0 ms]
      [Humongous Reclaim: 0.0 ms]
      [Free CSet: 0.0 ms]
   [Eden: 10.0M(10.0M)->0.0B(74.0M) Survivors: 2048.0K->2048.0K Heap: 162.4M(256.0M)->151.5M(256.0M)]
 [Times: user=0.04 sys=0.00, real=0.01 secs] 
2019-02-06T22:22:51.457+0500: 850.403: [GC pause (G1 Evacuation Pause) (young), 0.0056359 secs]
   [Parallel Time: 4.0 ms, GC Workers: 8]
      [GC Worker Start (ms): Min: 850403.0, Avg: 850403.1, Max: 850403.2, Diff: 0.1]
      [Ext Root Scanning (ms): Min: 0.3, Avg: 0.4, Max: 0.7, Diff: 0.4, Sum: 3.2]
      [Update RS (ms): Min: 1.6, Avg: 1.9, Max: 2.1, Diff: 0.5, Sum: 15.2]
         [Processed Buffers: Min: 3, Avg: 5.6, Max: 12, Diff: 9, Sum: 45]
      [Scan RS (ms): Min: 0.3, Avg: 0.5, Max: 0.7, Diff: 0.4, Sum: 3.8]
      [Code Root Scanning (ms): Min: 0.0, Avg: 0.0, Max: 0.0, Diff: 0.0, Sum: 0.0]
      [Object Copy (ms): Min: 1.0, Avg: 1.1, Max: 1.1, Diff: 0.2, Sum: 8.5]
      [Termination (ms): Min: 0.0, Avg: 0.0, Max: 0.0, Diff: 0.0, Sum: 0.0]
         [Termination Attempts: Min: 1, Avg: 2.9, Max: 5, Diff: 4, Sum: 23]
      [GC Worker Other (ms): Min: 0.0, Avg: 0.0, Max: 0.0, Diff: 0.0, Sum: 0.2]
      [GC Worker Total (ms): Min: 3.8, Avg: 3.9, Max: 3.9, Diff: 0.1, Sum: 30.8]
      [GC Worker End (ms): Min: 850406.9, Avg: 850406.9, Max: 850407.0, Diff: 0.0]
   [Code Root Fixup: 0.1 ms]
   [Code Root Purge: 0.0 ms]
   [Clear CT: 0.2 ms]
   [Other: 1.3 ms]
      [Choose CSet: 0.0 ms]
      [Ref Proc: 0.9 ms]
      [Ref Enq: 0.0 ms]
      [Redirty Cards: 0.2 ms]
      [Humongous Register: 0.0 ms]
      [Humongous Reclaim: 0.0 ms]
      [Free CSet: 0.0 ms]
   [Eden: 74.0M(74.0M)->0.0B(76.0M) Survivors: 2048.0K->1024.0K Heap: 225.5M(256.0M)->151.4M(256.0M)]
 [Times: user=0.04 sys=0.00, real=0.01 secs] 
2019-02-06T22:22:52.503+0500: 851.448: [GC pause (G1 Evacuation Pause) (young) (initial-mark), 0.0059328 secs]
   [Parallel Time: 4.3 ms, GC Workers: 8]
      [GC Worker Start (ms): Min: 851448.5, Avg: 851448.5, Max: 851448.6, Diff: 0.1]
      [Ext Root Scanning (ms): Min: 0.6, Avg: 0.7, Max: 0.8, Diff: 0.1, Sum: 5.6]
      [Update RS (ms): Min: 1.9, Avg: 2.0, Max: 2.2, Diff: 0.3, Sum: 16.0]
         [Processed Buffers: Min: 3, Avg: 5.9, Max: 16, Diff: 13, Sum: 47]
      [Scan RS (ms): Min: 0.2, Avg: 0.4, Max: 0.5, Diff: 0.3, Sum: 3.1]
      [Code Root Scanning (ms): Min: 0.0, Avg: 0.0, Max: 0.0, Diff: 0.0, Sum: 0.0]
      [Object Copy (ms): Min: 0.9, Avg: 1.0, Max: 1.0, Diff: 0.1, Sum: 7.7]
      [Termination (ms): Min: 0.0, Avg: 0.0, Max: 0.0, Diff: 0.0, Sum: 0.0]
         [Termination Attempts: Min: 1, Avg: 1.0, Max: 1, Diff: 0, Sum: 8]
      [GC Worker Other (ms): Min: 0.0, Avg: 0.0, Max: 0.0, Diff: 0.0, Sum: 0.1]
      [GC Worker Total (ms): Min: 4.0, Avg: 4.1, Max: 4.1, Diff: 0.1, Sum: 32.5]
      [GC Worker End (ms): Min: 851452.6, Avg: 851452.6, Max: 851452.6, Diff: 0.0]
   [Code Root Fixup: 0.1 ms]
   [Code Root Purge: 0.0 ms]
   [Clear CT: 0.1 ms]
   [Other: 1.4 ms]
      [Choose CSet: 0.0 ms]
      [Ref Proc: 1.1 ms]
      [Ref Enq: 0.0 ms]
      [Redirty Cards: 0.2 ms]
      [Humongous Register: 0.0 ms]
      [Humongous Reclaim: 0.0 ms]
      [Free CSet: 0.0 ms]
   [Eden: 76.0M(76.0M)->0.0B(74.0M) Survivors: 1024.0K->2048.0K Heap: 227.4M(256.0M)->151.6M(256.0M)]
 [Times: user=0.04 sys=0.00, real=0.00 secs] 
2019-02-06T22:22:52.509+0500: 851.454: [GC concurrent-root-region-scan-start]
2019-02-06T22:22:52.514+0500: 851.459: [GC concurrent-root-region-scan-end, 0.0047945 secs]
2019-02-06T22:22:52.514+0500: 851.459: [GC concurrent-mark-start]
2019-02-06T22:22:52.540+0500: 851.486: [GC concurrent-mark-end, 0.0265158 secs]
2019-02-06T22:22:52.540+0500: 851.486: [GC remark 2019-02-06T22:22:52.541+0500: 851.486: [Finalize Marking, 0.0003341 secs] 2019-02-06T22:22:52.541+0500: 851.486: [GC ref-proc, 0.0005567 secs] 2019-02-06T22:22:52.542+0500: 851.487: [Unloading, 0.0042521 secs], 0.0078409 secs]
 [Times: user=0.04 sys=0.00, real=0.00 secs] 
2019-02-06T22:22:52.549+0500: 851.494: [GC cleanup 154M->154M(256M), 0.0006946 secs]
 [Times: user=0.00 sys=0.00, real=0.00 secs] 
2019-02-06T22:22:53.488+0500: 852.433: [GC pause (G1 Evacuation Pause) (young), 0.0053488 secs]
   [Parallel Time: 4.5 ms, GC Workers: 8]
      [GC Worker Start (ms): Min: 852433.3, Avg: 852433.4, Max: 852433.4, Diff: 0.1]
      [Ext Root Scanning (ms): Min: 0.3, Avg: 0.9, Max: 4.1, Diff: 3.8, Sum: 7.2]
      [Update RS (ms): Min: 0.0, Avg: 2.1, Max: 2.6, Diff: 2.6, Sum: 16.6]
         [Processed Buffers: Min: 0, Avg: 6.4, Max: 16, Diff: 16, Sum: 51]
      [Scan RS (ms): Min: 0.0, Avg: 0.3, Max: 0.3, Diff: 0.3, Sum: 2.0]
      [Code Root Scanning (ms): Min: 0.0, Avg: 0.0, Max: 0.0, Diff: 0.0, Sum: 0.0]
      [Object Copy (ms): Min: 0.2, Avg: 1.1, Max: 1.3, Diff: 1.1, Sum: 8.6]
      [Termination (ms): Min: 0.0, Avg: 0.0, Max: 0.0, Diff: 0.0, Sum: 0.0]
         [Termination Attempts: Min: 1, Avg: 2.0, Max: 3, Diff: 2, Sum: 16]
      [GC Worker Other (ms): Min: 0.0, Avg: 0.0, Max: 0.1, Diff: 0.1, Sum: 0.2]
      [GC Worker Total (ms): Min: 4.3, Avg: 4.3, Max: 4.4, Diff: 0.1, Sum: 34.7]
      [GC Worker End (ms): Min: 852437.7, Avg: 852437.7, Max: 852437.7, Diff: 0.0]
   [Code Root Fixup: 0.1 ms]
   [Code Root Purge: 0.0 ms]
   [Clear CT: 0.2 ms]
   [Other: 0.6 ms]
      [Choose CSet: 0.0 ms]
      [Ref Proc: 0.3 ms]
      [Ref Enq: 0.0 ms]
      [Redirty Cards: 0.2 ms]
      [Humongous Register: 0.0 ms]
      [Humongous Reclaim: 0.0 ms]
      [Free CSet: 0.0 ms]
   [Eden: 74.0M(74.0M)->0.0B(74.0M) Survivors: 2048.0K->2048.0K Heap: 225.6M(256.0M)->151.9M(256.0M)]
 [Times: user=0.03 sys=0.00, real=0.01 secs] 
2019-02-06T22:22:54.576+0500: 853.522: [GC pause (G1 Evacuation Pause) (young), 0.0056010 secs]
   [Parallel Time: 4.7 ms, GC Workers: 8]
      [GC Worker Start (ms): Min: 853521.8, Avg: 853521.8, Max: 853521.9, Diff: 0.1]
      [Ext Root Scanning (ms): Min: 0.3, Avg: 0.4, Max: 0.7, Diff: 0.4, Sum: 2.9]
      [Update RS (ms): Min: 1.7, Avg: 2.0, Max: 2.4, Diff: 0.7, Sum: 15.9]
         [Processed Buffers: Min: 3, Avg: 6.1, Max: 11, Diff: 8, Sum: 49]
      [Scan RS (ms): Min: 0.2, Avg: 0.5, Max: 0.6, Diff: 0.4, Sum: 3.7]
      [Code Root Scanning (ms): Min: 0.0, Avg: 0.0, Max: 0.0, Diff: 0.0, Sum: 0.0]
      [Object Copy (ms): Min: 1.1, Avg: 1.2, Max: 1.5, Diff: 0.4, Sum: 9.3]
      [Termination (ms): Min: 0.0, Avg: 0.5, Max: 0.6, Diff: 0.6, Sum: 4.0]
         [Termination Attempts: Min: 1, Avg: 2.1, Max: 3, Diff: 2, Sum: 17]
      [GC Worker Other (ms): Min: 0.0, Avg: 0.0, Max: 0.0, Diff: 0.0, Sum: 0.1]
      [GC Worker Total (ms): Min: 4.4, Avg: 4.5, Max: 4.5, Diff: 0.2, Sum: 35.9]
      [GC Worker End (ms): Min: 853526.2, Avg: 853526.3, Max: 853526.4, Diff: 0.2]
   [Code Root Fixup: 0.1 ms]
   [Code Root Purge: 0.0 ms]
   [Clear CT: 0.2 ms]
   [Other: 0.6 ms]
      [Choose CSet: 0.0 ms]
      [Ref Proc: 0.3 ms]
      [Ref Enq: 0.0 ms]
      [Redirty Cards: 0.2 ms]
      [Humongous Register: 0.0 ms]
      [Humongous Reclaim: 0.0 ms]
      [Free CSet: 0.0 ms]
   [Eden: 74.0M(74.0M)->0.0B(74.0M) Survivors: 2048.0K->2048.0K Heap: 225.9M(256.0M)->151.7M(256.0M)]
 [Times: user=0.04 sys=0.00, real=0.01 secs] 
2019-02-06T22:22:55.644+0500: 854.590: [GC pause (G1 Evacuation Pause) (young) (initial-mark), 0.0051343 secs]
   [Parallel Time: 4.3 ms, GC Workers: 8]
      [GC Worker Start (ms): Min: 854590.2, Avg: 854590.2, Max: 854590.3, Diff: 0.1]
      [Ext Root Scanning (ms): Min: 0.5, Avg: 0.6, Max: 0.7, Diff: 0.2, Sum: 5.2]
      [Update RS (ms): Min: 2.2, Avg: 2.3, Max: 2.5, Diff: 0.3, Sum: 18.6]
         [Processed Buffers: Min: 4, Avg: 7.1, Max: 12, Diff: 8, Sum: 57]
      [Scan RS (ms): Min: 0.0, Avg: 0.0, Max: 0.1, Diff: 0.1, Sum: 0.1]
      [Code Root Scanning (ms): Min: 0.0, Avg: 0.0, Max: 0.0, Diff: 0.0, Sum: 0.0]
      [Object Copy (ms): Min: 0.9, Avg: 1.1, Max: 1.1, Diff: 0.2, Sum: 8.5]
      [Termination (ms): Min: 0.0, Avg: 0.0, Max: 0.0, Diff: 0.0, Sum: 0.0]
         [Termination Attempts: Min: 1, Avg: 1.1, Max: 2, Diff: 1, Sum: 9]
      [GC Worker Other (ms): Min: 0.0, Avg: 0.0, Max: 0.0, Diff: 0.0, Sum: 0.1]
      [GC Worker Total (ms): Min: 4.0, Avg: 4.1, Max: 4.1, Diff: 0.1, Sum: 32.6]
      [GC Worker End (ms): Min: 854594.3, Avg: 854594.3, Max: 854594.3, Diff: 0.0]
   [Code Root Fixup: 0.1 ms]
   [Code Root Purge: 0.0 ms]
   [Clear CT: 0.2 ms]
   [Other: 0.6 ms]
      [Choose CSet: 0.0 ms]
      [Ref Proc: 0.3 ms]
      [Ref Enq: 0.0 ms]
      [Redirty Cards: 0.1 ms]
      [Humongous Register: 0.0 ms]
      [Humongous Reclaim: 0.0 ms]
      [Free CSet: 0.0 ms]
   [Eden: 74.0M(74.0M)->0.0B(74.0M) Survivors: 2048.0K->2048.0K Heap: 225.7M(256.0M)->152.0M(256.0M)]
 [Times: user=0.03 sys=0.01, real=0.01 secs] 
2019-02-06T22:22:55.650+0500: 854.595: [GC concurrent-root-region-scan-start]
2019-02-06T22:22:55.654+0500: 854.600: [GC concurrent-root-region-scan-end, 0.0045603 secs]
2019-02-06T22:22:55.654+0500: 854.600: [GC concurrent-mark-start]
2019-02-06T22:22:55.682+0500: 854.627: [GC concurrent-mark-end, 0.0273690 secs]
2019-02-06T22:22:55.682+0500: 854.628: [GC remark 2019-02-06T22:22:55.682+0500: 854.628: [Finalize Marking, 0.0002807 secs] 2019-02-06T22:22:55.682+0500: 854.628: [GC ref-proc, 0.0005611 secs] 2019-02-06T22:22:55.683+0500: 854.629: [Unloading, 0.0041698 secs], 0.0075426 secs]
 [Times: user=0.04 sys=0.00, real=0.01 secs] 
2019-02-06T22:22:55.690+0500: 854.635: [GC cleanup 154M->154M(256M), 0.0007221 secs]
 [Times: user=0.00 sys=0.00, real=0.00 secs] 
2019-02-06T22:22:56.673+0500: 855.618: [GC pause (G1 Evacuation Pause) (young), 0.0051036 secs]
   [Parallel Time: 4.0 ms, GC Workers: 8]
      [GC Worker Start (ms): Min: 855618.1, Avg: 855618.2, Max: 855618.2, Diff: 0.1]
      [Ext Root Scanning (ms): Min: 0.3, Avg: 0.3, Max: 0.7, Diff: 0.4, Sum: 2.7]
      [Update RS (ms): Min: 1.8, Avg: 1.9, Max: 2.2, Diff: 0.3, Sum: 15.3]
         [Processed Buffers: Min: 3, Avg: 5.8, Max: 16, Diff: 13, Sum: 46]
      [Scan RS (ms): Min: 0.2, Avg: 0.5, Max: 0.6, Diff: 0.4, Sum: 3.7]
      [Code Root Scanning (ms): Min: 0.0, Avg: 0.0, Max: 0.0, Diff: 0.0, Sum: 0.0]
      [Object Copy (ms): Min: 1.0, Avg: 1.1, Max: 1.2, Diff: 0.1, Sum: 8.8]
      [Termination (ms): Min: 0.0, Avg: 0.0, Max: 0.1, Diff: 0.1, Sum: 0.3]
         [Termination Attempts: Min: 1, Avg: 1.0, Max: 1, Diff: 0, Sum: 8]
      [GC Worker Other (ms): Min: 0.0, Avg: 0.0, Max: 0.0, Diff: 0.0, Sum: 0.1]
      [GC Worker Total (ms): Min: 3.8, Avg: 3.9, Max: 3.9, Diff: 0.1, Sum: 30.9]
      [GC Worker End (ms): Min: 855622.0, Avg: 855622.1, Max: 855622.1, Diff: 0.0]
   [Code Root Fixup: 0.1 ms]
   [Code Root Purge: 0.0 ms]
   [Clear CT: 0.2 ms]
   [Other: 0.9 ms]
      [Choose CSet: 0.0 ms]
      [Ref Proc: 0.5 ms]
      [Ref Enq: 0.0 ms]
      [Redirty Cards: 0.2 ms]
      [Humongous Register: 0.0 ms]
      [Humongous Reclaim: 0.0 ms]
      [Free CSet: 0.0 ms]
   [Eden: 74.0M(74.0M)->0.0B(74.0M) Survivors: 2048.0K->2048.0K Heap: 226.0M(256.0M)->152.1M(256.0M)]
 [Times: user=0.03 sys=0.00, real=0.00 secs] 
2019-02-06T22:22:57.642+0500: 856.587: [GC pause (G1 Evacuation Pause) (young), 0.0093082 secs]
   [Parallel Time: 6.9 ms, GC Workers: 8]
      [GC Worker Start (ms): Min: 856587.5, Avg: 856587.5, Max: 856587.6, Diff: 0.1]
      [Ext Root Scanning (ms): Min: 0.4, Avg: 0.7, Max: 2.3, Diff: 1.9, Sum: 5.3]
      [Update RS (ms): Min: 0.8, Avg: 2.4, Max: 3.9, Diff: 3.1, Sum: 19.5]
         [Processed Buffers: Min: 2, Avg: 5.9, Max: 11, Diff: 9, Sum: 47]
      [Scan RS (ms): Min: 0.0, Avg: 0.2, Max: 0.4, Diff: 0.4, Sum: 2.0]
      [Code Root Scanning (ms): Min: 0.0, Avg: 0.0, Max: 0.0, Diff: 0.0, Sum: 0.0]
      [Object Copy (ms): Min: 0.2, Avg: 1.3, Max: 2.1, Diff: 1.9, Sum: 10.6]
      [Termination (ms): Min: 0.0, Avg: 1.1, Max: 2.2, Diff: 2.2, Sum: 8.8]
         [Termination Attempts: Min: 1, Avg: 1.9, Max: 3, Diff: 2, Sum: 15]
      [GC Worker Other (ms): Min: 0.0, Avg: 0.0, Max: 0.0, Diff: 0.0, Sum: 0.1]
      [GC Worker Total (ms): Min: 5.4, Avg: 5.8, Max: 6.7, Diff: 1.3, Sum: 46.3]
      [GC Worker End (ms): Min: 856593.0, Avg: 856593.3, Max: 856594.3, Diff: 1.3]
   [Code Root Fixup: 0.1 ms]
   [Code Root Purge: 0.0 ms]
   [Clear CT: 0.2 ms]
   [Other: 2.2 ms]
      [Choose CSet: 0.0 ms]
      [Ref Proc: 1.8 ms]
      [Ref Enq: 0.0 ms]
      [Redirty Cards: 0.1 ms]
      [Humongous Register: 0.0 ms]
      [Humongous Reclaim: 0.0 ms]
      [Free CSet: 0.0 ms]
   [Eden: 74.0M(74.0M)->0.0B(76.0M) Survivors: 2048.0K->1024.0K Heap: 226.1M(256.0M)->151.8M(256.0M)]
 [Times: user=0.05 sys=0.00, real=0.01 secs] 
2019-02-06T22:22:58.695+0500: 857.640: [GC pause (G1 Evacuation Pause) (young) (initial-mark), 0.0054071 secs]
   [Parallel Time: 4.5 ms, GC Workers: 8]
      [GC Worker Start (ms): Min: 857640.5, Avg: 857640.5, Max: 857640.5, Diff: 0.1]
      [Ext Root Scanning (ms): Min: 0.6, Avg: 0.7, Max: 0.7, Diff: 0.1, Sum: 5.5]
      [Update RS (ms): Min: 1.7, Avg: 1.8, Max: 2.0, Diff: 0.3, Sum: 14.7]
         [Processed Buffers: Min: 3, Avg: 6.1, Max: 15, Diff: 12, Sum: 49]
      [Scan RS (ms): Min: 0.4, Avg: 0.6, Max: 0.8, Diff: 0.4, Sum: 4.9]
      [Code Root Scanning (ms): Min: 0.0, Avg: 0.0, Max: 0.0, Diff: 0.0, Sum: 0.0]
      [Object Copy (ms): Min: 1.0, Avg: 1.1, Max: 1.1, Diff: 0.1, Sum: 8.4]
      [Termination (ms): Min: 0.0, Avg: 0.0, Max: 0.0, Diff: 0.0, Sum: 0.0]
         [Termination Attempts: Min: 1, Avg: 1.0, Max: 1, Diff: 0, Sum: 8]
      [GC Worker Other (ms): Min: 0.0, Avg: 0.0, Max: 0.1, Diff: 0.0, Sum: 0.2]
      [GC Worker Total (ms): Min: 4.2, Avg: 4.2, Max: 4.3, Diff: 0.1, Sum: 33.7]
      [GC Worker End (ms): Min: 857644.7, Avg: 857644.7, Max: 857644.7, Diff: 0.0]
   [Code Root Fixup: 0.1 ms]
   [Code Root Purge: 0.0 ms]
   [Clear CT: 0.2 ms]
   [Other: 0.6 ms]
      [Choose CSet: 0.0 ms]
      [Ref Proc: 0.3 ms]
      [Ref Enq: 0.0 ms]
      [Redirty Cards: 0.1 ms]
      [Humongous Register: 0.0 ms]
      [Humongous Reclaim: 0.0 ms]
      [Free CSet: 0.0 ms]
   [Eden: 76.0M(76.0M)->0.0B(74.0M) Survivors: 1024.0K->2048.0K Heap: 227.8M(256.0M)->152.3M(256.0M)]
 [Times: user=0.03 sys=0.00, real=0.01 secs] 
2019-02-06T22:22:58.701+0500: 857.646: [GC concurrent-root-region-scan-start]
2019-02-06T22:22:58.705+0500: 857.651: [GC concurrent-root-region-scan-end, 0.0045469 secs]
2019-02-06T22:22:58.705+0500: 857.651: [GC concurrent-mark-start]
2019-02-06T22:22:58.733+0500: 857.678: [GC concurrent-mark-end, 0.0274240 secs]
2019-02-06T22:22:58.733+0500: 857.678: [GC remark 2019-02-06T22:22:58.733+0500: 857.678: [Finalize Marking, 0.0004185 secs] 2019-02-06T22:22:58.733+0500: 857.679: [GC ref-proc, 0.0005565 secs] 2019-02-06T22:22:58.734+0500: 857.680: [Unloading, 0.0041958 secs], 0.0076906 secs]
 [Times: user=0.03 sys=0.00, real=0.01 secs] 
2019-02-06T22:22:58.741+0500: 857.686: [GC cleanup 155M->155M(256M), 0.0007054 secs]
 [Times: user=0.01 sys=0.00, real=0.00 secs] 
2019-02-06T22:22:59.762+0500: 858.708: [GC pause (G1 Evacuation Pause) (young), 0.0126979 secs]
   [Parallel Time: 11.8 ms, GC Workers: 8]
      [GC Worker Start (ms): Min: 858707.8, Avg: 858708.6, Max: 858713.4, Diff: 5.6]
      [Ext Root Scanning (ms): Min: 0.0, Avg: 0.4, Max: 0.7, Diff: 0.7, Sum: 2.8]
      [Update RS (ms): Min: 0.0, Avg: 2.4, Max: 3.4, Diff: 3.4, Sum: 19.5]
         [Processed Buffers: Min: 0, Avg: 7.1, Max: 13, Diff: 13, Sum: 57]
      [Scan RS (ms): Min: 0.0, Avg: 0.0, Max: 0.1, Diff: 0.1, Sum: 0.1]
      [Code Root Scanning (ms): Min: 0.0, Avg: 0.0, Max: 0.0, Diff: 0.0, Sum: 0.0]
      [Object Copy (ms): Min: 0.0, Avg: 1.2, Max: 1.6, Diff: 1.6, Sum: 9.4]
      [Termination (ms): Min: 0.0, Avg: 5.7, Max: 6.9, Diff: 6.9, Sum: 45.4]
         [Termination Attempts: Min: 1, Avg: 1.4, Max: 3, Diff: 2, Sum: 11]
      [GC Worker Other (ms): Min: 0.0, Avg: 0.0, Max: 0.0, Diff: 0.0, Sum: 0.1]
      [GC Worker Total (ms): Min: 0.0, Avg: 9.7, Max: 11.4, Diff: 11.4, Sum: 77.5]
      [GC Worker End (ms): Min: 858713.4, Avg: 858718.3, Max: 858719.4, Diff: 6.0]
   [Code Root Fixup: 0.1 ms]
   [Code Root Purge: 0.0 ms]
   [Clear CT: 0.2 ms]
   [Other: 0.7 ms]
      [Choose CSet: 0.0 ms]
      [Ref Proc: 0.3 ms]
      [Ref Enq: 0.0 ms]
      [Redirty Cards: 0.2 ms]
      [Humongous Register: 0.0 ms]
      [Humongous Reclaim: 0.0 ms]
      [Free CSet: 0.0 ms]
   [Eden: 74.0M(74.0M)->0.0B(73.0M) Survivors: 2048.0K->2048.0K Heap: 226.3M(256.0M)->152.1M(256.0M)]
 [Times: user=0.04 sys=0.00, real=0.01 secs] 
2019-02-06T22:23:00.863+0500: 859.808: [GC pause (G1 Evacuation Pause) (young), 0.0052933 secs]
   [Parallel Time: 4.5 ms, GC Workers: 8]
      [GC Worker Start (ms): Min: 859808.4, Avg: 859808.4, Max: 859808.5, Diff: 0.1]
      [Ext Root Scanning (ms): Min: 0.3, Avg: 0.4, Max: 0.7, Diff: 0.4, Sum: 2.9]
      [Update RS (ms): Min: 2.2, Avg: 2.6, Max: 2.9, Diff: 0.7, Sum: 21.2]
         [Processed Buffers: Min: 4, Avg: 6.6, Max: 15, Diff: 11, Sum: 53]
      [Scan RS (ms): Min: 0.0, Avg: 0.0, Max: 0.1, Diff: 0.1, Sum: 0.1]
      [Code Root Scanning (ms): Min: 0.0, Avg: 0.0, Max: 0.0, Diff: 0.0, Sum: 0.0]
      [Object Copy (ms): Min: 1.0, Avg: 1.2, Max: 1.3, Diff: 0.3, Sum: 9.6]
      [Termination (ms): Min: 0.0, Avg: 0.0, Max: 0.1, Diff: 0.1, Sum: 0.3]
         [Termination Attempts: Min: 1, Avg: 1.8, Max: 4, Diff: 3, Sum: 14]
      [GC Worker Other (ms): Min: 0.0, Avg: 0.0, Max: 0.1, Diff: 0.1, Sum: 0.2]
      [GC Worker Total (ms): Min: 4.2, Avg: 4.3, Max: 4.4, Diff: 0.1, Sum: 34.3]
      [GC Worker End (ms): Min: 859812.7, Avg: 859812.7, Max: 859812.8, Diff: 0.1]
   [Code Root Fixup: 0.1 ms]
   [Code Root Purge: 0.0 ms]
   [Clear CT: 0.2 ms]
   [Other: 0.6 ms]
      [Choose CSet: 0.0 ms]
      [Ref Proc: 0.2 ms]
      [Ref Enq: 0.0 ms]
      [Redirty Cards: 0.2 ms]
      [Humongous Register: 0.0 ms]
      [Humongous Reclaim: 0.0 ms]
      [Free CSet: 0.0 ms]
   [Eden: 73.0M(73.0M)->0.0B(73.0M) Survivors: 2048.0K->2048.0K Heap: 225.1M(256.0M)->152.3M(256.0M)]
 [Times: user=0.03 sys=0.00, real=0.00 secs] 
2019-02-06T22:23:01.953+0500: 860.898: [GC pause (G1 Evacuation Pause) (young) (initial-mark), 0.0270983 secs]
   [Parallel Time: 16.7 ms, GC Workers: 8]
      [GC Worker Start (ms): Min: 860898.5, Avg: 860898.5, Max: 860898.6, Diff: 0.1]
      [Ext Root Scanning (ms): Min: 0.7, Avg: 0.8, Max: 0.9, Diff: 0.2, Sum: 6.1]
      [Update RS (ms): Min: 0.0, Avg: 1.8, Max: 2.5, Diff: 2.5, Sum: 14.4]
         [Processed Buffers: Min: 0, Avg: 5.5, Max: 10, Diff: 10, Sum: 44]
      [Scan RS (ms): Min: 0.0, Avg: 0.8, Max: 1.2, Diff: 1.2, Sum: 6.6]
      [Code Root Scanning (ms): Min: 0.0, Avg: 0.0, Max: 0.0, Diff: 0.0, Sum: 0.0]
      [Object Copy (ms): Min: 1.5, Avg: 2.2, Max: 4.7, Diff: 3.2, Sum: 17.6]
      [Termination (ms): Min: 0.0, Avg: 5.8, Max: 10.9, Diff: 10.9, Sum: 46.8]
         [Termination Attempts: Min: 1, Avg: 3.0, Max: 6, Diff: 5, Sum: 24]
      [GC Worker Other (ms): Min: 0.0, Avg: 0.0, Max: 0.0, Diff: 0.0, Sum: 0.1]
      [GC Worker Total (ms): Min: 6.3, Avg: 11.5, Max: 16.4, Diff: 10.1, Sum: 91.6]
      [GC Worker End (ms): Min: 860904.9, Avg: 860910.0, Max: 860915.0, Diff: 10.0]
   [Code Root Fixup: 0.1 ms]
   [Code Root Purge: 0.0 ms]
   [Clear CT: 0.2 ms]
   [Other: 10.1 ms]
      [Choose CSet: 0.0 ms]
      [Ref Proc: 9.6 ms]
      [Ref Enq: 0.0 ms]
      [Redirty Cards: 0.2 ms]
      [Humongous Register: 0.0 ms]
      [Humongous Reclaim: 0.0 ms]
      [Free CSet: 0.1 ms]
   [Eden: 73.0M(73.0M)->0.0B(73.0M) Survivors: 2048.0K->2048.0K Heap: 225.3M(256.0M)->152.4M(256.0M)]
 [Times: user=0.05 sys=0.00, real=0.03 secs] 
2019-02-06T22:23:01.980+0500: 860.926: [GC concurrent-root-region-scan-start]
2019-02-06T22:23:01.986+0500: 860.931: [GC concurrent-root-region-scan-end, 0.0057044 secs]
2019-02-06T22:23:01.986+0500: 860.931: [GC concurrent-mark-start]
2019-02-06T22:23:02.015+0500: 860.960: [GC concurrent-mark-end, 0.0289740 secs]
2019-02-06T22:23:02.015+0500: 860.961: [GC remark 2019-02-06T22:23:02.015+0500: 860.961: [Finalize Marking, 0.0074438 secs] 2019-02-06T22:23:02.023+0500: 860.968: [GC ref-proc, 0.0006439 secs] 2019-02-06T22:23:02.023+0500: 860.969: [Unloading, 0.0054456 secs], 0.0159550 secs]
 [Times: user=0.04 sys=0.00, real=0.02 secs] 
2019-02-06T22:23:02.032+0500: 860.977: [GC cleanup 154M->154M(256M), 0.0008276 secs]
 [Times: user=0.00 sys=0.00, real=0.00 secs] 
2019-02-06T22:23:03.153+0500: 862.099: [GC pause (G1 Evacuation Pause) (young), 0.0051849 secs]
   [Parallel Time: 4.2 ms, GC Workers: 8]
      [GC Worker Start (ms): Min: 862099.0, Avg: 862099.0, Max: 862099.1, Diff: 0.1]
      [Ext Root Scanning (ms): Min: 0.3, Avg: 0.4, Max: 0.7, Diff: 0.5, Sum: 3.0]
      [Update RS (ms): Min: 1.6, Avg: 1.8, Max: 2.1, Diff: 0.5, Sum: 14.2]
         [Processed Buffers: Min: 3, Avg: 5.4, Max: 10, Diff: 7, Sum: 43]
      [Scan RS (ms): Min: 0.6, Avg: 0.8, Max: 1.0, Diff: 0.4, Sum: 6.3]
      [Code Root Scanning (ms): Min: 0.0, Avg: 0.0, Max: 0.0, Diff: 0.0, Sum: 0.0]
      [Object Copy (ms): Min: 1.0, Avg: 1.1, Max: 1.2, Diff: 0.1, Sum: 8.9]
      [Termination (ms): Min: 0.0, Avg: 0.1, Max: 0.1, Diff: 0.1, Sum: 0.5]
         [Termination Attempts: Min: 1, Avg: 1.1, Max: 2, Diff: 1, Sum: 9]
      [GC Worker Other (ms): Min: 0.0, Avg: 0.0, Max: 0.0, Diff: 0.0, Sum: 0.1]
      [GC Worker Total (ms): Min: 4.1, Avg: 4.1, Max: 4.2, Diff: 0.1, Sum: 33.1]
      [GC Worker End (ms): Min: 862103.1, Avg: 862103.2, Max: 862103.2, Diff: 0.0]
   [Code Root Fixup: 0.1 ms]
   [Code Root Purge: 0.0 ms]
   [Clear CT: 0.2 ms]
   [Other: 0.7 ms]
      [Choose CSet: 0.0 ms]
      [Ref Proc: 0.3 ms]
      [Ref Enq: 0.0 ms]
      [Redirty Cards: 0.2 ms]
      [Humongous Register: 0.0 ms]
      [Humongous Reclaim: 0.0 ms]
      [Free CSet: 0.0 ms]
   [Eden: 73.0M(73.0M)->0.0B(10.0M) Survivors: 2048.0K->2048.0K Heap: 225.4M(256.0M)->152.3M(256.0M)]
 [Times: user=0.03 sys=0.00, real=0.00 secs] 
2019-02-06T22:23:03.331+0500: 862.276: [GC pause (G1 Evacuation Pause) (mixed), 0.0067600 secs]
   [Parallel Time: 5.7 ms, GC Workers: 8]
      [GC Worker Start (ms): Min: 862276.4, Avg: 862276.5, Max: 862276.5, Diff: 0.1]
      [Ext Root Scanning (ms): Min: 0.3, Avg: 0.4, Max: 0.8, Diff: 0.5, Sum: 3.0]
      [Update RS (ms): Min: 1.3, Avg: 1.7, Max: 1.9, Diff: 0.7, Sum: 13.5]
         [Processed Buffers: Min: 3, Avg: 4.9, Max: 11, Diff: 8, Sum: 39]
      [Scan RS (ms): Min: 1.9, Avg: 2.1, Max: 2.2, Diff: 0.3, Sum: 16.5]
      [Code Root Scanning (ms): Min: 0.0, Avg: 0.1, Max: 0.6, Diff: 0.6, Sum: 0.6]
      [Object Copy (ms): Min: 0.8, Avg: 1.3, Max: 1.4, Diff: 0.6, Sum: 10.0]
      [Termination (ms): Min: 0.0, Avg: 0.0, Max: 0.0, Diff: 0.0, Sum: 0.0]
         [Termination Attempts: Min: 1, Avg: 2.9, Max: 6, Diff: 5, Sum: 23]
      [GC Worker Other (ms): Min: 0.0, Avg: 0.0, Max: 0.0, Diff: 0.0, Sum: 0.1]
      [GC Worker Total (ms): Min: 5.4, Avg: 5.5, Max: 5.5, Diff: 0.1, Sum: 43.7]
      [GC Worker End (ms): Min: 862281.9, Avg: 862281.9, Max: 862281.9, Diff: 0.0]
   [Code Root Fixup: 0.3 ms]
   [Code Root Purge: 0.0 ms]
   [Clear CT: 0.2 ms]
   [Other: 0.7 ms]
      [Choose CSet: 0.0 ms]
      [Ref Proc: 0.3 ms]
      [Ref Enq: 0.0 ms]
      [Redirty Cards: 0.2 ms]
      [Humongous Register: 0.0 ms]
      [Humongous Reclaim: 0.0 ms]
      [Free CSet: 0.0 ms]
   [Eden: 10.0M(10.0M)->0.0B(74.0M) Survivors: 2048.0K->2048.0K Heap: 162.3M(256.0M)->151.5M(256.0M)]
 [Times: user=0.04 sys=0.00, real=0.00 secs] 
2019-02-06T22:23:04.462+0500: 863.408: [GC pause (G1 Evacuation Pause) (young), 0.0054045 secs]
   [Parallel Time: 4.3 ms, GC Workers: 8]
      [GC Worker Start (ms): Min: 863407.9, Avg: 863407.9, Max: 863408.0, Diff: 0.1]
      [Ext Root Scanning (ms): Min: 0.3, Avg: 0.4, Max: 0.7, Diff: 0.4, Sum: 2.9]
      [Update RS (ms): Min: 1.8, Avg: 2.1, Max: 2.3, Diff: 0.6, Sum: 16.4]
         [Processed Buffers: Min: 3, Avg: 6.2, Max: 15, Diff: 12, Sum: 50]
      [Scan RS (ms): Min: 0.3, Avg: 0.5, Max: 0.6, Diff: 0.3, Sum: 4.0]
      [Code Root Scanning (ms): Min: 0.0, Avg: 0.0, Max: 0.0, Diff: 0.0, Sum: 0.0]
      [Object Copy (ms): Min: 0.9, Avg: 1.0, Max: 1.1, Diff: 0.2, Sum: 8.4]
      [Termination (ms): Min: 0.0, Avg: 0.1, Max: 0.2, Diff: 0.2, Sum: 1.1]
         [Termination Attempts: Min: 1, Avg: 1.0, Max: 1, Diff: 0, Sum: 8]
      [GC Worker Other (ms): Min: 0.0, Avg: 0.0, Max: 0.0, Diff: 0.0, Sum: 0.1]
      [GC Worker Total (ms): Min: 4.1, Avg: 4.1, Max: 4.2, Diff: 0.1, Sum: 32.9]
      [GC Worker End (ms): Min: 863412.0, Avg: 863412.0, Max: 863412.1, Diff: 0.1]
   [Code Root Fixup: 0.1 ms]
   [Code Root Purge: 0.0 ms]
   [Clear CT: 0.2 ms]
   [Other: 0.9 ms]
      [Choose CSet: 0.0 ms]
      [Ref Proc: 0.5 ms]
      [Ref Enq: 0.0 ms]
      [Redirty Cards: 0.2 ms]
      [Humongous Register: 0.0 ms]
      [Humongous Reclaim: 0.0 ms]
      [Free CSet: 0.0 ms]
   [Eden: 74.0M(74.0M)->0.0B(74.0M) Survivors: 2048.0K->2048.0K Heap: 225.5M(256.0M)->151.6M(256.0M)]
 [Times: user=0.03 sys=0.00, real=0.00 secs] 
2019-02-06T22:23:05.634+0500: 864.579: [GC pause (G1 Evacuation Pause) (young) (initial-mark), 0.0067855 secs]
   [Parallel Time: 5.1 ms, GC Workers: 8]
      [GC Worker Start (ms): Min: 864579.4, Avg: 864579.4, Max: 864579.5, Diff: 0.1]
      [Ext Root Scanning (ms): Min: 0.7, Avg: 0.8, Max: 0.8, Diff: 0.1, Sum: 6.2]
      [Update RS (ms): Min: 2.6, Avg: 2.8, Max: 3.5, Diff: 1.0, Sum: 22.6]
         [Processed Buffers: Min: 4, Avg: 7.0, Max: 14, Diff: 10, Sum: 56]
      [Scan RS (ms): Min: 0.0, Avg: 0.0, Max: 0.1, Diff: 0.1, Sum: 0.2]
      [Code Root Scanning (ms): Min: 0.0, Avg: 0.0, Max: 0.0, Diff: 0.0, Sum: 0.0]
      [Object Copy (ms): Min: 0.5, Avg: 1.2, Max: 1.4, Diff: 0.9, Sum: 9.6]
      [Termination (ms): Min: 0.0, Avg: 0.0, Max: 0.0, Diff: 0.0, Sum: 0.0]
         [Termination Attempts: Min: 1, Avg: 1.2, Max: 3, Diff: 2, Sum: 10]
      [GC Worker Other (ms): Min: 0.0, Avg: 0.0, Max: 0.0, Diff: 0.0, Sum: 0.1]
      [GC Worker Total (ms): Min: 4.8, Avg: 4.8, Max: 4.9, Diff: 0.1, Sum: 38.7]
      [GC Worker End (ms): Min: 864584.3, Avg: 864584.3, Max: 864584.3, Diff: 0.0]
   [Code Root Fixup: 0.1 ms]
   [Code Root Purge: 0.0 ms]
   [Clear CT: 0.2 ms]
   [Other: 1.4 ms]
      [Choose CSet: 0.0 ms]
      [Ref Proc: 0.9 ms]
      [Ref Enq: 0.0 ms]
      [Redirty Cards: 0.2 ms]
      [Humongous Register: 0.0 ms]
      [Humongous Reclaim: 0.0 ms]
      [Free CSet: 0.0 ms]
   [Eden: 74.0M(74.0M)->0.0B(74.0M) Survivors: 2048.0K->2048.0K Heap: 225.6M(256.0M)->151.9M(256.0M)]
 [Times: user=0.04 sys=0.00, real=0.01 secs] 
2019-02-06T22:23:05.641+0500: 864.586: [GC concurrent-root-region-scan-start]
2019-02-06T22:23:05.646+0500: 864.591: [GC concurrent-root-region-scan-end, 0.0051728 secs]
2019-02-06T22:23:05.646+0500: 864.591: [GC concurrent-mark-start]
2019-02-06T22:23:05.689+0500: 864.634: [GC concurrent-mark-end, 0.0427473 secs]
2019-02-06T22:23:05.689+0500: 864.634: [GC remark 2019-02-06T22:23:05.689+0500: 864.635: [Finalize Marking, 0.0005958 secs] 2019-02-06T22:23:05.690+0500: 864.635: [GC ref-proc, 0.0006354 secs] 2019-02-06T22:23:05.690+0500: 864.636: [Unloading, 0.0047611 secs], 0.0091004 secs]
 [Times: user=0.04 sys=0.00, real=0.01 secs] 
2019-02-06T22:23:05.698+0500: 864.644: [GC cleanup 154M->154M(256M), 0.0009866 secs]
 [Times: user=0.00 sys=0.00, real=0.01 secs] 
2019-02-06T22:23:06.843+0500: 865.788: [GC pause (G1 Evacuation Pause) (young), 0.0059933 secs]
   [Parallel Time: 4.9 ms, GC Workers: 8]
      [GC Worker Start (ms): Min: 865788.2, Avg: 865788.3, Max: 865788.4, Diff: 0.1]
      [Ext Root Scanning (ms): Min: 0.3, Avg: 0.4, Max: 0.7, Diff: 0.4, Sum: 3.3]
      [Update RS (ms): Min: 1.8, Avg: 2.0, Max: 2.3, Diff: 0.5, Sum: 16.1]
         [Processed Buffers: Min: 2, Avg: 5.2, Max: 12, Diff: 10, Sum: 42]
      [Scan RS (ms): Min: 0.7, Avg: 1.0, Max: 1.3, Diff: 0.6, Sum: 8.3]
      [Code Root Scanning (ms): Min: 0.0, Avg: 0.0, Max: 0.0, Diff: 0.0, Sum: 0.0]
      [Object Copy (ms): Min: 1.2, Avg: 1.3, Max: 1.4, Diff: 0.2, Sum: 10.2]
      [Termination (ms): Min: 0.0, Avg: 0.0, Max: 0.0, Diff: 0.0, Sum: 0.0]
         [Termination Attempts: Min: 1, Avg: 1.0, Max: 1, Diff: 0, Sum: 8]
      [GC Worker Other (ms): Min: 0.0, Avg: 0.0, Max: 0.0, Diff: 0.0, Sum: 0.2]
      [GC Worker Total (ms): Min: 4.7, Avg: 4.8, Max: 4.8, Diff: 0.1, Sum: 38.1]
      [GC Worker End (ms): Min: 865793.1, Avg: 865793.1, Max: 865793.1, Diff: 0.0]
   [Code Root Fixup: 0.1 ms]
   [Code Root Purge: 0.0 ms]
   [Clear CT: 0.2 ms]
   [Other: 0.8 ms]
      [Choose CSet: 0.0 ms]
      [Ref Proc: 0.4 ms]
      [Ref Enq: 0.0 ms]
      [Redirty Cards: 0.2 ms]
      [Humongous Register: 0.0 ms]
      [Humongous Reclaim: 0.0 ms]
      [Free CSet: 0.0 ms]
   [Eden: 74.0M(74.0M)->0.0B(76.0M) Survivors: 2048.0K->1024.0K Heap: 225.9M(256.0M)->151.7M(256.0M)]
 [Times: user=0.04 sys=0.00, real=0.00 secs] 
2019-02-06T22:23:08.325+0500: 867.271: [GC pause (G1 Evacuation Pause) (young), 0.0066204 secs]
   [Parallel Time: 5.5 ms, GC Workers: 8]
      [GC Worker Start (ms): Min: 867271.1, Avg: 867271.1, Max: 867271.2, Diff: 0.1]
      [Ext Root Scanning (ms): Min: 0.4, Avg: 0.5, Max: 0.8, Diff: 0.4, Sum: 4.1]
      [Update RS (ms): Min: 1.4, Avg: 1.9, Max: 2.8, Diff: 1.4, Sum: 15.3]
         [Processed Buffers: Min: 3, Avg: 5.1, Max: 13, Diff: 10, Sum: 41]
      [Scan RS (ms): Min: 0.6, Avg: 1.5, Max: 1.8, Diff: 1.2, Sum: 12.0]
      [Code Root Scanning (ms): Min: 0.0, Avg: 0.0, Max: 0.0, Diff: 0.0, Sum: 0.0]
      [Object Copy (ms): Min: 1.2, Avg: 1.4, Max: 2.1, Diff: 1.0, Sum: 11.3]
      [Termination (ms): Min: 0.0, Avg: 0.0, Max: 0.0, Diff: 0.0, Sum: 0.0]
         [Termination Attempts: Min: 1, Avg: 1.0, Max: 1, Diff: 0, Sum: 8]
      [GC Worker Other (ms): Min: 0.0, Avg: 0.0, Max: 0.0, Diff: 0.0, Sum: 0.2]
      [GC Worker Total (ms): Min: 5.3, Avg: 5.4, Max: 5.4, Diff: 0.1, Sum: 42.8]
      [GC Worker End (ms): Min: 867276.5, Avg: 867276.5, Max: 867276.5, Diff: 0.0]
   [Code Root Fixup: 0.1 ms]
   [Code Root Purge: 0.0 ms]
   [Clear CT: 0.2 ms]
   [Other: 0.8 ms]
      [Choose CSet: 0.0 ms]
      [Ref Proc: 0.3 ms]
      [Ref Enq: 0.0 ms]
      [Redirty Cards: 0.2 ms]
      [Humongous Register: 0.0 ms]
      [Humongous Reclaim: 0.0 ms]
      [Free CSet: 0.0 ms]
   [Eden: 76.0M(76.0M)->0.0B(76.0M) Survivors: 1024.0K->1024.0K Heap: 227.7M(256.0M)->151.6M(256.0M)]
 [Times: user=0.04 sys=0.00, real=0.01 secs] 
2019-02-06T22:23:09.794+0500: 868.739: [GC pause (G1 Evacuation Pause) (young) (initial-mark), 0.0106951 secs]
   [Parallel Time: 9.5 ms, GC Workers: 8]
      [GC Worker Start (ms): Min: 868739.3, Avg: 868739.7, Max: 868739.9, Diff: 0.5]
      [Ext Root Scanning (ms): Min: 0.8, Avg: 0.9, Max: 1.4, Diff: 0.7, Sum: 7.5]
      [Update RS (ms): Min: 2.1, Avg: 2.4, Max: 3.0, Diff: 0.9, Sum: 19.2]
         [Processed Buffers: Min: 1, Avg: 5.5, Max: 10, Diff: 9, Sum: 44]
      [Scan RS (ms): Min: 0.9, Avg: 1.4, Max: 1.8, Diff: 0.9, Sum: 11.2]
      [Code Root Scanning (ms): Min: 0.0, Avg: 0.0, Max: 0.0, Diff: 0.0, Sum: 0.0]
      [Object Copy (ms): Min: 1.7, Avg: 1.9, Max: 3.0, Diff: 1.3, Sum: 15.5]
      [Termination (ms): Min: 0.0, Avg: 1.5, Max: 2.2, Diff: 2.2, Sum: 11.8]
         [Termination Attempts: Min: 1, Avg: 1.4, Max: 3, Diff: 2, Sum: 11]
      [GC Worker Other (ms): Min: 0.0, Avg: 0.0, Max: 0.0, Diff: 0.0, Sum: 0.2]
      [GC Worker Total (ms): Min: 7.6, Avg: 8.2, Max: 8.7, Diff: 1.1, Sum: 65.4]
      [GC Worker End (ms): Min: 868747.5, Avg: 868747.9, Max: 868748.5, Diff: 1.1]
   [Code Root Fixup: 0.1 ms]
   [Code Root Purge: 0.0 ms]
   [Clear CT: 0.2 ms]
   [Other: 0.9 ms]
      [Choose CSet: 0.0 ms]
      [Ref Proc: 0.4 ms]
      [Ref Enq: 0.0 ms]
      [Redirty Cards: 0.2 ms]
      [Humongous Register: 0.0 ms]
      [Humongous Reclaim: 0.0 ms]
      [Free CSet: 0.0 ms]
   [Eden: 76.0M(76.0M)->0.0B(74.0M) Survivors: 1024.0K->2048.0K Heap: 227.6M(256.0M)->152.0M(256.0M)]
 [Times: user=0.06 sys=0.00, real=0.01 secs] 
2019-02-06T22:23:09.805+0500: 868.750: [GC concurrent-root-region-scan-start]
2019-02-06T22:23:09.811+0500: 868.756: [GC concurrent-root-region-scan-end, 0.0062469 secs]
2019-02-06T22:23:09.811+0500: 868.756: [GC concurrent-mark-start]
2019-02-06T22:23:09.850+0500: 868.795: [GC concurrent-mark-end, 0.0391044 secs]
2019-02-06T22:23:09.850+0500: 868.796: [GC remark 2019-02-06T22:23:09.850+0500: 868.796: [Finalize Marking, 0.0006396 secs] 2019-02-06T22:23:09.851+0500: 868.797: [GC ref-proc, 0.0008789 secs] 2019-02-06T22:23:09.852+0500: 868.798: [Unloading, 0.0059909 secs], 0.0111175 secs]
 [Times: user=0.05 sys=0.00, real=0.01 secs] 
2019-02-06T22:23:09.862+0500: 868.808: [GC cleanup 153M->153M(256M), 0.0011227 secs]
 [Times: user=0.00 sys=0.00, real=0.00 secs] 
2019-02-06T22:23:11.273+0500: 870.219: [GC pause (G1 Evacuation Pause) (young), 0.0068439 secs]
   [Parallel Time: 5.7 ms, GC Workers: 8]
      [GC Worker Start (ms): Min: 870219.0, Avg: 870219.0, Max: 870219.1, Diff: 0.1]
      [Ext Root Scanning (ms): Min: 0.3, Avg: 0.4, Max: 0.8, Diff: 0.4, Sum: 3.5]
      [Update RS (ms): Min: 1.4, Avg: 1.7, Max: 2.1, Diff: 0.6, Sum: 13.9]
         [Processed Buffers: Min: 2, Avg: 5.1, Max: 17, Diff: 15, Sum: 41]
      [Scan RS (ms): Min: 1.4, Avg: 1.7, Max: 1.9, Diff: 0.4, Sum: 13.2]
      [Code Root Scanning (ms): Min: 0.0, Avg: 0.0, Max: 0.0, Diff: 0.0, Sum: 0.0]
      [Object Copy (ms): Min: 1.5, Avg: 1.6, Max: 1.7, Diff: 0.2, Sum: 13.0]
      [Termination (ms): Min: 0.0, Avg: 0.0, Max: 0.0, Diff: 0.0, Sum: 0.0]
         [Termination Attempts: Min: 1, Avg: 1.0, Max: 1, Diff: 0, Sum: 8]
      [GC Worker Other (ms): Min: 0.0, Avg: 0.0, Max: 0.1, Diff: 0.1, Sum: 0.3]
      [GC Worker Total (ms): Min: 5.4, Avg: 5.5, Max: 5.5, Diff: 0.1, Sum: 43.9]
      [GC Worker End (ms): Min: 870224.5, Avg: 870224.5, Max: 870224.6, Diff: 0.1]
   [Code Root Fixup: 0.1 ms]
   [Code Root Purge: 0.0 ms]
   [Clear CT: 0.2 ms]
   [Other: 0.8 ms]
      [Choose CSet: 0.0 ms]
      [Ref Proc: 0.4 ms]
      [Ref Enq: 0.0 ms]
      [Redirty Cards: 0.2 ms]
      [Humongous Register: 0.0 ms]
      [Humongous Reclaim: 0.0 ms]
      [Free CSet: 0.0 ms]
   [Eden: 74.0M(74.0M)->0.0B(74.0M) Survivors: 2048.0K->2048.0K Heap: 226.0M(256.0M)->152.2M(256.0M)]
 [Times: user=0.04 sys=0.01, real=0.01 secs] 
2019-02-06T22:23:12.809+0500: 871.755: [GC pause (G1 Evacuation Pause) (young), 0.0073279 secs]
   [Parallel Time: 6.2 ms, GC Workers: 8]
      [GC Worker Start (ms): Min: 871754.7, Avg: 871754.7, Max: 871754.8, Diff: 0.1]
      [Ext Root Scanning (ms): Min: 0.4, Avg: 0.5, Max: 0.8, Diff: 0.4, Sum: 4.2]
      [Update RS (ms): Min: 1.9, Avg: 2.3, Max: 2.6, Diff: 0.7, Sum: 18.1]
         [Processed Buffers: Min: 2, Avg: 5.0, Max: 9, Diff: 7, Sum: 40]
      [Scan RS (ms): Min: 1.3, Avg: 1.6, Max: 1.9, Diff: 0.6, Sum: 13.1]
      [Code Root Scanning (ms): Min: 0.0, Avg: 0.0, Max: 0.0, Diff: 0.0, Sum: 0.0]
      [Object Copy (ms): Min: 1.5, Avg: 1.6, Max: 1.6, Diff: 0.1, Sum: 12.5]
      [Termination (ms): Min: 0.0, Avg: 0.0, Max: 0.0, Diff: 0.0, Sum: 0.0]
         [Termination Attempts: Min: 1, Avg: 1.0, Max: 1, Diff: 0, Sum: 8]
      [GC Worker Other (ms): Min: 0.0, Avg: 0.0, Max: 0.0, Diff: 0.0, Sum: 0.2]
      [GC Worker Total (ms): Min: 5.9, Avg: 6.0, Max: 6.1, Diff: 0.1, Sum: 48.0]
      [GC Worker End (ms): Min: 871760.7, Avg: 871760.7, Max: 871760.7, Diff: 0.0]
   [Code Root Fixup: 0.1 ms]
   [Code Root Purge: 0.0 ms]
   [Clear CT: 0.2 ms]
   [Other: 0.9 ms]
      [Choose CSet: 0.0 ms]
      [Ref Proc: 0.4 ms]
      [Ref Enq: 0.0 ms]
      [Redirty Cards: 0.2 ms]
      [Humongous Register: 0.0 ms]
      [Humongous Reclaim: 0.0 ms]
      [Free CSet: 0.1 ms]
   [Eden: 74.0M(74.0M)->0.0B(76.0M) Survivors: 2048.0K->1024.0K Heap: 226.2M(256.0M)->151.9M(256.0M)]
 [Times: user=0.04 sys=0.00, real=0.01 secs] 
2019-02-06T22:23:14.465+0500: 873.410: [GC pause (G1 Evacuation Pause) (young) (initial-mark), 0.0086266 secs]
   [Parallel Time: 7.5 ms, GC Workers: 8]
      [GC Worker Start (ms): Min: 873410.4, Avg: 873410.5, Max: 873410.6, Diff: 0.1]
      [Ext Root Scanning (ms): Min: 0.9, Avg: 0.9, Max: 1.0, Diff: 0.1, Sum: 7.5]
      [Update RS (ms): Min: 1.6, Avg: 1.8, Max: 2.3, Diff: 0.7, Sum: 14.6]
         [Processed Buffers: Min: 2, Avg: 6.0, Max: 17, Diff: 15, Sum: 48]
      [Scan RS (ms): Min: 1.4, Avg: 1.9, Max: 2.3, Diff: 0.9, Sum: 15.4]
      [Code Root Scanning (ms): Min: 0.0, Avg: 0.0, Max: 0.0, Diff: 0.0, Sum: 0.0]
      [Object Copy (ms): Min: 1.5, Avg: 1.7, Max: 2.1, Diff: 0.6, Sum: 13.9]
      [Termination (ms): Min: 0.0, Avg: 0.7, Max: 0.8, Diff: 0.8, Sum: 5.8]
         [Termination Attempts: Min: 1, Avg: 1.2, Max: 3, Diff: 2, Sum: 10]
      [GC Worker Other (ms): Min: 0.0, Avg: 0.0, Max: 0.0, Diff: 0.0, Sum: 0.1]
      [GC Worker Total (ms): Min: 6.8, Avg: 7.2, Max: 7.3, Diff: 0.4, Sum: 57.3]
      [GC Worker End (ms): Min: 873417.4, Avg: 873417.7, Max: 873417.7, Diff: 0.3]
   [Code Root Fixup: 0.1 ms]
   [Code Root Purge: 0.0 ms]
   [Clear CT: 0.2 ms]
   [Other: 0.8 ms]
      [Choose CSet: 0.0 ms]
      [Ref Proc: 0.3 ms]
      [Ref Enq: 0.0 ms]
      [Redirty Cards: 0.2 ms]
      [Humongous Register: 0.0 ms]
      [Humongous Reclaim: 0.0 ms]
      [Free CSet: 0.0 ms]
   [Eden: 76.0M(76.0M)->0.0B(75.0M) Survivors: 1024.0K->1024.0K Heap: 227.9M(256.0M)->152.0M(256.0M)]
 [Times: user=0.06 sys=0.00, real=0.01 secs] 
2019-02-06T22:23:14.474+0500: 873.419: [GC concurrent-root-region-scan-start]
2019-02-06T22:23:14.480+0500: 873.426: [GC concurrent-root-region-scan-end, 0.0067296 secs]
2019-02-06T22:23:14.480+0500: 873.426: [GC concurrent-mark-start]
2019-02-06T22:23:14.521+0500: 873.466: [GC concurrent-mark-end, 0.0404298 secs]
2019-02-06T22:23:14.521+0500: 873.467: [GC remark 2019-02-06T22:23:14.521+0500: 873.467: [Finalize Marking, 0.0004435 secs] 2019-02-06T22:23:14.522+0500: 873.467: [GC ref-proc, 0.0008173 secs] 2019-02-06T22:23:14.523+0500: 873.468: [Unloading, 0.0060240 secs], 0.0105464 secs]
 [Times: user=0.04 sys=0.00, real=0.01 secs] 
2019-02-06T22:23:14.532+0500: 873.478: [GC cleanup 154M->154M(256M), 0.0011368 secs]
 [Times: user=0.00 sys=0.00, real=0.00 secs] 
2019-02-06T22:23:16.193+0500: 875.138: [GC pause (G1 Evacuation Pause) (young), 0.0075428 secs]
   [Parallel Time: 6.3 ms, GC Workers: 8]
      [GC Worker Start (ms): Min: 875138.1, Avg: 875138.2, Max: 875138.2, Diff: 0.1]
      [Ext Root Scanning (ms): Min: 0.4, Avg: 0.5, Max: 0.8, Diff: 0.4, Sum: 3.9]
      [Update RS (ms): Min: 2.0, Avg: 2.2, Max: 2.5, Diff: 0.6, Sum: 17.2]
         [Processed Buffers: Min: 2, Avg: 5.1, Max: 10, Diff: 8, Sum: 41]
      [Scan RS (ms): Min: 1.4, Avg: 1.8, Max: 2.1, Diff: 0.7, Sum: 14.3]
      [Code Root Scanning (ms): Min: 0.0, Avg: 0.0, Max: 0.0, Diff: 0.0, Sum: 0.0]
      [Object Copy (ms): Min: 1.6, Avg: 1.7, Max: 1.8, Diff: 0.2, Sum: 13.7]
      [Termination (ms): Min: 0.0, Avg: 0.0, Max: 0.0, Diff: 0.0, Sum: 0.0]
         [Termination Attempts: Min: 1, Avg: 2.9, Max: 5, Diff: 4, Sum: 23]
      [GC Worker Other (ms): Min: 0.0, Avg: 0.0, Max: 0.0, Diff: 0.0, Sum: 0.2]
      [GC Worker Total (ms): Min: 6.1, Avg: 6.2, Max: 6.2, Diff: 0.1, Sum: 49.3]
      [GC Worker End (ms): Min: 875144.3, Avg: 875144.3, Max: 875144.3, Diff: 0.0]
   [Code Root Fixup: 0.1 ms]
   [Code Root Purge: 0.0 ms]
   [Clear CT: 0.2 ms]
   [Other: 0.9 ms]
      [Choose CSet: 0.0 ms]
      [Ref Proc: 0.4 ms]
      [Ref Enq: 0.0 ms]
      [Redirty Cards: 0.2 ms]
      [Humongous Register: 0.0 ms]
      [Humongous Reclaim: 0.0 ms]
      [Free CSet: 0.1 ms]
   [Eden: 75.0M(75.0M)->0.0B(10.0M) Survivors: 1024.0K->2048.0K Heap: 227.0M(256.0M)->152.2M(256.0M)]
 [Times: user=0.04 sys=0.00, real=0.01 secs] 
2019-02-06T22:23:16.403+0500: 875.348: [GC pause (G1 Evacuation Pause) (mixed), 0.0139819 secs]
   [Parallel Time: 12.7 ms, GC Workers: 8]
      [GC Worker Start (ms): Min: 875348.1, Avg: 875348.2, Max: 875348.2, Diff: 0.1]
      [Ext Root Scanning (ms): Min: 0.4, Avg: 0.6, Max: 0.9, Diff: 0.5, Sum: 4.7]
      [Update RS (ms): Min: 1.3, Avg: 1.6, Max: 2.0, Diff: 0.7, Sum: 12.8]
         [Processed Buffers: Min: 0, Avg: 3.9, Max: 12, Diff: 12, Sum: 31]
      [Scan RS (ms): Min: 3.6, Avg: 4.4, Max: 7.6, Diff: 4.0, Sum: 35.3]
      [Code Root Scanning (ms): Min: 0.0, Avg: 0.0, Max: 0.0, Diff: 0.0, Sum: 0.0]
      [Object Copy (ms): Min: 0.1, Avg: 1.9, Max: 2.2, Diff: 2.2, Sum: 15.6]
      [Termination (ms): Min: 0.0, Avg: 2.6, Max: 4.1, Diff: 4.1, Sum: 20.8]
         [Termination Attempts: Min: 1, Avg: 3.1, Max: 5, Diff: 4, Sum: 25]
      [GC Worker Other (ms): Min: 0.0, Avg: 0.0, Max: 0.0, Diff: 0.0, Sum: 0.2]
      [GC Worker Total (ms): Min: 9.9, Avg: 11.2, Max: 12.6, Diff: 2.6, Sum: 89.3]
      [GC Worker End (ms): Min: 875358.1, Avg: 875359.3, Max: 875360.6, Diff: 2.6]
   [Code Root Fixup: 0.1 ms]
   [Code Root Purge: 0.0 ms]
   [Clear CT: 0.2 ms]
   [Other: 0.9 ms]
      [Choose CSet: 0.0 ms]
      [Ref Proc: 0.4 ms]
      [Ref Enq: 0.0 ms]
      [Redirty Cards: 0.2 ms]
      [Humongous Register: 0.0 ms]
      [Humongous Reclaim: 0.0 ms]
      [Free CSet: 0.0 ms]
   [Eden: 10.0M(10.0M)->0.0B(76.0M) Survivors: 2048.0K->1024.0K Heap: 162.2M(256.0M)->151.2M(256.0M)]
 [Times: user=0.07 sys=0.00, real=0.01 secs] 
2019-02-06T22:23:18.064+0500: 877.009: [GC pause (G1 Evacuation Pause) (young), 0.0103721 secs]
   [Parallel Time: 9.1 ms, GC Workers: 8]
      [GC Worker Start (ms): Min: 877009.4, Avg: 877009.4, Max: 877009.5, Diff: 0.1]
      [Ext Root Scanning (ms): Min: 0.4, Avg: 0.5, Max: 0.8, Diff: 0.4, Sum: 4.3]
      [Update RS (ms): Min: 1.6, Avg: 2.0, Max: 2.5, Diff: 0.8, Sum: 15.9]
         [Processed Buffers: Min: 2, Avg: 4.5, Max: 14, Diff: 12, Sum: 36]
      [Scan RS (ms): Min: 1.2, Avg: 1.6, Max: 1.9, Diff: 0.7, Sum: 13.2]
      [Code Root Scanning (ms): Min: 0.0, Avg: 0.0, Max: 0.0, Diff: 0.0, Sum: 0.0]
      [Object Copy (ms): Min: 1.7, Avg: 1.9, Max: 3.0, Diff: 1.4, Sum: 15.5]
      [Termination (ms): Min: 0.0, Avg: 1.7, Max: 2.9, Diff: 2.9, Sum: 13.6]
         [Termination Attempts: Min: 1, Avg: 1.8, Max: 3, Diff: 2, Sum: 14]
      [GC Worker Other (ms): Min: 0.0, Avg: 0.0, Max: 0.0, Diff: 0.0, Sum: 0.2]
      [GC Worker Total (ms): Min: 7.2, Avg: 7.8, Max: 8.9, Diff: 1.8, Sum: 62.7]
      [GC Worker End (ms): Min: 877016.6, Avg: 877017.3, Max: 877018.3, Diff: 1.6]
   [Code Root Fixup: 0.2 ms]
   [Code Root Purge: 0.0 ms]
   [Clear CT: 0.2 ms]
   [Other: 0.9 ms]
      [Choose CSet: 0.0 ms]
      [Ref Proc: 0.4 ms]
      [Ref Enq: 0.0 ms]
      [Redirty Cards: 0.2 ms]
      [Humongous Register: 0.0 ms]
      [Humongous Reclaim: 0.0 ms]
      [Free CSet: 0.1 ms]
   [Eden: 76.0M(76.0M)->0.0B(74.0M) Survivors: 1024.0K->2048.0K Heap: 227.2M(256.0M)->151.7M(256.0M)]
 [Times: user=0.06 sys=0.01, real=0.01 secs] 
2019-02-06T22:23:19.644+0500: 878.589: [GC pause (G1 Evacuation Pause) (young) (initial-mark), 0.0082966 secs]
   [Parallel Time: 6.9 ms, GC Workers: 8]
      [GC Worker Start (ms): Min: 878589.7, Avg: 878589.8, Max: 878589.9, Diff: 0.1]
      [Ext Root Scanning (ms): Min: 0.9, Avg: 1.1, Max: 1.4, Diff: 0.5, Sum: 8.6]
      [Update RS (ms): Min: 1.6, Avg: 2.1, Max: 2.4, Diff: 0.8, Sum: 16.7]
         [Processed Buffers: Min: 2, Avg: 5.6, Max: 14, Diff: 12, Sum: 45]
      [Scan RS (ms): Min: 1.4, Avg: 1.7, Max: 2.0, Diff: 0.5, Sum: 13.5]
      [Code Root Scanning (ms): Min: 0.0, Avg: 0.0, Max: 0.0, Diff: 0.0, Sum: 0.0]
      [Object Copy (ms): Min: 1.4, Avg: 1.6, Max: 1.7, Diff: 0.3, Sum: 12.5]
      [Termination (ms): Min: 0.0, Avg: 0.0, Max: 0.0, Diff: 0.0, Sum: 0.0]
         [Termination Attempts: Min: 1, Avg: 1.0, Max: 1, Diff: 0, Sum: 8]
      [GC Worker Other (ms): Min: 0.0, Avg: 0.0, Max: 0.1, Diff: 0.1, Sum: 0.4]
      [GC Worker Total (ms): Min: 6.4, Avg: 6.5, Max: 6.5, Diff: 0.1, Sum: 51.7]
      [GC Worker End (ms): Min: 878596.2, Avg: 878596.2, Max: 878596.3, Diff: 0.1]
   [Code Root Fixup: 0.1 ms]
   [Code Root Purge: 0.0 ms]
   [Clear CT: 0.3 ms]
   [Other: 0.9 ms]
      [Choose CSet: 0.0 ms]
      [Ref Proc: 0.4 ms]
      [Ref Enq: 0.0 ms]
      [Redirty Cards: 0.2 ms]
      [Humongous Register: 0.0 ms]
      [Humongous Reclaim: 0.0 ms]
      [Free CSet: 0.1 ms]
   [Eden: 74.0M(74.0M)->0.0B(76.0M) Survivors: 2048.0K->1024.0K Heap: 225.7M(256.0M)->151.4M(256.0M)]
 [Times: user=0.05 sys=0.00, real=0.01 secs] 
2019-02-06T22:23:19.653+0500: 878.598: [GC concurrent-root-region-scan-start]
2019-02-06T22:23:19.660+0500: 878.605: [GC concurrent-root-region-scan-end, 0.0065933 secs]
2019-02-06T22:23:19.660+0500: 878.605: [GC concurrent-mark-start]
2019-02-06T22:23:19.700+0500: 878.646: [GC concurrent-mark-end, 0.0404936 secs]
2019-02-06T22:23:19.700+0500: 878.646: [GC remark 2019-02-06T22:23:19.701+0500: 878.646: [Finalize Marking, 0.0013186 secs] 2019-02-06T22:23:19.702+0500: 878.647: [GC ref-proc, 0.0006306 secs] 2019-02-06T22:23:19.703+0500: 878.648: [Unloading, 0.0057120 secs], 0.0109362 secs]
 [Times: user=0.05 sys=0.00, real=0.01 secs] 
2019-02-06T22:23:19.712+0500: 878.657: [GC cleanup 154M->154M(256M), 0.0009958 secs]
 [Times: user=0.00 sys=0.00, real=0.00 secs] 
2019-02-06T22:23:21.361+0500: 880.306: [GC pause (G1 Evacuation Pause) (young), 0.0077174 secs]
   [Parallel Time: 6.5 ms, GC Workers: 8]
      [GC Worker Start (ms): Min: 880306.2, Avg: 880306.4, Max: 880306.5, Diff: 0.2]
      [Ext Root Scanning (ms): Min: 0.5, Avg: 0.6, Max: 0.9, Diff: 0.5, Sum: 4.6]
      [Update RS (ms): Min: 1.0, Avg: 1.5, Max: 2.0, Diff: 1.0, Sum: 12.0]
         [Processed Buffers: Min: 2, Avg: 5.5, Max: 16, Diff: 14, Sum: 44]
      [Scan RS (ms): Min: 1.8, Avg: 2.3, Max: 2.7, Diff: 0.8, Sum: 18.3]
      [Code Root Scanning (ms): Min: 0.0, Avg: 0.0, Max: 0.0, Diff: 0.0, Sum: 0.0]
      [Object Copy (ms): Min: 1.6, Avg: 1.7, Max: 1.8, Diff: 0.2, Sum: 13.8]
      [Termination (ms): Min: 0.0, Avg: 0.0, Max: 0.0, Diff: 0.0, Sum: 0.1]
         [Termination Attempts: Min: 1, Avg: 7.1, Max: 13, Diff: 12, Sum: 57]
      [GC Worker Other (ms): Min: 0.0, Avg: 0.0, Max: 0.0, Diff: 0.0, Sum: 0.2]
      [GC Worker Total (ms): Min: 6.0, Avg: 6.1, Max: 6.3, Diff: 0.2, Sum: 49.0]
      [GC Worker End (ms): Min: 880312.5, Avg: 880312.5, Max: 880312.5, Diff: 0.0]
   [Code Root Fixup: 0.1 ms]
   [Code Root Purge: 0.0 ms]
   [Clear CT: 0.2 ms]
   [Other: 0.9 ms]
      [Choose CSet: 0.0 ms]
      [Ref Proc: 0.4 ms]
      [Ref Enq: 0.0 ms]
      [Redirty Cards: 0.2 ms]
      [Humongous Register: 0.0 ms]
      [Humongous Reclaim: 0.0 ms]
      [Free CSet: 0.1 ms]
   [Eden: 76.0M(76.0M)->0.0B(74.0M) Survivors: 1024.0K->2048.0K Heap: 227.4M(256.0M)->151.8M(256.0M)]
 [Times: user=0.05 sys=0.00, real=0.00 secs] 
2019-02-06T22:23:22.922+0500: 881.867: [GC pause (G1 Evacuation Pause) (young), 0.0076588 secs]
   [Parallel Time: 6.4 ms, GC Workers: 8]
      [GC Worker Start (ms): Min: 881867.5, Avg: 881867.5, Max: 881867.6, Diff: 0.1]
      [Ext Root Scanning (ms): Min: 0.4, Avg: 0.5, Max: 0.8, Diff: 0.5, Sum: 3.8]
      [Update RS (ms): Min: 1.3, Avg: 1.8, Max: 2.2, Diff: 1.0, Sum: 14.2]
         [Processed Buffers: Min: 2, Avg: 5.0, Max: 17, Diff: 15, Sum: 40]
      [Scan RS (ms): Min: 1.5, Avg: 1.9, Max: 2.2, Diff: 0.7, Sum: 15.0]
      [Code Root Scanning (ms): Min: 0.0, Avg: 0.0, Max: 0.0, Diff: 0.0, Sum: 0.0]
      [Object Copy (ms): Min: 1.5, Avg: 1.7, Max: 1.9, Diff: 0.4, Sum: 13.4]
      [Termination (ms): Min: 0.0, Avg: 0.4, Max: 0.4, Diff: 0.4, Sum: 2.9]
         [Termination Attempts: Min: 1, Avg: 1.1, Max: 2, Diff: 1, Sum: 9]
      [GC Worker Other (ms): Min: 0.0, Avg: 0.0, Max: 0.0, Diff: 0.0, Sum: 0.1]
      [GC Worker Total (ms): Min: 6.0, Avg: 6.2, Max: 6.3, Diff: 0.2, Sum: 49.5]
      [GC Worker End (ms): Min: 881873.6, Avg: 881873.7, Max: 881873.7, Diff: 0.1]
   [Code Root Fixup: 0.1 ms]
   [Code Root Purge: 0.0 ms]
   [Clear CT: 0.2 ms]
   [Other: 0.9 ms]
      [Choose CSet: 0.0 ms]
      [Ref Proc: 0.4 ms]
      [Ref Enq: 0.0 ms]
      [Redirty Cards: 0.2 ms]
      [Humongous Register: 0.0 ms]
      [Humongous Reclaim: 0.0 ms]
      [Free CSet: 0.1 ms]
   [Eden: 74.0M(74.0M)->0.0B(74.0M) Survivors: 2048.0K->2048.0K Heap: 225.8M(256.0M)->151.8M(256.0M)]
 [Times: user=0.05 sys=0.00, real=0.01 secs] 
2019-02-06T22:23:24.623+0500: 883.569: [GC pause (G1 Evacuation Pause) (young) (initial-mark), 0.0086809 secs]
   [Parallel Time: 6.7 ms, GC Workers: 8]
      [GC Worker Start (ms): Min: 883569.0, Avg: 883569.0, Max: 883569.1, Diff: 0.1]
      [Ext Root Scanning (ms): Min: 0.8, Avg: 1.0, Max: 1.2, Diff: 0.4, Sum: 7.7]
      [Update RS (ms): Min: 1.7, Avg: 2.1, Max: 2.4, Diff: 0.7, Sum: 16.7]
         [Processed Buffers: Min: 3, Avg: 5.5, Max: 11, Diff: 8, Sum: 44]
      [Scan RS (ms): Min: 1.2, Avg: 1.6, Max: 1.8, Diff: 0.6, Sum: 12.6]
      [Code Root Scanning (ms): Min: 0.0, Avg: 0.0, Max: 0.0, Diff: 0.0, Sum: 0.0]
      [Object Copy (ms): Min: 1.6, Avg: 1.7, Max: 1.9, Diff: 0.2, Sum: 14.0]
      [Termination (ms): Min: 0.0, Avg: 0.0, Max: 0.0, Diff: 0.0, Sum: 0.2]
         [Termination Attempts: Min: 1, Avg: 5.2, Max: 11, Diff: 10, Sum: 42]
      [GC Worker Other (ms): Min: 0.0, Avg: 0.0, Max: 0.0, Diff: 0.0, Sum: 0.2]
      [GC Worker Total (ms): Min: 6.3, Avg: 6.4, Max: 6.5, Diff: 0.1, Sum: 51.3]
      [GC Worker End (ms): Min: 883575.4, Avg: 883575.4, Max: 883575.5, Diff: 0.0]
   [Code Root Fixup: 0.1 ms]
   [Code Root Purge: 0.0 ms]
   [Clear CT: 0.2 ms]
   [Other: 1.6 ms]
      [Choose CSet: 0.0 ms]
      [Ref Proc: 1.1 ms]
      [Ref Enq: 0.0 ms]
      [Redirty Cards: 0.2 ms]
      [Humongous Register: 0.0 ms]
      [Humongous Reclaim: 0.0 ms]
      [Free CSet: 0.0 ms]
   [Eden: 74.0M(74.0M)->0.0B(74.0M) Survivors: 2048.0K->2048.0K Heap: 225.8M(256.0M)->151.9M(256.0M)]
 [Times: user=0.05 sys=0.00, real=0.01 secs] 
2019-02-06T22:23:24.632+0500: 883.578: [GC concurrent-root-region-scan-start]
2019-02-06T22:23:24.639+0500: 883.584: [GC concurrent-root-region-scan-end, 0.0064915 secs]
2019-02-06T22:23:24.639+0500: 883.584: [GC concurrent-mark-start]
2019-02-06T22:23:24.677+0500: 883.623: [GC concurrent-mark-end, 0.0385415 secs]
2019-02-06T22:23:24.678+0500: 883.623: [GC remark 2019-02-06T22:23:24.678+0500: 883.623: [Finalize Marking, 0.0006115 secs] 2019-02-06T22:23:24.678+0500: 883.624: [GC ref-proc, 0.0007448 secs] 2019-02-06T22:23:24.679+0500: 883.625: [Unloading, 0.0054679 secs], 0.0102096 secs]
 [Times: user=0.04 sys=0.00, real=0.01 secs] 
2019-02-06T22:23:24.688+0500: 883.634: [GC cleanup 154M->154M(256M), 0.0011176 secs]
 [Times: user=0.00 sys=0.01, real=0.01 secs] 
2019-02-06T22:23:26.162+0500: 885.108: [GC pause (G1 Evacuation Pause) (young), 0.0069399 secs]
   [Parallel Time: 5.8 ms, GC Workers: 8]
      [GC Worker Start (ms): Min: 885107.9, Avg: 885108.0, Max: 885108.0, Diff: 0.1]
      [Ext Root Scanning (ms): Min: 0.3, Avg: 0.4, Max: 0.8, Diff: 0.4, Sum: 3.6]
      [Update RS (ms): Min: 1.1, Avg: 1.5, Max: 1.9, Diff: 0.7, Sum: 11.7]
         [Processed Buffers: Min: 1, Avg: 5.6, Max: 15, Diff: 14, Sum: 45]
      [Scan RS (ms): Min: 1.7, Avg: 2.1, Max: 2.5, Diff: 0.8, Sum: 16.9]
      [Code Root Scanning (ms): Min: 0.0, Avg: 0.0, Max: 0.0, Diff: 0.0, Sum: 0.0]
      [Object Copy (ms): Min: 1.5, Avg: 1.6, Max: 1.8, Diff: 0.3, Sum: 13.2]
      [Termination (ms): Min: 0.0, Avg: 0.0, Max: 0.0, Diff: 0.0, Sum: 0.2]
         [Termination Attempts: Min: 1, Avg: 3.5, Max: 7, Diff: 6, Sum: 28]
      [GC Worker Other (ms): Min: 0.0, Avg: 0.0, Max: 0.0, Diff: 0.0, Sum: 0.2]
      [GC Worker Total (ms): Min: 5.6, Avg: 5.7, Max: 5.8, Diff: 0.1, Sum: 45.6]
      [GC Worker End (ms): Min: 885113.7, Avg: 885113.7, Max: 885113.7, Diff: 0.0]
   [Code Root Fixup: 0.1 ms]
   [Code Root Purge: 0.0 ms]
   [Clear CT: 0.2 ms]
   [Other: 0.8 ms]
      [Choose CSet: 0.0 ms]
      [Ref Proc: 0.3 ms]
      [Ref Enq: 0.0 ms]
      [Redirty Cards: 0.2 ms]
      [Humongous Register: 0.0 ms]
      [Humongous Reclaim: 0.0 ms]
      [Free CSet: 0.1 ms]
   [Eden: 74.0M(74.0M)->0.0B(74.0M) Survivors: 2048.0K->2048.0K Heap: 225.9M(256.0M)->151.8M(256.0M)]
 [Times: user=0.05 sys=0.01, real=0.01 secs] 
2019-02-06T22:23:27.569+0500: 886.514: [GC pause (G1 Evacuation Pause) (young), 0.0069555 secs]
   [Parallel Time: 5.8 ms, GC Workers: 8]
      [GC Worker Start (ms): Min: 886514.6, Avg: 886514.6, Max: 886514.7, Diff: 0.1]
      [Ext Root Scanning (ms): Min: 0.3, Avg: 0.4, Max: 0.8, Diff: 0.4, Sum: 3.6]
      [Update RS (ms): Min: 1.4, Avg: 1.6, Max: 2.1, Diff: 0.7, Sum: 13.0]
         [Processed Buffers: Min: 2, Avg: 5.4, Max: 13, Diff: 11, Sum: 43]
      [Scan RS (ms): Min: 1.5, Avg: 1.9, Max: 2.3, Diff: 0.8, Sum: 14.8]
      [Code Root Scanning (ms): Min: 0.0, Avg: 0.0, Max: 0.0, Diff: 0.0, Sum: 0.0]
      [Object Copy (ms): Min: 1.6, Avg: 1.7, Max: 1.9, Diff: 0.3, Sum: 13.7]
      [Termination (ms): Min: 0.0, Avg: 0.0, Max: 0.0, Diff: 0.0, Sum: 0.1]
         [Termination Attempts: Min: 1, Avg: 6.4, Max: 13, Diff: 12, Sum: 51]
      [GC Worker Other (ms): Min: 0.0, Avg: 0.0, Max: 0.1, Diff: 0.0, Sum: 0.2]
      [GC Worker Total (ms): Min: 5.6, Avg: 5.7, Max: 5.7, Diff: 0.1, Sum: 45.4]
      [GC Worker End (ms): Min: 886520.3, Avg: 886520.3, Max: 886520.3, Diff: 0.0]
   [Code Root Fixup: 0.1 ms]
   [Code Root Purge: 0.0 ms]
   [Clear CT: 0.2 ms]
   [Other: 0.9 ms]
      [Choose CSet: 0.0 ms]
      [Ref Proc: 0.4 ms]
      [Ref Enq: 0.0 ms]
      [Redirty Cards: 0.2 ms]
      [Humongous Register: 0.0 ms]
      [Humongous Reclaim: 0.0 ms]
      [Free CSet: 0.0 ms]
   [Eden: 74.0M(74.0M)->0.0B(74.0M) Survivors: 2048.0K->2048.0K Heap: 225.8M(256.0M)->151.9M(256.0M)]
 [Times: user=0.04 sys=0.00, real=0.01 secs] 
2019-02-06T22:23:28.967+0500: 887.912: [GC pause (G1 Evacuation Pause) (young) (initial-mark), 0.0077372 secs]
   [Parallel Time: 6.5 ms, GC Workers: 8]
      [GC Worker Start (ms): Min: 887912.5, Avg: 887912.5, Max: 887912.6, Diff: 0.2]
      [Ext Root Scanning (ms): Min: 0.9, Avg: 0.9, Max: 1.0, Diff: 0.2, Sum: 7.6]
      [Update RS (ms): Min: 1.7, Avg: 1.8, Max: 2.2, Diff: 0.6, Sum: 14.8]
         [Processed Buffers: Min: 2, Avg: 5.5, Max: 14, Diff: 12, Sum: 44]
      [Scan RS (ms): Min: 1.3, Avg: 1.7, Max: 1.9, Diff: 0.6, Sum: 13.4]
      [Code Root Scanning (ms): Min: 0.0, Avg: 0.0, Max: 0.0, Diff: 0.0, Sum: 0.0]
      [Object Copy (ms): Min: 1.6, Avg: 1.7, Max: 1.8, Diff: 0.2, Sum: 13.7]
      [Termination (ms): Min: 0.0, Avg: 0.0, Max: 0.0, Diff: 0.0, Sum: 0.0]
         [Termination Attempts: Min: 1, Avg: 3.4, Max: 6, Diff: 5, Sum: 27]
      [GC Worker Other (ms): Min: 0.0, Avg: 0.0, Max: 0.0, Diff: 0.0, Sum: 0.2]
      [GC Worker Total (ms): Min: 6.1, Avg: 6.2, Max: 6.3, Diff: 0.2, Sum: 49.6]
      [GC Worker End (ms): Min: 887918.7, Avg: 887918.7, Max: 887918.7, Diff: 0.0]
   [Code Root Fixup: 0.1 ms]
   [Code Root Purge: 0.0 ms]
   [Clear CT: 0.2 ms]
   [Other: 0.9 ms]
      [Choose CSet: 0.0 ms]
      [Ref Proc: 0.3 ms]
      [Ref Enq: 0.0 ms]
      [Redirty Cards: 0.3 ms]
      [Humongous Register: 0.0 ms]
      [Humongous Reclaim: 0.0 ms]
      [Free CSet: 0.1 ms]
   [Eden: 74.0M(74.0M)->0.0B(74.0M) Survivors: 2048.0K->2048.0K Heap: 225.9M(256.0M)->152.1M(256.0M)]
 [Times: user=0.05 sys=0.00, real=0.01 secs] 
2019-02-06T22:23:28.975+0500: 887.920: [GC concurrent-root-region-scan-start]
2019-02-06T22:23:28.981+0500: 887.927: [GC concurrent-root-region-scan-end, 0.0065354 secs]
2019-02-06T22:23:28.981+0500: 887.927: [GC concurrent-mark-start]
2019-02-06T22:23:29.020+0500: 887.965: [GC concurrent-mark-end, 0.0386499 secs]
2019-02-06T22:23:29.020+0500: 887.966: [GC remark 2019-02-06T22:23:29.021+0500: 887.966: [Finalize Marking, 0.0004240 secs] 2019-02-06T22:23:29.021+0500: 887.966: [GC ref-proc, 0.0007349 secs] 2019-02-06T22:23:29.022+0500: 887.967: [Unloading, 0.0053716 secs], 0.0096163 secs]
 [Times: user=0.04 sys=0.00, real=0.01 secs] 
2019-02-06T22:23:29.031+0500: 887.976: [GC cleanup 154M->154M(256M), 0.0010496 secs]
 [Times: user=0.01 sys=0.00, real=0.00 secs] 
2019-02-06T22:23:30.360+0500: 889.305: [GC pause (G1 Evacuation Pause) (young), 0.0072044 secs]
   [Parallel Time: 6.0 ms, GC Workers: 8]
      [GC Worker Start (ms): Min: 889305.2, Avg: 889305.2, Max: 889305.3, Diff: 0.1]
      [Ext Root Scanning (ms): Min: 0.4, Avg: 0.5, Max: 0.8, Diff: 0.5, Sum: 3.8]
      [Update RS (ms): Min: 1.8, Avg: 2.0, Max: 2.4, Diff: 0.5, Sum: 15.9]
         [Processed Buffers: Min: 3, Avg: 5.6, Max: 18, Diff: 15, Sum: 45]
      [Scan RS (ms): Min: 1.4, Avg: 1.6, Max: 1.9, Diff: 0.5, Sum: 13.1]
      [Code Root Scanning (ms): Min: 0.0, Avg: 0.0, Max: 0.0, Diff: 0.0, Sum: 0.0]
      [Object Copy (ms): Min: 1.6, Avg: 1.7, Max: 1.8, Diff: 0.2, Sum: 13.8]
      [Termination (ms): Min: 0.0, Avg: 0.0, Max: 0.0, Diff: 0.0, Sum: 0.1]
         [Termination Attempts: Min: 1, Avg: 6.6, Max: 9, Diff: 8, Sum: 53]
      [GC Worker Other (ms): Min: 0.0, Avg: 0.0, Max: 0.0, Diff: 0.0, Sum: 0.2]
      [GC Worker Total (ms): Min: 5.8, Avg: 5.9, Max: 5.9, Diff: 0.1, Sum: 46.9]
      [GC Worker End (ms): Min: 889311.1, Avg: 889311.1, Max: 889311.1, Diff: 0.0]
   [Code Root Fixup: 0.1 ms]
   [Code Root Purge: 0.0 ms]
   [Clear CT: 0.2 ms]
   [Other: 0.9 ms]
      [Choose CSet: 0.0 ms]
      [Ref Proc: 0.4 ms]
      [Ref Enq: 0.0 ms]
      [Redirty Cards: 0.2 ms]
      [Humongous Register: 0.0 ms]
      [Humongous Reclaim: 0.0 ms]
      [Free CSet: 0.1 ms]
   [Eden: 74.0M(74.0M)->0.0B(74.0M) Survivors: 2048.0K->2048.0K Heap: 226.1M(256.0M)->152.0M(256.0M)]
 [Times: user=0.05 sys=0.01, real=0.00 secs] 
2019-02-06T22:23:31.810+0500: 890.755: [GC pause (G1 Evacuation Pause) (young), 0.0070704 secs]
   [Parallel Time: 5.9 ms, GC Workers: 8]
      [GC Worker Start (ms): Min: 890755.5, Avg: 890755.6, Max: 890755.7, Diff: 0.1]
      [Ext Root Scanning (ms): Min: 0.4, Avg: 0.5, Max: 0.8, Diff: 0.4, Sum: 3.9]
      [Update RS (ms): Min: 1.7, Avg: 2.2, Max: 2.6, Diff: 0.9, Sum: 17.4]
         [Processed Buffers: Min: 2, Avg: 5.2, Max: 12, Diff: 10, Sum: 42]
      [Scan RS (ms): Min: 1.0, Avg: 1.4, Max: 1.7, Diff: 0.7, Sum: 11.0]
      [Code Root Scanning (ms): Min: 0.0, Avg: 0.0, Max: 0.0, Diff: 0.0, Sum: 0.0]
      [Object Copy (ms): Min: 1.5, Avg: 1.7, Max: 1.7, Diff: 0.2, Sum: 13.3]
      [Termination (ms): Min: 0.0, Avg: 0.0, Max: 0.0, Diff: 0.0, Sum: 0.1]
         [Termination Attempts: Min: 2, Avg: 3.2, Max: 5, Diff: 3, Sum: 26]
      [GC Worker Other (ms): Min: 0.0, Avg: 0.0, Max: 0.0, Diff: 0.0, Sum: 0.1]
      [GC Worker Total (ms): Min: 5.7, Avg: 5.7, Max: 5.8, Diff: 0.1, Sum: 45.9]
      [GC Worker End (ms): Min: 890761.3, Avg: 890761.3, Max: 890761.3, Diff: 0.0]
   [Code Root Fixup: 0.1 ms]
   [Code Root Purge: 0.0 ms]
   [Clear CT: 0.2 ms]
   [Other: 0.9 ms]
      [Choose CSet: 0.0 ms]
      [Ref Proc: 0.4 ms]
      [Ref Enq: 0.0 ms]
      [Redirty Cards: 0.2 ms]
      [Humongous Register: 0.0 ms]
      [Humongous Reclaim: 0.0 ms]
      [Free CSet: 0.0 ms]
   [Eden: 74.0M(74.0M)->0.0B(74.0M) Survivors: 2048.0K->2048.0K Heap: 226.0M(256.0M)->152.1M(256.0M)]
 [Times: user=0.05 sys=0.00, real=0.00 secs] 
2019-02-06T22:23:33.347+0500: 892.293: [GC pause (G1 Evacuation Pause) (young) (initial-mark), 0.0079424 secs]
   [Parallel Time: 6.7 ms, GC Workers: 8]
      [GC Worker Start (ms): Min: 892293.0, Avg: 892293.0, Max: 892293.1, Diff: 0.1]
      [Ext Root Scanning (ms): Min: 0.8, Avg: 0.9, Max: 1.0, Diff: 0.1, Sum: 7.3]
      [Update RS (ms): Min: 1.8, Avg: 2.0, Max: 2.4, Diff: 0.7, Sum: 16.0]
         [Processed Buffers: Min: 2, Avg: 4.9, Max: 12, Diff: 10, Sum: 39]
      [Scan RS (ms): Min: 1.3, Avg: 1.8, Max: 2.1, Diff: 0.8, Sum: 14.6]
      [Code Root Scanning (ms): Min: 0.0, Avg: 0.0, Max: 0.0, Diff: 0.0, Sum: 0.0]
      [Object Copy (ms): Min: 1.4, Avg: 1.6, Max: 1.7, Diff: 0.3, Sum: 13.0]
      [Termination (ms): Min: 0.0, Avg: 0.0, Max: 0.0, Diff: 0.0, Sum: 0.0]
         [Termination Attempts: Min: 1, Avg: 1.0, Max: 1, Diff: 0, Sum: 8]
      [GC Worker Other (ms): Min: 0.0, Avg: 0.0, Max: 0.0, Diff: 0.0, Sum: 0.2]
      [GC Worker Total (ms): Min: 6.3, Avg: 6.4, Max: 6.5, Diff: 0.1, Sum: 51.1]
      [GC Worker End (ms): Min: 892299.4, Avg: 892299.4, Max: 892299.4, Diff: 0.0]
   [Code Root Fixup: 0.1 ms]
   [Code Root Purge: 0.0 ms]
   [Clear CT: 0.2 ms]
   [Other: 1.0 ms]
      [Choose CSet: 0.0 ms]
      [Ref Proc: 0.5 ms]
      [Ref Enq: 0.0 ms]
      [Redirty Cards: 0.2 ms]
      [Humongous Register: 0.0 ms]
      [Humongous Reclaim: 0.0 ms]
      [Free CSet: 0.0 ms]
   [Eden: 74.0M(74.0M)->0.0B(73.0M) Survivors: 2048.0K->2048.0K Heap: 226.1M(256.0M)->152.2M(256.0M)]
 [Times: user=0.05 sys=0.00, real=0.01 secs] 
2019-02-06T22:23:33.356+0500: 892.301: [GC concurrent-root-region-scan-start]
2019-02-06T22:23:33.362+0500: 892.308: [GC concurrent-root-region-scan-end, 0.0067406 secs]
2019-02-06T22:23:33.362+0500: 892.308: [GC concurrent-mark-start]
2019-02-06T22:23:33.403+0500: 892.349: [GC concurrent-mark-end, 0.0410415 secs]
2019-02-06T22:23:33.404+0500: 892.349: [GC remark 2019-02-06T22:23:33.404+0500: 892.349: [Finalize Marking, 0.0008777 secs] 2019-02-06T22:23:33.405+0500: 892.350: [GC ref-proc, 0.0008392 secs] 2019-02-06T22:23:33.406+0500: 892.351: [Unloading, 0.0057878 secs], 0.0112328 secs]
 [Times: user=0.05 sys=0.00, real=0.01 secs] 
2019-02-06T22:23:33.416+0500: 892.361: [GC cleanup 154M->154M(256M), 0.0011106 secs]
 [Times: user=0.00 sys=0.00, real=0.00 secs] 
2019-02-06T22:23:34.915+0500: 893.860: [GC pause (G1 Evacuation Pause) (young), 0.0078319 secs]
   [Parallel Time: 6.5 ms, GC Workers: 8]
      [GC Worker Start (ms): Min: 893860.1, Avg: 893860.1, Max: 893860.2, Diff: 0.1]
      [Ext Root Scanning (ms): Min: 0.4, Avg: 0.5, Max: 0.8, Diff: 0.5, Sum: 3.9]
      [Update RS (ms): Min: 0.0, Avg: 1.9, Max: 2.5, Diff: 2.5, Sum: 14.9]
         [Processed Buffers: Min: 0, Avg: 5.5, Max: 12, Diff: 12, Sum: 44]
      [Scan RS (ms): Min: 1.1, Avg: 1.9, Max: 2.2, Diff: 1.1, Sum: 15.3]
      [Code Root Scanning (ms): Min: 0.0, Avg: 0.0, Max: 0.0, Diff: 0.0, Sum: 0.0]
      [Object Copy (ms): Min: 1.6, Avg: 2.1, Max: 4.8, Diff: 3.2, Sum: 16.7]
      [Termination (ms): Min: 0.0, Avg: 0.0, Max: 0.0, Diff: 0.0, Sum: 0.0]
         [Termination Attempts: Min: 1, Avg: 1.0, Max: 1, Diff: 0, Sum: 8]
      [GC Worker Other (ms): Min: 0.0, Avg: 0.0, Max: 0.0, Diff: 0.0, Sum: 0.2]
      [GC Worker Total (ms): Min: 6.3, Avg: 6.4, Max: 6.4, Diff: 0.1, Sum: 51.0]
      [GC Worker End (ms): Min: 893866.5, Avg: 893866.5, Max: 893866.5, Diff: 0.0]
   [Code Root Fixup: 0.1 ms]
   [Code Root Purge: 0.0 ms]
   [Clear CT: 0.3 ms]
   [Other: 0.9 ms]
      [Choose CSet: 0.0 ms]
      [Ref Proc: 0.4 ms]
      [Ref Enq: 0.0 ms]
      [Redirty Cards: 0.2 ms]
      [Humongous Register: 0.0 ms]
      [Humongous Reclaim: 0.0 ms]
      [Free CSet: 0.1 ms]
   [Eden: 73.0M(73.0M)->0.0B(10.0M) Survivors: 2048.0K->2048.0K Heap: 225.2M(256.0M)->152.6M(256.0M)]
 [Times: user=0.05 sys=0.00, real=0.01 secs] 
2019-02-06T22:23:35.114+0500: 894.059: [GC pause (G1 Evacuation Pause) (mixed), 0.0087153 secs]
   [Parallel Time: 7.4 ms, GC Workers: 8]
      [GC Worker Start (ms): Min: 894059.4, Avg: 894059.5, Max: 894059.6, Diff: 0.1]
      [Ext Root Scanning (ms): Min: 0.4, Avg: 0.6, Max: 0.9, Diff: 0.5, Sum: 4.4]
      [Update RS (ms): Min: 1.0, Avg: 1.6, Max: 2.0, Diff: 0.9, Sum: 12.7]
         [Processed Buffers: Min: 2, Avg: 4.2, Max: 7, Diff: 5, Sum: 34]
      [Scan RS (ms): Min: 3.0, Avg: 3.3, Max: 3.7, Diff: 0.7, Sum: 26.8]
      [Code Root Scanning (ms): Min: 0.0, Avg: 0.0, Max: 0.0, Diff: 0.0, Sum: 0.0]
      [Object Copy (ms): Min: 1.6, Avg: 1.7, Max: 1.8, Diff: 0.1, Sum: 13.6]
      [Termination (ms): Min: 0.0, Avg: 0.0, Max: 0.0, Diff: 0.0, Sum: 0.0]
         [Termination Attempts: Min: 1, Avg: 1.0, Max: 1, Diff: 0, Sum: 8]
      [GC Worker Other (ms): Min: 0.0, Avg: 0.0, Max: 0.1, Diff: 0.0, Sum: 0.2]
      [GC Worker Total (ms): Min: 7.1, Avg: 7.2, Max: 7.3, Diff: 0.1, Sum: 57.7]
      [GC Worker End (ms): Min: 894066.7, Avg: 894066.7, Max: 894066.7, Diff: 0.0]
   [Code Root Fixup: 0.2 ms]
   [Code Root Purge: 0.0 ms]
   [Clear CT: 0.2 ms]
   [Other: 1.0 ms]
      [Choose CSet: 0.0 ms]
      [Ref Proc: 0.4 ms]
      [Ref Enq: 0.0 ms]
      [Redirty Cards: 0.2 ms]
      [Humongous Register: 0.0 ms]
      [Humongous Reclaim: 0.0 ms]
      [Free CSet: 0.0 ms]
   [Eden: 10.0M(10.0M)->0.0B(74.0M) Survivors: 2048.0K->2048.0K Heap: 162.6M(256.0M)->151.4M(256.0M)]
 [Times: user=0.06 sys=0.00, real=0.01 secs] 
2019-02-06T22:23:36.627+0500: 895.572: [GC pause (G1 Evacuation Pause) (young), 0.0092045 secs]
   [Parallel Time: 7.1 ms, GC Workers: 8]
      [GC Worker Start (ms): Min: 895572.6, Avg: 895572.7, Max: 895572.8, Diff: 0.1]
      [Ext Root Scanning (ms): Min: 0.4, Avg: 0.5, Max: 0.8, Diff: 0.5, Sum: 3.8]
      [Update RS (ms): Min: 1.6, Avg: 2.0, Max: 2.6, Diff: 1.0, Sum: 16.3]
         [Processed Buffers: Min: 2, Avg: 5.0, Max: 9, Diff: 7, Sum: 40]
      [Scan RS (ms): Min: 1.5, Avg: 1.9, Max: 2.2, Diff: 0.7, Sum: 15.4]
      [Code Root Scanning (ms): Min: 0.0, Avg: 0.0, Max: 0.0, Diff: 0.0, Sum: 0.0]
      [Object Copy (ms): Min: 1.4, Avg: 1.6, Max: 2.1, Diff: 0.7, Sum: 12.9]
      [Termination (ms): Min: 0.0, Avg: 0.7, Max: 0.9, Diff: 0.9, Sum: 5.9]
         [Termination Attempts: Min: 1, Avg: 1.0, Max: 1, Diff: 0, Sum: 8]
      [GC Worker Other (ms): Min: 0.0, Avg: 0.0, Max: 0.0, Diff: 0.0, Sum: 0.2]
      [GC Worker Total (ms): Min: 6.5, Avg: 6.8, Max: 6.9, Diff: 0.4, Sum: 54.5]
      [GC Worker End (ms): Min: 895579.1, Avg: 895579.5, Max: 895579.6, Diff: 0.5]
   [Code Root Fixup: 0.1 ms]
   [Code Root Purge: 0.0 ms]
   [Clear CT: 0.2 ms]
   [Other: 1.7 ms]
      [Choose CSet: 0.0 ms]
      [Ref Proc: 1.1 ms]
      [Ref Enq: 0.0 ms]
      [Redirty Cards: 0.3 ms]
      [Humongous Register: 0.0 ms]
      [Humongous Reclaim: 0.0 ms]
      [Free CSet: 0.1 ms]
   [Eden: 74.0M(74.0M)->0.0B(74.0M) Survivors: 2048.0K->2048.0K Heap: 225.4M(256.0M)->151.7M(256.0M)]
 [Times: user=0.05 sys=0.00, real=0.01 secs] 
2019-02-06T22:23:38.280+0500: 897.226: [GC pause (G1 Evacuation Pause) (young) (initial-mark), 0.0114963 secs]
   [Parallel Time: 10.1 ms, GC Workers: 8]
      [GC Worker Start (ms): Min: 897226.1, Avg: 897226.2, Max: 897226.6, Diff: 0.4]
      [Ext Root Scanning (ms): Min: 0.9, Avg: 1.2, Max: 1.4, Diff: 0.5, Sum: 9.9]
      [Update RS (ms): Min: 1.7, Avg: 2.0, Max: 2.7, Diff: 1.0, Sum: 16.2]
         [Processed Buffers: Min: 2, Avg: 5.1, Max: 16, Diff: 14, Sum: 41]
      [Scan RS (ms): Min: 1.8, Avg: 2.9, Max: 6.1, Diff: 4.3, Sum: 23.4]
      [Code Root Scanning (ms): Min: 0.0, Avg: 0.0, Max: 0.0, Diff: 0.0, Sum: 0.0]
      [Object Copy (ms): Min: 0.1, Avg: 1.9, Max: 2.3, Diff: 2.2, Sum: 15.6]
      [Termination (ms): Min: 0.0, Avg: 1.2, Max: 1.6, Diff: 1.6, Sum: 9.9]
         [Termination Attempts: Min: 1, Avg: 1.9, Max: 4, Diff: 3, Sum: 15]
      [GC Worker Other (ms): Min: 0.0, Avg: 0.0, Max: 0.0, Diff: 0.0, Sum: 0.2]
      [GC Worker Total (ms): Min: 9.1, Avg: 9.4, Max: 9.6, Diff: 0.5, Sum: 75.2]
      [GC Worker End (ms): Min: 897235.4, Avg: 897235.6, Max: 897235.8, Diff: 0.4]
   [Code Root Fixup: 0.2 ms]
   [Code Root Purge: 0.0 ms]
   [Clear CT: 0.3 ms]
   [Other: 1.0 ms]
      [Choose CSet: 0.0 ms]
      [Ref Proc: 0.4 ms]
      [Ref Enq: 0.0 ms]
      [Redirty Cards: 0.2 ms]
      [Humongous Register: 0.0 ms]
      [Humongous Reclaim: 0.0 ms]
      [Free CSet: 0.1 ms]
   [Eden: 74.0M(74.0M)->0.0B(74.0M) Survivors: 2048.0K->2048.0K Heap: 225.7M(256.0M)->151.8M(256.0M)]
 [Times: user=0.06 sys=0.00, real=0.01 secs] 
2019-02-06T22:23:38.293+0500: 897.238: [GC concurrent-root-region-scan-start]
2019-02-06T22:23:38.300+0500: 897.245: [GC concurrent-root-region-scan-end, 0.0074646 secs]
2019-02-06T22:23:38.300+0500: 897.245: [GC concurrent-mark-start]
2019-02-06T22:23:38.343+0500: 897.289: [GC concurrent-mark-end, 0.0432263 secs]
2019-02-06T22:23:38.344+0500: 897.289: [GC remark 2019-02-06T22:23:38.344+0500: 897.289: [Finalize Marking, 0.0020315 secs] 2019-02-06T22:23:38.346+0500: 897.291: [GC ref-proc, 0.0008873 secs] 2019-02-06T22:23:38.347+0500: 897.292: [Unloading, 0.0060617 secs], 0.0124578 secs]
 [Times: user=0.06 sys=0.00, real=0.01 secs] 
2019-02-06T22:23:38.357+0500: 897.302: [GC cleanup 154M->154M(256M), 0.0011416 secs]
 [Times: user=0.00 sys=0.00, real=0.00 secs] 
2019-02-06T22:23:40.052+0500: 898.997: [GC pause (G1 Evacuation Pause) (young), 0.0214781 secs]
   [Parallel Time: 18.7 ms, GC Workers: 8]
      [GC Worker Start (ms): Min: 898997.1, Avg: 898997.2, Max: 898997.3, Diff: 0.2]
      [Ext Root Scanning (ms): Min: 0.4, Avg: 0.5, Max: 0.8, Diff: 0.4, Sum: 4.3]
      [Update RS (ms): Min: 1.3, Avg: 1.5, Max: 1.8, Diff: 0.5, Sum: 12.2]
         [Processed Buffers: Min: 3, Avg: 5.4, Max: 13, Diff: 10, Sum: 43]
      [Scan RS (ms): Min: 2.3, Avg: 2.6, Max: 2.8, Diff: 0.5, Sum: 20.7]
      [Code Root Scanning (ms): Min: 0.0, Avg: 0.0, Max: 0.0, Diff: 0.0, Sum: 0.0]
      [Object Copy (ms): Min: 2.2, Avg: 2.6, Max: 3.8, Diff: 1.5, Sum: 20.4]
      [Termination (ms): Min: 0.0, Avg: 6.2, Max: 11.4, Diff: 11.4, Sum: 49.8]
         [Termination Attempts: Min: 1, Avg: 3.5, Max: 5, Diff: 4, Sum: 28]
      [GC Worker Other (ms): Min: 0.0, Avg: 0.0, Max: 0.0, Diff: 0.0, Sum: 0.2]
      [GC Worker Total (ms): Min: 8.4, Avg: 13.5, Max: 18.5, Diff: 10.1, Sum: 107.6]
      [GC Worker End (ms): Min: 899005.6, Avg: 899010.7, Max: 899015.7, Diff: 10.1]
   [Code Root Fixup: 0.1 ms]
   [Code Root Purge: 0.0 ms]
   [Clear CT: 0.2 ms]
   [Other: 2.4 ms]
      [Choose CSet: 0.0 ms]
      [Ref Proc: 1.7 ms]
      [Ref Enq: 0.0 ms]
      [Redirty Cards: 0.2 ms]
      [Humongous Register: 0.0 ms]
      [Humongous Reclaim: 0.0 ms]
      [Free CSet: 0.1 ms]
   [Eden: 74.0M(74.0M)->0.0B(74.0M) Survivors: 2048.0K->2048.0K Heap: 225.8M(256.0M)->152.3M(256.0M)]
 [Times: user=0.07 sys=0.01, real=0.02 secs] 
2019-02-06T22:23:41.775+0500: 900.720: [GC pause (G1 Evacuation Pause) (young), 0.0115485 secs]
   [Parallel Time: 10.2 ms, GC Workers: 8]
      [GC Worker Start (ms): Min: 900720.1, Avg: 900720.2, Max: 900720.2, Diff: 0.2]
      [Ext Root Scanning (ms): Min: 0.4, Avg: 0.6, Max: 0.9, Diff: 0.4, Sum: 4.5]
      [Update RS (ms): Min: 1.3, Avg: 1.6, Max: 1.9, Diff: 0.6, Sum: 12.7]
         [Processed Buffers: Min: 2, Avg: 5.6, Max: 13, Diff: 11, Sum: 45]
      [Scan RS (ms): Min: 2.3, Avg: 2.7, Max: 3.0, Diff: 0.7, Sum: 21.6]
      [Code Root Scanning (ms): Min: 0.0, Avg: 0.0, Max: 0.0, Diff: 0.0, Sum: 0.0]
      [Object Copy (ms): Min: 2.6, Avg: 2.8, Max: 3.9, Diff: 1.3, Sum: 22.8]
      [Termination (ms): Min: 0.0, Avg: 1.7, Max: 2.5, Diff: 2.5, Sum: 13.6]
         [Termination Attempts: Min: 1, Avg: 3.9, Max: 7, Diff: 6, Sum: 31]
      [GC Worker Other (ms): Min: 0.0, Avg: 0.0, Max: 0.1, Diff: 0.0, Sum: 0.2]
      [GC Worker Total (ms): Min: 8.9, Avg: 9.4, Max: 10.1, Diff: 1.2, Sum: 75.3]
      [GC Worker End (ms): Min: 900729.0, Avg: 900729.6, Max: 900730.2, Diff: 1.2]
   [Code Root Fixup: 0.2 ms]
   [Code Root Purge: 0.0 ms]
   [Clear CT: 0.2 ms]
   [Other: 1.0 ms]
      [Choose CSet: 0.0 ms]
      [Ref Proc: 0.4 ms]
      [Ref Enq: 0.0 ms]
      [Redirty Cards: 0.2 ms]
      [Humongous Register: 0.0 ms]
      [Humongous Reclaim: 0.0 ms]
      [Free CSet: 0.1 ms]
   [Eden: 74.0M(74.0M)->0.0B(74.0M) Survivors: 2048.0K->2048.0K Heap: 226.3M(256.0M)->151.8M(256.0M)]
 [Times: user=0.06 sys=0.00, real=0.01 secs] 
2019-02-06T22:23:43.518+0500: 902.463: [GC pause (G1 Evacuation Pause) (young) (initial-mark), 0.0098316 secs]
   [Parallel Time: 8.1 ms, GC Workers: 8]
      [GC Worker Start (ms): Min: 902463.3, Avg: 902463.5, Max: 902463.6, Diff: 0.2]
      [Ext Root Scanning (ms): Min: 0.9, Avg: 1.0, Max: 1.1, Diff: 0.2, Sum: 7.6]
      [Update RS (ms): Min: 1.7, Avg: 2.0, Max: 2.4, Diff: 0.7, Sum: 16.0]
         [Processed Buffers: Min: 2, Avg: 5.9, Max: 14, Diff: 12, Sum: 47]
      [Scan RS (ms): Min: 2.0, Avg: 2.4, Max: 2.9, Diff: 0.9, Sum: 19.5]
      [Code Root Scanning (ms): Min: 0.0, Avg: 0.0, Max: 0.0, Diff: 0.0, Sum: 0.0]
      [Object Copy (ms): Min: 2.1, Avg: 2.3, Max: 2.4, Diff: 0.4, Sum: 18.1]
      [Termination (ms): Min: 0.0, Avg: 0.0, Max: 0.0, Diff: 0.0, Sum: 0.1]
         [Termination Attempts: Min: 1, Avg: 9.8, Max: 17, Diff: 16, Sum: 78]
      [GC Worker Other (ms): Min: 0.0, Avg: 0.0, Max: 0.1, Diff: 0.0, Sum: 0.2]
      [GC Worker Total (ms): Min: 7.6, Avg: 7.7, Max: 7.8, Diff: 0.2, Sum: 61.6]
      [GC Worker End (ms): Min: 902471.1, Avg: 902471.2, Max: 902471.2, Diff: 0.0]
   [Code Root Fixup: 0.1 ms]
   [Code Root Purge: 0.0 ms]
   [Clear CT: 0.3 ms]
   [Other: 1.4 ms]
      [Choose CSet: 0.0 ms]
      [Ref Proc: 0.8 ms]
      [Ref Enq: 0.0 ms]
      [Redirty Cards: 0.3 ms]
      [Humongous Register: 0.0 ms]
      [Humongous Reclaim: 0.0 ms]
      [Free CSet: 0.1 ms]
   [Eden: 74.0M(74.0M)->0.0B(74.0M) Survivors: 2048.0K->2048.0K Heap: 225.8M(256.0M)->152.3M(256.0M)]
 [Times: user=0.07 sys=0.00, real=0.01 secs] 
2019-02-06T22:23:43.528+0500: 902.473: [GC concurrent-root-region-scan-start]
2019-02-06T22:23:43.536+0500: 902.481: [GC concurrent-root-region-scan-end, 0.0081263 secs]
2019-02-06T22:23:43.536+0500: 902.481: [GC concurrent-mark-start]
2019-02-06T22:23:43.583+0500: 902.528: [GC concurrent-mark-end, 0.0469958 secs]
2019-02-06T22:23:43.584+0500: 902.529: [GC remark 2019-02-06T22:23:43.584+0500: 902.529: [Finalize Marking, 0.0007655 secs] 2019-02-06T22:23:43.585+0500: 902.530: [GC ref-proc, 0.0009234 secs] 2019-02-06T22:23:43.585+0500: 902.531: [Unloading, 0.0064305 secs], 0.0119255 secs]
 [Times: user=0.05 sys=0.00, real=0.01 secs] 
2019-02-06T22:23:43.596+0500: 902.541: [GC cleanup 155M->155M(256M), 0.0014784 secs]
 [Times: user=0.01 sys=0.00, real=0.00 secs] 
2019-02-06T22:23:45.390+0500: 904.335: [GC pause (G1 Evacuation Pause) (young), 0.0107786 secs]
   [Parallel Time: 8.5 ms, GC Workers: 8]
      [GC Worker Start (ms): Min: 904335.1, Avg: 904335.2, Max: 904335.2, Diff: 0.1]
      [Ext Root Scanning (ms): Min: 0.6, Avg: 1.4, Max: 5.2, Diff: 4.6, Sum: 10.9]
      [Update RS (ms): Min: 0.0, Avg: 1.6, Max: 2.4, Diff: 2.4, Sum: 13.1]
         [Processed Buffers: Min: 0, Avg: 5.5, Max: 21, Diff: 21, Sum: 44]
      [Scan RS (ms): Min: 0.8, Avg: 2.9, Max: 3.5, Diff: 2.7, Sum: 23.5]
      [Code Root Scanning (ms): Min: 0.0, Avg: 0.0, Max: 0.0, Diff: 0.0, Sum: 0.0]
      [Object Copy (ms): Min: 2.2, Avg: 2.2, Max: 2.4, Diff: 0.2, Sum: 17.9]
      [Termination (ms): Min: 0.0, Avg: 0.1, Max: 0.1, Diff: 0.1, Sum: 0.9]
         [Termination Attempts: Min: 1, Avg: 1.2, Max: 3, Diff: 2, Sum: 10]
      [GC Worker Other (ms): Min: 0.0, Avg: 0.0, Max: 0.0, Diff: 0.0, Sum: 0.2]
      [GC Worker Total (ms): Min: 8.3, Avg: 8.3, Max: 8.4, Diff: 0.1, Sum: 66.6]
      [GC Worker End (ms): Min: 904343.5, Avg: 904343.5, Max: 904343.5, Diff: 0.0]
   [Code Root Fixup: 0.1 ms]
   [Code Root Purge: 0.0 ms]
   [Clear CT: 0.3 ms]
   [Other: 1.9 ms]
      [Choose CSet: 0.0 ms]
      [Ref Proc: 1.3 ms]
      [Ref Enq: 0.0 ms]
      [Redirty Cards: 0.3 ms]
      [Humongous Register: 0.0 ms]
      [Humongous Reclaim: 0.0 ms]
      [Free CSet: 0.1 ms]
   [Eden: 74.0M(74.0M)->0.0B(74.0M) Survivors: 2048.0K->2048.0K Heap: 226.3M(256.0M)->152.4M(256.0M)]
 [Times: user=0.06 sys=0.00, real=0.01 secs] 
2019-02-06T22:23:47.236+0500: 906.181: [GC pause (G1 Evacuation Pause) (young), 0.0096700 secs]
   [Parallel Time: 7.9 ms, GC Workers: 8]
      [GC Worker Start (ms): Min: 906180.9, Avg: 906181.0, Max: 906181.0, Diff: 0.1]
      [Ext Root Scanning (ms): Min: 0.5, Avg: 0.8, Max: 2.6, Diff: 2.1, Sum: 6.7]
      [Update RS (ms): Min: 0.0, Avg: 1.9, Max: 2.7, Diff: 2.7, Sum: 15.0]
         [Processed Buffers: Min: 1, Avg: 5.8, Max: 19, Diff: 18, Sum: 46]
      [Scan RS (ms): Min: 2.1, Avg: 2.7, Max: 3.0, Diff: 0.9, Sum: 21.3]
      [Code Root Scanning (ms): Min: 0.0, Avg: 0.0, Max: 0.0, Diff: 0.0, Sum: 0.0]
      [Object Copy (ms): Min: 2.1, Avg: 2.2, Max: 2.3, Diff: 0.3, Sum: 17.6]
      [Termination (ms): Min: 0.0, Avg: 0.0, Max: 0.0, Diff: 0.0, Sum: 0.1]
         [Termination Attempts: Min: 1, Avg: 4.9, Max: 9, Diff: 8, Sum: 39]
      [GC Worker Other (ms): Min: 0.0, Avg: 0.0, Max: 0.1, Diff: 0.1, Sum: 0.4]
      [GC Worker Total (ms): Min: 7.6, Avg: 7.6, Max: 7.7, Diff: 0.1, Sum: 61.1]
      [GC Worker End (ms): Min: 906188.6, Avg: 906188.6, Max: 906188.7, Diff: 0.1]
   [Code Root Fixup: 0.2 ms]
   [Code Root Purge: 0.0 ms]
   [Clear CT: 0.3 ms]
   [Other: 1.3 ms]
      [Choose CSet: 0.0 ms]
      [Ref Proc: 0.7 ms]
      [Ref Enq: 0.0 ms]
      [Redirty Cards: 0.3 ms]
      [Humongous Register: 0.0 ms]
      [Humongous Reclaim: 0.0 ms]
      [Free CSet: 0.1 ms]
   [Eden: 74.0M(74.0M)->0.0B(74.0M) Survivors: 2048.0K->2048.0K Heap: 226.4M(256.0M)->152.1M(256.0M)]
 [Times: user=0.06 sys=0.00, real=0.01 secs] 
2019-02-06T22:23:49.026+0500: 907.971: [GC pause (G1 Evacuation Pause) (young) (initial-mark), 0.0108299 secs]
   [Parallel Time: 8.6 ms, GC Workers: 8]
      [GC Worker Start (ms): Min: 907971.8, Avg: 907972.1, Max: 907972.3, Diff: 0.5]
      [Ext Root Scanning (ms): Min: 0.8, Avg: 1.0, Max: 1.3, Diff: 0.5, Sum: 8.3]
      [Update RS (ms): Min: 1.7, Avg: 2.1, Max: 2.4, Diff: 0.6, Sum: 16.7]
         [Processed Buffers: Min: 2, Avg: 6.0, Max: 13, Diff: 11, Sum: 48]
      [Scan RS (ms): Min: 2.1, Avg: 2.4, Max: 2.7, Diff: 0.6, Sum: 19.5]
      [Code Root Scanning (ms): Min: 0.0, Avg: 0.0, Max: 0.0, Diff: 0.0, Sum: 0.0]
      [Object Copy (ms): Min: 2.1, Avg: 2.2, Max: 2.4, Diff: 0.4, Sum: 17.5]
      [Termination (ms): Min: 0.0, Avg: 0.2, Max: 0.3, Diff: 0.3, Sum: 1.8]
         [Termination Attempts: Min: 1, Avg: 3.4, Max: 5, Diff: 4, Sum: 27]
      [GC Worker Other (ms): Min: 0.0, Avg: 0.0, Max: 0.0, Diff: 0.0, Sum: 0.2]
      [GC Worker Total (ms): Min: 7.8, Avg: 8.0, Max: 8.3, Diff: 0.5, Sum: 64.0]
      [GC Worker End (ms): Min: 907980.0, Avg: 907980.1, Max: 907980.1, Diff: 0.1]
   [Code Root Fixup: 0.1 ms]
   [Code Root Purge: 0.0 ms]
   [Clear CT: 0.3 ms]
   [Other: 1.8 ms]
      [Choose CSet: 0.0 ms]
      [Ref Proc: 1.2 ms]
      [Ref Enq: 0.0 ms]
      [Redirty Cards: 0.3 ms]
      [Humongous Register: 0.0 ms]
      [Humongous Reclaim: 0.0 ms]
      [Free CSet: 0.1 ms]
   [Eden: 74.0M(74.0M)->0.0B(73.0M) Survivors: 2048.0K->2048.0K Heap: 226.1M(256.0M)->152.5M(256.0M)]
 [Times: user=0.06 sys=0.01, real=0.01 secs] 
2019-02-06T22:23:49.038+0500: 907.983: [GC concurrent-root-region-scan-start]
2019-02-06T22:23:49.046+0500: 907.991: [GC concurrent-root-region-scan-end, 0.0080342 secs]
2019-02-06T22:23:49.046+0500: 907.991: [GC concurrent-mark-start]
2019-02-06T22:23:49.093+0500: 908.038: [GC concurrent-mark-end, 0.0470357 secs]
2019-02-06T22:23:49.093+0500: 908.038: [GC remark 2019-02-06T22:23:49.093+0500: 908.038: [Finalize Marking, 0.0008614 secs] 2019-02-06T22:23:49.094+0500: 908.039: [GC ref-proc, 0.0008332 secs] 2019-02-06T22:23:49.095+0500: 908.040: [Unloading, 0.0062127 secs], 0.0115739 secs]
 [Times: user=0.05 sys=0.00, real=0.01 secs] 
2019-02-06T22:23:49.105+0500: 908.050: [GC cleanup 155M->155M(256M), 0.0012837 secs]
 [Times: user=0.00 sys=0.00, real=0.00 secs] 
2019-02-06T22:23:50.825+0500: 909.770: [GC pause (G1 Evacuation Pause) (young), 0.0083258 secs]
   [Parallel Time: 7.0 ms, GC Workers: 8]
      [GC Worker Start (ms): Min: 909770.6, Avg: 909770.7, Max: 909770.8, Diff: 0.2]
      [Ext Root Scanning (ms): Min: 0.4, Avg: 0.5, Max: 0.8, Diff: 0.5, Sum: 4.1]
      [Update RS (ms): Min: 1.5, Avg: 1.9, Max: 2.3, Diff: 0.8, Sum: 15.2]
         [Processed Buffers: Min: 1, Avg: 5.0, Max: 10, Diff: 9, Sum: 40]
      [Scan RS (ms): Min: 1.8, Avg: 2.3, Max: 2.7, Diff: 0.9, Sum: 18.4]
      [Code Root Scanning (ms): Min: 0.0, Avg: 0.0, Max: 0.0, Diff: 0.0, Sum: 0.0]
      [Object Copy (ms): Min: 1.8, Avg: 2.0, Max: 2.1, Diff: 0.3, Sum: 15.7]
      [Termination (ms): Min: 0.0, Avg: 0.0, Max: 0.0, Diff: 0.0, Sum: 0.0]
         [Termination Attempts: Min: 1, Avg: 1.0, Max: 1, Diff: 0, Sum: 8]
      [GC Worker Other (ms): Min: 0.0, Avg: 0.0, Max: 0.1, Diff: 0.0, Sum: 0.3]
      [GC Worker Total (ms): Min: 6.6, Avg: 6.7, Max: 6.8, Diff: 0.2, Sum: 53.7]
      [GC Worker End (ms): Min: 909777.4, Avg: 909777.4, Max: 909777.4, Diff: 0.0]
   [Code Root Fixup: 0.2 ms]
   [Code Root Purge: 0.0 ms]
   [Clear CT: 0.2 ms]
   [Other: 0.9 ms]
      [Choose CSet: 0.0 ms]
      [Ref Proc: 0.4 ms]
      [Ref Enq: 0.0 ms]
      [Redirty Cards: 0.2 ms]
      [Humongous Register: 0.0 ms]
      [Humongous Reclaim: 0.0 ms]
      [Free CSet: 0.1 ms]
   [Eden: 73.0M(73.0M)->0.0B(10.0M) Survivors: 2048.0K->2048.0K Heap: 225.5M(256.0M)->152.3M(256.0M)]
 [Times: user=0.05 sys=0.00, real=0.01 secs] 
2019-02-06T22:23:51.057+0500: 910.002: [GC pause (G1 Evacuation Pause) (mixed), 0.0122946 secs]
   [Parallel Time: 9.9 ms, GC Workers: 8]
      [GC Worker Start (ms): Min: 910002.4, Avg: 910002.4, Max: 910002.5, Diff: 0.1]
      [Ext Root Scanning (ms): Min: 0.4, Avg: 1.4, Max: 7.5, Diff: 7.1, Sum: 11.1]
      [Update RS (ms): Min: 0.0, Avg: 1.3, Max: 1.9, Diff: 1.9, Sum: 10.0]
         [Processed Buffers: Min: 0, Avg: 4.0, Max: 8, Diff: 8, Sum: 32]
      [Scan RS (ms): Min: 0.3, Avg: 4.1, Max: 4.9, Diff: 4.6, Sum: 32.4]
      [Code Root Scanning (ms): Min: 0.0, Avg: 0.4, Max: 2.8, Diff: 2.8, Sum: 2.8]
      [Object Copy (ms): Min: 0.1, Avg: 2.5, Max: 3.1, Diff: 3.0, Sum: 20.0]
      [Termination (ms): Min: 0.0, Avg: 0.1, Max: 0.1, Diff: 0.1, Sum: 0.8]
         [Termination Attempts: Min: 1, Avg: 3.5, Max: 7, Diff: 6, Sum: 28]
      [GC Worker Other (ms): Min: 0.0, Avg: 0.0, Max: 0.1, Diff: 0.0, Sum: 0.2]
      [GC Worker Total (ms): Min: 9.6, Avg: 9.7, Max: 9.8, Diff: 0.2, Sum: 77.4]
      [GC Worker End (ms): Min: 910012.1, Avg: 910012.1, Max: 910012.2, Diff: 0.1]
   [Code Root Fixup: 0.9 ms]
   [Code Root Purge: 0.0 ms]
   [Clear CT: 0.3 ms]
   [Other: 1.1 ms]
      [Choose CSet: 0.0 ms]
      [Ref Proc: 0.4 ms]
      [Ref Enq: 0.0 ms]
      [Redirty Cards: 0.2 ms]
      [Humongous Register: 0.0 ms]
      [Humongous Reclaim: 0.0 ms]
      [Free CSet: 0.2 ms]
   [Eden: 10.0M(10.0M)->0.0B(74.0M) Survivors: 2048.0K->2048.0K Heap: 162.3M(256.0M)->151.8M(256.0M)]
 [Times: user=0.06 sys=0.00, real=0.02 secs] 
2019-02-06T22:23:52.627+0500: 911.572: [GC pause (G1 Evacuation Pause) (young), 0.0079831 secs]
   [Parallel Time: 6.8 ms, GC Workers: 8]
      [GC Worker Start (ms): Min: 911572.1, Avg: 911572.2, Max: 911572.2, Diff: 0.1]
      [Ext Root Scanning (ms): Min: 0.4, Avg: 0.5, Max: 0.8, Diff: 0.4, Sum: 3.8]
      [Update RS (ms): Min: 1.4, Avg: 1.9, Max: 2.3, Diff: 0.9, Sum: 14.9]
         [Processed Buffers: Min: 2, Avg: 4.9, Max: 13, Diff: 11, Sum: 39]
      [Scan RS (ms): Min: 1.8, Avg: 2.3, Max: 3.2, Diff: 1.3, Sum: 18.5]
      [Code Root Scanning (ms): Min: 0.0, Avg: 0.0, Max: 0.0, Diff: 0.0, Sum: 0.0]
      [Object Copy (ms): Min: 0.7, Avg: 2.0, Max: 2.2, Diff: 1.6, Sum: 15.7]
      [Termination (ms): Min: 0.0, Avg: 0.0, Max: 0.0, Diff: 0.0, Sum: 0.0]
         [Termination Attempts: Min: 1, Avg: 1.4, Max: 2, Diff: 1, Sum: 11]
      [GC Worker Other (ms): Min: 0.0, Avg: 0.0, Max: 0.0, Diff: 0.0, Sum: 0.2]
      [GC Worker Total (ms): Min: 6.6, Avg: 6.7, Max: 6.7, Diff: 0.1, Sum: 53.3]
      [GC Worker End (ms): Min: 911578.8, Avg: 911578.8, Max: 911578.8, Diff: 0.0]
   [Code Root Fixup: 0.1 ms]
   [Code Root Purge: 0.0 ms]
   [Clear CT: 0.2 ms]
   [Other: 0.8 ms]
      [Choose CSet: 0.0 ms]
      [Ref Proc: 0.3 ms]
      [Ref Enq: 0.0 ms]
      [Redirty Cards: 0.2 ms]
      [Humongous Register: 0.0 ms]
      [Humongous Reclaim: 0.0 ms]
      [Free CSet: 0.1 ms]
   [Eden: 74.0M(74.0M)->0.0B(74.0M) Survivors: 2048.0K->2048.0K Heap: 225.8M(256.0M)->152.2M(256.0M)]
 [Times: user=0.05 sys=0.01, real=0.01 secs] 
2019-02-06T22:23:54.332+0500: 913.277: [GC pause (G1 Evacuation Pause) (young) (initial-mark), 0.0199047 secs]
   [Parallel Time: 9.1 ms, GC Workers: 8]
      [GC Worker Start (ms): Min: 913277.7, Avg: 913277.7, Max: 913277.8, Diff: 0.1]
      [Ext Root Scanning (ms): Min: 1.0, Avg: 1.0, Max: 1.1, Diff: 0.1, Sum: 8.3]
      [Update RS (ms): Min: 2.1, Avg: 2.6, Max: 4.5, Diff: 2.4, Sum: 20.6]
         [Processed Buffers: Min: 3, Avg: 5.6, Max: 10, Diff: 7, Sum: 45]
      [Scan RS (ms): Min: 0.4, Avg: 2.0, Max: 2.7, Diff: 2.3, Sum: 16.3]
      [Code Root Scanning (ms): Min: 0.0, Avg: 0.0, Max: 0.0, Diff: 0.0, Sum: 0.0]
      [Object Copy (ms): Min: 2.0, Avg: 2.2, Max: 2.3, Diff: 0.4, Sum: 17.3]
      [Termination (ms): Min: 0.0, Avg: 0.8, Max: 1.0, Diff: 1.0, Sum: 6.0]
         [Termination Attempts: Min: 1, Avg: 1.5, Max: 2, Diff: 1, Sum: 12]
      [GC Worker Other (ms): Min: 0.0, Avg: 0.1, Max: 0.5, Diff: 0.5, Sum: 0.6]
      [GC Worker Total (ms): Min: 8.4, Avg: 8.6, Max: 8.8, Diff: 0.4, Sum: 69.1]
      [GC Worker End (ms): Min: 913286.1, Avg: 913286.3, Max: 913286.5, Diff: 0.5]
   [Code Root Fixup: 0.1 ms]
   [Code Root Purge: 0.0 ms]
   [Clear CT: 0.2 ms]
   [Other: 10.4 ms]
      [Choose CSet: 0.0 ms]
      [Ref Proc: 9.8 ms]
      [Ref Enq: 0.0 ms]
      [Redirty Cards: 0.2 ms]
      [Humongous Register: 0.0 ms]
      [Humongous Reclaim: 0.0 ms]
      [Free CSet: 0.1 ms]
   [Eden: 74.0M(74.0M)->0.0B(74.0M) Survivors: 2048.0K->2048.0K Heap: 226.2M(256.0M)->151.9M(256.0M)]
 [Times: user=0.06 sys=0.01, real=0.02 secs] 
2019-02-06T22:23:54.352+0500: 913.298: [GC concurrent-root-region-scan-start]
2019-02-06T22:23:54.360+0500: 913.305: [GC concurrent-root-region-scan-end, 0.0071538 secs]
2019-02-06T22:23:54.360+0500: 913.305: [GC concurrent-mark-start]
2019-02-06T22:23:54.403+0500: 913.348: [GC concurrent-mark-end, 0.0431243 secs]
2019-02-06T22:23:54.403+0500: 913.348: [GC remark 2019-02-06T22:23:54.403+0500: 913.348: [Finalize Marking, 0.0005298 secs] 2019-02-06T22:23:54.404+0500: 913.349: [GC ref-proc, 0.0007547 secs] 2019-02-06T22:23:54.405+0500: 913.350: [Unloading, 0.0066557 secs], 0.0116123 secs]
 [Times: user=0.05 sys=0.00, real=0.01 secs] 
2019-02-06T22:23:54.415+0500: 913.361: [GC cleanup 154M->154M(256M), 0.0010869 secs]
 [Times: user=0.00 sys=0.01, real=0.00 secs] 
2019-02-06T22:23:56.097+0500: 915.043: [GC pause (G1 Evacuation Pause) (young), 0.0084010 secs]
   [Parallel Time: 7.0 ms, GC Workers: 8]
      [GC Worker Start (ms): Min: 915042.8, Avg: 915042.8, Max: 915042.9, Diff: 0.1]
      [Ext Root Scanning (ms): Min: 0.4, Avg: 0.5, Max: 0.9, Diff: 0.4, Sum: 4.1]
      [Update RS (ms): Min: 1.2, Avg: 1.7, Max: 2.2, Diff: 1.0, Sum: 14.0]
         [Processed Buffers: Min: 2, Avg: 5.6, Max: 14, Diff: 12, Sum: 45]
      [Scan RS (ms): Min: 1.9, Avg: 2.4, Max: 2.7, Diff: 0.8, Sum: 19.3]
      [Code Root Scanning (ms): Min: 0.0, Avg: 0.0, Max: 0.0, Diff: 0.0, Sum: 0.0]
      [Object Copy (ms): Min: 1.9, Avg: 2.1, Max: 2.2, Diff: 0.2, Sum: 16.4]
      [Termination (ms): Min: 0.0, Avg: 0.0, Max: 0.0, Diff: 0.0, Sum: 0.0]
         [Termination Attempts: Min: 1, Avg: 2.1, Max: 4, Diff: 3, Sum: 17]
      [GC Worker Other (ms): Min: 0.0, Avg: 0.0, Max: 0.0, Diff: 0.0, Sum: 0.2]
      [GC Worker Total (ms): Min: 6.7, Avg: 6.8, Max: 6.8, Diff: 0.1, Sum: 54.1]
      [GC Worker End (ms): Min: 915049.6, Avg: 915049.6, Max: 915049.6, Diff: 0.0]
   [Code Root Fixup: 0.2 ms]
   [Code Root Purge: 0.0 ms]
   [Clear CT: 0.2 ms]
   [Other: 1.0 ms]
      [Choose CSet: 0.0 ms]
      [Ref Proc: 0.4 ms]
      [Ref Enq: 0.0 ms]
      [Redirty Cards: 0.3 ms]
      [Humongous Register: 0.0 ms]
      [Humongous Reclaim: 0.0 ms]
      [Free CSet: 0.1 ms]
   [Eden: 74.0M(74.0M)->0.0B(74.0M) Survivors: 2048.0K->2048.0K Heap: 225.9M(256.0M)->152.2M(256.0M)]
 [Times: user=0.05 sys=0.00, real=0.01 secs] 
2019-02-06T22:23:57.734+0500: 916.679: [GC pause (G1 Evacuation Pause) (young), 0.0083524 secs]
   [Parallel Time: 7.0 ms, GC Workers: 8]
      [GC Worker Start (ms): Min: 916678.8, Avg: 916678.9, Max: 916679.0, Diff: 0.1]
      [Ext Root Scanning (ms): Min: 0.4, Avg: 0.5, Max: 0.9, Diff: 0.5, Sum: 4.1]
      [Update RS (ms): Min: 1.4, Avg: 2.0, Max: 3.3, Diff: 1.9, Sum: 16.4]
         [Processed Buffers: Min: 2, Avg: 5.2, Max: 17, Diff: 15, Sum: 42]
      [Scan RS (ms): Min: 1.0, Avg: 2.3, Max: 2.9, Diff: 1.9, Sum: 18.5]
      [Code Root Scanning (ms): Min: 0.0, Avg: 0.0, Max: 0.0, Diff: 0.0, Sum: 0.0]
      [Object Copy (ms): Min: 1.7, Avg: 1.8, Max: 1.9, Diff: 0.2, Sum: 14.2]
      [Termination (ms): Min: 0.0, Avg: 0.0, Max: 0.0, Diff: 0.0, Sum: 0.0]
         [Termination Attempts: Min: 1, Avg: 1.1, Max: 2, Diff: 1, Sum: 9]
      [GC Worker Other (ms): Min: 0.0, Avg: 0.0, Max: 0.0, Diff: 0.0, Sum: 0.2]
      [GC Worker Total (ms): Min: 6.6, Avg: 6.7, Max: 6.7, Diff: 0.1, Sum: 53.5]
      [GC Worker End (ms): Min: 916685.6, Avg: 916685.6, Max: 916685.6, Diff: 0.0]
   [Code Root Fixup: 0.2 ms]
   [Code Root Purge: 0.0 ms]
   [Clear CT: 0.2 ms]
   [Other: 1.0 ms]
      [Choose CSet: 0.0 ms]
      [Ref Proc: 0.4 ms]
      [Ref Enq: 0.0 ms]
      [Redirty Cards: 0.3 ms]
      [Humongous Register: 0.0 ms]
      [Humongous Reclaim: 0.0 ms]
      [Free CSet: 0.1 ms]
   [Eden: 74.0M(74.0M)->0.0B(74.0M) Survivors: 2048.0K->2048.0K Heap: 226.2M(256.0M)->152.3M(256.0M)]
 [Times: user=0.05 sys=0.00, real=0.01 secs] 
2019-02-06T22:23:59.458+0500: 918.403: [GC pause (G1 Evacuation Pause) (young) (initial-mark), 0.0103227 secs]
   [Parallel Time: 8.5 ms, GC Workers: 8]
      [GC Worker Start (ms): Min: 918403.4, Avg: 918403.7, Max: 918404.3, Diff: 0.9]
      [Ext Root Scanning (ms): Min: 0.4, Avg: 0.9, Max: 1.2, Diff: 0.8, Sum: 7.4]
      [Update RS (ms): Min: 1.8, Avg: 2.0, Max: 2.4, Diff: 0.6, Sum: 16.0]
         [Processed Buffers: Min: 1, Avg: 5.9, Max: 19, Diff: 18, Sum: 47]
      [Scan RS (ms): Min: 2.3, Avg: 2.7, Max: 3.0, Diff: 0.7, Sum: 21.5]
      [Code Root Scanning (ms): Min: 0.0, Avg: 0.0, Max: 0.0, Diff: 0.0, Sum: 0.0]
      [Object Copy (ms): Min: 2.1, Avg: 2.2, Max: 2.3, Diff: 0.2, Sum: 17.7]
      [Termination (ms): Min: 0.0, Avg: 0.0, Max: 0.0, Diff: 0.0, Sum: 0.1]
         [Termination Attempts: Min: 1, Avg: 7.9, Max: 11, Diff: 10, Sum: 63]
      [GC Worker Other (ms): Min: 0.0, Avg: 0.0, Max: 0.0, Diff: 0.0, Sum: 0.2]
      [GC Worker Total (ms): Min: 7.3, Avg: 7.9, Max: 8.2, Diff: 0.9, Sum: 63.1]
      [GC Worker End (ms): Min: 918411.6, Avg: 918411.6, Max: 918411.6, Diff: 0.0]
   [Code Root Fixup: 0.2 ms]
   [Code Root Purge: 0.0 ms]
   [Clear CT: 0.3 ms]
   [Other: 1.4 ms]
      [Choose CSet: 0.0 ms]
      [Ref Proc: 0.8 ms]
      [Ref Enq: 0.0 ms]
      [Redirty Cards: 0.2 ms]
      [Humongous Register: 0.0 ms]
      [Humongous Reclaim: 0.0 ms]
      [Free CSet: 0.1 ms]
   [Eden: 74.0M(74.0M)->0.0B(74.0M) Survivors: 2048.0K->2048.0K Heap: 226.3M(256.0M)->152.6M(256.0M)]
 [Times: user=0.06 sys=0.00, real=0.01 secs] 
2019-02-06T22:23:59.469+0500: 918.414: [GC concurrent-root-region-scan-start]
2019-02-06T22:23:59.477+0500: 918.422: [GC concurrent-root-region-scan-end, 0.0083324 secs]
2019-02-06T22:23:59.477+0500: 918.422: [GC concurrent-mark-start]
2019-02-06T22:23:59.524+0500: 918.469: [GC concurrent-mark-end, 0.0472460 secs]
2019-02-06T22:23:59.525+0500: 918.470: [GC remark 2019-02-06T22:23:59.525+0500: 918.470: [Finalize Marking, 0.0040201 secs] 2019-02-06T22:23:59.529+0500: 918.474: [GC ref-proc, 0.0009635 secs] 2019-02-06T22:23:59.530+0500: 918.475: [Unloading, 0.0073362 secs], 0.0151583 secs]
 [Times: user=0.06 sys=0.00, real=0.02 secs] 
2019-02-06T22:23:59.540+0500: 918.486: [GC cleanup 155M->155M(256M), 0.0013470 secs]
 [Times: user=0.00 sys=0.00, real=0.00 secs] 
2019-02-06T22:24:01.237+0500: 920.182: [GC pause (G1 Evacuation Pause) (young), 0.0105887 secs]
   [Parallel Time: 9.2 ms, GC Workers: 8]
      [GC Worker Start (ms): Min: 920182.2, Avg: 920182.3, Max: 920182.4, Diff: 0.2]
      [Ext Root Scanning (ms): Min: 0.5, Avg: 0.8, Max: 1.5, Diff: 0.9, Sum: 6.1]
      [Update RS (ms): Min: 1.3, Avg: 1.8, Max: 2.7, Diff: 1.5, Sum: 14.5]
         [Processed Buffers: Min: 1, Avg: 5.4, Max: 16, Diff: 15, Sum: 43]
      [Scan RS (ms): Min: 2.6, Avg: 3.5, Max: 3.8, Diff: 1.2, Sum: 27.7]
      [Code Root Scanning (ms): Min: 0.0, Avg: 0.0, Max: 0.0, Diff: 0.0, Sum: 0.0]
      [Object Copy (ms): Min: 2.0, Avg: 2.7, Max: 3.0, Diff: 1.0, Sum: 21.4]
      [Termination (ms): Min: 0.0, Avg: 0.2, Max: 0.3, Diff: 0.3, Sum: 1.8]
         [Termination Attempts: Min: 1, Avg: 4.8, Max: 11, Diff: 10, Sum: 38]
      [GC Worker Other (ms): Min: 0.0, Avg: 0.0, Max: 0.0, Diff: 0.0, Sum: 0.2]
      [GC Worker Total (ms): Min: 8.9, Avg: 9.0, Max: 9.1, Diff: 0.2, Sum: 71.7]
      [GC Worker End (ms): Min: 920191.2, Avg: 920191.3, Max: 920191.4, Diff: 0.1]
   [Code Root Fixup: 0.1 ms]
   [Code Root Purge: 0.0 ms]
   [Clear CT: 0.2 ms]
   [Other: 1.0 ms]
      [Choose CSet: 0.0 ms]
      [Ref Proc: 0.5 ms]
      [Ref Enq: 0.0 ms]
      [Redirty Cards: 0.3 ms]
      [Humongous Register: 0.0 ms]
      [Humongous Reclaim: 0.0 ms]
      [Free CSet: 0.1 ms]
   [Eden: 74.0M(74.0M)->0.0B(73.0M) Survivors: 2048.0K->2048.0K Heap: 226.6M(256.0M)->152.2M(256.0M)]
 [Times: user=0.06 sys=0.01, real=0.01 secs] 
2019-02-06T22:24:02.938+0500: 921.883: [GC pause (G1 Evacuation Pause) (young), 0.0079900 secs]
   [Parallel Time: 6.8 ms, GC Workers: 8]
      [GC Worker Start (ms): Min: 921882.9, Avg: 921883.0, Max: 921883.1, Diff: 0.2]
      [Ext Root Scanning (ms): Min: 0.4, Avg: 0.5, Max: 0.8, Diff: 0.4, Sum: 4.1]
      [Update RS (ms): Min: 1.3, Avg: 1.4, Max: 1.7, Diff: 0.4, Sum: 11.4]
         [Processed Buffers: Min: 2, Avg: 5.2, Max: 17, Diff: 15, Sum: 42]
      [Scan RS (ms): Min: 2.2, Avg: 2.6, Max: 2.9, Diff: 0.6, Sum: 20.6]
      [Code Root Scanning (ms): Min: 0.0, Avg: 0.0, Max: 0.0, Diff: 0.0, Sum: 0.0]
      [Object Copy (ms): Min: 2.0, Avg: 2.1, Max: 2.2, Diff: 0.2, Sum: 16.6]
      [Termination (ms): Min: 0.0, Avg: 0.0, Max: 0.0, Diff: 0.0, Sum: 0.1]
         [Termination Attempts: Min: 1, Avg: 4.2, Max: 7, Diff: 6, Sum: 34]
      [GC Worker Other (ms): Min: 0.0, Avg: 0.0, Max: 0.0, Diff: 0.0, Sum: 0.2]
      [GC Worker Total (ms): Min: 6.5, Avg: 6.6, Max: 6.7, Diff: 0.2, Sum: 53.0]
      [GC Worker End (ms): Min: 921889.6, Avg: 921889.6, Max: 921889.6, Diff: 0.0]
   [Code Root Fixup: 0.1 ms]
   [Code Root Purge: 0.0 ms]
   [Clear CT: 0.2 ms]
   [Other: 0.9 ms]
      [Choose CSet: 0.0 ms]
      [Ref Proc: 0.4 ms]
      [Ref Enq: 0.0 ms]
      [Redirty Cards: 0.2 ms]
      [Humongous Register: 0.0 ms]
      [Humongous Reclaim: 0.0 ms]
      [Free CSet: 0.1 ms]
   [Eden: 73.0M(73.0M)->0.0B(73.0M) Survivors: 2048.0K->2048.0K Heap: 225.2M(256.0M)->152.6M(256.0M)]
 [Times: user=0.06 sys=0.00, real=0.01 secs] 
2019-02-06T22:24:04.449+0500: 923.394: [GC pause (G1 Evacuation Pause) (young) (initial-mark), 0.0080120 secs]
   [Parallel Time: 6.8 ms, GC Workers: 8]
      [GC Worker Start (ms): Min: 923394.2, Avg: 923394.3, Max: 923394.3, Diff: 0.1]
      [Ext Root Scanning (ms): Min: 0.8, Avg: 0.9, Max: 0.9, Diff: 0.1, Sum: 7.1]
      [Update RS (ms): Min: 1.6, Avg: 1.8, Max: 2.1, Diff: 0.5, Sum: 14.5]
         [Processed Buffers: Min: 1, Avg: 5.4, Max: 16, Diff: 15, Sum: 43]
      [Scan RS (ms): Min: 1.8, Avg: 2.1, Max: 2.3, Diff: 0.5, Sum: 16.5]
      [Code Root Scanning (ms): Min: 0.0, Avg: 0.0, Max: 0.0, Diff: 0.0, Sum: 0.0]
      [Object Copy (ms): Min: 1.6, Avg: 1.7, Max: 1.8, Diff: 0.2, Sum: 13.8]
      [Termination (ms): Min: 0.0, Avg: 0.0, Max: 0.0, Diff: 0.0, Sum: 0.0]
         [Termination Attempts: Min: 1, Avg: 1.9, Max: 3, Diff: 2, Sum: 15]
      [GC Worker Other (ms): Min: 0.0, Avg: 0.0, Max: 0.0, Diff: 0.0, Sum: 0.2]
      [GC Worker Total (ms): Min: 6.5, Avg: 6.5, Max: 6.6, Diff: 0.1, Sum: 52.1]
      [GC Worker End (ms): Min: 923400.8, Avg: 923400.8, Max: 923400.8, Diff: 0.0]
   [Code Root Fixup: 0.1 ms]
   [Code Root Purge: 0.0 ms]
   [Clear CT: 0.2 ms]
   [Other: 0.9 ms]
      [Choose CSet: 0.0 ms]
      [Ref Proc: 0.4 ms]
      [Ref Enq: 0.0 ms]
      [Redirty Cards: 0.2 ms]
      [Humongous Register: 0.0 ms]
      [Humongous Reclaim: 0.0 ms]
      [Free CSet: 0.1 ms]
   [Eden: 73.0M(73.0M)->0.0B(73.0M) Survivors: 2048.0K->2048.0K Heap: 225.6M(256.0M)->152.7M(256.0M)]
 [Times: user=0.05 sys=0.01, real=0.01 secs] 
2019-02-06T22:24:04.457+0500: 923.402: [GC concurrent-root-region-scan-start]
2019-02-06T22:24:04.464+0500: 923.409: [GC concurrent-root-region-scan-end, 0.0067991 secs]
2019-02-06T22:24:04.464+0500: 923.409: [GC concurrent-mark-start]
2019-02-06T22:24:04.503+0500: 923.448: [GC concurrent-mark-end, 0.0389075 secs]
2019-02-06T22:24:04.503+0500: 923.448: [GC remark 2019-02-06T22:24:04.503+0500: 923.448: [Finalize Marking, 0.0005388 secs] 2019-02-06T22:24:04.504+0500: 923.449: [GC ref-proc, 0.0007899 secs] 2019-02-06T22:24:04.505+0500: 923.450: [Unloading, 0.0053707 secs], 0.0099955 secs]
 [Times: user=0.05 sys=0.01, real=0.01 secs] 
2019-02-06T22:24:04.514+0500: 923.459: [GC cleanup 155M->155M(256M), 0.0009930 secs]
 [Times: user=0.00 sys=0.00, real=0.00 secs] 
2019-02-06T22:24:05.903+0500: 924.848: [GC pause (G1 Evacuation Pause) (young), 0.0072994 secs]
   [Parallel Time: 6.2 ms, GC Workers: 8]
      [GC Worker Start (ms): Min: 924847.8, Avg: 924847.8, Max: 924847.9, Diff: 0.1]
      [Ext Root Scanning (ms): Min: 0.3, Avg: 0.7, Max: 2.6, Diff: 2.2, Sum: 5.7]
      [Update RS (ms): Min: 0.0, Avg: 1.4, Max: 1.8, Diff: 1.8, Sum: 10.8]
         [Processed Buffers: Min: 0, Avg: 5.1, Max: 12, Diff: 12, Sum: 41]
      [Scan RS (ms): Min: 1.9, Avg: 2.3, Max: 2.6, Diff: 0.8, Sum: 18.1]
      [Code Root Scanning (ms): Min: 0.0, Avg: 0.0, Max: 0.0, Diff: 0.0, Sum: 0.0]
      [Object Copy (ms): Min: 1.5, Avg: 1.7, Max: 1.8, Diff: 0.2, Sum: 13.3]
      [Termination (ms): Min: 0.0, Avg: 0.0, Max: 0.0, Diff: 0.0, Sum: 0.0]
         [Termination Attempts: Min: 1, Avg: 1.9, Max: 3, Diff: 2, Sum: 15]
      [GC Worker Other (ms): Min: 0.0, Avg: 0.0, Max: 0.1, Diff: 0.0, Sum: 0.2]
      [GC Worker Total (ms): Min: 6.0, Avg: 6.0, Max: 6.1, Diff: 0.1, Sum: 48.2]
      [GC Worker End (ms): Min: 924853.8, Avg: 924853.8, Max: 924853.9, Diff: 0.0]
   [Code Root Fixup: 0.1 ms]
   [Code Root Purge: 0.0 ms]
   [Clear CT: 0.3 ms]
   [Other: 0.8 ms]
      [Choose CSet: 0.0 ms]
      [Ref Proc: 0.3 ms]
      [Ref Enq: 0.0 ms]
      [Redirty Cards: 0.2 ms]
      [Humongous Register: 0.0 ms]
      [Humongous Reclaim: 0.0 ms]
      [Free CSet: 0.1 ms]
   [Eden: 73.0M(73.0M)->0.0B(10.0M) Survivors: 2048.0K->2048.0K Heap: 225.7M(256.0M)->152.6M(256.0M)]
 [Times: user=0.05 sys=0.01, real=0.01 secs] 
2019-02-06T22:24:06.092+0500: 925.037: [GC pause (G1 Evacuation Pause) (mixed), 0.0079915 secs]
   [Parallel Time: 6.9 ms, GC Workers: 8]
      [GC Worker Start (ms): Min: 925037.4, Avg: 925037.4, Max: 925037.5, Diff: 0.1]
      [Ext Root Scanning (ms): Min: 0.4, Avg: 0.5, Max: 0.8, Diff: 0.4, Sum: 3.7]
      [Update RS (ms): Min: 1.2, Avg: 1.4, Max: 1.6, Diff: 0.4, Sum: 11.6]
         [Processed Buffers: Min: 1, Avg: 3.6, Max: 11, Diff: 10, Sum: 29]
      [Scan RS (ms): Min: 2.8, Avg: 3.0, Max: 3.1, Diff: 0.2, Sum: 23.7]
      [Code Root Scanning (ms): Min: 0.0, Avg: 0.0, Max: 0.0, Diff: 0.0, Sum: 0.0]
      [Object Copy (ms): Min: 1.7, Avg: 1.7, Max: 1.8, Diff: 0.1, Sum: 13.9]
      [Termination (ms): Min: 0.0, Avg: 0.0, Max: 0.0, Diff: 0.0, Sum: 0.0]
         [Termination Attempts: Min: 1, Avg: 1.0, Max: 1, Diff: 0, Sum: 8]
      [GC Worker Other (ms): Min: 0.0, Avg: 0.0, Max: 0.0, Diff: 0.0, Sum: 0.2]
      [GC Worker Total (ms): Min: 6.6, Avg: 6.6, Max: 6.7, Diff: 0.1, Sum: 53.0]
      [GC Worker End (ms): Min: 925044.1, Avg: 925044.1, Max: 925044.1, Diff: 0.0]
   [Code Root Fixup: 0.1 ms]
   [Code Root Purge: 0.0 ms]
   [Clear CT: 0.2 ms]
   [Other: 0.8 ms]
      [Choose CSet: 0.0 ms]
      [Ref Proc: 0.3 ms]
      [Ref Enq: 0.0 ms]
      [Redirty Cards: 0.2 ms]
      [Humongous Register: 0.0 ms]
      [Humongous Reclaim: 0.0 ms]
      [Free CSet: 0.0 ms]
   [Eden: 10.0M(10.0M)->0.0B(74.0M) Survivors: 2048.0K->2048.0K Heap: 162.6M(256.0M)->151.7M(256.0M)]
 [Times: user=0.05 sys=0.00, real=0.01 secs] 
2019-02-06T22:24:07.330+0500: 926.275: [GC pause (G1 Evacuation Pause) (young), 0.0077867 secs]
   [Parallel Time: 6.7 ms, GC Workers: 8]
      [GC Worker Start (ms): Min: 926275.5, Avg: 926275.5, Max: 926275.6, Diff: 0.1]
      [Ext Root Scanning (ms): Min: 0.3, Avg: 0.4, Max: 0.8, Diff: 0.4, Sum: 3.5]
      [Update RS (ms): Min: 1.5, Avg: 1.7, Max: 1.9, Diff: 0.5, Sum: 13.5]
         [Processed Buffers: Min: 2, Avg: 4.5, Max: 13, Diff: 11, Sum: 36]
      [Scan RS (ms): Min: 1.5, Avg: 1.8, Max: 2.0, Diff: 0.5, Sum: 14.1]
      [Code Root Scanning (ms): Min: 0.0, Avg: 0.0, Max: 0.0, Diff: 0.0, Sum: 0.0]
      [Object Copy (ms): Min: 1.4, Avg: 1.6, Max: 2.5, Diff: 1.1, Sum: 13.0]
      [Termination (ms): Min: 0.0, Avg: 1.0, Max: 1.2, Diff: 1.2, Sum: 7.8]
         [Termination Attempts: Min: 1, Avg: 1.1, Max: 2, Diff: 1, Sum: 9]
      [GC Worker Other (ms): Min: 0.0, Avg: 0.0, Max: 0.0, Diff: 0.0, Sum: 0.1]
      [GC Worker Total (ms): Min: 6.4, Avg: 6.5, Max: 6.6, Diff: 0.2, Sum: 52.1]
      [GC Worker End (ms): Min: 926282.0, Avg: 926282.0, Max: 926282.1, Diff: 0.1]
   [Code Root Fixup: 0.1 ms]
   [Code Root Purge: 0.0 ms]
   [Clear CT: 0.2 ms]
   [Other: 0.8 ms]
      [Choose CSet: 0.0 ms]
      [Ref Proc: 0.4 ms]
      [Ref Enq: 0.0 ms]
      [Redirty Cards: 0.2 ms]
      [Humongous Register: 0.0 ms]
      [Humongous Reclaim: 0.0 ms]
      [Free CSet: 0.0 ms]
   [Eden: 74.0M(74.0M)->0.0B(74.0M) Survivors: 2048.0K->2048.0K Heap: 225.7M(256.0M)->151.8M(256.0M)]
 [Times: user=0.05 sys=0.00, real=0.00 secs] 
2019-02-06T22:24:08.580+0500: 927.525: [GC pause (G1 Evacuation Pause) (young) (initial-mark), 0.0072809 secs]
   [Parallel Time: 6.2 ms, GC Workers: 8]
      [GC Worker Start (ms): Min: 927525.6, Avg: 927525.6, Max: 927525.7, Diff: 0.1]
      [Ext Root Scanning (ms): Min: 0.8, Avg: 0.8, Max: 0.9, Diff: 0.1, Sum: 6.8]
      [Update RS (ms): Min: 1.7, Avg: 1.9, Max: 2.2, Diff: 0.6, Sum: 14.9]
         [Processed Buffers: Min: 2, Avg: 5.1, Max: 14, Diff: 12, Sum: 41]
      [Scan RS (ms): Min: 1.2, Avg: 1.6, Max: 1.8, Diff: 0.5, Sum: 12.6]
      [Code Root Scanning (ms): Min: 0.0, Avg: 0.0, Max: 0.0, Diff: 0.0, Sum: 0.0]
      [Object Copy (ms): Min: 1.5, Avg: 1.5, Max: 1.5, Diff: 0.1, Sum: 12.0]
      [Termination (ms): Min: 0.0, Avg: 0.0, Max: 0.0, Diff: 0.0, Sum: 0.0]
         [Termination Attempts: Min: 1, Avg: 1.2, Max: 3, Diff: 2, Sum: 10]
      [GC Worker Other (ms): Min: 0.0, Avg: 0.0, Max: 0.1, Diff: 0.0, Sum: 0.2]
      [GC Worker Total (ms): Min: 5.8, Avg: 5.8, Max: 5.9, Diff: 0.1, Sum: 46.6]
      [GC Worker End (ms): Min: 927531.5, Avg: 927531.5, Max: 927531.5, Diff: 0.0]
   [Code Root Fixup: 0.1 ms]
   [Code Root Purge: 0.0 ms]
   [Clear CT: 0.2 ms]
   [Other: 0.8 ms]
      [Choose CSet: 0.0 ms]
      [Ref Proc: 0.3 ms]
      [Ref Enq: 0.0 ms]
      [Redirty Cards: 0.2 ms]
      [Humongous Register: 0.0 ms]
      [Humongous Reclaim: 0.0 ms]
      [Free CSet: 0.0 ms]
   [Eden: 74.0M(74.0M)->0.0B(74.0M) Survivors: 2048.0K->2048.0K Heap: 225.8M(256.0M)->151.9M(256.0M)]
 [Times: user=0.04 sys=0.00, real=0.00 secs] 
2019-02-06T22:24:08.588+0500: 927.533: [GC concurrent-root-region-scan-start]
2019-02-06T22:24:08.594+0500: 927.539: [GC concurrent-root-region-scan-end, 0.0060662 secs]
2019-02-06T22:24:08.594+0500: 927.539: [GC concurrent-mark-start]
2019-02-06T22:24:08.631+0500: 927.576: [GC concurrent-mark-end, 0.0365534 secs]
2019-02-06T22:24:08.631+0500: 927.576: [GC remark 2019-02-06T22:24:08.631+0500: 927.576: [Finalize Marking, 0.0005044 secs] 2019-02-06T22:24:08.632+0500: 927.577: [GC ref-proc, 0.0005487 secs] 2019-02-06T22:24:08.632+0500: 927.577: [Unloading, 0.0051559 secs], 0.0096482 secs]
 [Times: user=0.04 sys=0.00, real=0.01 secs] 
2019-02-06T22:24:08.641+0500: 927.586: [GC cleanup 154M->154M(256M), 0.0009774 secs]
 [Times: user=0.00 sys=0.00, real=0.00 secs] 
2019-02-06T22:24:09.937+0500: 928.882: [GC pause (G1 Evacuation Pause) (young), 0.0074203 secs]
   [Parallel Time: 5.2 ms, GC Workers: 8]
      [GC Worker Start (ms): Min: 928882.1, Avg: 928882.2, Max: 928882.3, Diff: 0.2]
      [Ext Root Scanning (ms): Min: 0.3, Avg: 0.5, Max: 1.0, Diff: 0.8, Sum: 3.7]
      [Update RS (ms): Min: 1.3, Avg: 1.8, Max: 2.3, Diff: 1.0, Sum: 14.7]
         [Processed Buffers: Min: 2, Avg: 5.0, Max: 13, Diff: 11, Sum: 40]
      [Scan RS (ms): Min: 0.9, Avg: 1.3, Max: 1.6, Diff: 0.6, Sum: 10.5]
      [Code Root Scanning (ms): Min: 0.0, Avg: 0.0, Max: 0.0, Diff: 0.0, Sum: 0.0]
      [Object Copy (ms): Min: 1.3, Avg: 1.5, Max: 1.8, Diff: 0.4, Sum: 11.7]
      [Termination (ms): Min: 0.0, Avg: 0.0, Max: 0.0, Diff: 0.0, Sum: 0.0]
         [Termination Attempts: Min: 1, Avg: 1.0, Max: 1, Diff: 0, Sum: 8]
      [GC Worker Other (ms): Min: 0.0, Avg: 0.0, Max: 0.0, Diff: 0.0, Sum: 0.2]
      [GC Worker Total (ms): Min: 5.0, Avg: 5.1, Max: 5.2, Diff: 0.2, Sum: 40.8]
      [GC Worker End (ms): Min: 928887.3, Avg: 928887.3, Max: 928887.3, Diff: 0.0]
   [Code Root Fixup: 0.1 ms]
   [Code Root Purge: 0.0 ms]
   [Clear CT: 0.2 ms]
   [Other: 1.9 ms]
      [Choose CSet: 0.0 ms]
      [Ref Proc: 1.5 ms]
      [Ref Enq: 0.0 ms]
      [Redirty Cards: 0.2 ms]
      [Humongous Register: 0.0 ms]
      [Humongous Reclaim: 0.0 ms]
      [Free CSet: 0.0 ms]
   [Eden: 74.0M(74.0M)->0.0B(74.0M) Survivors: 2048.0K->2048.0K Heap: 225.9M(256.0M)->152.0M(256.0M)]
 [Times: user=0.04 sys=0.00, real=0.01 secs] 
2019-02-06T22:24:11.210+0500: 930.155: [GC pause (G1 Evacuation Pause) (young), 0.0084942 secs]
   [Parallel Time: 6.2 ms, GC Workers: 8]
      [GC Worker Start (ms): Min: 930154.7, Avg: 930154.8, Max: 930154.8, Diff: 0.1]
      [Ext Root Scanning (ms): Min: 0.4, Avg: 0.5, Max: 1.0, Diff: 0.6, Sum: 4.0]
      [Update RS (ms): Min: 1.4, Avg: 2.2, Max: 2.9, Diff: 1.5, Sum: 17.6]
         [Processed Buffers: Min: 1, Avg: 5.4, Max: 11, Diff: 10, Sum: 43]
      [Scan RS (ms): Min: 0.5, Avg: 1.3, Max: 1.7, Diff: 1.2, Sum: 10.2]
      [Code Root Scanning (ms): Min: 0.0, Avg: 0.0, Max: 0.0, Diff: 0.0, Sum: 0.0]
      [Object Copy (ms): Min: 1.6, Avg: 1.7, Max: 1.9, Diff: 0.3, Sum: 13.7]
      [Termination (ms): Min: 0.0, Avg: 0.3, Max: 0.4, Diff: 0.4, Sum: 2.5]
         [Termination Attempts: Min: 1, Avg: 1.9, Max: 3, Diff: 2, Sum: 15]
      [GC Worker Other (ms): Min: 0.0, Avg: 0.0, Max: 0.0, Diff: 0.0, Sum: 0.1]
      [GC Worker Total (ms): Min: 5.9, Avg: 6.0, Max: 6.1, Diff: 0.1, Sum: 48.1]
      [GC Worker End (ms): Min: 930160.7, Avg: 930160.8, Max: 930160.8, Diff: 0.1]
   [Code Root Fixup: 0.1 ms]
   [Code Root Purge: 0.0 ms]
   [Clear CT: 0.2 ms]
   [Other: 2.0 ms]
      [Choose CSet: 0.0 ms]
      [Ref Proc: 1.5 ms]
      [Ref Enq: 0.0 ms]
      [Redirty Cards: 0.2 ms]
      [Humongous Register: 0.0 ms]
      [Humongous Reclaim: 0.0 ms]
      [Free CSet: 0.1 ms]
   [Eden: 74.0M(74.0M)->0.0B(74.0M) Survivors: 2048.0K->2048.0K Heap: 226.0M(256.0M)->152.3M(256.0M)]
 [Times: user=0.05 sys=0.00, real=0.00 secs] 
2019-02-06T22:24:12.507+0500: 931.452: [GC pause (G1 Evacuation Pause) (young) (initial-mark), 0.0068488 secs]
   [Parallel Time: 5.8 ms, GC Workers: 8]
      [GC Worker Start (ms): Min: 931452.0, Avg: 931452.0, Max: 931452.1, Diff: 0.1]
      [Ext Root Scanning (ms): Min: 0.7, Avg: 0.8, Max: 0.9, Diff: 0.1, Sum: 6.4]
      [Update RS (ms): Min: 1.4, Avg: 1.6, Max: 1.9, Diff: 0.4, Sum: 13.2]
         [Processed Buffers: Min: 2, Avg: 4.9, Max: 13, Diff: 11, Sum: 39]
      [Scan RS (ms): Min: 1.3, Avg: 1.7, Max: 1.9, Diff: 0.6, Sum: 13.2]
      [Code Root Scanning (ms): Min: 0.0, Avg: 0.0, Max: 0.0, Diff: 0.0, Sum: 0.0]
      [Object Copy (ms): Min: 1.3, Avg: 1.4, Max: 1.5, Diff: 0.3, Sum: 11.3]
      [Termination (ms): Min: 0.0, Avg: 0.0, Max: 0.0, Diff: 0.0, Sum: 0.0]
         [Termination Attempts: Min: 1, Avg: 1.4, Max: 2, Diff: 1, Sum: 11]
      [GC Worker Other (ms): Min: 0.0, Avg: 0.0, Max: 0.0, Diff: 0.0, Sum: 0.1]
      [GC Worker Total (ms): Min: 5.5, Avg: 5.5, Max: 5.6, Diff: 0.1, Sum: 44.3]
      [GC Worker End (ms): Min: 931457.6, Avg: 931457.6, Max: 931457.6, Diff: 0.0]
   [Code Root Fixup: 0.1 ms]
   [Code Root Purge: 0.0 ms]
   [Clear CT: 0.2 ms]
   [Other: 0.8 ms]
      [Choose CSet: 0.0 ms]
      [Ref Proc: 0.3 ms]
      [Ref Enq: 0.0 ms]
      [Redirty Cards: 0.2 ms]
      [Humongous Register: 0.0 ms]
      [Humongous Reclaim: 0.0 ms]
      [Free CSet: 0.0 ms]
   [Eden: 74.0M(74.0M)->0.0B(74.0M) Survivors: 2048.0K->2048.0K Heap: 226.3M(256.0M)->152.4M(256.0M)]
 [Times: user=0.05 sys=0.00, real=0.01 secs] 
2019-02-06T22:24:12.514+0500: 931.459: [GC concurrent-root-region-scan-start]
2019-02-06T22:24:12.520+0500: 931.465: [GC concurrent-root-region-scan-end, 0.0065595 secs]
2019-02-06T22:24:12.520+0500: 931.465: [GC concurrent-mark-start]
2019-02-06T22:24:12.554+0500: 931.499: [GC concurrent-mark-end, 0.0339723 secs]
2019-02-06T22:24:12.555+0500: 931.500: [GC remark 2019-02-06T22:24:12.555+0500: 931.500: [Finalize Marking, 0.0004646 secs] 2019-02-06T22:24:12.555+0500: 931.500: [GC ref-proc, 0.0006846 secs] 2019-02-06T22:24:12.556+0500: 931.501: [Unloading, 0.0049279 secs], 0.0090618 secs]
 [Times: user=0.03 sys=0.00, real=0.01 secs] 
2019-02-06T22:24:12.564+0500: 931.509: [GC cleanup 155M->155M(256M), 0.0008445 secs]
 [Times: user=0.00 sys=0.00, real=0.00 secs] 
2019-02-06T22:24:14.291+0500: 933.236: [GC pause (G1 Evacuation Pause) (young), 0.0062595 secs]
   [Parallel Time: 5.2 ms, GC Workers: 8]
      [GC Worker Start (ms): Min: 933236.5, Avg: 933236.5, Max: 933236.6, Diff: 0.1]
      [Ext Root Scanning (ms): Min: 0.3, Avg: 0.4, Max: 0.8, Diff: 0.4, Sum: 3.3]
      [Update RS (ms): Min: 1.5, Avg: 1.6, Max: 2.2, Diff: 0.7, Sum: 13.1]
         [Processed Buffers: Min: 3, Avg: 6.4, Max: 16, Diff: 13, Sum: 51]
      [Scan RS (ms): Min: 0.9, Avg: 1.5, Max: 1.7, Diff: 0.8, Sum: 11.7]
      [Code Root Scanning (ms): Min: 0.0, Avg: 0.0, Max: 0.0, Diff: 0.0, Sum: 0.0]
      [Object Copy (ms): Min: 1.5, Avg: 1.6, Max: 1.6, Diff: 0.1, Sum: 12.6]
      [Termination (ms): Min: 0.0, Avg: 0.0, Max: 0.0, Diff: 0.0, Sum: 0.1]
         [Termination Attempts: Min: 1, Avg: 6.6, Max: 11, Diff: 10, Sum: 53]
      [GC Worker Other (ms): Min: 0.0, Avg: 0.0, Max: 0.0, Diff: 0.0, Sum: 0.1]
      [GC Worker Total (ms): Min: 5.1, Avg: 5.1, Max: 5.2, Diff: 0.1, Sum: 40.9]
      [GC Worker End (ms): Min: 933241.6, Avg: 933241.6, Max: 933241.6, Diff: 0.0]
   [Code Root Fixup: 0.1 ms]
   [Code Root Purge: 0.0 ms]
   [Clear CT: 0.2 ms]
   [Other: 0.8 ms]
      [Choose CSet: 0.0 ms]
      [Ref Proc: 0.3 ms]
      [Ref Enq: 0.0 ms]
      [Redirty Cards: 0.2 ms]
      [Humongous Register: 0.0 ms]
      [Humongous Reclaim: 0.0 ms]
      [Free CSet: 0.0 ms]
   [Eden: 74.0M(74.0M)->0.0B(73.0M) Survivors: 2048.0K->2048.0K Heap: 226.4M(256.0M)->152.4M(256.0M)]
 [Times: user=0.04 sys=0.00, real=0.00 secs] 
2019-02-06T22:24:15.504+0500: 934.449: [GC pause (G1 Evacuation Pause) (young), 0.0092839 secs]
   [Parallel Time: 8.3 ms, GC Workers: 8]
      [GC Worker Start (ms): Min: 934449.0, Avg: 934449.1, Max: 934449.1, Diff: 0.1]
      [Ext Root Scanning (ms): Min: 0.4, Avg: 0.7, Max: 1.6, Diff: 1.2, Sum: 5.6]
      [Update RS (ms): Min: 0.8, Avg: 1.8, Max: 3.0, Diff: 2.2, Sum: 14.5]
         [Processed Buffers: Min: 2, Avg: 5.5, Max: 15, Diff: 13, Sum: 44]
      [Scan RS (ms): Min: 0.7, Avg: 1.8, Max: 3.7, Diff: 2.9, Sum: 14.6]
      [Code Root Scanning (ms): Min: 0.0, Avg: 0.0, Max: 0.0, Diff: 0.0, Sum: 0.0]
      [Object Copy (ms): Min: 0.3, Avg: 2.0, Max: 3.0, Diff: 2.6, Sum: 15.9]
      [Termination (ms): Min: 0.0, Avg: 1.4, Max: 1.9, Diff: 1.9, Sum: 10.9]
         [Termination Attempts: Min: 1, Avg: 3.4, Max: 6, Diff: 5, Sum: 27]
      [GC Worker Other (ms): Min: 0.0, Avg: 0.0, Max: 0.0, Diff: 0.0, Sum: 0.1]
      [GC Worker Total (ms): Min: 7.2, Avg: 7.7, Max: 8.1, Diff: 0.9, Sum: 61.7]
      [GC Worker End (ms): Min: 934456.3, Avg: 934456.8, Max: 934457.2, Diff: 0.9]
   [Code Root Fixup: 0.1 ms]
   [Code Root Purge: 0.0 ms]
   [Clear CT: 0.2 ms]
   [Other: 0.8 ms]
      [Choose CSet: 0.0 ms]
      [Ref Proc: 0.3 ms]
      [Ref Enq: 0.0 ms]
      [Redirty Cards: 0.2 ms]
      [Humongous Register: 0.0 ms]
      [Humongous Reclaim: 0.0 ms]
      [Free CSet: 0.0 ms]
   [Eden: 73.0M(73.0M)->0.0B(73.0M) Survivors: 2048.0K->2048.0K Heap: 225.4M(256.0M)->152.6M(256.0M)]
 [Times: user=0.05 sys=0.00, real=0.01 secs] 
2019-02-06T22:24:16.712+0500: 935.657: [GC pause (G1 Evacuation Pause) (young) (initial-mark), 0.0073992 secs]
   [Parallel Time: 6.4 ms, GC Workers: 8]
      [GC Worker Start (ms): Min: 935657.1, Avg: 935657.1, Max: 935657.2, Diff: 0.1]
      [Ext Root Scanning (ms): Min: 0.7, Avg: 0.8, Max: 0.8, Diff: 0.1, Sum: 6.3]
      [Update RS (ms): Min: 1.6, Avg: 2.1, Max: 4.0, Diff: 2.4, Sum: 17.1]
         [Processed Buffers: Min: 2, Avg: 5.8, Max: 14, Diff: 12, Sum: 46]
      [Scan RS (ms): Min: 0.0, Avg: 1.5, Max: 2.0, Diff: 2.0, Sum: 11.8]
      [Code Root Scanning (ms): Min: 0.0, Avg: 0.0, Max: 0.0, Diff: 0.0, Sum: 0.0]
      [Object Copy (ms): Min: 1.3, Avg: 1.6, Max: 1.8, Diff: 0.5, Sum: 13.1]
      [Termination (ms): Min: 0.0, Avg: 0.0, Max: 0.0, Diff: 0.0, Sum: 0.0]
         [Termination Attempts: Min: 1, Avg: 3.1, Max: 5, Diff: 4, Sum: 25]
      [GC Worker Other (ms): Min: 0.0, Avg: 0.0, Max: 0.0, Diff: 0.0, Sum: 0.2]
      [GC Worker Total (ms): Min: 6.0, Avg: 6.1, Max: 6.1, Diff: 0.1, Sum: 48.6]
      [GC Worker End (ms): Min: 935663.2, Avg: 935663.2, Max: 935663.2, Diff: 0.0]
   [Code Root Fixup: 0.1 ms]
   [Code Root Purge: 0.0 ms]
   [Clear CT: 0.2 ms]
   [Other: 0.8 ms]
      [Choose CSet: 0.0 ms]
      [Ref Proc: 0.3 ms]
      [Ref Enq: 0.0 ms]
      [Redirty Cards: 0.2 ms]
      [Humongous Register: 0.0 ms]
      [Humongous Reclaim: 0.0 ms]
      [Free CSet: 0.0 ms]
   [Eden: 73.0M(73.0M)->0.0B(73.0M) Survivors: 2048.0K->2048.0K Heap: 225.6M(256.0M)->152.6M(256.0M)]
 [Times: user=0.04 sys=0.00, real=0.00 secs] 
2019-02-06T22:24:16.720+0500: 935.665: [GC concurrent-root-region-scan-start]
2019-02-06T22:24:16.726+0500: 935.671: [GC concurrent-root-region-scan-end, 0.0062144 secs]
2019-02-06T22:24:16.726+0500: 935.671: [GC concurrent-mark-start]
2019-02-06T22:24:16.760+0500: 935.706: [GC concurrent-mark-end, 0.0347513 secs]
2019-02-06T22:24:16.761+0500: 935.706: [GC remark 2019-02-06T22:24:16.761+0500: 935.706: [Finalize Marking, 0.0004765 secs] 2019-02-06T22:24:16.761+0500: 935.706: [GC ref-proc, 0.0006436 secs] 2019-02-06T22:24:16.762+0500: 935.707: [Unloading, 0.0052079 secs], 0.0094085 secs]
 [Times: user=0.04 sys=0.00, real=0.01 secs] 
2019-02-06T22:24:16.771+0500: 935.716: [GC cleanup 155M->155M(256M), 0.0008724 secs]
 [Times: user=0.00 sys=0.00, real=0.00 secs] 
2019-02-06T22:24:18.059+0500: 937.004: [GC pause (G1 Evacuation Pause) (young), 0.0150038 secs]
   [Parallel Time: 13.7 ms, GC Workers: 8]
      [GC Worker Start (ms): Min: 937004.3, Avg: 937004.4, Max: 937004.8, Diff: 0.4]
      [Ext Root Scanning (ms): Min: 0.2, Avg: 0.5, Max: 0.8, Diff: 0.7, Sum: 3.9]
      [Update RS (ms): Min: 2.2, Avg: 2.4, Max: 3.2, Diff: 1.1, Sum: 19.6]
         [Processed Buffers: Min: 2, Avg: 5.2, Max: 18, Diff: 16, Sum: 42]
      [Scan RS (ms): Min: 1.0, Avg: 1.8, Max: 2.3, Diff: 1.2, Sum: 14.5]
      [Code Root Scanning (ms): Min: 0.0, Avg: 0.0, Max: 0.0, Diff: 0.0, Sum: 0.0]
      [Object Copy (ms): Min: 1.6, Avg: 2.0, Max: 3.0, Diff: 1.4, Sum: 15.6]
      [Termination (ms): Min: 0.0, Avg: 3.2, Max: 6.9, Diff: 6.9, Sum: 26.0]
         [Termination Attempts: Min: 1, Avg: 1.2, Max: 2, Diff: 1, Sum: 10]
      [GC Worker Other (ms): Min: 0.0, Avg: 0.0, Max: 0.0, Diff: 0.0, Sum: 0.2]
      [GC Worker Total (ms): Min: 7.7, Avg: 10.0, Max: 13.6, Diff: 5.9, Sum: 79.7]
      [GC Worker End (ms): Min: 937012.2, Avg: 937014.4, Max: 937017.9, Diff: 5.7]
   [Code Root Fixup: 0.2 ms]
   [Code Root Purge: 0.0 ms]
   [Clear CT: 0.2 ms]
   [Other: 0.9 ms]
      [Choose CSet: 0.0 ms]
      [Ref Proc: 0.4 ms]
      [Ref Enq: 0.0 ms]
      [Redirty Cards: 0.2 ms]
      [Humongous Register: 0.0 ms]
      [Humongous Reclaim: 0.0 ms]
      [Free CSet: 0.1 ms]
   [Eden: 73.0M(73.0M)->0.0B(10.0M) Survivors: 2048.0K->2048.0K Heap: 225.6M(256.0M)->152.8M(256.0M)]
 [Times: user=0.06 sys=0.00, real=0.02 secs] 
2019-02-06T22:24:18.272+0500: 937.217: [GC pause (G1 Evacuation Pause) (mixed), 0.0093717 secs]
   [Parallel Time: 7.6 ms, GC Workers: 8]
      [GC Worker Start (ms): Min: 937217.1, Avg: 937217.2, Max: 937217.6, Diff: 0.5]
      [Ext Root Scanning (ms): Min: 0.1, Avg: 0.6, Max: 1.2, Diff: 1.2, Sum: 4.5]
      [Update RS (ms): Min: 0.7, Avg: 1.4, Max: 1.9, Diff: 1.2, Sum: 11.5]
         [Processed Buffers: Min: 1, Avg: 4.4, Max: 13, Diff: 12, Sum: 35]
      [Scan RS (ms): Min: 3.0, Avg: 3.2, Max: 3.3, Diff: 0.3, Sum: 25.3]
      [Code Root Scanning (ms): Min: 0.0, Avg: 0.2, Max: 1.3, Diff: 1.3, Sum: 1.3]
      [Object Copy (ms): Min: 0.9, Avg: 2.1, Max: 3.2, Diff: 2.4, Sum: 16.9]
      [Termination (ms): Min: 0.0, Avg: 0.0, Max: 0.0, Diff: 0.0, Sum: 0.0]
         [Termination Attempts: Min: 1, Avg: 2.5, Max: 5, Diff: 4, Sum: 20]
      [GC Worker Other (ms): Min: 0.0, Avg: 0.0, Max: 0.1, Diff: 0.0, Sum: 0.2]
      [GC Worker Total (ms): Min: 7.1, Avg: 7.5, Max: 7.6, Diff: 0.5, Sum: 59.8]
      [GC Worker End (ms): Min: 937224.7, Avg: 937224.7, Max: 937224.7, Diff: 0.0]
   [Code Root Fixup: 0.5 ms]
   [Code Root Purge: 0.0 ms]
   [Clear CT: 0.3 ms]
   [Other: 1.0 ms]
      [Choose CSet: 0.0 ms]
      [Ref Proc: 0.4 ms]
      [Ref Enq: 0.0 ms]
      [Redirty Cards: 0.2 ms]
      [Humongous Register: 0.0 ms]
      [Humongous Reclaim: 0.0 ms]
      [Free CSet: 0.1 ms]
   [Eden: 10.0M(10.0M)->0.0B(74.0M) Survivors: 2048.0K->2048.0K Heap: 162.8M(256.0M)->151.9M(256.0M)]
 [Times: user=0.06 sys=0.00, real=0.01 secs] 
2019-02-06T22:24:19.821+0500: 938.766: [GC pause (G1 Evacuation Pause) (young), 0.0086872 secs]
   [Parallel Time: 7.2 ms, GC Workers: 8]
      [GC Worker Start (ms): Min: 938766.0, Avg: 938766.1, Max: 938766.2, Diff: 0.1]
      [Ext Root Scanning (ms): Min: 0.4, Avg: 0.5, Max: 0.8, Diff: 0.4, Sum: 4.2]
      [Update RS (ms): Min: 1.9, Avg: 2.4, Max: 3.6, Diff: 1.7, Sum: 18.8]
         [Processed Buffers: Min: 1, Avg: 5.8, Max: 10, Diff: 9, Sum: 46]
      [Scan RS (ms): Min: 0.9, Avg: 2.2, Max: 2.7, Diff: 1.7, Sum: 17.5]
      [Code Root Scanning (ms): Min: 0.0, Avg: 0.0, Max: 0.0, Diff: 0.0, Sum: 0.0]
      [Object Copy (ms): Min: 1.7, Avg: 1.8, Max: 1.8, Diff: 0.1, Sum: 14.3]
      [Termination (ms): Min: 0.0, Avg: 0.0, Max: 0.0, Diff: 0.0, Sum: 0.1]
         [Termination Attempts: Min: 1, Avg: 1.5, Max: 3, Diff: 2, Sum: 12]
      [GC Worker Other (ms): Min: 0.0, Avg: 0.0, Max: 0.1, Diff: 0.1, Sum: 0.4]
      [GC Worker Total (ms): Min: 6.8, Avg: 6.9, Max: 7.0, Diff: 0.2, Sum: 55.3]
      [GC Worker End (ms): Min: 938773.0, Avg: 938773.0, Max: 938773.1, Diff: 0.1]
   [Code Root Fixup: 0.1 ms]
   [Code Root Purge: 0.0 ms]
   [Clear CT: 0.3 ms]
   [Other: 1.1 ms]
      [Choose CSet: 0.0 ms]
      [Ref Proc: 0.5 ms]
      [Ref Enq: 0.0 ms]
      [Redirty Cards: 0.3 ms]
      [Humongous Register: 0.0 ms]
      [Humongous Reclaim: 0.0 ms]
      [Free CSet: 0.1 ms]
   [Eden: 74.0M(74.0M)->0.0B(74.0M) Survivors: 2048.0K->2048.0K Heap: 225.9M(256.0M)->152.2M(256.0M)]
 [Times: user=0.05 sys=0.01, real=0.01 secs] 
2019-02-06T22:24:21.463+0500: 940.408: [GC pause (G1 Evacuation Pause) (young) (initial-mark), 0.0120979 secs]
   [Parallel Time: 10.8 ms, GC Workers: 8]
      [GC Worker Start (ms): Min: 940407.9, Avg: 940408.0, Max: 940408.1, Diff: 0.1]
      [Ext Root Scanning (ms): Min: 0.9, Avg: 1.0, Max: 1.0, Diff: 0.1, Sum: 7.9]
      [Update RS (ms): Min: 1.4, Avg: 1.7, Max: 2.0, Diff: 0.6, Sum: 13.3]
         [Processed Buffers: Min: 2, Avg: 5.6, Max: 10, Diff: 8, Sum: 45]
      [Scan RS (ms): Min: 2.5, Avg: 2.9, Max: 3.1, Diff: 0.6, Sum: 23.1]
      [Code Root Scanning (ms): Min: 0.0, Avg: 0.0, Max: 0.0, Diff: 0.0, Sum: 0.0]
      [Object Copy (ms): Min: 2.2, Avg: 2.7, Max: 3.9, Diff: 1.7, Sum: 21.5]
      [Termination (ms): Min: 0.0, Avg: 1.7, Max: 2.4, Diff: 2.4, Sum: 14.0]
         [Termination Attempts: Min: 1, Avg: 3.8, Max: 8, Diff: 7, Sum: 30]
      [GC Worker Other (ms): Min: 0.0, Avg: 0.0, Max: 0.0, Diff: 0.0, Sum: 0.2]
      [GC Worker Total (ms): Min: 9.4, Avg: 10.0, Max: 10.6, Diff: 1.1, Sum: 80.0]
      [GC Worker End (ms): Min: 940417.5, Avg: 940418.0, Max: 940418.5, Diff: 1.1]
   [Code Root Fixup: 0.1 ms]
   [Code Root Purge: 0.0 ms]
   [Clear CT: 0.2 ms]
   [Other: 1.0 ms]
      [Choose CSet: 0.0 ms]
      [Ref Proc: 0.4 ms]
      [Ref Enq: 0.0 ms]
      [Redirty Cards: 0.2 ms]
      [Humongous Register: 0.0 ms]
      [Humongous Reclaim: 0.0 ms]
      [Free CSet: 0.1 ms]
   [Eden: 74.0M(74.0M)->0.0B(73.0M) Survivors: 2048.0K->2048.0K Heap: 226.2M(256.0M)->152.5M(256.0M)]
 [Times: user=0.07 sys=0.01, real=0.01 secs] 
2019-02-06T22:24:21.475+0500: 940.420: [GC concurrent-root-region-scan-start]
2019-02-06T22:24:21.483+0500: 940.428: [GC concurrent-root-region-scan-end, 0.0080715 secs]
2019-02-06T22:24:21.483+0500: 940.428: [GC concurrent-mark-start]
2019-02-06T22:24:21.549+0500: 940.494: [GC concurrent-mark-end, 0.0655574 secs]
2019-02-06T22:24:21.549+0500: 940.494: [GC remark 2019-02-06T22:24:21.549+0500: 940.494: [Finalize Marking, 0.0031756 secs] 2019-02-06T22:24:21.553+0500: 940.498: [GC ref-proc, 0.0009458 secs] 2019-02-06T22:24:21.554+0500: 940.499: [Unloading, 0.0076084 secs], 0.0153850 secs]
 [Times: user=0.05 sys=0.00, real=0.02 secs] 
2019-02-06T22:24:21.565+0500: 940.510: [GC cleanup 155M->155M(256M), 0.0016964 secs]
 [Times: user=0.00 sys=0.00, real=0.00 secs] 
2019-02-06T22:24:23.341+0500: 942.286: [GC pause (G1 Evacuation Pause) (young), 0.0093682 secs]
   [Parallel Time: 7.0 ms, GC Workers: 8]
      [GC Worker Start (ms): Min: 942286.1, Avg: 942286.1, Max: 942286.2, Diff: 0.1]
      [Ext Root Scanning (ms): Min: 0.4, Avg: 0.5, Max: 0.9, Diff: 0.5, Sum: 4.0]
      [Update RS (ms): Min: 1.8, Avg: 2.2, Max: 2.9, Diff: 1.1, Sum: 17.4]
         [Processed Buffers: Min: 2, Avg: 5.1, Max: 12, Diff: 10, Sum: 41]
      [Scan RS (ms): Min: 2.0, Avg: 2.4, Max: 2.7, Diff: 0.7, Sum: 18.9]
      [Code Root Scanning (ms): Min: 0.0, Avg: 0.0, Max: 0.0, Diff: 0.0, Sum: 0.0]
      [Object Copy (ms): Min: 1.5, Avg: 1.8, Max: 1.9, Diff: 0.5, Sum: 14.3]
      [Termination (ms): Min: 0.0, Avg: 0.0, Max: 0.0, Diff: 0.0, Sum: 0.0]
         [Termination Attempts: Min: 1, Avg: 2.0, Max: 3, Diff: 2, Sum: 16]
      [GC Worker Other (ms): Min: 0.0, Avg: 0.0, Max: 0.1, Diff: 0.1, Sum: 0.3]
      [GC Worker Total (ms): Min: 6.8, Avg: 6.9, Max: 7.0, Diff: 0.2, Sum: 55.0]
      [GC Worker End (ms): Min: 942293.0, Avg: 942293.0, Max: 942293.0, Diff: 0.1]
   [Code Root Fixup: 0.1 ms]
   [Code Root Purge: 0.0 ms]
   [Clear CT: 0.3 ms]
   [Other: 1.9 ms]
      [Choose CSet: 0.0 ms]
      [Ref Proc: 1.4 ms]
      [Ref Enq: 0.0 ms]
      [Redirty Cards: 0.2 ms]
      [Humongous Register: 0.0 ms]
      [Humongous Reclaim: 0.0 ms]
      [Free CSet: 0.1 ms]
   [Eden: 73.0M(73.0M)->0.0B(73.0M) Survivors: 2048.0K->2048.0K Heap: 225.5M(256.0M)->152.2M(256.0M)]
 [Times: user=0.06 sys=0.00, real=0.01 secs] 
2019-02-06T22:24:25.220+0500: 944.165: [GC pause (G1 Evacuation Pause) (young), 0.0095899 secs]
   [Parallel Time: 8.1 ms, GC Workers: 8]
      [GC Worker Start (ms): Min: 944165.5, Avg: 944165.5, Max: 944165.6, Diff: 0.1]
      [Ext Root Scanning (ms): Min: 0.4, Avg: 0.5, Max: 0.9, Diff: 0.5, Sum: 4.3]
      [Update RS (ms): Min: 1.9, Avg: 2.5, Max: 5.1, Diff: 3.2, Sum: 20.0]
         [Processed Buffers: Min: 1, Avg: 5.6, Max: 15, Diff: 14, Sum: 45]
      [Scan RS (ms): Min: 0.0, Avg: 2.5, Max: 3.5, Diff: 3.4, Sum: 20.3]
      [Code Root Scanning (ms): Min: 0.0, Avg: 0.0, Max: 0.0, Diff: 0.0, Sum: 0.0]
      [Object Copy (ms): Min: 1.5, Avg: 2.1, Max: 2.4, Diff: 0.9, Sum: 17.2]
      [Termination (ms): Min: 0.0, Avg: 0.0, Max: 0.0, Diff: 0.0, Sum: 0.1]
         [Termination Attempts: Min: 1, Avg: 12.8, Max: 21, Diff: 20, Sum: 102]
      [GC Worker Other (ms): Min: 0.0, Avg: 0.0, Max: 0.1, Diff: 0.1, Sum: 0.3]
      [GC Worker Total (ms): Min: 7.7, Avg: 7.8, Max: 7.8, Diff: 0.1, Sum: 62.3]
      [GC Worker End (ms): Min: 944173.3, Avg: 944173.3, Max: 944173.4, Diff: 0.1]
   [Code Root Fixup: 0.2 ms]
   [Code Root Purge: 0.0 ms]
   [Clear CT: 0.2 ms]
   [Other: 1.1 ms]
      [Choose CSet: 0.0 ms]
      [Ref Proc: 0.5 ms]
      [Ref Enq: 0.0 ms]
      [Redirty Cards: 0.3 ms]
      [Humongous Register: 0.0 ms]
      [Humongous Reclaim: 0.0 ms]
      [Free CSet: 0.1 ms]
   [Eden: 73.0M(73.0M)->0.0B(73.0M) Survivors: 2048.0K->2048.0K Heap: 225.2M(256.0M)->152.7M(256.0M)]
 [Times: user=0.06 sys=0.01, real=0.01 secs] 
2019-02-06T22:24:26.894+0500: 945.839: [GC pause (G1 Evacuation Pause) (young) (initial-mark), 0.0086949 secs]
   [Parallel Time: 7.3 ms, GC Workers: 8]
      [GC Worker Start (ms): Min: 945839.2, Avg: 945839.3, Max: 945839.4, Diff: 0.1]
      [Ext Root Scanning (ms): Min: 0.9, Avg: 1.0, Max: 1.0, Diff: 0.1, Sum: 7.8]
      [Update RS (ms): Min: 1.4, Avg: 1.6, Max: 1.9, Diff: 0.5, Sum: 12.5]
         [Processed Buffers: Min: 2, Avg: 5.4, Max: 16, Diff: 14, Sum: 43]
      [Scan RS (ms): Min: 2.5, Avg: 2.8, Max: 3.1, Diff: 0.6, Sum: 22.3]
      [Code Root Scanning (ms): Min: 0.0, Avg: 0.0, Max: 0.0, Diff: 0.0, Sum: 0.0]
      [Object Copy (ms): Min: 1.6, Avg: 1.7, Max: 1.8, Diff: 0.2, Sum: 13.4]
      [Termination (ms): Min: 0.0, Avg: 0.0, Max: 0.0, Diff: 0.0, Sum: 0.0]
         [Termination Attempts: Min: 1, Avg: 1.2, Max: 2, Diff: 1, Sum: 10]
      [GC Worker Other (ms): Min: 0.0, Avg: 0.0, Max: 0.0, Diff: 0.0, Sum: 0.2]
      [GC Worker Total (ms): Min: 7.0, Avg: 7.0, Max: 7.1, Diff: 0.1, Sum: 56.2]
      [GC Worker End (ms): Min: 945846.3, Avg: 945846.3, Max: 945846.3, Diff: 0.0]
   [Code Root Fixup: 0.1 ms]
   [Code Root Purge: 0.0 ms]
   [Clear CT: 0.2 ms]
   [Other: 1.0 ms]
      [Choose CSet: 0.0 ms]
      [Ref Proc: 0.4 ms]
      [Ref Enq: 0.0 ms]
      [Redirty Cards: 0.2 ms]
      [Humongous Register: 0.0 ms]
      [Humongous Reclaim: 0.0 ms]
      [Free CSet: 0.1 ms]
   [Eden: 73.0M(73.0M)->0.0B(73.0M) Survivors: 2048.0K->2048.0K Heap: 225.7M(256.0M)->152.4M(256.0M)]
 [Times: user=0.06 sys=0.00, real=0.01 secs] 
2019-02-06T22:24:26.903+0500: 945.848: [GC concurrent-root-region-scan-start]
2019-02-06T22:24:26.911+0500: 945.856: [GC concurrent-root-region-scan-end, 0.0075043 secs]
2019-02-06T22:24:26.911+0500: 945.856: [GC concurrent-mark-start]
2019-02-06T22:24:26.955+0500: 945.900: [GC concurrent-mark-end, 0.0446161 secs]
2019-02-06T22:24:26.956+0500: 945.901: [GC remark 2019-02-06T22:24:26.956+0500: 945.901: [Finalize Marking, 0.0006356 secs] 2019-02-06T22:24:26.956+0500: 945.901: [GC ref-proc, 0.0008352 secs] 2019-02-06T22:24:26.957+0500: 945.902: [Unloading, 0.0063471 secs], 0.0116005 secs]
 [Times: user=0.04 sys=0.00, real=0.01 secs] 
2019-02-06T22:24:26.968+0500: 945.913: [GC cleanup 155M->155M(256M), 0.0011906 secs]
 [Times: user=0.00 sys=0.00, real=0.00 secs] 
2019-02-06T22:24:28.538+0500: 947.483: [GC pause (G1 Evacuation Pause) (young), 0.0088294 secs]
   [Parallel Time: 6.8 ms, GC Workers: 8]
      [GC Worker Start (ms): Min: 947483.5, Avg: 947483.5, Max: 947483.6, Diff: 0.1]
      [Ext Root Scanning (ms): Min: 0.4, Avg: 0.5, Max: 0.8, Diff: 0.4, Sum: 4.0]
      [Update RS (ms): Min: 1.3, Avg: 1.8, Max: 2.1, Diff: 0.8, Sum: 14.1]
         [Processed Buffers: Min: 2, Avg: 5.4, Max: 20, Diff: 18, Sum: 43]
      [Scan RS (ms): Min: 1.8, Avg: 2.2, Max: 2.5, Diff: 0.7, Sum: 17.8]
      [Code Root Scanning (ms): Min: 0.0, Avg: 0.0, Max: 0.0, Diff: 0.0, Sum: 0.0]
      [Object Copy (ms): Min: 1.9, Avg: 2.0, Max: 2.1, Diff: 0.2, Sum: 16.0]
      [Termination (ms): Min: 0.0, Avg: 0.0, Max: 0.0, Diff: 0.0, Sum: 0.1]
         [Termination Attempts: Min: 1, Avg: 2.6, Max: 4, Diff: 3, Sum: 21]
      [GC Worker Other (ms): Min: 0.0, Avg: 0.0, Max: 0.0, Diff: 0.0, Sum: 0.2]
      [GC Worker Total (ms): Min: 6.5, Avg: 6.5, Max: 6.6, Diff: 0.1, Sum: 52.2]
      [GC Worker End (ms): Min: 947490.1, Avg: 947490.1, Max: 947490.1, Diff: 0.0]
   [Code Root Fixup: 0.1 ms]
   [Code Root Purge: 0.0 ms]
   [Clear CT: 0.2 ms]
   [Other: 1.7 ms]
      [Choose CSet: 0.0 ms]
      [Ref Proc: 1.2 ms]
      [Ref Enq: 0.0 ms]
      [Redirty Cards: 0.2 ms]
      [Humongous Register: 0.0 ms]
      [Humongous Reclaim: 0.0 ms]
      [Free CSet: 0.0 ms]
   [Eden: 73.0M(73.0M)->0.0B(10.0M) Survivors: 2048.0K->2048.0K Heap: 225.4M(256.0M)->152.8M(256.0M)]
 [Times: user=0.06 sys=0.00, real=0.01 secs] 
2019-02-06T22:24:28.748+0500: 947.693: [GC pause (G1 Evacuation Pause) (mixed), 0.0093409 secs]
   [Parallel Time: 7.7 ms, GC Workers: 8]
      [GC Worker Start (ms): Min: 947693.5, Avg: 947693.6, Max: 947693.6, Diff: 0.1]
      [Ext Root Scanning (ms): Min: 0.4, Avg: 0.5, Max: 0.9, Diff: 0.5, Sum: 4.0]
      [Update RS (ms): Min: 1.0, Avg: 1.1, Max: 1.2, Diff: 0.3, Sum: 8.6]
         [Processed Buffers: Min: 2, Avg: 4.2, Max: 10, Diff: 8, Sum: 34]
      [Scan RS (ms): Min: 3.7, Avg: 3.9, Max: 4.1, Diff: 0.4, Sum: 31.4]
      [Code Root Scanning (ms): Min: 0.0, Avg: 0.0, Max: 0.0, Diff: 0.0, Sum: 0.0]
      [Object Copy (ms): Min: 2.0, Avg: 2.0, Max: 2.1, Diff: 0.2, Sum: 16.3]
      [Termination (ms): Min: 0.0, Avg: 0.0, Max: 0.0, Diff: 0.0, Sum: 0.1]
         [Termination Attempts: Min: 1, Avg: 4.6, Max: 6, Diff: 5, Sum: 37]
      [GC Worker Other (ms): Min: 0.0, Avg: 0.0, Max: 0.0, Diff: 0.0, Sum: 0.2]
      [GC Worker Total (ms): Min: 7.5, Avg: 7.6, Max: 7.6, Diff: 0.1, Sum: 60.7]
      [GC Worker End (ms): Min: 947701.1, Avg: 947701.1, Max: 947701.1, Diff: 0.0]
   [Code Root Fixup: 0.1 ms]
   [Code Root Purge: 0.0 ms]
   [Clear CT: 0.2 ms]
   [Other: 1.3 ms]
      [Choose CSet: 0.0 ms]
      [Ref Proc: 0.8 ms]
      [Ref Enq: 0.0 ms]
      [Redirty Cards: 0.2 ms]
      [Humongous Register: 0.0 ms]
      [Humongous Reclaim: 0.0 ms]
      [Free CSet: 0.0 ms]
   [Eden: 10.0M(10.0M)->0.0B(76.0M) Survivors: 2048.0K->1024.0K Heap: 162.8M(256.0M)->151.5M(256.0M)]
 [Times: user=0.06 sys=0.00, real=0.01 secs] 
2019-02-06T22:24:30.490+0500: 949.435: [GC pause (G1 Evacuation Pause) (young), 0.0077036 secs]
   [Parallel Time: 6.5 ms, GC Workers: 8]
      [GC Worker Start (ms): Min: 949435.3, Avg: 949435.3, Max: 949435.4, Diff: 0.1]
      [Ext Root Scanning (ms): Min: 0.4, Avg: 0.5, Max: 0.8, Diff: 0.4, Sum: 3.8]
      [Update RS (ms): Min: 1.7, Avg: 2.1, Max: 2.8, Diff: 1.0, Sum: 17.0]
         [Processed Buffers: Min: 2, Avg: 5.0, Max: 10, Diff: 8, Sum: 40]
      [Scan RS (ms): Min: 1.3, Avg: 2.0, Max: 2.5, Diff: 1.1, Sum: 16.2]
      [Code Root Scanning (ms): Min: 0.0, Avg: 0.0, Max: 0.0, Diff: 0.0, Sum: 0.0]
      [Object Copy (ms): Min: 1.6, Avg: 1.7, Max: 1.8, Diff: 0.1, Sum: 13.5]
      [Termination (ms): Min: 0.0, Avg: 0.0, Max: 0.0, Diff: 0.0, Sum: 0.0]
         [Termination Attempts: Min: 1, Avg: 1.4, Max: 3, Diff: 2, Sum: 11]
      [GC Worker Other (ms): Min: 0.0, Avg: 0.0, Max: 0.0, Diff: 0.0, Sum: 0.2]
      [GC Worker Total (ms): Min: 6.3, Avg: 6.3, Max: 6.4, Diff: 0.1, Sum: 50.8]
      [GC Worker End (ms): Min: 949441.7, Avg: 949441.7, Max: 949441.7, Diff: 0.0]
   [Code Root Fixup: 0.1 ms]
   [Code Root Purge: 0.0 ms]
   [Clear CT: 0.2 ms]
   [Other: 0.9 ms]
      [Choose CSet: 0.0 ms]
      [Ref Proc: 0.4 ms]
      [Ref Enq: 0.0 ms]
      [Redirty Cards: 0.2 ms]
      [Humongous Register: 0.0 ms]
      [Humongous Reclaim: 0.0 ms]
      [Free CSet: 0.1 ms]
   [Eden: 76.0M(76.0M)->0.0B(74.0M) Survivors: 1024.0K->2048.0K Heap: 227.5M(256.0M)->151.9M(256.0M)]
 [Times: user=0.05 sys=0.00, real=0.00 secs] 
2019-02-06T22:24:32.048+0500: 950.993: [GC pause (G1 Evacuation Pause) (young) (initial-mark), 0.0090852 secs]
   [Parallel Time: 7.7 ms, GC Workers: 8]
      [GC Worker Start (ms): Min: 950993.0, Avg: 950993.1, Max: 950993.2, Diff: 0.2]
      [Ext Root Scanning (ms): Min: 0.8, Avg: 0.9, Max: 0.9, Diff: 0.2, Sum: 6.9]
      [Update RS (ms): Min: 0.0, Avg: 1.4, Max: 2.1, Diff: 2.1, Sum: 11.5]
         [Processed Buffers: Min: 0, Avg: 4.9, Max: 12, Diff: 12, Sum: 39]
      [Scan RS (ms): Min: 0.0, Avg: 2.7, Max: 3.2, Diff: 3.2, Sum: 21.5]
      [Code Root Scanning (ms): Min: 0.0, Avg: 0.0, Max: 0.0, Diff: 0.0, Sum: 0.0]
      [Object Copy (ms): Min: 1.5, Avg: 2.4, Max: 6.5, Diff: 5.0, Sum: 18.8]
      [Termination (ms): Min: 0.0, Avg: 0.0, Max: 0.0, Diff: 0.0, Sum: 0.0]
         [Termination Attempts: Min: 1, Avg: 4.4, Max: 8, Diff: 7, Sum: 35]
      [GC Worker Other (ms): Min: 0.0, Avg: 0.0, Max: 0.0, Diff: 0.0, Sum: 0.2]
      [GC Worker Total (ms): Min: 7.3, Avg: 7.4, Max: 7.4, Diff: 0.2, Sum: 59.0]
      [GC Worker End (ms): Min: 951000.5, Avg: 951000.5, Max: 951000.5, Diff: 0.0]
   [Code Root Fixup: 0.1 ms]
   [Code Root Purge: 0.0 ms]
   [Clear CT: 0.3 ms]
   [Other: 0.9 ms]
      [Choose CSet: 0.0 ms]
      [Ref Proc: 0.4 ms]
      [Ref Enq: 0.0 ms]
      [Redirty Cards: 0.3 ms]
      [Humongous Register: 0.0 ms]
      [Humongous Reclaim: 0.0 ms]
      [Free CSet: 0.1 ms]
   [Eden: 74.0M(74.0M)->0.0B(74.0M) Survivors: 2048.0K->2048.0K Heap: 225.9M(256.0M)->152.3M(256.0M)]
 [Times: user=0.05 sys=0.00, real=0.01 secs] 
2019-02-06T22:24:32.057+0500: 951.002: [GC concurrent-root-region-scan-start]
2019-02-06T22:24:32.064+0500: 951.009: [GC concurrent-root-region-scan-end, 0.0066568 secs]
2019-02-06T22:24:32.064+0500: 951.009: [GC concurrent-mark-start]
2019-02-06T22:24:32.103+0500: 951.048: [GC concurrent-mark-end, 0.0393446 secs]
2019-02-06T22:24:32.104+0500: 951.048: [GC remark 2019-02-06T22:24:32.104+0500: 951.049: [Finalize Marking, 0.0005632 secs] 2019-02-06T22:24:32.104+0500: 951.049: [GC ref-proc, 0.0004812 secs] 2019-02-06T22:24:32.105+0500: 951.050: [Unloading, 0.0055642 secs], 0.0100856 secs]
 [Times: user=0.04 sys=0.00, real=0.01 secs] 
2019-02-06T22:24:32.114+0500: 951.059: [GC cleanup 154M->154M(256M), 0.0009698 secs]
 [Times: user=0.00 sys=0.00, real=0.00 secs] 
2019-02-06T22:24:33.528+0500: 952.473: [GC pause (G1 Evacuation Pause) (young), 0.0069821 secs]
   [Parallel Time: 5.9 ms, GC Workers: 8]
      [GC Worker Start (ms): Min: 952473.5, Avg: 952473.6, Max: 952473.6, Diff: 0.1]
      [Ext Root Scanning (ms): Min: 0.3, Avg: 0.4, Max: 0.8, Diff: 0.5, Sum: 3.4]
      [Update RS (ms): Min: 1.2, Avg: 1.4, Max: 1.8, Diff: 0.6, Sum: 11.6]
         [Processed Buffers: Min: 2, Avg: 5.5, Max: 17, Diff: 15, Sum: 44]
      [Scan RS (ms): Min: 1.7, Avg: 2.1, Max: 2.5, Diff: 0.8, Sum: 17.1]
      [Code Root Scanning (ms): Min: 0.0, Avg: 0.0, Max: 0.0, Diff: 0.0, Sum: 0.0]
      [Object Copy (ms): Min: 1.5, Avg: 1.7, Max: 1.7, Diff: 0.2, Sum: 13.3]
      [Termination (ms): Min: 0.0, Avg: 0.0, Max: 0.0, Diff: 0.0, Sum: 0.1]
         [Termination Attempts: Min: 1, Avg: 5.2, Max: 8, Diff: 7, Sum: 42]
      [GC Worker Other (ms): Min: 0.0, Avg: 0.0, Max: 0.0, Diff: 0.0, Sum: 0.2]
      [GC Worker Total (ms): Min: 5.6, Avg: 5.7, Max: 5.8, Diff: 0.1, Sum: 45.6]
      [GC Worker End (ms): Min: 952479.3, Avg: 952479.3, Max: 952479.3, Diff: 0.0]
   [Code Root Fixup: 0.1 ms]
   [Code Root Purge: 0.0 ms]
   [Clear CT: 0.2 ms]
   [Other: 0.8 ms]
      [Choose CSet: 0.0 ms]
      [Ref Proc: 0.3 ms]
      [Ref Enq: 0.0 ms]
      [Redirty Cards: 0.2 ms]
      [Humongous Register: 0.0 ms]
      [Humongous Reclaim: 0.0 ms]
      [Free CSet: 0.0 ms]
   [Eden: 74.0M(74.0M)->0.0B(74.0M) Survivors: 2048.0K->2048.0K Heap: 226.3M(256.0M)->151.9M(256.0M)]
 [Times: user=0.05 sys=0.01, real=0.01 secs] 
2019-02-06T22:24:34.910+0500: 953.855: [GC pause (G1 Evacuation Pause) (young), 0.0084269 secs]
   [Parallel Time: 7.2 ms, GC Workers: 8]
      [GC Worker Start (ms): Min: 953854.9, Avg: 953854.9, Max: 953855.0, Diff: 0.1]
      [Ext Root Scanning (ms): Min: 0.4, Avg: 0.5, Max: 0.9, Diff: 0.6, Sum: 3.9]
      [Update RS (ms): Min: 1.3, Avg: 2.1, Max: 5.3, Diff: 4.0, Sum: 17.0]
         [Processed Buffers: Min: 1, Avg: 5.4, Max: 12, Diff: 11, Sum: 43]
      [Scan RS (ms): Min: 0.0, Avg: 2.1, Max: 2.6, Diff: 2.6, Sum: 16.7]
      [Code Root Scanning (ms): Min: 0.0, Avg: 0.0, Max: 0.0, Diff: 0.0, Sum: 0.0]
      [Object Copy (ms): Min: 1.1, Avg: 1.7, Max: 1.9, Diff: 0.7, Sum: 13.4]
      [Termination (ms): Min: 0.0, Avg: 0.6, Max: 0.8, Diff: 0.7, Sum: 5.1]
         [Termination Attempts: Min: 1, Avg: 1.0, Max: 1, Diff: 0, Sum: 8]
      [GC Worker Other (ms): Min: 0.0, Avg: 0.0, Max: 0.0, Diff: 0.0, Sum: 0.2]
      [GC Worker Total (ms): Min: 6.8, Avg: 7.0, Max: 7.1, Diff: 0.3, Sum: 56.3]
      [GC Worker End (ms): Min: 953861.7, Avg: 953861.9, Max: 953862.0, Diff: 0.3]
   [Code Root Fixup: 0.2 ms]
   [Code Root Purge: 0.0 ms]
   [Clear CT: 0.2 ms]
   [Other: 0.9 ms]
      [Choose CSet: 0.0 ms]
      [Ref Proc: 0.4 ms]
      [Ref Enq: 0.0 ms]
      [Redirty Cards: 0.2 ms]
      [Humongous Register: 0.0 ms]
      [Humongous Reclaim: 0.0 ms]
      [Free CSet: 0.1 ms]
   [Eden: 74.0M(74.0M)->0.0B(74.0M) Survivors: 2048.0K->2048.0K Heap: 225.9M(256.0M)->152.6M(256.0M)]
 [Times: user=0.05 sys=0.01, real=0.00 secs] 
2019-02-06T22:24:36.270+0500: 955.215: [GC pause (G1 Evacuation Pause) (young) (initial-mark), 0.0085780 secs]
   [Parallel Time: 7.5 ms, GC Workers: 8]
      [GC Worker Start (ms): Min: 955214.9, Avg: 955214.9, Max: 955215.0, Diff: 0.1]
      [Ext Root Scanning (ms): Min: 1.1, Avg: 1.1, Max: 1.2, Diff: 0.1, Sum: 9.1]
      [Update RS (ms): Min: 1.1, Avg: 1.5, Max: 1.7, Diff: 0.6, Sum: 11.7]
         [Processed Buffers: Min: 1, Avg: 5.4, Max: 12, Diff: 11, Sum: 43]
      [Scan RS (ms): Min: 2.0, Avg: 2.3, Max: 2.7, Diff: 0.7, Sum: 18.2]
      [Code Root Scanning (ms): Min: 0.0, Avg: 0.0, Max: 0.0, Diff: 0.0, Sum: 0.0]
      [Object Copy (ms): Min: 1.5, Avg: 1.7, Max: 1.9, Diff: 0.5, Sum: 13.3]
      [Termination (ms): Min: 0.0, Avg: 0.5, Max: 0.8, Diff: 0.8, Sum: 4.2]
         [Termination Attempts: Min: 1, Avg: 1.2, Max: 2, Diff: 1, Sum: 10]
      [GC Worker Other (ms): Min: 0.0, Avg: 0.0, Max: 0.0, Diff: 0.0, Sum: 0.1]
      [GC Worker Total (ms): Min: 6.9, Avg: 7.1, Max: 7.3, Diff: 0.4, Sum: 56.7]
      [GC Worker End (ms): Min: 955221.8, Avg: 955222.0, Max: 955222.2, Diff: 0.3]
   [Code Root Fixup: 0.1 ms]
   [Code Root Purge: 0.0 ms]
   [Clear CT: 0.2 ms]
   [Other: 0.8 ms]
      [Choose CSet: 0.0 ms]
      [Ref Proc: 0.2 ms]
      [Ref Enq: 0.0 ms]
      [Redirty Cards: 0.2 ms]
      [Humongous Register: 0.0 ms]
      [Humongous Reclaim: 0.0 ms]
      [Free CSet: 0.1 ms]
   [Eden: 74.0M(74.0M)->0.0B(73.0M) Survivors: 2048.0K->2048.0K Heap: 226.6M(256.0M)->152.2M(256.0M)]
 [Times: user=0.06 sys=0.00, real=0.00 secs] 
2019-02-06T22:24:36.279+0500: 955.223: [GC concurrent-root-region-scan-start]
2019-02-06T22:24:36.285+0500: 955.230: [GC concurrent-root-region-scan-end, 0.0066945 secs]
2019-02-06T22:24:36.285+0500: 955.230: [GC concurrent-mark-start]
2019-02-06T22:24:36.322+0500: 955.267: [GC concurrent-mark-end, 0.0363198 secs]
2019-02-06T22:24:36.322+0500: 955.267: [GC remark 2019-02-06T22:24:36.322+0500: 955.267: [Finalize Marking, 0.0005808 secs] 2019-02-06T22:24:36.323+0500: 955.267: [GC ref-proc, 0.0005062 secs] 2019-02-06T22:24:36.323+0500: 955.268: [Unloading, 0.0053579 secs], 0.0097128 secs]
 [Times: user=0.04 sys=0.01, real=0.01 secs] 
2019-02-06T22:24:36.332+0500: 955.277: [GC cleanup 154M->154M(256M), 0.0009633 secs]
 [Times: user=0.00 sys=0.00, real=0.00 secs] 
2019-02-06T22:24:37.915+0500: 956.860: [GC pause (G1 Evacuation Pause) (young), 0.0187132 secs]
   [Parallel Time: 17.3 ms, GC Workers: 8]
      [GC Worker Start (ms): Min: 956859.8, Avg: 956859.9, Max: 956860.0, Diff: 0.2]
      [Ext Root Scanning (ms): Min: 0.3, Avg: 0.5, Max: 0.8, Diff: 0.5, Sum: 3.9]
      [Update RS (ms): Min: 1.1, Avg: 1.5, Max: 1.9, Diff: 0.8, Sum: 11.9]
         [Processed Buffers: Min: 2, Avg: 5.2, Max: 15, Diff: 13, Sum: 42]
      [Scan RS (ms): Min: 1.7, Avg: 2.3, Max: 3.1, Diff: 1.4, Sum: 18.0]
      [Code Root Scanning (ms): Min: 0.0, Avg: 0.0, Max: 0.0, Diff: 0.0, Sum: 0.0]
      [Object Copy (ms): Min: 0.5, Avg: 1.8, Max: 2.9, Diff: 2.4, Sum: 14.3]
      [Termination (ms): Min: 0.0, Avg: 8.5, Max: 11.2, Diff: 11.2, Sum: 68.0]
         [Termination Attempts: Min: 1, Avg: 2.1, Max: 4, Diff: 3, Sum: 17]
      [GC Worker Other (ms): Min: 0.0, Avg: 0.0, Max: 0.0, Diff: 0.0, Sum: 0.2]
      [GC Worker Total (ms): Min: 6.9, Avg: 14.5, Max: 17.1, Diff: 10.3, Sum: 116.2]
      [GC Worker End (ms): Min: 956866.9, Avg: 956874.4, Max: 956876.9, Diff: 10.1]
   [Code Root Fixup: 0.1 ms]
   [Code Root Purge: 0.0 ms]
   [Clear CT: 0.2 ms]
   [Other: 1.2 ms]
      [Choose CSet: 0.0 ms]
      [Ref Proc: 0.7 ms]
      [Ref Enq: 0.0 ms]
      [Redirty Cards: 0.2 ms]
      [Humongous Register: 0.0 ms]
      [Humongous Reclaim: 0.0 ms]
      [Free CSet: 0.1 ms]
   [Eden: 73.0M(73.0M)->0.0B(73.0M) Survivors: 2048.0K->2048.0K Heap: 225.2M(256.0M)->152.6M(256.0M)]
 [Times: user=0.05 sys=0.01, real=0.02 secs] 
2019-02-06T22:24:39.438+0500: 958.383: [GC pause (G1 Evacuation Pause) (young), 0.0105807 secs]
   [Parallel Time: 8.5 ms, GC Workers: 8]
      [GC Worker Start (ms): Min: 958383.2, Avg: 958383.2, Max: 958383.3, Diff: 0.1]
      [Ext Root Scanning (ms): Min: 0.3, Avg: 0.4, Max: 0.8, Diff: 0.5, Sum: 3.4]
      [Update RS (ms): Min: 1.5, Avg: 1.7, Max: 2.0, Diff: 0.5, Sum: 13.4]
         [Processed Buffers: Min: 2, Avg: 5.9, Max: 18, Diff: 16, Sum: 47]
      [Scan RS (ms): Min: 1.7, Avg: 2.1, Max: 2.6, Diff: 0.9, Sum: 16.9]
      [Code Root Scanning (ms): Min: 0.0, Avg: 0.0, Max: 0.0, Diff: 0.0, Sum: 0.0]
      [Object Copy (ms): Min: 1.2, Avg: 2.1, Max: 3.2, Diff: 2.0, Sum: 16.7]
      [Termination (ms): Min: 0.0, Avg: 1.5, Max: 2.2, Diff: 2.2, Sum: 11.8]
         [Termination Attempts: Min: 1, Avg: 2.4, Max: 4, Diff: 3, Sum: 19]
      [GC Worker Other (ms): Min: 0.0, Avg: 0.0, Max: 0.0, Diff: 0.0, Sum: 0.1]
      [GC Worker Total (ms): Min: 7.3, Avg: 7.8, Max: 8.4, Diff: 1.1, Sum: 62.3]
      [GC Worker End (ms): Min: 958390.5, Avg: 958391.0, Max: 958391.6, Diff: 1.1]
   [Code Root Fixup: 0.1 ms]
   [Code Root Purge: 0.0 ms]
   [Clear CT: 0.2 ms]
   [Other: 1.8 ms]
      [Choose CSet: 0.0 ms]
      [Ref Proc: 1.4 ms]
      [Ref Enq: 0.0 ms]
      [Redirty Cards: 0.2 ms]
      [Humongous Register: 0.0 ms]
      [Humongous Reclaim: 0.0 ms]
      [Free CSet: 0.0 ms]
   [Eden: 73.0M(73.0M)->0.0B(73.0M) Survivors: 2048.0K->2048.0K Heap: 225.6M(256.0M)->152.8M(256.0M)]
 [Times: user=0.06 sys=0.00, real=0.01 secs] 
2019-02-06T22:24:40.775+0500: 959.720: [GC pause (G1 Evacuation Pause) (young) (initial-mark), 0.0076836 secs]
   [Parallel Time: 6.5 ms, GC Workers: 8]
      [GC Worker Start (ms): Min: 959720.5, Avg: 959720.6, Max: 959721.0, Diff: 0.5]
      [Ext Root Scanning (ms): Min: 0.4, Avg: 0.8, Max: 0.9, Diff: 0.5, Sum: 6.3]
      [Update RS (ms): Min: 1.4, Avg: 1.7, Max: 2.0, Diff: 0.6, Sum: 13.8]
         [Processed Buffers: Min: 2, Avg: 5.8, Max: 13, Diff: 11, Sum: 46]
      [Scan RS (ms): Min: 1.7, Avg: 2.0, Max: 2.4, Diff: 0.7, Sum: 16.3]
      [Code Root Scanning (ms): Min: 0.0, Avg: 0.0, Max: 0.0, Diff: 0.0, Sum: 0.0]
      [Object Copy (ms): Min: 1.5, Avg: 1.6, Max: 1.7, Diff: 0.2, Sum: 12.8]
      [Termination (ms): Min: 0.0, Avg: 0.0, Max: 0.0, Diff: 0.0, Sum: 0.0]
         [Termination Attempts: Min: 1, Avg: 4.8, Max: 9, Diff: 8, Sum: 38]
      [GC Worker Other (ms): Min: 0.0, Avg: 0.0, Max: 0.0, Diff: 0.0, Sum: 0.2]
      [GC Worker Total (ms): Min: 5.8, Avg: 6.2, Max: 6.3, Diff: 0.5, Sum: 49.5]
      [GC Worker End (ms): Min: 959726.8, Avg: 959726.8, Max: 959726.8, Diff: 0.0]
   [Code Root Fixup: 0.1 ms]
   [Code Root Purge: 0.0 ms]
   [Clear CT: 0.2 ms]
   [Other: 0.8 ms]
      [Choose CSet: 0.0 ms]
      [Ref Proc: 0.3 ms]
      [Ref Enq: 0.0 ms]
      [Redirty Cards: 0.2 ms]
      [Humongous Register: 0.0 ms]
      [Humongous Reclaim: 0.0 ms]
      [Free CSet: 0.1 ms]
   [Eden: 73.0M(73.0M)->0.0B(73.0M) Survivors: 2048.0K->2048.0K Heap: 225.8M(256.0M)->152.4M(256.0M)]
 [Times: user=0.05 sys=0.00, real=0.01 secs] 
2019-02-06T22:24:40.783+0500: 959.728: [GC concurrent-root-region-scan-start]
2019-02-06T22:24:40.790+0500: 959.734: [GC concurrent-root-region-scan-end, 0.0061929 secs]
2019-02-06T22:24:40.790+0500: 959.734: [GC concurrent-mark-start]
2019-02-06T22:24:40.827+0500: 959.772: [GC concurrent-mark-end, 0.0371132 secs]
2019-02-06T22:24:40.827+0500: 959.772: [GC remark 2019-02-06T22:24:40.827+0500: 959.772: [Finalize Marking, 0.0004897 secs] 2019-02-06T22:24:40.828+0500: 959.772: [GC ref-proc, 0.0004976 secs] 2019-02-06T22:24:40.828+0500: 959.773: [Unloading, 0.0051832 secs], 0.0090960 secs]
 [Times: user=0.04 sys=0.00, real=0.01 secs] 
2019-02-06T22:24:40.837+0500: 959.781: [GC cleanup 155M->155M(256M), 0.0009053 secs]
 [Times: user=0.01 sys=0.00, real=0.00 secs] 
2019-02-06T22:24:42.161+0500: 961.106: [GC pause (G1 Evacuation Pause) (young), 0.0065791 secs]
   [Parallel Time: 5.4 ms, GC Workers: 8]
      [GC Worker Start (ms): Min: 961105.9, Avg: 961106.0, Max: 961106.0, Diff: 0.1]
      [Ext Root Scanning (ms): Min: 0.3, Avg: 0.4, Max: 0.7, Diff: 0.4, Sum: 3.4]
      [Update RS (ms): Min: 1.5, Avg: 1.7, Max: 2.2, Diff: 0.7, Sum: 13.7]
         [Processed Buffers: Min: 2, Avg: 5.5, Max: 17, Diff: 15, Sum: 44]
      [Scan RS (ms): Min: 1.0, Avg: 1.5, Max: 1.8, Diff: 0.8, Sum: 12.3]
      [Code Root Scanning (ms): Min: 0.0, Avg: 0.0, Max: 0.0, Diff: 0.0, Sum: 0.0]
      [Object Copy (ms): Min: 1.4, Avg: 1.5, Max: 1.6, Diff: 0.2, Sum: 12.2]
      [Termination (ms): Min: 0.0, Avg: 0.0, Max: 0.0, Diff: 0.0, Sum: 0.0]
         [Termination Attempts: Min: 1, Avg: 1.6, Max: 3, Diff: 2, Sum: 13]
      [GC Worker Other (ms): Min: 0.0, Avg: 0.0, Max: 0.1, Diff: 0.0, Sum: 0.2]
      [GC Worker Total (ms): Min: 5.2, Avg: 5.2, Max: 5.3, Diff: 0.1, Sum: 41.7]
      [GC Worker End (ms): Min: 961111.2, Avg: 961111.2, Max: 961111.2, Diff: 0.0]
   [Code Root Fixup: 0.1 ms]
   [Code Root Purge: 0.0 ms]
   [Clear CT: 0.2 ms]
   [Other: 0.8 ms]
      [Choose CSet: 0.0 ms]
      [Ref Proc: 0.4 ms]
      [Ref Enq: 0.0 ms]
      [Redirty Cards: 0.2 ms]
      [Humongous Register: 0.0 ms]
      [Humongous Reclaim: 0.0 ms]
      [Free CSet: 0.0 ms]
   [Eden: 73.0M(73.0M)->0.0B(73.0M) Survivors: 2048.0K->2048.0K Heap: 225.4M(256.0M)->152.8M(256.0M)]
 [Times: user=0.04 sys=0.00, real=0.00 secs] 
2019-02-06T22:24:43.408+0500: 962.353: [GC pause (G1 Evacuation Pause) (young), 0.0160561 secs]
   [Parallel Time: 15.0 ms, GC Workers: 8]
      [GC Worker Start (ms): Min: 962353.0, Avg: 962353.0, Max: 962353.1, Diff: 0.1]
      [Ext Root Scanning (ms): Min: 0.3, Avg: 0.4, Max: 0.8, Diff: 0.5, Sum: 3.5]
      [Update RS (ms): Min: 1.4, Avg: 1.8, Max: 2.2, Diff: 0.9, Sum: 14.2]
         [Processed Buffers: Min: 2, Avg: 5.1, Max: 13, Diff: 11, Sum: 41]
      [Scan RS (ms): Min: 1.1, Avg: 1.5, Max: 1.7, Diff: 0.6, Sum: 12.0]
      [Code Root Scanning (ms): Min: 0.0, Avg: 0.0, Max: 0.0, Diff: 0.0, Sum: 0.0]
      [Object Copy (ms): Min: 1.5, Avg: 1.7, Max: 2.6, Diff: 1.0, Sum: 13.5]
      [Termination (ms): Min: 0.0, Avg: 8.1, Max: 9.5, Diff: 9.5, Sum: 64.9]
         [Termination Attempts: Min: 1, Avg: 1.6, Max: 2, Diff: 1, Sum: 13]
      [GC Worker Other (ms): Min: 0.0, Avg: 0.0, Max: 0.0, Diff: 0.0, Sum: 0.1]
      [GC Worker Total (ms): Min: 6.3, Avg: 13.5, Max: 14.8, Diff: 8.5, Sum: 108.2]
      [GC Worker End (ms): Min: 962359.3, Avg: 962366.6, Max: 962367.9, Diff: 8.5]
   [Code Root Fixup: 0.1 ms]
   [Code Root Purge: 0.0 ms]
   [Clear CT: 0.2 ms]
   [Other: 0.8 ms]
      [Choose CSet: 0.0 ms]
      [Ref Proc: 0.3 ms]
      [Ref Enq: 0.0 ms]
      [Redirty Cards: 0.2 ms]
      [Humongous Register: 0.0 ms]
      [Humongous Reclaim: 0.0 ms]
      [Free CSet: 0.0 ms]
   [Eden: 73.0M(73.0M)->0.0B(73.0M) Survivors: 2048.0K->2048.0K Heap: 225.8M(256.0M)->153.0M(256.0M)]
 [Times: user=0.05 sys=0.00, real=0.02 secs] 
2019-02-06T22:24:44.600+0500: 963.544: [GC pause (G1 Evacuation Pause) (young) (initial-mark), 0.0185949 secs]
   [Parallel Time: 17.5 ms, GC Workers: 8]
      [GC Worker Start (ms): Min: 963544.7, Avg: 963544.8, Max: 963544.8, Diff: 0.1]
      [Ext Root Scanning (ms): Min: 0.7, Avg: 0.8, Max: 0.9, Diff: 0.1, Sum: 6.3]
      [Update RS (ms): Min: 0.0, Avg: 2.3, Max: 6.5, Diff: 6.5, Sum: 18.5]
         [Processed Buffers: Min: 3, Avg: 6.2, Max: 12, Diff: 9, Sum: 50]
      [Scan RS (ms): Min: 0.0, Avg: 1.5, Max: 2.0, Diff: 2.0, Sum: 11.8]
      [Code Root Scanning (ms): Min: 0.0, Avg: 0.0, Max: 0.0, Diff: 0.0, Sum: 0.0]
      [Object Copy (ms): Min: 0.1, Avg: 1.7, Max: 3.4, Diff: 3.3, Sum: 14.0]
      [Termination (ms): Min: 0.0, Avg: 6.0, Max: 11.1, Diff: 11.1, Sum: 47.8]
         [Termination Attempts: Min: 1, Avg: 7.1, Max: 27, Diff: 26, Sum: 57]
      [GC Worker Other (ms): Min: 0.0, Avg: 0.0, Max: 0.0, Diff: 0.0, Sum: 0.1]
      [GC Worker Total (ms): Min: 7.3, Avg: 12.3, Max: 17.3, Diff: 10.0, Sum: 98.5]
      [GC Worker End (ms): Min: 963552.2, Avg: 963557.1, Max: 963562.0, Diff: 9.8]
   [Code Root Fixup: 0.1 ms]
   [Code Root Purge: 0.0 ms]
   [Clear CT: 0.2 ms]
   [Other: 0.8 ms]
      [Choose CSet: 0.0 ms]
      [Ref Proc: 0.4 ms]
      [Ref Enq: 0.0 ms]
      [Redirty Cards: 0.2 ms]
      [Humongous Register: 0.0 ms]
      [Humongous Reclaim: 0.0 ms]
      [Free CSet: 0.0 ms]
   [Eden: 73.0M(73.0M)->0.0B(73.0M) Survivors: 2048.0K->2048.0K Heap: 226.0M(256.0M)->152.9M(256.0M)]
 [Times: user=0.05 sys=0.00, real=0.01 secs] 
2019-02-06T22:24:44.618+0500: 963.563: [GC concurrent-root-region-scan-start]
2019-02-06T22:24:44.625+0500: 963.569: [GC concurrent-root-region-scan-end, 0.0060522 secs]
2019-02-06T22:24:44.625+0500: 963.569: [GC concurrent-mark-start]
2019-02-06T22:24:44.656+0500: 963.601: [GC concurrent-mark-end, 0.0315497 secs]
2019-02-06T22:24:44.656+0500: 963.601: [GC remark 2019-02-06T22:24:44.656+0500: 963.601: [Finalize Marking, 0.0112494 secs] 2019-02-06T22:24:44.668+0500: 963.613: [GC ref-proc, 0.0004639 secs] 2019-02-06T22:24:44.668+0500: 963.613: [Unloading, 0.0046676 secs], 0.0187974 secs]
 [Times: user=0.04 sys=0.00, real=0.02 secs] 
2019-02-06T22:24:44.676+0500: 963.620: [GC cleanup 155M->155M(256M), 0.0007711 secs]
 [Times: user=0.00 sys=0.00, real=0.00 secs] 
2019-02-06T22:24:45.842+0500: 964.787: [GC pause (G1 Evacuation Pause) (young), 0.0090361 secs]
   [Parallel Time: 8.0 ms, GC Workers: 8]
      [GC Worker Start (ms): Min: 964786.7, Avg: 964786.7, Max: 964786.8, Diff: 0.1]
      [Ext Root Scanning (ms): Min: 0.4, Avg: 0.5, Max: 0.8, Diff: 0.5, Sum: 3.7]
      [Update RS (ms): Min: 1.1, Avg: 1.9, Max: 4.1, Diff: 3.0, Sum: 15.0]
         [Processed Buffers: Min: 3, Avg: 5.6, Max: 10, Diff: 7, Sum: 45]
      [Scan RS (ms): Min: 0.0, Avg: 1.8, Max: 3.0, Diff: 3.0, Sum: 14.6]
      [Code Root Scanning (ms): Min: 0.0, Avg: 0.0, Max: 0.0, Diff: 0.0, Sum: 0.0]
      [Object Copy (ms): Min: 0.8, Avg: 2.1, Max: 3.2, Diff: 2.4, Sum: 16.9]
      [Termination (ms): Min: 0.0, Avg: 1.3, Max: 1.7, Diff: 1.7, Sum: 10.6]
         [Termination Attempts: Min: 1, Avg: 1.2, Max: 2, Diff: 1, Sum: 10]
      [GC Worker Other (ms): Min: 0.0, Avg: 0.0, Max: 0.0, Diff: 0.0, Sum: 0.1]
      [GC Worker Total (ms): Min: 7.1, Avg: 7.6, Max: 7.9, Diff: 0.7, Sum: 60.9]
      [GC Worker End (ms): Min: 964793.9, Avg: 964794.3, Max: 964794.6, Diff: 0.8]
   [Code Root Fixup: 0.1 ms]
   [Code Root Purge: 0.0 ms]
   [Clear CT: 0.2 ms]
   [Other: 0.7 ms]
      [Choose CSet: 0.0 ms]
      [Ref Proc: 0.3 ms]
      [Ref Enq: 0.0 ms]
      [Redirty Cards: 0.2 ms]
      [Humongous Register: 0.0 ms]
      [Humongous Reclaim: 0.0 ms]
      [Free CSet: 0.1 ms]
   [Eden: 73.0M(73.0M)->0.0B(10.0M) Survivors: 2048.0K->2048.0K Heap: 225.9M(256.0M)->153.0M(256.0M)]
 [Times: user=0.05 sys=0.00, real=0.01 secs] 
2019-02-06T22:24:46.045+0500: 964.990: [GC pause (G1 Evacuation Pause) (mixed), 0.0186505 secs]
   [Parallel Time: 16.3 ms, GC Workers: 8]
      [GC Worker Start (ms): Min: 964990.2, Avg: 964990.3, Max: 964990.3, Diff: 0.1]
      [Ext Root Scanning (ms): Min: 0.4, Avg: 0.5, Max: 0.8, Diff: 0.5, Sum: 3.6]
      [Update RS (ms): Min: 1.1, Avg: 3.7, Max: 9.0, Diff: 7.9, Sum: 29.6]
         [Processed Buffers: Min: 1, Avg: 5.0, Max: 12, Diff: 11, Sum: 40]
      [Scan RS (ms): Min: 0.0, Avg: 2.8, Max: 4.3, Diff: 4.3, Sum: 22.3]
      [Code Root Scanning (ms): Min: 0.0, Avg: 0.0, Max: 0.0, Diff: 0.0, Sum: 0.0]
      [Object Copy (ms): Min: 0.1, Avg: 1.7, Max: 2.2, Diff: 2.2, Sum: 13.3]
      [Termination (ms): Min: 0.0, Avg: 5.4, Max: 7.8, Diff: 7.8, Sum: 43.5]
         [Termination Attempts: Min: 1, Avg: 2.2, Max: 6, Diff: 5, Sum: 18]
      [GC Worker Other (ms): Min: 0.0, Avg: 0.0, Max: 0.0, Diff: 0.0, Sum: 0.1]
      [GC Worker Total (ms): Min: 9.5, Avg: 14.1, Max: 16.1, Diff: 6.6, Sum: 112.5]
      [GC Worker End (ms): Min: 964999.8, Avg: 965004.3, Max: 965006.4, Diff: 6.6]
   [Code Root Fixup: 0.1 ms]
   [Code Root Purge: 0.0 ms]
   [Clear CT: 0.2 ms]
   [Other: 2.0 ms]
      [Choose CSet: 0.0 ms]
      [Ref Proc: 1.5 ms]
      [Ref Enq: 0.0 ms]
      [Redirty Cards: 0.2 ms]
      [Humongous Register: 0.0 ms]
      [Humongous Reclaim: 0.0 ms]
      [Free CSet: 0.0 ms]
   [Eden: 10.0M(10.0M)->0.0B(74.0M) Survivors: 2048.0K->2048.0K Heap: 163.0M(256.0M)->152.2M(256.0M)]
 [Times: user=0.06 sys=0.00, real=0.02 secs] 
2019-02-06T22:24:47.678+0500: 966.623: [GC pause (G1 Evacuation Pause) (young), 0.0060152 secs]
   [Parallel Time: 5.0 ms, GC Workers: 8]
      [GC Worker Start (ms): Min: 966623.4, Avg: 966623.4, Max: 966623.5, Diff: 0.1]
      [Ext Root Scanning (ms): Min: 0.3, Avg: 0.4, Max: 0.7, Diff: 0.4, Sum: 3.2]
      [Update RS (ms): Min: 1.3, Avg: 1.4, Max: 1.7, Diff: 0.5, Sum: 11.5]
         [Processed Buffers: Min: 2, Avg: 5.1, Max: 10, Diff: 8, Sum: 41]
      [Scan RS (ms): Min: 1.3, Avg: 1.6, Max: 1.9, Diff: 0.5, Sum: 13.0]
      [Code Root Scanning (ms): Min: 0.0, Avg: 0.0, Max: 0.0, Diff: 0.0, Sum: 0.0]
      [Object Copy (ms): Min: 1.2, Avg: 1.3, Max: 1.4, Diff: 0.1, Sum: 10.4]
      [Termination (ms): Min: 0.0, Avg: 0.0, Max: 0.0, Diff: 0.0, Sum: 0.0]
         [Termination Attempts: Min: 1, Avg: 1.4, Max: 2, Diff: 1, Sum: 11]
      [GC Worker Other (ms): Min: 0.0, Avg: 0.0, Max: 0.0, Diff: 0.0, Sum: 0.2]
      [GC Worker Total (ms): Min: 4.7, Avg: 4.8, Max: 4.8, Diff: 0.1, Sum: 38.3]
      [GC Worker End (ms): Min: 966628.2, Avg: 966628.2, Max: 966628.2, Diff: 0.0]
   [Code Root Fixup: 0.1 ms]
   [Code Root Purge: 0.0 ms]
   [Clear CT: 0.2 ms]
   [Other: 0.8 ms]
      [Choose CSet: 0.0 ms]
      [Ref Proc: 0.3 ms]
      [Ref Enq: 0.0 ms]
      [Redirty Cards: 0.2 ms]
      [Humongous Register: 0.0 ms]
      [Humongous Reclaim: 0.0 ms]
      [Free CSet: 0.0 ms]
   [Eden: 74.0M(74.0M)->0.0B(73.0M) Survivors: 2048.0K->2048.0K Heap: 226.2M(256.0M)->152.2M(256.0M)]
 [Times: user=0.04 sys=0.00, real=0.01 secs] 
2019-02-06T22:24:48.949+0500: 967.894: [GC pause (G1 Evacuation Pause) (young) (initial-mark), 0.0076069 secs]
   [Parallel Time: 6.5 ms, GC Workers: 8]
      [GC Worker Start (ms): Min: 967894.4, Avg: 967894.5, Max: 967894.5, Diff: 0.1]
      [Ext Root Scanning (ms): Min: 0.7, Avg: 0.7, Max: 0.8, Diff: 0.1, Sum: 5.9]
      [Update RS (ms): Min: 1.4, Avg: 1.6, Max: 2.0, Diff: 0.5, Sum: 13.1]
         [Processed Buffers: Min: 2, Avg: 5.6, Max: 10, Diff: 8, Sum: 45]
      [Scan RS (ms): Min: 1.1, Avg: 1.4, Max: 1.7, Diff: 0.5, Sum: 11.4]
      [Code Root Scanning (ms): Min: 0.0, Avg: 0.0, Max: 0.0, Diff: 0.0, Sum: 0.0]
      [Object Copy (ms): Min: 1.4, Avg: 1.5, Max: 2.1, Diff: 0.7, Sum: 12.2]
      [Termination (ms): Min: 0.0, Avg: 0.8, Max: 1.0, Diff: 1.0, Sum: 6.5]
         [Termination Attempts: Min: 1, Avg: 2.4, Max: 4, Diff: 3, Sum: 19]
      [GC Worker Other (ms): Min: 0.0, Avg: 0.0, Max: 0.0, Diff: 0.0, Sum: 0.1]
      [GC Worker Total (ms): Min: 6.0, Avg: 6.2, Max: 6.2, Diff: 0.3, Sum: 49.2]
      [GC Worker End (ms): Min: 967900.4, Avg: 967900.6, Max: 967900.7, Diff: 0.3]
   [Code Root Fixup: 0.1 ms]
   [Code Root Purge: 0.0 ms]
   [Clear CT: 0.2 ms]
   [Other: 0.8 ms]
      [Choose CSet: 0.0 ms]
      [Ref Proc: 0.4 ms]
      [Ref Enq: 0.0 ms]
      [Redirty Cards: 0.2 ms]
      [Humongous Register: 0.0 ms]
      [Humongous Reclaim: 0.0 ms]
      [Free CSet: 0.1 ms]
   [Eden: 73.0M(73.0M)->0.0B(73.0M) Survivors: 2048.0K->2048.0K Heap: 225.2M(256.0M)->152.7M(256.0M)]
 [Times: user=0.04 sys=0.00, real=0.01 secs] 
2019-02-06T22:24:48.957+0500: 967.902: [GC concurrent-root-region-scan-start]
2019-02-06T22:24:48.963+0500: 967.907: [GC concurrent-root-region-scan-end, 0.0054380 secs]
2019-02-06T22:24:48.963+0500: 967.907: [GC concurrent-mark-start]
2019-02-06T22:24:48.995+0500: 967.940: [GC concurrent-mark-end, 0.0325275 secs]
2019-02-06T22:24:48.995+0500: 967.940: [GC remark 2019-02-06T22:24:48.996+0500: 967.940: [Finalize Marking, 0.0009885 secs] 2019-02-06T22:24:48.997+0500: 967.941: [GC ref-proc, 0.0004492 secs] 2019-02-06T22:24:48.997+0500: 967.942: [Unloading, 0.0045328 secs], 0.0082999 secs]
 [Times: user=0.04 sys=0.00, real=0.01 secs] 
2019-02-06T22:24:49.004+0500: 967.949: [GC cleanup 155M->155M(256M), 0.0008188 secs]
 [Times: user=0.00 sys=0.00, real=0.00 secs] 
2019-02-06T22:24:50.100+0500: 969.045: [GC pause (G1 Evacuation Pause) (young), 0.0063349 secs]
   [Parallel Time: 5.3 ms, GC Workers: 8]
      [GC Worker Start (ms): Min: 969044.8, Avg: 969044.8, Max: 969044.9, Diff: 0.1]
      [Ext Root Scanning (ms): Min: 0.3, Avg: 0.4, Max: 0.8, Diff: 0.4, Sum: 3.4]
      [Update RS (ms): Min: 1.2, Avg: 1.4, Max: 1.7, Diff: 0.5, Sum: 11.0]
         [Processed Buffers: Min: 2, Avg: 6.2, Max: 17, Diff: 15, Sum: 50]
      [Scan RS (ms): Min: 1.4, Avg: 1.7, Max: 2.0, Diff: 0.6, Sum: 13.5]
      [Code Root Scanning (ms): Min: 0.0, Avg: 0.0, Max: 0.0, Diff: 0.0, Sum: 0.0]
      [Object Copy (ms): Min: 1.5, Avg: 1.6, Max: 1.7, Diff: 0.2, Sum: 12.9]
      [Termination (ms): Min: 0.0, Avg: 0.0, Max: 0.0, Diff: 0.0, Sum: 0.1]
         [Termination Attempts: Min: 1, Avg: 4.0, Max: 6, Diff: 5, Sum: 32]
      [GC Worker Other (ms): Min: 0.0, Avg: 0.0, Max: 0.1, Diff: 0.0, Sum: 0.2]
      [GC Worker Total (ms): Min: 5.1, Avg: 5.1, Max: 5.2, Diff: 0.1, Sum: 41.0]
      [GC Worker End (ms): Min: 969050.0, Avg: 969050.0, Max: 969050.0, Diff: 0.0]
   [Code Root Fixup: 0.1 ms]
   [Code Root Purge: 0.0 ms]
   [Clear CT: 0.2 ms]
   [Other: 0.7 ms]
      [Choose CSet: 0.0 ms]
      [Ref Proc: 0.3 ms]
      [Ref Enq: 0.0 ms]
      [Redirty Cards: 0.2 ms]
      [Humongous Register: 0.0 ms]
      [Humongous Reclaim: 0.0 ms]
      [Free CSet: 0.0 ms]
   [Eden: 73.0M(73.0M)->0.0B(73.0M) Survivors: 2048.0K->2048.0K Heap: 225.7M(256.0M)->152.7M(256.0M)]
 [Times: user=0.04 sys=0.00, real=0.00 secs] 
2019-02-06T22:24:51.264+0500: 970.209: [GC pause (G1 Evacuation Pause) (young), 0.0218426 secs]
   [Parallel Time: 20.3 ms, GC Workers: 8]
      [GC Worker Start (ms): Min: 970214.9, Avg: 970219.7, Max: 970225.5, Diff: 10.6]
      [Ext Root Scanning (ms): Min: 0.0, Avg: 0.3, Max: 2.3, Diff: 2.3, Sum: 2.4]
      [Update RS (ms): Min: 0.0, Avg: 2.9, Max: 5.0, Diff: 5.0, Sum: 23.6]
         [Processed Buffers: Min: 0, Avg: 7.2, Max: 12, Diff: 12, Sum: 58]
      [Scan RS (ms): Min: 0.0, Avg: 0.0, Max: 0.2, Diff: 0.2, Sum: 0.2]
      [Code Root Scanning (ms): Min: 0.0, Avg: 0.0, Max: 0.0, Diff: 0.0, Sum: 0.0]
      [Object Copy (ms): Min: 0.0, Avg: 1.6, Max: 2.3, Diff: 2.3, Sum: 12.8]
      [Termination (ms): Min: 0.0, Avg: 3.6, Max: 4.7, Diff: 4.7, Sum: 28.6]
         [Termination Attempts: Min: 1, Avg: 1.0, Max: 1, Diff: 0, Sum: 8]
      [GC Worker Other (ms): Min: 0.0, Avg: 0.0, Max: 0.0, Diff: 0.0, Sum: 0.1]
      [GC Worker Total (ms): Min: 0.0, Avg: 8.5, Max: 14.2, Diff: 14.2, Sum: 67.7]
      [GC Worker End (ms): Min: 970225.5, Avg: 970228.2, Max: 970229.1, Diff: 3.5]
   [Code Root Fixup: 0.1 ms]
   [Code Root Purge: 0.0 ms]
   [Clear CT: 0.2 ms]
   [Other: 1.3 ms]
      [Choose CSet: 0.0 ms]
      [Ref Proc: 0.9 ms]
      [Ref Enq: 0.0 ms]
      [Redirty Cards: 0.1 ms]
      [Humongous Register: 0.0 ms]
      [Humongous Reclaim: 0.0 ms]
      [Free CSet: 0.0 ms]
   [Eden: 73.0M(73.0M)->0.0B(73.0M) Survivors: 2048.0K->2048.0K Heap: 225.7M(256.0M)->152.6M(256.0M)]
 [Times: user=0.04 sys=0.00, real=0.02 secs] 
2019-02-06T22:24:52.389+0500: 971.334: [GC pause (G1 Evacuation Pause) (young) (initial-mark), 0.0065868 secs]
   [Parallel Time: 5.6 ms, GC Workers: 8]
      [GC Worker Start (ms): Min: 971334.1, Avg: 971334.2, Max: 971334.3, Diff: 0.2]
      [Ext Root Scanning (ms): Min: 0.7, Avg: 0.8, Max: 0.9, Diff: 0.1, Sum: 6.3]
      [Update RS (ms): Min: 1.5, Avg: 1.7, Max: 2.1, Diff: 0.6, Sum: 13.4]
         [Processed Buffers: Min: 3, Avg: 5.5, Max: 18, Diff: 15, Sum: 44]
      [Scan RS (ms): Min: 1.1, Avg: 1.5, Max: 1.7, Diff: 0.6, Sum: 11.7]
      [Code Root Scanning (ms): Min: 0.0, Avg: 0.0, Max: 0.0, Diff: 0.0, Sum: 0.0]
      [Object Copy (ms): Min: 1.2, Avg: 1.3, Max: 1.4, Diff: 0.1, Sum: 10.5]
      [Termination (ms): Min: 0.0, Avg: 0.0, Max: 0.0, Diff: 0.0, Sum: 0.0]
         [Termination Attempts: Min: 1, Avg: 1.0, Max: 1, Diff: 0, Sum: 8]
      [GC Worker Other (ms): Min: 0.0, Avg: 0.0, Max: 0.0, Diff: 0.0, Sum: 0.2]
      [GC Worker Total (ms): Min: 5.2, Avg: 5.3, Max: 5.3, Diff: 0.2, Sum: 42.1]
      [GC Worker End (ms): Min: 971339.4, Avg: 971339.4, Max: 971339.5, Diff: 0.0]
   [Code Root Fixup: 0.1 ms]
   [Code Root Purge: 0.0 ms]
   [Clear CT: 0.2 ms]
   [Other: 0.7 ms]
      [Choose CSet: 0.0 ms]
      [Ref Proc: 0.3 ms]
      [Ref Enq: 0.0 ms]
      [Redirty Cards: 0.2 ms]
      [Humongous Register: 0.0 ms]
      [Humongous Reclaim: 0.0 ms]
      [Free CSet: 0.0 ms]
   [Eden: 73.0M(73.0M)->0.0B(73.0M) Survivors: 2048.0K->2048.0K Heap: 225.6M(256.0M)->152.5M(256.0M)]
 [Times: user=0.04 sys=0.00, real=0.01 secs] 
2019-02-06T22:24:52.396+0500: 971.341: [GC concurrent-root-region-scan-start]
2019-02-06T22:24:52.402+0500: 971.347: [GC concurrent-root-region-scan-end, 0.0058029 secs]
2019-02-06T22:24:52.402+0500: 971.347: [GC concurrent-mark-start]
2019-02-06T22:24:52.434+0500: 971.379: [GC concurrent-mark-end, 0.0322924 secs]
2019-02-06T22:24:52.435+0500: 971.379: [GC remark 2019-02-06T22:24:52.435+0500: 971.379: [Finalize Marking, 0.0003328 secs] 2019-02-06T22:24:52.435+0500: 971.380: [GC ref-proc, 0.0003706 secs] 2019-02-06T22:24:52.435+0500: 971.380: [Unloading, 0.0045735 secs], 0.0078132 secs]
 [Times: user=0.03 sys=0.00, real=0.01 secs] 
2019-02-06T22:24:52.443+0500: 971.388: [GC cleanup 155M->155M(256M), 0.0007737 secs]
 [Times: user=0.00 sys=0.00, real=0.00 secs] 
2019-02-06T22:24:53.504+0500: 972.449: [GC pause (G1 Evacuation Pause) (young), 0.0062386 secs]
   [Parallel Time: 5.0 ms, GC Workers: 8]
      [GC Worker Start (ms): Min: 972449.3, Avg: 972449.4, Max: 972449.4, Diff: 0.1]
      [Ext Root Scanning (ms): Min: 0.3, Avg: 0.4, Max: 0.7, Diff: 0.4, Sum: 3.0]
      [Update RS (ms): Min: 1.3, Avg: 1.5, Max: 1.8, Diff: 0.4, Sum: 11.8]
         [Processed Buffers: Min: 2, Avg: 5.6, Max: 12, Diff: 10, Sum: 45]
      [Scan RS (ms): Min: 1.0, Avg: 1.4, Max: 1.5, Diff: 0.6, Sum: 10.9]
      [Code Root Scanning (ms): Min: 0.0, Avg: 0.0, Max: 0.0, Diff: 0.0, Sum: 0.0]
      [Object Copy (ms): Min: 1.3, Avg: 1.4, Max: 1.5, Diff: 0.2, Sum: 10.9]
      [Termination (ms): Min: 0.0, Avg: 0.3, Max: 0.3, Diff: 0.3, Sum: 2.1]
         [Termination Attempts: Min: 1, Avg: 1.2, Max: 3, Diff: 2, Sum: 10]
      [GC Worker Other (ms): Min: 0.0, Avg: 0.0, Max: 0.0, Diff: 0.0, Sum: 0.1]
      [GC Worker Total (ms): Min: 4.8, Avg: 4.8, Max: 4.9, Diff: 0.1, Sum: 38.7]
      [GC Worker End (ms): Min: 972454.1, Avg: 972454.2, Max: 972454.2, Diff: 0.1]
   [Code Root Fixup: 0.1 ms]
   [Code Root Purge: 0.0 ms]
   [Clear CT: 0.2 ms]
   [Other: 1.0 ms]
      [Choose CSet: 0.0 ms]
      [Ref Proc: 0.6 ms]
      [Ref Enq: 0.0 ms]
      [Redirty Cards: 0.2 ms]
      [Humongous Register: 0.0 ms]
      [Humongous Reclaim: 0.0 ms]
      [Free CSet: 0.0 ms]
   [Eden: 73.0M(73.0M)->0.0B(73.0M) Survivors: 2048.0K->2048.0K Heap: 225.5M(256.0M)->152.7M(256.0M)]
 [Times: user=0.05 sys=0.00, real=0.01 secs] 
2019-02-06T22:24:54.580+0500: 973.525: [GC pause (G1 Evacuation Pause) (young), 0.0059172 secs]
   [Parallel Time: 5.1 ms, GC Workers: 8]
      [GC Worker Start (ms): Min: 973524.6, Avg: 973524.7, Max: 973524.7, Diff: 0.1]
      [Ext Root Scanning (ms): Min: 0.3, Avg: 0.4, Max: 0.7, Diff: 0.4, Sum: 2.9]
      [Update RS (ms): Min: 1.1, Avg: 1.8, Max: 4.0, Diff: 2.9, Sum: 14.5]
         [Processed Buffers: Min: 2, Avg: 5.8, Max: 17, Diff: 15, Sum: 46]
      [Scan RS (ms): Min: 0.0, Avg: 1.3, Max: 1.8, Diff: 1.8, Sum: 10.8]
      [Code Root Scanning (ms): Min: 0.0, Avg: 0.0, Max: 0.0, Diff: 0.0, Sum: 0.0]
      [Object Copy (ms): Min: 0.5, Avg: 1.3, Max: 1.5, Diff: 1.0, Sum: 10.3]
      [Termination (ms): Min: 0.0, Avg: 0.0, Max: 0.0, Diff: 0.0, Sum: 0.1]
         [Termination Attempts: Min: 1, Avg: 2.6, Max: 5, Diff: 4, Sum: 21]
      [GC Worker Other (ms): Min: 0.0, Avg: 0.0, Max: 0.0, Diff: 0.0, Sum: 0.1]
      [GC Worker Total (ms): Min: 4.8, Avg: 4.9, Max: 4.9, Diff: 0.1, Sum: 38.8]
      [GC Worker End (ms): Min: 973529.5, Avg: 973529.5, Max: 973529.5, Diff: 0.0]
   [Code Root Fixup: 0.1 ms]
   [Code Root Purge: 0.0 ms]
   [Clear CT: 0.2 ms]
   [Other: 0.6 ms]
      [Choose CSet: 0.0 ms]
      [Ref Proc: 0.3 ms]
      [Ref Enq: 0.0 ms]
      [Redirty Cards: 0.1 ms]
      [Humongous Register: 0.0 ms]
      [Humongous Reclaim: 0.0 ms]
      [Free CSet: 0.0 ms]
   [Eden: 73.0M(73.0M)->0.0B(73.0M) Survivors: 2048.0K->2048.0K Heap: 225.7M(256.0M)->153.1M(256.0M)]
 [Times: user=0.03 sys=0.00, real=0.00 secs] 
2019-02-06T22:24:55.848+0500: 974.793: [GC pause (G1 Evacuation Pause) (young) (initial-mark), 0.0061399 secs]
   [Parallel Time: 5.1 ms, GC Workers: 8]
      [GC Worker Start (ms): Min: 974793.5, Avg: 974793.5, Max: 974793.6, Diff: 0.1]
      [Ext Root Scanning (ms): Min: 0.8, Avg: 0.8, Max: 0.8, Diff: 0.1, Sum: 6.4]
      [Update RS (ms): Min: 2.3, Avg: 2.6, Max: 2.9, Diff: 0.6, Sum: 21.2]
         [Processed Buffers: Min: 5, Avg: 7.5, Max: 11, Diff: 6, Sum: 60]
      [Scan RS (ms): Min: 0.0, Avg: 0.0, Max: 0.1, Diff: 0.1, Sum: 0.2]
      [Code Root Scanning (ms): Min: 0.0, Avg: 0.0, Max: 0.0, Diff: 0.0, Sum: 0.0]
      [Object Copy (ms): Min: 1.1, Avg: 1.3, Max: 1.7, Diff: 0.6, Sum: 10.6]
      [Termination (ms): Min: 0.0, Avg: 0.0, Max: 0.0, Diff: 0.0, Sum: 0.0]
         [Termination Attempts: Min: 1, Avg: 1.0, Max: 1, Diff: 0, Sum: 8]
      [GC Worker Other (ms): Min: 0.0, Avg: 0.0, Max: 0.0, Diff: 0.0, Sum: 0.2]
      [GC Worker Total (ms): Min: 4.8, Avg: 4.8, Max: 4.9, Diff: 0.1, Sum: 38.5]
      [GC Worker End (ms): Min: 974798.3, Avg: 974798.3, Max: 974798.3, Diff: 0.0]
   [Code Root Fixup: 0.1 ms]
   [Code Root Purge: 0.0 ms]
   [Clear CT: 0.2 ms]
   [Other: 0.7 ms]
      [Choose CSet: 0.0 ms]
      [Ref Proc: 0.3 ms]
      [Ref Enq: 0.0 ms]
      [Redirty Cards: 0.2 ms]
      [Humongous Register: 0.0 ms]
      [Humongous Reclaim: 0.0 ms]
      [Free CSet: 0.0 ms]
   [Eden: 73.0M(73.0M)->0.0B(73.0M) Survivors: 2048.0K->2048.0K Heap: 226.1M(256.0M)->152.8M(256.0M)]
 [Times: user=0.04 sys=0.00, real=0.01 secs] 
2019-02-06T22:24:55.855+0500: 974.800: [GC concurrent-root-region-scan-start]
2019-02-06T22:24:55.860+0500: 974.805: [GC concurrent-root-region-scan-end, 0.0053931 secs]
2019-02-06T22:24:55.860+0500: 974.805: [GC concurrent-mark-start]
2019-02-06T22:24:55.892+0500: 974.837: [GC concurrent-mark-end, 0.0319771 secs]
2019-02-06T22:24:55.892+0500: 974.837: [GC remark 2019-02-06T22:24:55.893+0500: 974.837: [Finalize Marking, 0.0007457 secs] 2019-02-06T22:24:55.893+0500: 974.838: [GC ref-proc, 0.0004265 secs] 2019-02-06T22:24:55.894+0500: 974.839: [Unloading, 0.0046273 secs], 0.0081880 secs]
 [Times: user=0.04 sys=0.00, real=0.01 secs] 
2019-02-06T22:24:55.901+0500: 974.846: [GC cleanup 155M->155M(256M), 0.0008770 secs]
 [Times: user=0.00 sys=0.00, real=0.00 secs] 
2019-02-06T22:24:56.920+0500: 975.865: [GC pause (G1 Evacuation Pause) (young), 0.0059028 secs]
   [Parallel Time: 5.0 ms, GC Workers: 8]
      [GC Worker Start (ms): Min: 975864.8, Avg: 975864.8, Max: 975864.9, Diff: 0.1]
      [Ext Root Scanning (ms): Min: 0.3, Avg: 0.4, Max: 0.7, Diff: 0.4, Sum: 3.4]
      [Update RS (ms): Min: 1.5, Avg: 1.9, Max: 2.5, Diff: 1.0, Sum: 15.3]
         [Processed Buffers: Min: 1, Avg: 5.6, Max: 14, Diff: 13, Sum: 45]
      [Scan RS (ms): Min: 0.7, Avg: 1.2, Max: 1.6, Diff: 0.9, Sum: 10.0]
      [Code Root Scanning (ms): Min: 0.0, Avg: 0.0, Max: 0.0, Diff: 0.0, Sum: 0.0]
      [Object Copy (ms): Min: 1.2, Avg: 1.3, Max: 1.4, Diff: 0.2, Sum: 10.1]
      [Termination (ms): Min: 0.0, Avg: 0.0, Max: 0.0, Diff: 0.0, Sum: 0.0]
         [Termination Attempts: Min: 1, Avg: 2.8, Max: 5, Diff: 4, Sum: 22]
      [GC Worker Other (ms): Min: 0.0, Avg: 0.0, Max: 0.0, Diff: 0.0, Sum: 0.1]
      [GC Worker Total (ms): Min: 4.8, Avg: 4.9, Max: 4.9, Diff: 0.1, Sum: 39.0]
      [GC Worker End (ms): Min: 975869.7, Avg: 975869.7, Max: 975869.7, Diff: 0.0]
   [Code Root Fixup: 0.1 ms]
   [Code Root Purge: 0.0 ms]
   [Clear CT: 0.1 ms]
   [Other: 0.7 ms]
      [Choose CSet: 0.0 ms]
      [Ref Proc: 0.3 ms]
      [Ref Enq: 0.0 ms]
      [Redirty Cards: 0.1 ms]
      [Humongous Register: 0.0 ms]
      [Humongous Reclaim: 0.0 ms]
      [Free CSet: 0.0 ms]
   [Eden: 73.0M(73.0M)->0.0B(10.0M) Survivors: 2048.0K->2048.0K Heap: 225.8M(256.0M)->153.2M(256.0M)]
 [Times: user=0.04 sys=0.00, real=0.00 secs] 
2019-02-06T22:24:57.060+0500: 976.005: [GC pause (G1 Evacuation Pause) (mixed), 0.0067701 secs]
   [Parallel Time: 5.7 ms, GC Workers: 8]
      [GC Worker Start (ms): Min: 976005.2, Avg: 976005.2, Max: 976005.3, Diff: 0.1]
      [Ext Root Scanning (ms): Min: 0.3, Avg: 0.4, Max: 0.9, Diff: 0.7, Sum: 3.1]
      [Update RS (ms): Min: 0.8, Avg: 1.4, Max: 1.6, Diff: 0.7, Sum: 11.0]
         [Processed Buffers: Min: 2, Avg: 4.5, Max: 14, Diff: 12, Sum: 36]
      [Scan RS (ms): Min: 2.0, Avg: 2.2, Max: 2.5, Diff: 0.5, Sum: 17.3]
      [Code Root Scanning (ms): Min: 0.0, Avg: 0.1, Max: 0.5, Diff: 0.5, Sum: 0.5]
      [Object Copy (ms): Min: 0.9, Avg: 1.6, Max: 1.7, Diff: 0.8, Sum: 12.5]
      [Termination (ms): Min: 0.0, Avg: 0.0, Max: 0.0, Diff: 0.0, Sum: 0.0]
         [Termination Attempts: Min: 1, Avg: 1.0, Max: 1, Diff: 0, Sum: 8]
      [GC Worker Other (ms): Min: 0.0, Avg: 0.0, Max: 0.0, Diff: 0.0, Sum: 0.2]
      [GC Worker Total (ms): Min: 5.5, Avg: 5.6, Max: 5.6, Diff: 0.1, Sum: 44.5]
      [GC Worker End (ms): Min: 976010.8, Avg: 976010.8, Max: 976010.8, Diff: 0.0]
   [Code Root Fixup: 0.2 ms]
   [Code Root Purge: 0.0 ms]
   [Clear CT: 0.1 ms]
   [Other: 0.7 ms]
      [Choose CSet: 0.0 ms]
      [Ref Proc: 0.3 ms]
      [Ref Enq: 0.0 ms]
      [Redirty Cards: 0.2 ms]
      [Humongous Register: 0.0 ms]
      [Humongous Reclaim: 0.0 ms]
      [Free CSet: 0.0 ms]
   [Eden: 10.0M(10.0M)->0.0B(75.0M) Survivors: 2048.0K->1024.0K Heap: 163.2M(256.0M)->152.1M(256.0M)]
 [Times: user=0.04 sys=0.01, real=0.00 secs] 
2019-02-06T22:24:58.156+0500: 977.101: [GC pause (G1 Evacuation Pause) (young), 0.0078444 secs]
   [Parallel Time: 6.8 ms, GC Workers: 8]
      [GC Worker Start (ms): Min: 977101.0, Avg: 977101.1, Max: 977101.1, Diff: 0.1]
      [Ext Root Scanning (ms): Min: 0.3, Avg: 0.4, Max: 0.8, Diff: 0.4, Sum: 3.2]
      [Update RS (ms): Min: 1.3, Avg: 2.5, Max: 5.5, Diff: 4.2, Sum: 19.7]
         [Processed Buffers: Min: 2, Avg: 5.9, Max: 13, Diff: 11, Sum: 47]
      [Scan RS (ms): Min: 0.0, Avg: 1.2, Max: 1.7, Diff: 1.7, Sum: 9.8]
      [Code Root Scanning (ms): Min: 0.0, Avg: 0.0, Max: 0.0, Diff: 0.0, Sum: 0.0]
      [Object Copy (ms): Min: 0.0, Avg: 1.3, Max: 2.3, Diff: 2.3, Sum: 10.5]
      [Termination (ms): Min: 0.0, Avg: 1.1, Max: 1.4, Diff: 1.4, Sum: 9.1]
         [Termination Attempts: Min: 1, Avg: 1.0, Max: 1, Diff: 0, Sum: 8]
      [GC Worker Other (ms): Min: 0.0, Avg: 0.0, Max: 0.0, Diff: 0.0, Sum: 0.1]
      [GC Worker Total (ms): Min: 6.3, Avg: 6.6, Max: 6.7, Diff: 0.3, Sum: 52.4]
      [GC Worker End (ms): Min: 977107.4, Avg: 977107.6, Max: 977107.8, Diff: 0.4]
   [Code Root Fixup: 0.1 ms]
   [Code Root Purge: 0.0 ms]
   [Clear CT: 0.2 ms]
   [Other: 0.8 ms]
      [Choose CSet: 0.0 ms]
      [Ref Proc: 0.3 ms]
      [Ref Enq: 0.0 ms]
      [Redirty Cards: 0.2 ms]
      [Humongous Register: 0.0 ms]
      [Humongous Reclaim: 0.0 ms]
      [Free CSet: 0.0 ms]
   [Eden: 75.0M(75.0M)->0.0B(73.0M) Survivors: 1024.0K->2048.0K Heap: 227.1M(256.0M)->152.9M(256.0M)]
 [Times: user=0.04 sys=0.00, real=0.01 secs] 
2019-02-06T22:24:59.182+0500: 978.127: [GC pause (G1 Evacuation Pause) (young) (initial-mark), 0.0061139 secs]
   [Parallel Time: 5.0 ms, GC Workers: 8]
      [GC Worker Start (ms): Min: 978126.9, Avg: 978127.0, Max: 978127.0, Diff: 0.1]
      [Ext Root Scanning (ms): Min: 0.7, Avg: 0.7, Max: 0.8, Diff: 0.1, Sum: 5.8]
      [Update RS (ms): Min: 1.3, Avg: 1.5, Max: 1.8, Diff: 0.5, Sum: 12.0]
         [Processed Buffers: Min: 2, Avg: 6.4, Max: 13, Diff: 11, Sum: 51]
      [Scan RS (ms): Min: 1.0, Avg: 1.2, Max: 1.5, Diff: 0.5, Sum: 10.0]
      [Code Root Scanning (ms): Min: 0.0, Avg: 0.0, Max: 0.0, Diff: 0.0, Sum: 0.0]
      [Object Copy (ms): Min: 1.1, Avg: 1.2, Max: 1.2, Diff: 0.1, Sum: 9.2]
      [Termination (ms): Min: 0.0, Avg: 0.0, Max: 0.0, Diff: 0.0, Sum: 0.0]
         [Termination Attempts: Min: 1, Avg: 2.6, Max: 4, Diff: 3, Sum: 21]
      [GC Worker Other (ms): Min: 0.0, Avg: 0.0, Max: 0.0, Diff: 0.0, Sum: 0.2]
      [GC Worker Total (ms): Min: 4.6, Avg: 4.6, Max: 4.7, Diff: 0.1, Sum: 37.2]
      [GC Worker End (ms): Min: 978131.6, Avg: 978131.6, Max: 978131.6, Diff: 0.0]
   [Code Root Fixup: 0.1 ms]
   [Code Root Purge: 0.0 ms]
   [Clear CT: 0.2 ms]
   [Other: 0.9 ms]
      [Choose CSet: 0.0 ms]
      [Ref Proc: 0.5 ms]
      [Ref Enq: 0.0 ms]
      [Redirty Cards: 0.2 ms]
      [Humongous Register: 0.0 ms]
      [Humongous Reclaim: 0.0 ms]
      [Free CSet: 0.0 ms]
   [Eden: 73.0M(73.0M)->0.0B(73.0M) Survivors: 2048.0K->2048.0K Heap: 225.9M(256.0M)->152.7M(256.0M)]
 [Times: user=0.04 sys=0.00, real=0.00 secs] 
2019-02-06T22:24:59.188+0500: 978.133: [GC concurrent-root-region-scan-start]
2019-02-06T22:24:59.193+0500: 978.138: [GC concurrent-root-region-scan-end, 0.0046549 secs]
2019-02-06T22:24:59.193+0500: 978.138: [GC concurrent-mark-start]
2019-02-06T22:24:59.222+0500: 978.167: [GC concurrent-mark-end, 0.0294468 secs]
2019-02-06T22:24:59.223+0500: 978.167: [GC remark 2019-02-06T22:24:59.223+0500: 978.167: [Finalize Marking, 0.0002570 secs] 2019-02-06T22:24:59.223+0500: 978.168: [GC ref-proc, 0.0003922 secs] 2019-02-06T22:24:59.223+0500: 978.168: [Unloading, 0.0042270 secs], 0.0071474 secs]
 [Times: user=0.04 sys=0.00, real=0.01 secs] 
2019-02-06T22:24:59.230+0500: 978.175: [GC cleanup 155M->155M(256M), 0.0007259 secs]
 [Times: user=0.00 sys=0.01, real=0.00 secs] 
2019-02-06T22:25:00.262+0500: 979.207: [GC pause (G1 Evacuation Pause) (young), 0.0051712 secs]
   [Parallel Time: 4.4 ms, GC Workers: 8]
      [GC Worker Start (ms): Min: 979206.7, Avg: 979206.7, Max: 979206.8, Diff: 0.1]
      [Ext Root Scanning (ms): Min: 0.3, Avg: 0.4, Max: 0.7, Diff: 0.4, Sum: 2.8]
      [Update RS (ms): Min: 1.1, Avg: 1.4, Max: 1.6, Diff: 0.5, Sum: 11.3]
         [Processed Buffers: Min: 2, Avg: 5.9, Max: 19, Diff: 17, Sum: 47]
      [Scan RS (ms): Min: 1.0, Avg: 1.2, Max: 1.4, Diff: 0.4, Sum: 9.9]
      [Code Root Scanning (ms): Min: 0.0, Avg: 0.0, Max: 0.0, Diff: 0.0, Sum: 0.0]
      [Object Copy (ms): Min: 1.1, Avg: 1.2, Max: 1.3, Diff: 0.1, Sum: 9.5]
      [Termination (ms): Min: 0.0, Avg: 0.0, Max: 0.0, Diff: 0.0, Sum: 0.0]
         [Termination Attempts: Min: 1, Avg: 2.5, Max: 5, Diff: 4, Sum: 20]
      [GC Worker Other (ms): Min: 0.0, Avg: 0.0, Max: 0.0, Diff: 0.0, Sum: 0.1]
      [GC Worker Total (ms): Min: 4.2, Avg: 4.2, Max: 4.3, Diff: 0.1, Sum: 33.7]
      [GC Worker End (ms): Min: 979211.0, Avg: 979211.0, Max: 979211.0, Diff: 0.0]
   [Code Root Fixup: 0.1 ms]
   [Code Root Purge: 0.0 ms]
   [Clear CT: 0.1 ms]
   [Other: 0.6 ms]
      [Choose CSet: 0.0 ms]
      [Ref Proc: 0.2 ms]
      [Ref Enq: 0.0 ms]
      [Redirty Cards: 0.1 ms]
      [Humongous Register: 0.0 ms]
      [Humongous Reclaim: 0.0 ms]
      [Free CSet: 0.0 ms]
   [Eden: 73.0M(73.0M)->0.0B(73.0M) Survivors: 2048.0K->2048.0K Heap: 225.7M(256.0M)->153.2M(256.0M)]
 [Times: user=0.03 sys=0.00, real=0.00 secs] 
2019-02-06T22:25:01.249+0500: 980.193: [GC pause (G1 Evacuation Pause) (young), 0.0052026 secs]
   [Parallel Time: 4.4 ms, GC Workers: 8]
      [GC Worker Start (ms): Min: 980193.6, Avg: 980193.6, Max: 980193.7, Diff: 0.1]
      [Ext Root Scanning (ms): Min: 0.3, Avg: 0.4, Max: 0.7, Diff: 0.4, Sum: 2.9]
      [Update RS (ms): Min: 1.2, Avg: 1.6, Max: 1.9, Diff: 0.7, Sum: 13.1]
         [Processed Buffers: Min: 3, Avg: 5.0, Max: 9, Diff: 6, Sum: 40]
      [Scan RS (ms): Min: 0.7, Avg: 1.0, Max: 1.3, Diff: 0.6, Sum: 8.0]
      [Code Root Scanning (ms): Min: 0.0, Avg: 0.0, Max: 0.0, Diff: 0.0, Sum: 0.0]
      [Object Copy (ms): Min: 1.1, Avg: 1.2, Max: 1.2, Diff: 0.1, Sum: 9.4]
      [Termination (ms): Min: 0.0, Avg: 0.0, Max: 0.0, Diff: 0.0, Sum: 0.0]
         [Termination Attempts: Min: 1, Avg: 3.4, Max: 5, Diff: 4, Sum: 27]
      [GC Worker Other (ms): Min: 0.0, Avg: 0.0, Max: 0.0, Diff: 0.0, Sum: 0.2]
      [GC Worker Total (ms): Min: 4.1, Avg: 4.2, Max: 4.2, Diff: 0.1, Sum: 33.5]
      [GC Worker End (ms): Min: 980197.8, Avg: 980197.8, Max: 980197.9, Diff: 0.0]
   [Code Root Fixup: 0.1 ms]
   [Code Root Purge: 0.0 ms]
   [Clear CT: 0.2 ms]
   [Other: 0.6 ms]
      [Choose CSet: 0.0 ms]
      [Ref Proc: 0.3 ms]
      [Ref Enq: 0.0 ms]
      [Redirty Cards: 0.1 ms]
      [Humongous Register: 0.0 ms]
      [Humongous Reclaim: 0.0 ms]
      [Free CSet: 0.0 ms]
   [Eden: 73.0M(73.0M)->0.0B(75.0M) Survivors: 2048.0K->1024.0K Heap: 226.2M(256.0M)->152.8M(256.0M)]
 [Times: user=0.03 sys=0.00, real=0.01 secs] 
2019-02-06T22:25:02.353+0500: 981.298: [GC pause (G1 Evacuation Pause) (young) (initial-mark), 0.0187400 secs]
   [Parallel Time: 17.4 ms, GC Workers: 8]
      [GC Worker Start (ms): Min: 981297.9, Avg: 981298.2, Max: 981298.8, Diff: 0.9]
      [Ext Root Scanning (ms): Min: 0.2, Avg: 1.7, Max: 6.8, Diff: 6.6, Sum: 13.4]
      [Update RS (ms): Min: 0.0, Avg: 2.0, Max: 2.7, Diff: 2.7, Sum: 15.6]
         [Processed Buffers: Min: 0, Avg: 5.5, Max: 10, Diff: 10, Sum: 44]
      [Scan RS (ms): Min: 0.0, Avg: 1.0, Max: 1.4, Diff: 1.4, Sum: 8.2]
      [Code Root Scanning (ms): Min: 0.0, Avg: 0.0, Max: 0.0, Diff: 0.0, Sum: 0.0]
      [Object Copy (ms): Min: 0.0, Avg: 1.4, Max: 1.7, Diff: 1.7, Sum: 10.9]
      [Termination (ms): Min: 0.0, Avg: 5.8, Max: 10.9, Diff: 10.9, Sum: 46.8]
         [Termination Attempts: Min: 1, Avg: 2.5, Max: 7, Diff: 6, Sum: 20]
      [GC Worker Other (ms): Min: 0.0, Avg: 0.0, Max: 0.0, Diff: 0.0, Sum: 0.1]
      [GC Worker Total (ms): Min: 6.9, Avg: 11.9, Max: 17.1, Diff: 10.2, Sum: 95.0]
      [GC Worker End (ms): Min: 981305.1, Avg: 981310.1, Max: 981315.0, Diff: 10.0]
   [Code Root Fixup: 0.1 ms]
   [Code Root Purge: 0.0 ms]
   [Clear CT: 0.3 ms]
   [Other: 0.9 ms]
      [Choose CSet: 0.0 ms]
      [Ref Proc: 0.4 ms]
      [Ref Enq: 0.0 ms]
      [Redirty Cards: 0.2 ms]
      [Humongous Register: 0.0 ms]
      [Humongous Reclaim: 0.0 ms]
      [Free CSet: 0.0 ms]
   [Eden: 75.0M(75.0M)->0.0B(73.0M) Survivors: 1024.0K->2048.0K Heap: 227.8M(256.0M)->152.9M(256.0M)]
 [Times: user=0.04 sys=0.00, real=0.02 secs] 
2019-02-06T22:25:02.372+0500: 981.317: [GC concurrent-root-region-scan-start]
2019-02-06T22:25:02.377+0500: 981.322: [GC concurrent-root-region-scan-end, 0.0055219 secs]
2019-02-06T22:25:02.377+0500: 981.322: [GC concurrent-mark-start]
2019-02-06T22:25:02.408+0500: 981.353: [GC concurrent-mark-end, 0.0304123 secs]
2019-02-06T22:25:02.408+0500: 981.353: [GC remark 2019-02-06T22:25:02.408+0500: 981.353: [Finalize Marking, 0.0051985 secs] 2019-02-06T22:25:02.413+0500: 981.358: [GC ref-proc, 0.0004383 secs] 2019-02-06T22:25:02.414+0500: 981.359: [Unloading, 0.0053515 secs], 0.0133807 secs]
 [Times: user=0.04 sys=0.00, real=0.02 secs] 
2019-02-06T22:25:02.422+0500: 981.367: [GC cleanup 154M->154M(256M), 0.0007750 secs]
 [Times: user=0.00 sys=0.00, real=0.00 secs] 
2019-02-06T22:25:03.551+0500: 982.496: [GC pause (G1 Evacuation Pause) (young), 0.0051404 secs]
   [Parallel Time: 4.3 ms, GC Workers: 8]
      [GC Worker Start (ms): Min: 982495.6, Avg: 982495.7, Max: 982495.7, Diff: 0.1]
      [Ext Root Scanning (ms): Min: 0.2, Avg: 0.3, Max: 0.7, Diff: 0.5, Sum: 2.8]
      [Update RS (ms): Min: 1.6, Avg: 1.7, Max: 2.0, Diff: 0.4, Sum: 14.0]
         [Processed Buffers: Min: 3, Avg: 6.0, Max: 11, Diff: 8, Sum: 48]
      [Scan RS (ms): Min: 0.7, Avg: 0.9, Max: 1.0, Diff: 0.3, Sum: 7.0]
      [Code Root Scanning (ms): Min: 0.0, Avg: 0.0, Max: 0.0, Diff: 0.0, Sum: 0.0]
      [Object Copy (ms): Min: 1.0, Avg: 1.2, Max: 1.3, Diff: 0.4, Sum: 9.6]
      [Termination (ms): Min: 0.0, Avg: 0.0, Max: 0.0, Diff: 0.0, Sum: 0.0]
         [Termination Attempts: Min: 1, Avg: 1.5, Max: 2, Diff: 1, Sum: 12]
      [GC Worker Other (ms): Min: 0.0, Avg: 0.0, Max: 0.0, Diff: 0.0, Sum: 0.1]
      [GC Worker Total (ms): Min: 4.1, Avg: 4.2, Max: 4.2, Diff: 0.1, Sum: 33.6]
      [GC Worker End (ms): Min: 982499.9, Avg: 982499.9, Max: 982499.9, Diff: 0.0]
   [Code Root Fixup: 0.1 ms]
   [Code Root Purge: 0.0 ms]
   [Clear CT: 0.2 ms]
   [Other: 0.6 ms]
      [Choose CSet: 0.0 ms]
      [Ref Proc: 0.2 ms]
      [Ref Enq: 0.0 ms]
      [Redirty Cards: 0.1 ms]
      [Humongous Register: 0.0 ms]
      [Humongous Reclaim: 0.0 ms]
      [Free CSet: 0.0 ms]
   [Eden: 73.0M(73.0M)->0.0B(73.0M) Survivors: 2048.0K->2048.0K Heap: 225.9M(256.0M)->153.1M(256.0M)]
 [Times: user=0.03 sys=0.00, real=0.00 secs] 
2019-02-06T22:25:04.816+0500: 983.761: [GC pause (G1 Evacuation Pause) (young), 0.0056266 secs]
   [Parallel Time: 4.7 ms, GC Workers: 8]
      [GC Worker Start (ms): Min: 983761.2, Avg: 983761.2, Max: 983761.3, Diff: 0.1]
      [Ext Root Scanning (ms): Min: 0.2, Avg: 0.4, Max: 0.7, Diff: 0.5, Sum: 2.8]
      [Update RS (ms): Min: 1.6, Avg: 2.0, Max: 2.4, Diff: 0.7, Sum: 16.1]
         [Processed Buffers: Min: 2, Avg: 6.1, Max: 16, Diff: 14, Sum: 49]
      [Scan RS (ms): Min: 0.5, Avg: 0.8, Max: 0.9, Diff: 0.4, Sum: 6.2]
      [Code Root Scanning (ms): Min: 0.0, Avg: 0.0, Max: 0.0, Diff: 0.0, Sum: 0.0]
      [Object Copy (ms): Min: 1.3, Avg: 1.4, Max: 1.5, Diff: 0.1, Sum: 11.2]
      [Termination (ms): Min: 0.0, Avg: 0.0, Max: 0.0, Diff: 0.0, Sum: 0.0]
         [Termination Attempts: Min: 1, Avg: 1.6, Max: 3, Diff: 2, Sum: 13]
      [GC Worker Other (ms): Min: 0.0, Avg: 0.0, Max: 0.0, Diff: 0.0, Sum: 0.1]
      [GC Worker Total (ms): Min: 4.5, Avg: 4.6, Max: 4.6, Diff: 0.1, Sum: 36.5]
      [GC Worker End (ms): Min: 983765.8, Avg: 983765.8, Max: 983765.8, Diff: 0.0]
   [Code Root Fixup: 0.1 ms]
   [Code Root Purge: 0.0 ms]
   [Clear CT: 0.1 ms]
   [Other: 0.7 ms]
      [Choose CSet: 0.0 ms]
      [Ref Proc: 0.3 ms]
      [Ref Enq: 0.0 ms]
      [Redirty Cards: 0.2 ms]
      [Humongous Register: 0.0 ms]
      [Humongous Reclaim: 0.0 ms]
      [Free CSet: 0.0 ms]
   [Eden: 73.0M(73.0M)->0.0B(72.0M) Survivors: 2048.0K->2048.0K Heap: 226.1M(256.0M)->153.6M(256.0M)]
 [Times: user=0.04 sys=0.00, real=0.01 secs] 
2019-02-06T22:25:05.940+0500: 984.885: [GC pause (G1 Evacuation Pause) (young) (initial-mark), 0.0056501 secs]
   [Parallel Time: 4.8 ms, GC Workers: 8]
      [GC Worker Start (ms): Min: 984884.9, Avg: 984884.9, Max: 984885.0, Diff: 0.1]
      [Ext Root Scanning (ms): Min: 0.7, Avg: 0.7, Max: 0.8, Diff: 0.1, Sum: 5.9]
      [Update RS (ms): Min: 2.4, Avg: 2.6, Max: 2.9, Diff: 0.5, Sum: 20.9]
         [Processed Buffers: Min: 3, Avg: 7.1, Max: 11, Diff: 8, Sum: 57]
      [Scan RS (ms): Min: 0.0, Avg: 0.0, Max: 0.2, Diff: 0.1, Sum: 0.3]
      [Code Root Scanning (ms): Min: 0.0, Avg: 0.0, Max: 0.0, Diff: 0.0, Sum: 0.0]
      [Object Copy (ms): Min: 0.9, Avg: 1.2, Max: 1.3, Diff: 0.4, Sum: 9.3]
      [Termination (ms): Min: 0.0, Avg: 0.0, Max: 0.0, Diff: 0.0, Sum: 0.0]
         [Termination Attempts: Min: 1, Avg: 1.2, Max: 2, Diff: 1, Sum: 10]
      [GC Worker Other (ms): Min: 0.0, Avg: 0.0, Max: 0.0, Diff: 0.0, Sum: 0.1]
      [GC Worker Total (ms): Min: 4.5, Avg: 4.6, Max: 4.6, Diff: 0.1, Sum: 36.5]
      [GC Worker End (ms): Min: 984889.5, Avg: 984889.5, Max: 984889.5, Diff: 0.0]
   [Code Root Fixup: 0.1 ms]
   [Code Root Purge: 0.0 ms]
   [Clear CT: 0.2 ms]
   [Other: 0.7 ms]
      [Choose CSet: 0.0 ms]
      [Ref Proc: 0.3 ms]
      [Ref Enq: 0.0 ms]
      [Redirty Cards: 0.1 ms]
      [Humongous Register: 0.0 ms]
      [Humongous Reclaim: 0.0 ms]
      [Free CSet: 0.0 ms]
   [Eden: 72.0M(72.0M)->0.0B(72.0M) Survivors: 2048.0K->2048.0K Heap: 225.6M(256.0M)->153.2M(256.0M)]
 [Times: user=0.03 sys=0.00, real=0.00 secs] 
2019-02-06T22:25:05.946+0500: 984.891: [GC concurrent-root-region-scan-start]
2019-02-06T22:25:05.951+0500: 984.896: [GC concurrent-root-region-scan-end, 0.0053586 secs]
2019-02-06T22:25:05.952+0500: 984.896: [GC concurrent-mark-start]
2019-02-06T22:25:05.982+0500: 984.927: [GC concurrent-mark-end, 0.0302827 secs]
2019-02-06T22:25:05.982+0500: 984.927: [GC remark 2019-02-06T22:25:05.982+0500: 984.927: [Finalize Marking, 0.0003314 secs] 2019-02-06T22:25:05.982+0500: 984.927: [GC ref-proc, 0.0004154 secs] 2019-02-06T22:25:05.983+0500: 984.928: [Unloading, 0.0045073 secs], 0.0078289 secs]
 [Times: user=0.03 sys=0.01, real=0.01 secs] 
2019-02-06T22:25:05.990+0500: 984.935: [GC cleanup 156M->156M(256M), 0.0007426 secs]
 [Times: user=0.00 sys=0.00, real=0.00 secs] 
2019-02-06T22:25:07.145+0500: 986.089: [GC pause (G1 Evacuation Pause) (young), 0.0052554 secs]
   [Parallel Time: 4.3 ms, GC Workers: 8]
      [GC Worker Start (ms): Min: 986089.5, Avg: 986089.6, Max: 986089.6, Diff: 0.1]
      [Ext Root Scanning (ms): Min: 0.3, Avg: 0.4, Max: 0.7, Diff: 0.5, Sum: 2.9]
      [Update RS (ms): Min: 1.2, Avg: 1.6, Max: 1.9, Diff: 0.8, Sum: 13.0]
         [Processed Buffers: Min: 3, Avg: 5.4, Max: 9, Diff: 6, Sum: 43]
      [Scan RS (ms): Min: 0.8, Avg: 1.1, Max: 1.3, Diff: 0.4, Sum: 8.6]
      [Code Root Scanning (ms): Min: 0.0, Avg: 0.0, Max: 0.0, Diff: 0.0, Sum: 0.0]
      [Object Copy (ms): Min: 1.1, Avg: 1.2, Max: 1.2, Diff: 0.1, Sum: 9.2]
      [Termination (ms): Min: 0.0, Avg: 0.0, Max: 0.0, Diff: 0.0, Sum: 0.0]
         [Termination Attempts: Min: 1, Avg: 1.1, Max: 2, Diff: 1, Sum: 9]
      [GC Worker Other (ms): Min: 0.0, Avg: 0.0, Max: 0.0, Diff: 0.0, Sum: 0.2]
      [GC Worker Total (ms): Min: 4.2, Avg: 4.2, Max: 4.3, Diff: 0.1, Sum: 34.0]
      [GC Worker End (ms): Min: 986093.8, Avg: 986093.8, Max: 986093.8, Diff: 0.0]
   [Code Root Fixup: 0.1 ms]
   [Code Root Purge: 0.0 ms]
   [Clear CT: 0.1 ms]
   [Other: 0.7 ms]
      [Choose CSet: 0.0 ms]
      [Ref Proc: 0.3 ms]
      [Ref Enq: 0.0 ms]
      [Redirty Cards: 0.2 ms]
      [Humongous Register: 0.0 ms]
      [Humongous Reclaim: 0.0 ms]
      [Free CSet: 0.0 ms]
   [Eden: 72.0M(72.0M)->0.0B(10.0M) Survivors: 2048.0K->2048.0K Heap: 225.2M(256.0M)->153.5M(256.0M)]
 [Times: user=0.03 sys=0.00, real=0.01 secs] 
2019-02-06T22:25:07.314+0500: 986.258: [GC pause (G1 Evacuation Pause) (mixed), 0.0064762 secs]
   [Parallel Time: 5.5 ms, GC Workers: 8]
      [GC Worker Start (ms): Min: 986258.5, Avg: 986258.6, Max: 986258.6, Diff: 0.1]
      [Ext Root Scanning (ms): Min: 0.3, Avg: 0.4, Max: 0.8, Diff: 0.5, Sum: 3.0]
      [Update RS (ms): Min: 1.2, Avg: 1.6, Max: 1.8, Diff: 0.6, Sum: 12.6]
         [Processed Buffers: Min: 3, Avg: 4.9, Max: 13, Diff: 10, Sum: 39]
      [Scan RS (ms): Min: 1.9, Avg: 2.2, Max: 2.3, Diff: 0.3, Sum: 17.2]
      [Code Root Scanning (ms): Min: 0.0, Avg: 0.0, Max: 0.0, Diff: 0.0, Sum: 0.0]
      [Object Copy (ms): Min: 1.3, Avg: 1.3, Max: 1.4, Diff: 0.1, Sum: 10.6]
      [Termination (ms): Min: 0.0, Avg: 0.0, Max: 0.0, Diff: 0.0, Sum: 0.0]
         [Termination Attempts: Min: 1, Avg: 2.1, Max: 4, Diff: 3, Sum: 17]
      [GC Worker Other (ms): Min: 0.0, Avg: 0.0, Max: 0.0, Diff: 0.0, Sum: 0.1]
      [GC Worker Total (ms): Min: 5.4, Avg: 5.4, Max: 5.5, Diff: 0.1, Sum: 43.4]
      [GC Worker End (ms): Min: 986264.0, Avg: 986264.0, Max: 986264.0, Diff: 0.0]
   [Code Root Fixup: 0.1 ms]
   [Code Root Purge: 0.0 ms]
   [Clear CT: 0.1 ms]
   [Other: 0.7 ms]
      [Choose CSet: 0.0 ms]
      [Ref Proc: 0.3 ms]
      [Ref Enq: 0.0 ms]
      [Redirty Cards: 0.2 ms]
      [Humongous Register: 0.0 ms]
      [Humongous Reclaim: 0.0 ms]
      [Free CSet: 0.0 ms]
   [Eden: 10.0M(10.0M)->0.0B(73.0M) Survivors: 2048.0K->2048.0K Heap: 163.5M(256.0M)->152.5M(256.0M)]
 [Times: user=0.05 sys=0.00, real=0.01 secs] 
2019-02-06T22:25:08.570+0500: 987.515: [GC pause (G1 Evacuation Pause) (young), 0.0052683 secs]
   [Parallel Time: 4.4 ms, GC Workers: 8]
      [GC Worker Start (ms): Min: 987515.3, Avg: 987515.3, Max: 987515.4, Diff: 0.1]
      [Ext Root Scanning (ms): Min: 0.3, Avg: 0.4, Max: 0.9, Diff: 0.6, Sum: 3.3]
      [Update RS (ms): Min: 1.8, Avg: 2.0, Max: 2.3, Diff: 0.5, Sum: 16.0]
         [Processed Buffers: Min: 3, Avg: 5.9, Max: 17, Diff: 14, Sum: 47]
      [Scan RS (ms): Min: 0.5, Avg: 0.8, Max: 0.9, Diff: 0.4, Sum: 6.1]
      [Code Root Scanning (ms): Min: 0.0, Avg: 0.0, Max: 0.0, Diff: 0.0, Sum: 0.0]
      [Object Copy (ms): Min: 1.0, Avg: 1.1, Max: 1.2, Diff: 0.2, Sum: 8.5]
      [Termination (ms): Min: 0.0, Avg: 0.0, Max: 0.0, Diff: 0.0, Sum: 0.0]
         [Termination Attempts: Min: 1, Avg: 1.0, Max: 1, Diff: 0, Sum: 8]
      [GC Worker Other (ms): Min: 0.0, Avg: 0.0, Max: 0.0, Diff: 0.0, Sum: 0.1]
      [GC Worker Total (ms): Min: 4.2, Avg: 4.3, Max: 4.3, Diff: 0.1, Sum: 34.0]
      [GC Worker End (ms): Min: 987519.6, Avg: 987519.6, Max: 987519.6, Diff: 0.0]
   [Code Root Fixup: 0.1 ms]
   [Code Root Purge: 0.0 ms]
   [Clear CT: 0.2 ms]
   [Other: 0.7 ms]
      [Choose CSet: 0.0 ms]
      [Ref Proc: 0.3 ms]
      [Ref Enq: 0.0 ms]
      [Redirty Cards: 0.2 ms]
      [Humongous Register: 0.0 ms]
      [Humongous Reclaim: 0.0 ms]
      [Free CSet: 0.0 ms]
   [Eden: 73.0M(73.0M)->0.0B(75.0M) Survivors: 2048.0K->1024.0K Heap: 225.5M(256.0M)->152.5M(256.0M)]
 [Times: user=0.03 sys=0.00, real=0.00 secs] 
2019-02-06T22:25:09.579+0500: 988.523: [GC pause (G1 Evacuation Pause) (young) (initial-mark), 0.0057063 secs]
   [Parallel Time: 4.7 ms, GC Workers: 8]
      [GC Worker Start (ms): Min: 988523.5, Avg: 988523.5, Max: 988523.6, Diff: 0.1]
      [Ext Root Scanning (ms): Min: 0.7, Avg: 0.7, Max: 0.8, Diff: 0.1, Sum: 5.7]
      [Update RS (ms): Min: 1.9, Avg: 2.0, Max: 2.3, Diff: 0.4, Sum: 16.3]
         [Processed Buffers: Min: 3, Avg: 5.9, Max: 13, Diff: 10, Sum: 47]
      [Scan RS (ms): Min: 0.4, Avg: 0.6, Max: 0.8, Diff: 0.4, Sum: 5.1]
      [Code Root Scanning (ms): Min: 0.0, Avg: 0.0, Max: 0.0, Diff: 0.0, Sum: 0.0]
      [Object Copy (ms): Min: 1.0, Avg: 1.1, Max: 1.1, Diff: 0.1, Sum: 8.8]
      [Termination (ms): Min: 0.0, Avg: 0.0, Max: 0.0, Diff: 0.0, Sum: 0.0]
         [Termination Attempts: Min: 1, Avg: 1.0, Max: 1, Diff: 0, Sum: 8]
      [GC Worker Other (ms): Min: 0.0, Avg: 0.0, Max: 0.0, Diff: 0.0, Sum: 0.1]
      [GC Worker Total (ms): Min: 4.5, Avg: 4.5, Max: 4.5, Diff: 0.1, Sum: 36.0]
      [GC Worker End (ms): Min: 988528.0, Avg: 988528.0, Max: 988528.0, Diff: 0.0]
   [Code Root Fixup: 0.1 ms]
   [Code Root Purge: 0.0 ms]
   [Clear CT: 0.1 ms]
   [Other: 0.7 ms]
      [Choose CSet: 0.0 ms]
      [Ref Proc: 0.3 ms]
      [Ref Enq: 0.0 ms]
      [Redirty Cards: 0.1 ms]
      [Humongous Register: 0.0 ms]
      [Humongous Reclaim: 0.0 ms]
      [Free CSet: 0.0 ms]
   [Eden: 75.0M(75.0M)->0.0B(73.0M) Survivors: 1024.0K->2048.0K Heap: 227.5M(256.0M)->152.7M(256.0M)]
 [Times: user=0.04 sys=0.01, real=0.01 secs] 
2019-02-06T22:25:09.584+0500: 988.529: [GC concurrent-root-region-scan-start]
2019-02-06T22:25:09.590+0500: 988.534: [GC concurrent-root-region-scan-end, 0.0052163 secs]
2019-02-06T22:25:09.590+0500: 988.534: [GC concurrent-mark-start]
2019-02-06T22:25:09.621+0500: 988.565: [GC concurrent-mark-end, 0.0309166 secs]
2019-02-06T22:25:09.621+0500: 988.566: [GC remark 2019-02-06T22:25:09.621+0500: 988.566: [Finalize Marking, 0.0003677 secs] 2019-02-06T22:25:09.621+0500: 988.566: [GC ref-proc, 0.0004162 secs] 2019-02-06T22:25:09.622+0500: 988.567: [Unloading, 0.0043301 secs], 0.0073949 secs]
 [Times: user=0.04 sys=0.00, real=0.00 secs] 
2019-02-06T22:25:09.629+0500: 988.573: [GC cleanup 155M->155M(256M), 0.0007190 secs]
 [Times: user=0.00 sys=0.00, real=0.00 secs] 
2019-02-06T22:25:10.595+0500: 989.540: [GC pause (G1 Evacuation Pause) (young), 0.0050076 secs]
   [Parallel Time: 4.2 ms, GC Workers: 8]
      [GC Worker Start (ms): Min: 989540.1, Avg: 989540.1, Max: 989540.2, Diff: 0.1]
      [Ext Root Scanning (ms): Min: 0.3, Avg: 0.5, Max: 1.6, Diff: 1.3, Sum: 4.2]
      [Update RS (ms): Min: 1.3, Avg: 2.4, Max: 2.8, Diff: 1.5, Sum: 19.4]
         [Processed Buffers: Min: 5, Avg: 7.1, Max: 12, Diff: 7, Sum: 57]
      [Scan RS (ms): Min: 0.0, Avg: 0.0, Max: 0.1, Diff: 0.1, Sum: 0.2]
      [Code Root Scanning (ms): Min: 0.0, Avg: 0.0, Max: 0.0, Diff: 0.0, Sum: 0.0]
      [Object Copy (ms): Min: 1.0, Avg: 1.1, Max: 1.2, Diff: 0.2, Sum: 8.9]
      [Termination (ms): Min: 0.0, Avg: 0.0, Max: 0.0, Diff: 0.0, Sum: 0.0]
         [Termination Attempts: Min: 1, Avg: 1.0, Max: 1, Diff: 0, Sum: 8]
      [GC Worker Other (ms): Min: 0.0, Avg: 0.0, Max: 0.0, Diff: 0.0, Sum: 0.2]
      [GC Worker Total (ms): Min: 4.1, Avg: 4.1, Max: 4.1, Diff: 0.1, Sum: 32.8]
      [GC Worker End (ms): Min: 989544.2, Avg: 989544.2, Max: 989544.3, Diff: 0.0]
   [Code Root Fixup: 0.1 ms]
   [Code Root Purge: 0.0 ms]
   [Clear CT: 0.1 ms]
   [Other: 0.6 ms]
      [Choose CSet: 0.0 ms]
      [Ref Proc: 0.3 ms]
      [Ref Enq: 0.0 ms]
      [Redirty Cards: 0.1 ms]
      [Humongous Register: 0.0 ms]
      [Humongous Reclaim: 0.0 ms]
      [Free CSet: 0.0 ms]
   [Eden: 73.0M(73.0M)->0.0B(73.0M) Survivors: 2048.0K->2048.0K Heap: 225.7M(256.0M)->152.9M(256.0M)]
 [Times: user=0.03 sys=0.00, real=0.01 secs] 
2019-02-06T22:25:11.548+0500: 990.493: [GC pause (G1 Evacuation Pause) (young), 0.0053546 secs]
   [Parallel Time: 4.4 ms, GC Workers: 8]
      [GC Worker Start (ms): Min: 990493.0, Avg: 990493.1, Max: 990493.1, Diff: 0.1]
      [Ext Root Scanning (ms): Min: 0.3, Avg: 0.4, Max: 0.7, Diff: 0.5, Sum: 2.9]
      [Update RS (ms): Min: 1.1, Avg: 1.6, Max: 2.0, Diff: 0.9, Sum: 12.9]
         [Processed Buffers: Min: 3, Avg: 5.5, Max: 9, Diff: 6, Sum: 44]
      [Scan RS (ms): Min: 0.7, Avg: 1.1, Max: 1.8, Diff: 1.1, Sum: 9.0]
      [Code Root Scanning (ms): Min: 0.0, Avg: 0.0, Max: 0.0, Diff: 0.0, Sum: 0.0]
      [Object Copy (ms): Min: 0.7, Avg: 1.2, Max: 1.3, Diff: 0.7, Sum: 9.6]
      [Termination (ms): Min: 0.0, Avg: 0.0, Max: 0.0, Diff: 0.0, Sum: 0.0]
         [Termination Attempts: Min: 1, Avg: 1.5, Max: 2, Diff: 1, Sum: 12]
      [GC Worker Other (ms): Min: 0.0, Avg: 0.0, Max: 0.0, Diff: 0.0, Sum: 0.1]
      [GC Worker Total (ms): Min: 4.3, Avg: 4.3, Max: 4.4, Diff: 0.1, Sum: 34.7]
      [GC Worker End (ms): Min: 990497.4, Avg: 990497.4, Max: 990497.4, Diff: 0.0]
   [Code Root Fixup: 0.1 ms]
   [Code Root Purge: 0.0 ms]
   [Clear CT: 0.2 ms]
   [Other: 0.7 ms]
      [Choose CSet: 0.0 ms]
      [Ref Proc: 0.3 ms]
      [Ref Enq: 0.0 ms]
      [Redirty Cards: 0.2 ms]
      [Humongous Register: 0.0 ms]
      [Humongous Reclaim: 0.0 ms]
      [Free CSet: 0.0 ms]
   [Eden: 73.0M(73.0M)->0.0B(73.0M) Survivors: 2048.0K->2048.0K Heap: 225.9M(256.0M)->153.0M(256.0M)]
 [Times: user=0.03 sys=0.00, real=0.01 secs] 
2019-02-06T22:25:12.493+0500: 991.437: [GC pause (G1 Evacuation Pause) (young) (initial-mark), 0.0057734 secs]
   [Parallel Time: 4.8 ms, GC Workers: 8]
      [GC Worker Start (ms): Min: 991437.5, Avg: 991437.6, Max: 991437.6, Diff: 0.1]
      [Ext Root Scanning (ms): Min: 0.7, Avg: 0.7, Max: 0.8, Diff: 0.1, Sum: 5.8]
      [Update RS (ms): Min: 1.5, Avg: 1.7, Max: 2.0, Diff: 0.5, Sum: 13.8]
         [Processed Buffers: Min: 3, Avg: 5.6, Max: 11, Diff: 8, Sum: 45]
      [Scan RS (ms): Min: 0.7, Avg: 0.9, Max: 1.2, Diff: 0.5, Sum: 7.4]
      [Code Root Scanning (ms): Min: 0.0, Avg: 0.0, Max: 0.0, Diff: 0.0, Sum: 0.0]
      [Object Copy (ms): Min: 1.1, Avg: 1.2, Max: 1.3, Diff: 0.2, Sum: 9.5]
      [Termination (ms): Min: 0.0, Avg: 0.0, Max: 0.0, Diff: 0.0, Sum: 0.0]
         [Termination Attempts: Min: 1, Avg: 3.1, Max: 7, Diff: 6, Sum: 25]
      [GC Worker Other (ms): Min: 0.0, Avg: 0.0, Max: 0.0, Diff: 0.0, Sum: 0.1]
      [GC Worker Total (ms): Min: 4.5, Avg: 4.6, Max: 4.6, Diff: 0.1, Sum: 36.7]
      [GC Worker End (ms): Min: 991442.2, Avg: 991442.2, Max: 991442.2, Diff: 0.0]
   [Code Root Fixup: 0.1 ms]
   [Code Root Purge: 0.0 ms]
   [Clear CT: 0.2 ms]
   [Other: 0.7 ms]
      [Choose CSet: 0.0 ms]
      [Ref Proc: 0.3 ms]
      [Ref Enq: 0.0 ms]
      [Redirty Cards: 0.2 ms]
      [Humongous Register: 0.0 ms]
      [Humongous Reclaim: 0.0 ms]
      [Free CSet: 0.0 ms]
   [Eden: 73.0M(73.0M)->0.0B(73.0M) Survivors: 2048.0K->2048.0K Heap: 226.0M(256.0M)->152.9M(256.0M)]
 [Times: user=0.04 sys=0.00, real=0.00 secs] 
2019-02-06T22:25:12.499+0500: 991.443: [GC concurrent-root-region-scan-start]
2019-02-06T22:25:12.504+0500: 991.449: [GC concurrent-root-region-scan-end, 0.0052694 secs]
2019-02-06T22:25:12.504+0500: 991.449: [GC concurrent-mark-start]
2019-02-06T22:25:12.535+0500: 991.479: [GC concurrent-mark-end, 0.0308549 secs]
2019-02-06T22:25:12.535+0500: 991.480: [GC remark 2019-02-06T22:25:12.535+0500: 991.480: [Finalize Marking, 0.0003356 secs] 2019-02-06T22:25:12.535+0500: 991.480: [GC ref-proc, 0.0002948 secs] 2019-02-06T22:25:12.536+0500: 991.480: [Unloading, 0.0042511 secs], 0.0074053 secs]
 [Times: user=0.04 sys=0.01, real=0.01 secs] 
2019-02-06T22:25:12.543+0500: 991.488: [GC cleanup 155M->155M(256M), 0.0007124 secs]
 [Times: user=0.00 sys=0.00, real=0.00 secs] 
2019-02-06T22:25:13.394+0500: 992.338: [GC pause (G1 Evacuation Pause) (young), 0.0047998 secs]
   [Parallel Time: 4.0 ms, GC Workers: 8]
      [GC Worker Start (ms): Min: 992338.5, Avg: 992338.6, Max: 992338.7, Diff: 0.1]
      [Ext Root Scanning (ms): Min: 0.3, Avg: 0.3, Max: 0.7, Diff: 0.5, Sum: 2.8]
      [Update RS (ms): Min: 1.4, Avg: 1.8, Max: 2.0, Diff: 0.6, Sum: 14.0]
         [Processed Buffers: Min: 3, Avg: 6.0, Max: 17, Diff: 14, Sum: 48]
      [Scan RS (ms): Min: 0.4, Avg: 0.7, Max: 0.9, Diff: 0.4, Sum: 5.5]
      [Code Root Scanning (ms): Min: 0.0, Avg: 0.0, Max: 0.0, Diff: 0.0, Sum: 0.0]
      [Object Copy (ms): Min: 0.9, Avg: 1.0, Max: 1.0, Diff: 0.1, Sum: 7.8]
      [Termination (ms): Min: 0.0, Avg: 0.0, Max: 0.0, Diff: 0.0, Sum: 0.0]
         [Termination Attempts: Min: 1, Avg: 1.0, Max: 1, Diff: 0, Sum: 8]
      [GC Worker Other (ms): Min: 0.0, Avg: 0.0, Max: 0.0, Diff: 0.0, Sum: 0.2]
      [GC Worker Total (ms): Min: 3.7, Avg: 3.8, Max: 3.8, Diff: 0.1, Sum: 30.3]
      [GC Worker End (ms): Min: 992342.4, Avg: 992342.4, Max: 992342.4, Diff: 0.0]
   [Code Root Fixup: 0.1 ms]
   [Code Root Purge: 0.0 ms]
   [Clear CT: 0.1 ms]
   [Other: 0.6 ms]
      [Choose CSet: 0.0 ms]
      [Ref Proc: 0.3 ms]
      [Ref Enq: 0.0 ms]
      [Redirty Cards: 0.2 ms]
      [Humongous Register: 0.0 ms]
      [Humongous Reclaim: 0.0 ms]
      [Free CSet: 0.0 ms]
   [Eden: 73.0M(73.0M)->0.0B(11.0M) Survivors: 2048.0K->1024.0K Heap: 225.9M(256.0M)->152.8M(256.0M)]
 [Times: user=0.03 sys=0.00, real=0.00 secs] 
2019-02-06T22:25:13.544+0500: 992.488: [GC pause (G1 Evacuation Pause) (mixed), 0.0060549 secs]
   [Parallel Time: 5.2 ms, GC Workers: 8]
      [GC Worker Start (ms): Min: 992488.5, Avg: 992488.6, Max: 992488.6, Diff: 0.1]
      [Ext Root Scanning (ms): Min: 0.2, Avg: 0.3, Max: 0.7, Diff: 0.5, Sum: 2.8]
      [Update RS (ms): Min: 2.1, Avg: 2.3, Max: 2.5, Diff: 0.5, Sum: 18.2]
         [Processed Buffers: Min: 5, Avg: 7.4, Max: 14, Diff: 9, Sum: 59]
      [Scan RS (ms): Min: 1.2, Avg: 1.3, Max: 1.4, Diff: 0.3, Sum: 10.7]
      [Code Root Scanning (ms): Min: 0.0, Avg: 0.0, Max: 0.0, Diff: 0.0, Sum: 0.0]
      [Object Copy (ms): Min: 1.0, Avg: 1.1, Max: 1.1, Diff: 0.1, Sum: 8.4]
      [Termination (ms): Min: 0.0, Avg: 0.0, Max: 0.0, Diff: 0.0, Sum: 0.0]
         [Termination Attempts: Min: 1, Avg: 2.4, Max: 4, Diff: 3, Sum: 19]
      [GC Worker Other (ms): Min: 0.0, Avg: 0.0, Max: 0.1, Diff: 0.1, Sum: 0.2]
      [GC Worker Total (ms): Min: 5.0, Avg: 5.0, Max: 5.1, Diff: 0.1, Sum: 40.3]
      [GC Worker End (ms): Min: 992493.6, Avg: 992493.6, Max: 992493.6, Diff: 0.1]
   [Code Root Fixup: 0.1 ms]
   [Code Root Purge: 0.0 ms]
   [Clear CT: 0.1 ms]
   [Other: 0.6 ms]
      [Choose CSet: 0.0 ms]
      [Ref Proc: 0.2 ms]
      [Ref Enq: 0.0 ms]
      [Redirty Cards: 0.1 ms]
      [Humongous Register: 0.0 ms]
      [Humongous Reclaim: 0.0 ms]
      [Free CSet: 0.0 ms]
   [Eden: 11.0M(11.0M)->0.0B(75.0M) Survivors: 1024.0K->1024.0K Heap: 163.8M(256.0M)->151.9M(256.0M)]
 [Times: user=0.04 sys=0.00, real=0.01 secs] 
2019-02-06T22:25:14.574+0500: 993.518: [GC pause (G1 Evacuation Pause) (young), 0.0049695 secs]
   [Parallel Time: 4.1 ms, GC Workers: 8]
      [GC Worker Start (ms): Min: 993518.4, Avg: 993518.4, Max: 993518.4, Diff: 0.1]
      [Ext Root Scanning (ms): Min: 0.3, Avg: 0.4, Max: 0.7, Diff: 0.4, Sum: 2.9]
      [Update RS (ms): Min: 1.4, Avg: 1.8, Max: 2.1, Diff: 0.6, Sum: 14.3]
         [Processed Buffers: Min: 3, Avg: 5.8, Max: 9, Diff: 6, Sum: 46]
      [Scan RS (ms): Min: 0.6, Avg: 0.8, Max: 1.0, Diff: 0.4, Sum: 6.6]
      [Code Root Scanning (ms): Min: 0.0, Avg: 0.0, Max: 0.0, Diff: 0.0, Sum: 0.0]
      [Object Copy (ms): Min: 0.9, Avg: 0.9, Max: 1.0, Diff: 0.1, Sum: 7.6]
      [Termination (ms): Min: 0.0, Avg: 0.0, Max: 0.0, Diff: 0.0, Sum: 0.0]
         [Termination Attempts: Min: 1, Avg: 1.6, Max: 3, Diff: 2, Sum: 13]
      [GC Worker Other (ms): Min: 0.0, Avg: 0.0, Max: 0.0, Diff: 0.0, Sum: 0.1]
      [GC Worker Total (ms): Min: 3.9, Avg: 4.0, Max: 4.0, Diff: 0.1, Sum: 31.6]
      [GC Worker End (ms): Min: 993522.4, Avg: 993522.4, Max: 993522.4, Diff: 0.0]
   [Code Root Fixup: 0.1 ms]
   [Code Root Purge: 0.0 ms]
   [Clear CT: 0.1 ms]
   [Other: 0.6 ms]
      [Choose CSet: 0.0 ms]
      [Ref Proc: 0.3 ms]
      [Ref Enq: 0.0 ms]
      [Redirty Cards: 0.2 ms]
      [Humongous Register: 0.0 ms]
      [Humongous Reclaim: 0.0 ms]
      [Free CSet: 0.0 ms]
   [Eden: 75.0M(75.0M)->0.0B(75.0M) Survivors: 1024.0K->1024.0K Heap: 226.9M(256.0M)->152.1M(256.0M)]
 [Times: user=0.03 sys=0.00, real=0.01 secs] 
2019-02-06T22:25:15.551+0500: 994.495: [GC pause (G1 Evacuation Pause) (young) (initial-mark), 0.0061032 secs]
   [Parallel Time: 5.3 ms, GC Workers: 8]
      [GC Worker Start (ms): Min: 994495.7, Avg: 994495.7, Max: 994495.7, Diff: 0.1]
      [Ext Root Scanning (ms): Min: 0.7, Avg: 0.7, Max: 0.7, Diff: 0.1, Sum: 5.7]
      [Update RS (ms): Min: 2.3, Avg: 2.4, Max: 2.6, Diff: 0.3, Sum: 19.1]
         [Processed Buffers: Min: 4, Avg: 7.0, Max: 12, Diff: 8, Sum: 56]
      [Scan RS (ms): Min: 0.0, Avg: 0.0, Max: 0.1, Diff: 0.1, Sum: 0.1]
      [Code Root Scanning (ms): Min: 0.0, Avg: 0.0, Max: 0.0, Diff: 0.0, Sum: 0.0]
      [Object Copy (ms): Min: 0.9, Avg: 1.2, Max: 1.8, Diff: 0.9, Sum: 9.3]
      [Termination (ms): Min: 0.0, Avg: 0.7, Max: 0.8, Diff: 0.8, Sum: 5.7]
         [Termination Attempts: Min: 1, Avg: 1.0, Max: 1, Diff: 0, Sum: 8]
      [GC Worker Other (ms): Min: 0.0, Avg: 0.0, Max: 0.0, Diff: 0.0, Sum: 0.1]
      [GC Worker Total (ms): Min: 4.9, Avg: 5.0, Max: 5.1, Diff: 0.1, Sum: 40.1]
      [GC Worker End (ms): Min: 994500.6, Avg: 994500.7, Max: 994500.7, Diff: 0.1]
   [Code Root Fixup: 0.1 ms]
   [Code Root Purge: 0.0 ms]
   [Clear CT: 0.1 ms]
   [Other: 0.6 ms]
      [Choose CSet: 0.0 ms]
      [Ref Proc: 0.2 ms]
      [Ref Enq: 0.0 ms]
      [Redirty Cards: 0.1 ms]
      [Humongous Register: 0.0 ms]
      [Humongous Reclaim: 0.0 ms]
      [Free CSet: 0.0 ms]
   [Eden: 75.0M(75.0M)->0.0B(73.0M) Survivors: 1024.0K->2048.0K Heap: 227.1M(256.0M)->152.4M(256.0M)]
 [Times: user=0.04 sys=0.00, real=0.00 secs] 
2019-02-06T22:25:15.557+0500: 994.502: [GC concurrent-root-region-scan-start]
2019-02-06T22:25:15.562+0500: 994.507: [GC concurrent-root-region-scan-end, 0.0047556 secs]
2019-02-06T22:25:15.562+0500: 994.507: [GC concurrent-mark-start]
2019-02-06T22:25:15.589+0500: 994.533: [GC concurrent-mark-end, 0.0267186 secs]
2019-02-06T22:25:15.589+0500: 994.533: [GC remark 2019-02-06T22:25:15.589+0500: 994.534: [Finalize Marking, 0.0002454 secs] 2019-02-06T22:25:15.589+0500: 994.534: [GC ref-proc, 0.0004725 secs] 2019-02-06T22:25:15.590+0500: 994.534: [Unloading, 0.0042328 secs], 0.0071832 secs]
 [Times: user=0.03 sys=0.00, real=0.01 secs] 
2019-02-06T22:25:15.596+0500: 994.541: [GC cleanup 154M->154M(256M), 0.0006880 secs]
 [Times: user=0.00 sys=0.00, real=0.00 secs] 
2019-02-06T22:25:16.502+0500: 995.447: [GC pause (G1 Evacuation Pause) (young), 0.0046588 secs]
   [Parallel Time: 3.8 ms, GC Workers: 8]
      [GC Worker Start (ms): Min: 995446.8, Avg: 995446.9, Max: 995446.9, Diff: 0.1]
      [Ext Root Scanning (ms): Min: 0.2, Avg: 0.3, Max: 0.7, Diff: 0.5, Sum: 2.7]
      [Update RS (ms): Min: 1.5, Avg: 1.6, Max: 1.9, Diff: 0.4, Sum: 12.8]
         [Processed Buffers: Min: 3, Avg: 5.8, Max: 12, Diff: 9, Sum: 46]
      [Scan RS (ms): Min: 0.5, Avg: 0.8, Max: 1.0, Diff: 0.5, Sum: 6.8]
      [Code Root Scanning (ms): Min: 0.0, Avg: 0.0, Max: 0.0, Diff: 0.0, Sum: 0.0]
      [Object Copy (ms): Min: 0.9, Avg: 1.0, Max: 1.0, Diff: 0.2, Sum: 7.6]
      [Termination (ms): Min: 0.0, Avg: 0.0, Max: 0.0, Diff: 0.0, Sum: 0.0]
         [Termination Attempts: Min: 1, Avg: 1.0, Max: 1, Diff: 0, Sum: 8]
      [GC Worker Other (ms): Min: 0.0, Avg: 0.0, Max: 0.0, Diff: 0.0, Sum: 0.1]
      [GC Worker Total (ms): Min: 3.7, Avg: 3.8, Max: 3.8, Diff: 0.1, Sum: 30.1]
      [GC Worker End (ms): Min: 995450.6, Avg: 995450.6, Max: 995450.6, Diff: 0.0]
   [Code Root Fixup: 0.1 ms]
   [Code Root Purge: 0.0 ms]
   [Clear CT: 0.1 ms]
   [Other: 0.6 ms]
      [Choose CSet: 0.0 ms]
      [Ref Proc: 0.3 ms]
      [Ref Enq: 0.0 ms]
      [Redirty Cards: 0.1 ms]
      [Humongous Register: 0.0 ms]
      [Humongous Reclaim: 0.0 ms]
      [Free CSet: 0.0 ms]
   [Eden: 73.0M(73.0M)->0.0B(10.0M) Survivors: 2048.0K->2048.0K Heap: 225.4M(256.0M)->152.4M(256.0M)]
 [Times: user=0.03 sys=0.00, real=0.00 secs] 
2019-02-06T22:25:16.632+0500: 995.577: [GC pause (G1 Evacuation Pause) (mixed), 0.0090025 secs]
   [Parallel Time: 7.2 ms, GC Workers: 8]
      [GC Worker Start (ms): Min: 995577.2, Avg: 995577.3, Max: 995577.3, Diff: 0.1]
      [Ext Root Scanning (ms): Min: 0.3, Avg: 0.4, Max: 1.1, Diff: 0.8, Sum: 3.1]
      [Update RS (ms): Min: 0.8, Avg: 1.5, Max: 1.7, Diff: 0.9, Sum: 12.2]
         [Processed Buffers: Min: 3, Avg: 5.1, Max: 12, Diff: 9, Sum: 41]
      [Scan RS (ms): Min: 2.4, Avg: 2.8, Max: 3.0, Diff: 0.7, Sum: 22.4]
      [Code Root Scanning (ms): Min: 0.0, Avg: 0.4, Max: 2.9, Diff: 2.9, Sum: 2.9]
      [Object Copy (ms): Min: 0.0, Avg: 2.0, Max: 2.3, Diff: 2.3, Sum: 15.9]
      [Termination (ms): Min: 0.0, Avg: 0.1, Max: 0.1, Diff: 0.1, Sum: 0.4]
         [Termination Attempts: Min: 1, Avg: 34.8, Max: 48, Diff: 47, Sum: 278]
      [GC Worker Other (ms): Min: 0.0, Avg: 0.0, Max: 0.0, Diff: 0.0, Sum: 0.1]
      [GC Worker Total (ms): Min: 7.1, Avg: 7.1, Max: 7.2, Diff: 0.1, Sum: 57.1]
      [GC Worker End (ms): Min: 995584.4, Avg: 995584.4, Max: 995584.4, Diff: 0.0]
   [Code Root Fixup: 0.9 ms]
   [Code Root Purge: 0.0 ms]
   [Clear CT: 0.1 ms]
   [Other: 0.7 ms]
      [Choose CSet: 0.0 ms]
      [Ref Proc: 0.2 ms]
      [Ref Enq: 0.0 ms]
      [Redirty Cards: 0.1 ms]
      [Humongous Register: 0.0 ms]
      [Humongous Reclaim: 0.0 ms]
      [Free CSet: 0.2 ms]
   [Eden: 10.0M(10.0M)->0.0B(75.0M) Survivors: 2048.0K->2048.0K Heap: 162.4M(256.0M)->151.2M(256.0M)]
 [Times: user=0.06 sys=0.00, real=0.01 secs] 
2019-02-06T22:25:17.680+0500: 996.625: [GC pause (G1 Evacuation Pause) (young), 0.0078747 secs]
   [Parallel Time: 6.1 ms, GC Workers: 8]
      [GC Worker Start (ms): Min: 996624.9, Avg: 996625.0, Max: 996625.0, Diff: 0.1]
      [Ext Root Scanning (ms): Min: 0.3, Avg: 0.4, Max: 0.7, Diff: 0.5, Sum: 3.0]
      [Update RS (ms): Min: 0.0, Avg: 2.0, Max: 2.6, Diff: 2.6, Sum: 16.2]
         [Processed Buffers: Min: 0, Avg: 6.1, Max: 13, Diff: 13, Sum: 49]
      [Scan RS (ms): Min: 0.0, Avg: 0.9, Max: 1.2, Diff: 1.2, Sum: 6.9]
      [Code Root Scanning (ms): Min: 0.0, Avg: 0.0, Max: 0.0, Diff: 0.0, Sum: 0.0]
      [Object Copy (ms): Min: 1.1, Avg: 1.7, Max: 4.6, Diff: 3.5, Sum: 13.7]
      [Termination (ms): Min: 0.0, Avg: 0.9, Max: 1.1, Diff: 1.1, Sum: 7.1]
         [Termination Attempts: Min: 1, Avg: 2.4, Max: 4, Diff: 3, Sum: 19]
      [GC Worker Other (ms): Min: 0.0, Avg: 0.0, Max: 0.0, Diff: 0.0, Sum: 0.1]
      [GC Worker Total (ms): Min: 5.7, Avg: 5.9, Max: 6.0, Diff: 0.4, Sum: 47.1]
      [GC Worker End (ms): Min: 996630.7, Avg: 996630.9, Max: 996631.0, Diff: 0.3]
   [Code Root Fixup: 0.1 ms]
   [Code Root Purge: 0.0 ms]
   [Clear CT: 0.1 ms]
   [Other: 1.5 ms]
      [Choose CSet: 0.0 ms]
      [Ref Proc: 1.1 ms]
      [Ref Enq: 0.0 ms]
      [Redirty Cards: 0.1 ms]
      [Humongous Register: 0.0 ms]
      [Humongous Reclaim: 0.0 ms]
      [Free CSet: 0.0 ms]
   [Eden: 75.0M(75.0M)->0.0B(76.0M) Survivors: 2048.0K->1024.0K Heap: 226.2M(256.0M)->151.3M(256.0M)]
 [Times: user=0.04 sys=0.00, real=0.00 secs] 
2019-02-06T22:25:18.829+0500: 997.774: [GC pause (G1 Evacuation Pause) (young) (initial-mark), 0.0056366 secs]
   [Parallel Time: 4.8 ms, GC Workers: 8]
      [GC Worker Start (ms): Min: 997774.2, Avg: 997774.3, Max: 997774.3, Diff: 0.1]
      [Ext Root Scanning (ms): Min: 0.7, Avg: 0.7, Max: 0.7, Diff: 0.1, Sum: 5.6]
      [Update RS (ms): Min: 2.0, Avg: 2.1, Max: 2.4, Diff: 0.3, Sum: 17.2]
         [Processed Buffers: Min: 3, Avg: 5.6, Max: 14, Diff: 11, Sum: 45]
      [Scan RS (ms): Min: 0.4, Avg: 0.6, Max: 0.8, Diff: 0.4, Sum: 5.0]
      [Code Root Scanning (ms): Min: 0.0, Avg: 0.0, Max: 0.0, Diff: 0.0, Sum: 0.0]
      [Object Copy (ms): Min: 0.9, Avg: 0.9, Max: 1.0, Diff: 0.1, Sum: 7.4]
      [Termination (ms): Min: 0.0, Avg: 0.0, Max: 0.0, Diff: 0.0, Sum: 0.0]
         [Termination Attempts: Min: 1, Avg: 1.0, Max: 1, Diff: 0, Sum: 8]
      [GC Worker Other (ms): Min: 0.0, Avg: 0.0, Max: 0.1, Diff: 0.1, Sum: 0.2]
      [GC Worker Total (ms): Min: 4.4, Avg: 4.4, Max: 4.5, Diff: 0.1, Sum: 35.4]
      [GC Worker End (ms): Min: 997778.7, Avg: 997778.7, Max: 997778.7, Diff: 0.1]
   [Code Root Fixup: 0.1 ms]
   [Code Root Purge: 0.0 ms]
   [Clear CT: 0.1 ms]
   [Other: 0.6 ms]
      [Choose CSet: 0.0 ms]
      [Ref Proc: 0.2 ms]
      [Ref Enq: 0.0 ms]
      [Redirty Cards: 0.1 ms]
      [Humongous Register: 0.0 ms]
      [Humongous Reclaim: 0.0 ms]
      [Free CSet: 0.0 ms]
   [Eden: 76.0M(76.0M)->0.0B(74.0M) Survivors: 1024.0K->2048.0K Heap: 227.3M(256.0M)->151.9M(256.0M)]
 [Times: user=0.03 sys=0.00, real=0.01 secs] 
2019-02-06T22:25:18.835+0500: 997.780: [GC concurrent-root-region-scan-start]
2019-02-06T22:25:18.840+0500: 997.784: [GC concurrent-root-region-scan-end, 0.0044361 secs]
2019-02-06T22:25:18.840+0500: 997.784: [GC concurrent-mark-start]
2019-02-06T22:25:18.865+0500: 997.810: [GC concurrent-mark-end, 0.0255816 secs]
2019-02-06T22:25:18.866+0500: 997.810: [GC remark 2019-02-06T22:25:18.866+0500: 997.810: [Finalize Marking, 0.0003041 secs] 2019-02-06T22:25:18.866+0500: 997.811: [GC ref-proc, 0.0005841 secs] 2019-02-06T22:25:18.867+0500: 997.811: [Unloading, 0.0041671 secs], 0.0072482 secs]
 [Times: user=0.03 sys=0.00, real=0.01 secs] 
2019-02-06T22:25:18.873+0500: 997.818: [GC cleanup 154M->154M(256M), 0.0007075 secs]
 [Times: user=0.00 sys=0.00, real=0.00 secs] 
2019-02-06T22:25:19.883+0500: 998.828: [GC pause (G1 Evacuation Pause) (young), 0.0101812 secs]
   [Parallel Time: 8.5 ms, GC Workers: 8]
      [GC Worker Start (ms): Min: 998828.1, Avg: 998828.1, Max: 998828.2, Diff: 0.1]
      [Ext Root Scanning (ms): Min: 0.3, Avg: 0.4, Max: 0.7, Diff: 0.4, Sum: 3.3]
      [Update RS (ms): Min: 0.0, Avg: 1.6, Max: 2.2, Diff: 2.2, Sum: 12.6]
         [Processed Buffers: Min: 0, Avg: 5.9, Max: 14, Diff: 14, Sum: 47]
      [Scan RS (ms): Min: 0.0, Avg: 0.9, Max: 1.4, Diff: 1.4, Sum: 7.6]
      [Code Root Scanning (ms): Min: 0.0, Avg: 0.0, Max: 0.0, Diff: 0.0, Sum: 0.0]
      [Object Copy (ms): Min: 1.0, Avg: 1.7, Max: 5.0, Diff: 4.1, Sum: 13.8]
      [Termination (ms): Min: 0.0, Avg: 2.5, Max: 3.8, Diff: 3.8, Sum: 20.3]
         [Termination Attempts: Min: 1, Avg: 1.1, Max: 2, Diff: 1, Sum: 9]
      [GC Worker Other (ms): Min: 0.0, Avg: 0.0, Max: 0.0, Diff: 0.0, Sum: 0.1]
      [GC Worker Total (ms): Min: 5.4, Avg: 7.2, Max: 8.3, Diff: 2.9, Sum: 57.7]
      [GC Worker End (ms): Min: 998833.5, Avg: 998835.3, Max: 998836.5, Diff: 2.9]
   [Code Root Fixup: 0.1 ms]
   [Code Root Purge: 0.0 ms]
   [Clear CT: 0.2 ms]
   [Other: 1.5 ms]
      [Choose CSet: 0.0 ms]
      [Ref Proc: 1.0 ms]
      [Ref Enq: 0.0 ms]
      [Redirty Cards: 0.2 ms]
      [Humongous Register: 0.0 ms]
      [Humongous Reclaim: 0.0 ms]
      [Free CSet: 0.1 ms]
   [Eden: 74.0M(74.0M)->0.0B(11.0M) Survivors: 2048.0K->1024.0K Heap: 225.9M(256.0M)->151.6M(256.0M)]
 [Times: user=0.04 sys=0.00, real=0.01 secs] 
2019-02-06T22:25:20.045+0500: 998.990: [GC pause (G1 Evacuation Pause) (mixed), 0.0081697 secs]
   [Parallel Time: 6.4 ms, GC Workers: 8]
      [GC Worker Start (ms): Min: 998990.1, Avg: 998990.2, Max: 998990.2, Diff: 0.1]
      [Ext Root Scanning (ms): Min: 0.3, Avg: 0.4, Max: 0.7, Diff: 0.5, Sum: 3.0]
      [Update RS (ms): Min: 1.0, Avg: 1.3, Max: 1.4, Diff: 0.5, Sum: 10.3]
         [Processed Buffers: Min: 2, Avg: 4.8, Max: 14, Diff: 12, Sum: 38]
      [Scan RS (ms): Min: 2.2, Avg: 2.5, Max: 4.3, Diff: 2.1, Sum: 20.0]
      [Code Root Scanning (ms): Min: 0.0, Avg: 0.0, Max: 0.0, Diff: 0.0, Sum: 0.0]
      [Object Copy (ms): Min: 0.0, Avg: 1.3, Max: 1.5, Diff: 1.5, Sum: 10.1]
      [Termination (ms): Min: 0.0, Avg: 0.7, Max: 0.9, Diff: 0.9, Sum: 5.9]
         [Termination Attempts: Min: 1, Avg: 8.4, Max: 12, Diff: 11, Sum: 67]
      [GC Worker Other (ms): Min: 0.0, Avg: 0.0, Max: 0.0, Diff: 0.0, Sum: 0.1]
      [GC Worker Total (ms): Min: 6.1, Avg: 6.2, Max: 6.3, Diff: 0.2, Sum: 49.4]
      [GC Worker End (ms): Min: 998996.3, Avg: 998996.3, Max: 998996.4, Diff: 0.1]
   [Code Root Fixup: 0.1 ms]
   [Code Root Purge: 0.0 ms]
   [Clear CT: 0.1 ms]
   [Other: 1.5 ms]
      [Choose CSet: 0.0 ms]
      [Ref Proc: 1.2 ms]
      [Ref Enq: 0.0 ms]
      [Redirty Cards: 0.1 ms]
      [Humongous Register: 0.0 ms]
      [Humongous Reclaim: 0.0 ms]
      [Free CSet: 0.0 ms]
   [Eden: 11.0M(11.0M)->0.0B(75.0M) Survivors: 1024.0K->2048.0K Heap: 162.6M(256.0M)->151.0M(256.0M)]
 [Times: user=0.05 sys=0.00, real=0.01 secs] 
2019-02-06T22:25:21.059+0500: 1000.004: [GC pause (G1 Evacuation Pause) (young), 0.0050819 secs]
   [Parallel Time: 4.3 ms, GC Workers: 8]
      [GC Worker Start (ms): Min: 1000003.8, Avg: 1000003.8, Max: 1000003.9, Diff: 0.1]
      [Ext Root Scanning (ms): Min: 0.3, Avg: 0.4, Max: 0.7, Diff: 0.5, Sum: 3.1]
      [Update RS (ms): Min: 1.4, Avg: 1.8, Max: 2.5, Diff: 1.2, Sum: 14.5]
         [Processed Buffers: Min: 3, Avg: 5.4, Max: 12, Diff: 9, Sum: 43]
      [Scan RS (ms): Min: 0.0, Avg: 0.6, Max: 0.9, Diff: 0.9, Sum: 5.1]
      [Code Root Scanning (ms): Min: 0.0, Avg: 0.0, Max: 0.0, Diff: 0.0, Sum: 0.0]
      [Object Copy (ms): Min: 1.2, Avg: 1.2, Max: 1.3, Diff: 0.1, Sum: 9.9]
      [Termination (ms): Min: 0.0, Avg: 0.0, Max: 0.0, Diff: 0.0, Sum: 0.1]
         [Termination Attempts: Min: 1, Avg: 3.4, Max: 5, Diff: 4, Sum: 27]
      [GC Worker Other (ms): Min: 0.0, Avg: 0.0, Max: 0.0, Diff: 0.0, Sum: 0.1]
      [GC Worker Total (ms): Min: 4.0, Avg: 4.1, Max: 4.2, Diff: 0.1, Sum: 32.8]
      [GC Worker End (ms): Min: 1000007.9, Avg: 1000007.9, Max: 1000007.9, Diff: 0.0]
   [Code Root Fixup: 0.1 ms]
   [Code Root Purge: 0.0 ms]
   [Clear CT: 0.1 ms]
   [Other: 0.5 ms]
      [Choose CSet: 0.0 ms]
      [Ref Proc: 0.2 ms]
      [Ref Enq: 0.0 ms]
      [Redirty Cards: 0.1 ms]
      [Humongous Register: 0.0 ms]
      [Humongous Reclaim: 0.0 ms]
      [Free CSet: 0.0 ms]
   [Eden: 75.0M(75.0M)->0.0B(77.0M) Survivors: 2048.0K->1024.0K Heap: 226.0M(256.0M)->150.7M(256.0M)]
 [Times: user=0.03 sys=0.00, real=0.01 secs] 
2019-02-06T22:25:22.200+0500: 1001.144: [GC pause (G1 Evacuation Pause) (young) (initial-mark), 0.0105219 secs]
   [Parallel Time: 9.6 ms, GC Workers: 8]
      [GC Worker Start (ms): Min: 1001144.7, Avg: 1001144.7, Max: 1001144.8, Diff: 0.1]
      [Ext Root Scanning (ms): Min: 0.7, Avg: 0.7, Max: 0.7, Diff: 0.1, Sum: 5.6]
      [Update RS (ms): Min: 1.8, Avg: 1.9, Max: 2.2, Diff: 0.4, Sum: 15.6]
         [Processed Buffers: Min: 3, Avg: 5.8, Max: 15, Diff: 12, Sum: 46]
      [Scan RS (ms): Min: 0.2, Avg: 0.4, Max: 0.5, Diff: 0.3, Sum: 3.3]
      [Code Root Scanning (ms): Min: 0.0, Avg: 0.0, Max: 0.0, Diff: 0.0, Sum: 0.0]
      [Object Copy (ms): Min: 2.1, Avg: 2.4, Max: 3.0, Diff: 0.9, Sum: 19.3]
      [Termination (ms): Min: 0.0, Avg: 2.2, Max: 4.1, Diff: 4.1, Sum: 17.4]
         [Termination Attempts: Min: 1, Avg: 1.0, Max: 1, Diff: 0, Sum: 8]
      [GC Worker Other (ms): Min: 0.0, Avg: 0.0, Max: 0.0, Diff: 0.0, Sum: 0.1]
      [GC Worker Total (ms): Min: 6.1, Avg: 7.7, Max: 9.4, Diff: 3.3, Sum: 61.4]
      [GC Worker End (ms): Min: 1001150.8, Avg: 1001152.4, Max: 1001154.1, Diff: 3.3]
   [Code Root Fixup: 0.1 ms]
   [Code Root Purge: 0.0 ms]
   [Clear CT: 0.2 ms]
   [Other: 0.7 ms]
      [Choose CSet: 0.0 ms]
      [Ref Proc: 0.3 ms]
      [Ref Enq: 0.0 ms]
      [Redirty Cards: 0.2 ms]
      [Humongous Register: 0.0 ms]
      [Humongous Reclaim: 0.0 ms]
      [Free CSet: 0.0 ms]
   [Eden: 77.0M(77.0M)->0.0B(75.0M) Survivors: 1024.0K->2048.0K Heap: 227.7M(256.0M)->151.1M(256.0M)]
 [Times: user=0.03 sys=0.01, real=0.01 secs] 
2019-02-06T22:25:22.211+0500: 1001.155: [GC concurrent-root-region-scan-start]
2019-02-06T22:25:22.215+0500: 1001.160: [GC concurrent-root-region-scan-end, 0.0048472 secs]
2019-02-06T22:25:22.215+0500: 1001.160: [GC concurrent-mark-start]
2019-02-06T22:25:22.242+0500: 1001.187: [GC concurrent-mark-end, 0.0266352 secs]
2019-02-06T22:25:22.242+0500: 1001.187: [GC remark 2019-02-06T22:25:22.242+0500: 1001.187: [Finalize Marking, 0.0005257 secs] 2019-02-06T22:25:22.243+0500: 1001.188: [GC ref-proc, 0.0005146 secs] 2019-02-06T22:25:22.244+0500: 1001.188: [Unloading, 0.0042530 secs], 0.0078358 secs]
 [Times: user=0.04 sys=0.00, real=0.01 secs] 
2019-02-06T22:25:22.251+0500: 1001.195: [GC cleanup 154M->154M(256M), 0.0006861 secs]
 [Times: user=0.00 sys=0.01, real=0.00 secs] 
2019-02-06T22:25:23.255+0500: 1002.200: [GC pause (G1 Evacuation Pause) (young), 0.0051190 secs]
   [Parallel Time: 4.1 ms, GC Workers: 8]
      [GC Worker Start (ms): Min: 1002199.7, Avg: 1002199.8, Max: 1002199.8, Diff: 0.1]
      [Ext Root Scanning (ms): Min: 0.3, Avg: 0.4, Max: 0.7, Diff: 0.4, Sum: 2.9]
      [Update RS (ms): Min: 1.6, Avg: 2.0, Max: 2.3, Diff: 0.7, Sum: 15.8]
         [Processed Buffers: Min: 3, Avg: 6.0, Max: 18, Diff: 15, Sum: 48]
      [Scan RS (ms): Min: 0.1, Avg: 0.4, Max: 0.5, Diff: 0.5, Sum: 2.9]
      [Code Root Scanning (ms): Min: 0.0, Avg: 0.0, Max: 0.0, Diff: 0.0, Sum: 0.0]
      [Object Copy (ms): Min: 0.9, Avg: 1.0, Max: 1.1, Diff: 0.2, Sum: 8.2]
      [Termination (ms): Min: 0.0, Avg: 0.2, Max: 0.3, Diff: 0.3, Sum: 1.7]
         [Termination Attempts: Min: 1, Avg: 2.0, Max: 4, Diff: 3, Sum: 16]
      [GC Worker Other (ms): Min: 0.0, Avg: 0.0, Max: 0.0, Diff: 0.0, Sum: 0.1]
      [GC Worker Total (ms): Min: 3.9, Avg: 3.9, Max: 4.0, Diff: 0.2, Sum: 31.5]
      [GC Worker End (ms): Min: 1002203.6, Avg: 1002203.7, Max: 1002203.7, Diff: 0.1]
   [Code Root Fixup: 0.1 ms]
   [Code Root Purge: 0.0 ms]
   [Clear CT: 0.1 ms]
   [Other: 0.8 ms]
      [Choose CSet: 0.0 ms]
      [Ref Proc: 0.5 ms]
      [Ref Enq: 0.0 ms]
      [Redirty Cards: 0.1 ms]
      [Humongous Register: 0.0 ms]
      [Humongous Reclaim: 0.0 ms]
      [Free CSet: 0.0 ms]
   [Eden: 75.0M(75.0M)->0.0B(76.0M) Survivors: 2048.0K->1024.0K Heap: 226.1M(256.0M)->151.1M(256.0M)]
 [Times: user=0.03 sys=0.01, real=0.01 secs] 
2019-02-06T22:25:24.332+0500: 1003.277: [GC pause (G1 Evacuation Pause) (young), 0.0140264 secs]
   [Parallel Time: 13.1 ms, GC Workers: 8]
      [GC Worker Start (ms): Min: 1003276.8, Avg: 1003276.9, Max: 1003276.9, Diff: 0.1]
      [Ext Root Scanning (ms): Min: 0.3, Avg: 0.4, Max: 0.7, Diff: 0.4, Sum: 3.1]
      [Update RS (ms): Min: 2.0, Avg: 2.5, Max: 2.9, Diff: 0.9, Sum: 19.6]
         [Processed Buffers: Min: 0, Avg: 6.6, Max: 15, Diff: 15, Sum: 53]
      [Scan RS (ms): Min: 0.0, Avg: 0.2, Max: 0.4, Diff: 0.4, Sum: 1.8]
      [Code Root Scanning (ms): Min: 0.0, Avg: 0.0, Max: 0.0, Diff: 0.0, Sum: 0.0]
      [Object Copy (ms): Min: 1.2, Avg: 1.5, Max: 2.2, Diff: 1.0, Sum: 11.8]
      [Termination (ms): Min: 0.0, Avg: 4.5, Max: 8.5, Diff: 8.5, Sum: 35.7]
         [Termination Attempts: Min: 1, Avg: 1.5, Max: 2, Diff: 1, Sum: 12]
      [GC Worker Other (ms): Min: 0.0, Avg: 0.0, Max: 0.0, Diff: 0.0, Sum: 0.1]
      [GC Worker Total (ms): Min: 5.3, Avg: 9.0, Max: 12.9, Diff: 7.7, Sum: 72.2]
      [GC Worker End (ms): Min: 1003282.2, Avg: 1003285.9, Max: 1003289.9, Diff: 7.7]
   [Code Root Fixup: 0.1 ms]
   [Code Root Purge: 0.0 ms]
   [Clear CT: 0.1 ms]
   [Other: 0.7 ms]
      [Choose CSet: 0.0 ms]
      [Ref Proc: 0.3 ms]
      [Ref Enq: 0.0 ms]
      [Redirty Cards: 0.1 ms]
      [Humongous Register: 0.0 ms]
      [Humongous Reclaim: 0.0 ms]
      [Free CSet: 0.0 ms]
   [Eden: 76.0M(76.0M)->0.0B(74.0M) Survivors: 1024.0K->2048.0K Heap: 227.1M(256.0M)->151.5M(256.0M)]
 [Times: user=0.03 sys=0.00, real=0.01 secs] 
2019-02-06T22:25:25.451+0500: 1004.395: [GC pause (G1 Evacuation Pause) (young) (initial-mark), 0.0053336 secs]
   [Parallel Time: 4.3 ms, GC Workers: 8]
      [GC Worker Start (ms): Min: 1004395.3, Avg: 1004395.4, Max: 1004395.5, Diff: 0.1]
      [Ext Root Scanning (ms): Min: 0.6, Avg: 0.7, Max: 0.8, Diff: 0.1, Sum: 5.5]
      [Update RS (ms): Min: 2.3, Avg: 2.4, Max: 2.6, Diff: 0.3, Sum: 18.9]
         [Processed Buffers: Min: 5, Avg: 6.9, Max: 12, Diff: 7, Sum: 55]
      [Scan RS (ms): Min: 0.0, Avg: 0.0, Max: 0.1, Diff: 0.1, Sum: 0.1]
      [Code Root Scanning (ms): Min: 0.0, Avg: 0.0, Max: 0.0, Diff: 0.0, Sum: 0.0]
      [Object Copy (ms): Min: 0.8, Avg: 1.0, Max: 1.0, Diff: 0.3, Sum: 7.9]
      [Termination (ms): Min: 0.0, Avg: 0.0, Max: 0.0, Diff: 0.0, Sum: 0.0]
         [Termination Attempts: Min: 1, Avg: 1.8, Max: 2, Diff: 1, Sum: 14]
      [GC Worker Other (ms): Min: 0.0, Avg: 0.0, Max: 0.0, Diff: 0.0, Sum: 0.1]
      [GC Worker Total (ms): Min: 4.0, Avg: 4.1, Max: 4.1, Diff: 0.1, Sum: 32.5]
      [GC Worker End (ms): Min: 1004399.5, Avg: 1004399.5, Max: 1004399.5, Diff: 0.0]
   [Code Root Fixup: 0.1 ms]
   [Code Root Purge: 0.0 ms]
   [Clear CT: 0.1 ms]
   [Other: 0.8 ms]
      [Choose CSet: 0.0 ms]
      [Ref Proc: 0.4 ms]
      [Ref Enq: 0.0 ms]
      [Redirty Cards: 0.2 ms]
      [Humongous Register: 0.0 ms]
      [Humongous Reclaim: 0.0 ms]
      [Free CSet: 0.0 ms]
   [Eden: 74.0M(74.0M)->0.0B(76.0M) Survivors: 2048.0K->1024.0K Heap: 225.5M(256.0M)->151.1M(256.0M)]
 [Times: user=0.03 sys=0.00, real=0.00 secs] 
2019-02-06T22:25:25.456+0500: 1004.401: [GC concurrent-root-region-scan-start]
2019-02-06T22:25:25.461+0500: 1004.406: [GC concurrent-root-region-scan-end, 0.0049239 secs]
2019-02-06T22:25:25.461+0500: 1004.406: [GC concurrent-mark-start]
2019-02-06T22:25:25.487+0500: 1004.432: [GC concurrent-mark-end, 0.0260667 secs]
2019-02-06T22:25:25.487+0500: 1004.432: [GC remark 2019-02-06T22:25:25.487+0500: 1004.432: [Finalize Marking, 0.0002519 secs] 2019-02-06T22:25:25.488+0500: 1004.432: [GC ref-proc, 0.0004907 secs] 2019-02-06T22:25:25.488+0500: 1004.433: [Unloading, 0.0042299 secs], 0.0070860 secs]
 [Times: user=0.03 sys=0.00, real=0.01 secs] 
2019-02-06T22:25:25.495+0500: 1004.439: [GC cleanup 153M->153M(256M), 0.0006873 secs]
 [Times: user=0.00 sys=0.00, real=0.00 secs] 
2019-02-06T22:25:26.470+0500: 1005.415: [GC pause (G1 Evacuation Pause) (young), 0.0051542 secs]
   [Parallel Time: 4.3 ms, GC Workers: 8]
      [GC Worker Start (ms): Min: 1005414.7, Avg: 1005414.8, Max: 1005414.8, Diff: 0.1]
      [Ext Root Scanning (ms): Min: 0.3, Avg: 0.4, Max: 0.9, Diff: 0.6, Sum: 3.0]
      [Update RS (ms): Min: 1.7, Avg: 1.9, Max: 2.5, Diff: 0.8, Sum: 14.9]
         [Processed Buffers: Min: 3, Avg: 5.6, Max: 14, Diff: 11, Sum: 45]
      [Scan RS (ms): Min: 0.3, Avg: 0.7, Max: 0.9, Diff: 0.6, Sum: 5.2]
      [Code Root Scanning (ms): Min: 0.0, Avg: 0.0, Max: 0.0, Diff: 0.0, Sum: 0.0]
      [Object Copy (ms): Min: 0.9, Avg: 1.0, Max: 1.1, Diff: 0.2, Sum: 8.1]
      [Termination (ms): Min: 0.0, Avg: 0.2, Max: 0.3, Diff: 0.3, Sum: 1.9]
         [Termination Attempts: Min: 1, Avg: 1.1, Max: 2, Diff: 1, Sum: 9]
      [GC Worker Other (ms): Min: 0.0, Avg: 0.0, Max: 0.0, Diff: 0.0, Sum: 0.1]
      [GC Worker Total (ms): Min: 4.0, Avg: 4.2, Max: 4.2, Diff: 0.2, Sum: 33.2]
      [GC Worker End (ms): Min: 1005418.8, Avg: 1005418.9, Max: 1005419.0, Diff: 0.1]
   [Code Root Fixup: 0.1 ms]
   [Code Root Purge: 0.0 ms]
   [Clear CT: 0.1 ms]
   [Other: 0.6 ms]
      [Choose CSet: 0.0 ms]
      [Ref Proc: 0.3 ms]
      [Ref Enq: 0.0 ms]
      [Redirty Cards: 0.1 ms]
      [Humongous Register: 0.0 ms]
      [Humongous Reclaim: 0.0 ms]
      [Free CSet: 0.0 ms]
   [Eden: 76.0M(76.0M)->0.0B(10.0M) Survivors: 1024.0K->2048.0K Heap: 227.1M(256.0M)->151.4M(256.0M)]
 [Times: user=0.03 sys=0.00, real=0.00 secs] 
2019-02-06T22:25:26.609+0500: 1005.554: [GC pause (G1 Evacuation Pause) (mixed), 0.0058640 secs]
   [Parallel Time: 5.0 ms, GC Workers: 8]
      [GC Worker Start (ms): Min: 1005553.9, Avg: 1005553.9, Max: 1005554.0, Diff: 0.1]
      [Ext Root Scanning (ms): Min: 0.3, Avg: 0.4, Max: 0.7, Diff: 0.5, Sum: 3.0]
      [Update RS (ms): Min: 1.4, Avg: 1.7, Max: 1.9, Diff: 0.5, Sum: 13.8]
         [Processed Buffers: Min: 3, Avg: 5.4, Max: 13, Diff: 10, Sum: 43]
      [Scan RS (ms): Min: 1.6, Avg: 1.7, Max: 1.8, Diff: 0.3, Sum: 13.5]
      [Code Root Scanning (ms): Min: 0.0, Avg: 0.0, Max: 0.2, Diff: 0.2, Sum: 0.2]
      [Object Copy (ms): Min: 0.9, Avg: 1.1, Max: 1.1, Diff: 0.2, Sum: 8.8]
      [Termination (ms): Min: 0.0, Avg: 0.0, Max: 0.0, Diff: 0.0, Sum: 0.0]
         [Termination Attempts: Min: 1, Avg: 1.1, Max: 2, Diff: 1, Sum: 9]
      [GC Worker Other (ms): Min: 0.0, Avg: 0.0, Max: 0.0, Diff: 0.0, Sum: 0.1]
      [GC Worker Total (ms): Min: 4.9, Avg: 4.9, Max: 5.0, Diff: 0.1, Sum: 39.5]
      [GC Worker End (ms): Min: 1005558.9, Avg: 1005558.9, Max: 1005558.9, Diff: 0.0]
   [Code Root Fixup: 0.1 ms]
   [Code Root Purge: 0.0 ms]
   [Clear CT: 0.1 ms]
   [Other: 0.6 ms]
      [Choose CSet: 0.0 ms]
      [Ref Proc: 0.2 ms]
      [Ref Enq: 0.0 ms]
      [Redirty Cards: 0.1 ms]
      [Humongous Register: 0.0 ms]
      [Humongous Reclaim: 0.0 ms]
      [Free CSet: 0.0 ms]
   [Eden: 10.0M(10.0M)->0.0B(75.0M) Survivors: 2048.0K->2048.0K Heap: 161.4M(256.0M)->150.8M(256.0M)]
 [Times: user=0.04 sys=0.00, real=0.01 secs] 
2019-02-06T22:25:27.634+0500: 1006.578: [GC pause (G1 Evacuation Pause) (young), 0.0048377 secs]
   [Parallel Time: 3.9 ms, GC Workers: 8]
      [GC Worker Start (ms): Min: 1006578.6, Avg: 1006578.6, Max: 1006578.6, Diff: 0.1]
      [Ext Root Scanning (ms): Min: 0.3, Avg: 0.4, Max: 0.8, Diff: 0.5, Sum: 3.4]
      [Update RS (ms): Min: 1.7, Avg: 2.2, Max: 2.5, Diff: 0.8, Sum: 17.2]
         [Processed Buffers: Min: 3, Avg: 6.0, Max: 12, Diff: 9, Sum: 48]
      [Scan RS (ms): Min: 0.1, Avg: 0.3, Max: 0.5, Diff: 0.5, Sum: 2.5]
      [Code Root Scanning (ms): Min: 0.0, Avg: 0.0, Max: 0.0, Diff: 0.0, Sum: 0.0]
      [Object Copy (ms): Min: 0.8, Avg: 0.9, Max: 1.0, Diff: 0.2, Sum: 7.2]
      [Termination (ms): Min: 0.0, Avg: 0.0, Max: 0.0, Diff: 0.0, Sum: 0.0]
         [Termination Attempts: Min: 1, Avg: 1.0, Max: 1, Diff: 0, Sum: 8]
      [GC Worker Other (ms): Min: 0.0, Avg: 0.0, Max: 0.0, Diff: 0.0, Sum: 0.2]
      [GC Worker Total (ms): Min: 3.8, Avg: 3.8, Max: 3.9, Diff: 0.1, Sum: 30.7]
      [GC Worker End (ms): Min: 1006582.4, Avg: 1006582.4, Max: 1006582.5, Diff: 0.0]
   [Code Root Fixup: 0.1 ms]
   [Code Root Purge: 0.0 ms]
   [Clear CT: 0.1 ms]
   [Other: 0.7 ms]
      [Choose CSet: 0.0 ms]
      [Ref Proc: 0.3 ms]
      [Ref Enq: 0.0 ms]
      [Redirty Cards: 0.1 ms]
      [Humongous Register: 0.0 ms]
      [Humongous Reclaim: 0.0 ms]
      [Free CSet: 0.0 ms]
   [Eden: 75.0M(75.0M)->0.0B(77.0M) Survivors: 2048.0K->1024.0K Heap: 225.8M(256.0M)->150.6M(256.0M)]
 [Times: user=0.03 sys=0.00, real=0.00 secs] 
2019-02-06T22:25:28.626+0500: 1007.571: [GC pause (G1 Evacuation Pause) (young) (initial-mark), 0.0066487 secs]
   [Parallel Time: 5.8 ms, GC Workers: 8]
      [GC Worker Start (ms): Min: 1007570.8, Avg: 1007570.9, Max: 1007571.3, Diff: 0.5]
      [Ext Root Scanning (ms): Min: 0.7, Avg: 1.3, Max: 4.9, Diff: 4.1, Sum: 10.5]
      [Update RS (ms): Min: 0.0, Avg: 2.3, Max: 4.0, Diff: 4.0, Sum: 18.7]
         [Processed Buffers: Min: 0, Avg: 6.2, Max: 13, Diff: 13, Sum: 50]
      [Scan RS (ms): Min: 0.0, Avg: 0.5, Max: 0.8, Diff: 0.8, Sum: 3.9]
      [Code Root Scanning (ms): Min: 0.0, Avg: 0.0, Max: 0.0, Diff: 0.0, Sum: 0.0]
      [Object Copy (ms): Min: 0.3, Avg: 1.2, Max: 1.6, Diff: 1.3, Sum: 9.8]
      [Termination (ms): Min: 0.0, Avg: 0.1, Max: 0.1, Diff: 0.1, Sum: 0.5]
         [Termination Attempts: Min: 1, Avg: 1.0, Max: 1, Diff: 0, Sum: 8]
      [GC Worker Other (ms): Min: 0.0, Avg: 0.0, Max: 0.0, Diff: 0.0, Sum: 0.1]
      [GC Worker Total (ms): Min: 5.0, Avg: 5.4, Max: 5.5, Diff: 0.5, Sum: 43.6]
      [GC Worker End (ms): Min: 1007576.3, Avg: 1007576.4, Max: 1007576.4, Diff: 0.1]
   [Code Root Fixup: 0.1 ms]
   [Code Root Purge: 0.0 ms]
   [Clear CT: 0.2 ms]
   [Other: 0.6 ms]
      [Choose CSet: 0.0 ms]
      [Ref Proc: 0.3 ms]
      [Ref Enq: 0.0 ms]
      [Redirty Cards: 0.2 ms]
      [Humongous Register: 0.0 ms]
      [Humongous Reclaim: 0.0 ms]
      [Free CSet: 0.0 ms]
   [Eden: 77.0M(77.0M)->0.0B(75.0M) Survivors: 1024.0K->2048.0K Heap: 227.6M(256.0M)->151.0M(256.0M)]
 [Times: user=0.03 sys=0.00, real=0.01 secs] 
2019-02-06T22:25:28.633+0500: 1007.577: [GC concurrent-root-region-scan-start]
2019-02-06T22:25:28.637+0500: 1007.582: [GC concurrent-root-region-scan-end, 0.0044467 secs]
2019-02-06T22:25:28.637+0500: 1007.582: [GC concurrent-mark-start]
2019-02-06T22:25:28.663+0500: 1007.607: [GC concurrent-mark-end, 0.0251409 secs]
2019-02-06T22:25:28.663+0500: 1007.607: [GC remark 2019-02-06T22:25:28.663+0500: 1007.607: [Finalize Marking, 0.0003380 secs] 2019-02-06T22:25:28.663+0500: 1007.608: [GC ref-proc, 0.0005949 secs] 2019-02-06T22:25:28.664+0500: 1007.608: [Unloading, 0.0042013 secs], 0.0074790 secs]
 [Times: user=0.04 sys=0.00, real=0.01 secs] 
2019-02-06T22:25:28.671+0500: 1007.615: [GC cleanup 153M->153M(256M), 0.0007254 secs]
 [Times: user=0.00 sys=0.00, real=0.00 secs] 
2019-02-06T22:25:29.619+0500: 1008.563: [GC pause (G1 Evacuation Pause) (young), 0.0045718 secs]
   [Parallel Time: 3.8 ms, GC Workers: 8]
      [GC Worker Start (ms): Min: 1008563.2, Avg: 1008563.2, Max: 1008563.3, Diff: 0.1]
      [Ext Root Scanning (ms): Min: 0.3, Avg: 0.4, Max: 0.7, Diff: 0.4, Sum: 2.9]
      [Update RS (ms): Min: 2.2, Avg: 2.3, Max: 2.4, Diff: 0.2, Sum: 18.2]
         [Processed Buffers: Min: 4, Avg: 7.4, Max: 17, Diff: 13, Sum: 59]
      [Scan RS (ms): Min: 0.0, Avg: 0.0, Max: 0.2, Diff: 0.2, Sum: 0.4]
      [Code Root Scanning (ms): Min: 0.0, Avg: 0.0, Max: 0.0, Diff: 0.0, Sum: 0.0]
      [Object Copy (ms): Min: 0.7, Avg: 0.9, Max: 1.0, Diff: 0.2, Sum: 7.3]
      [Termination (ms): Min: 0.0, Avg: 0.0, Max: 0.0, Diff: 0.0, Sum: 0.0]
         [Termination Attempts: Min: 1, Avg: 1.0, Max: 1, Diff: 0, Sum: 8]
      [GC Worker Other (ms): Min: 0.0, Avg: 0.0, Max: 0.0, Diff: 0.0, Sum: 0.2]
      [GC Worker Total (ms): Min: 3.6, Avg: 3.6, Max: 3.7, Diff: 0.1, Sum: 28.9]
      [GC Worker End (ms): Min: 1008566.8, Avg: 1008566.8, Max: 1008566.9, Diff: 0.0]
   [Code Root Fixup: 0.1 ms]
   [Code Root Purge: 0.0 ms]
   [Clear CT: 0.2 ms]
   [Other: 0.6 ms]
      [Choose CSet: 0.0 ms]
      [Ref Proc: 0.2 ms]
      [Ref Enq: 0.0 ms]
      [Redirty Cards: 0.1 ms]
      [Humongous Register: 0.0 ms]
      [Humongous Reclaim: 0.0 ms]
      [Free CSet: 0.0 ms]
   [Eden: 75.0M(75.0M)->0.0B(77.0M) Survivors: 2048.0K->1024.0K Heap: 226.0M(256.0M)->150.8M(256.0M)]
 [Times: user=0.03 sys=0.00, real=0.01 secs] 
2019-02-06T22:25:30.587+0500: 1009.532: [GC pause (G1 Evacuation Pause) (young), 0.0047032 secs]
   [Parallel Time: 3.8 ms, GC Workers: 8]
      [GC Worker Start (ms): Min: 1009531.9, Avg: 1009532.0, Max: 1009532.0, Diff: 0.1]
      [Ext Root Scanning (ms): Min: 0.3, Avg: 0.4, Max: 0.7, Diff: 0.4, Sum: 2.8]
      [Update RS (ms): Min: 2.2, Avg: 2.3, Max: 2.3, Diff: 0.2, Sum: 18.1]
         [Processed Buffers: Min: 4, Avg: 6.9, Max: 14, Diff: 10, Sum: 55]
      [Scan RS (ms): Min: 0.0, Avg: 0.0, Max: 0.2, Diff: 0.2, Sum: 0.3]
      [Code Root Scanning (ms): Min: 0.0, Avg: 0.0, Max: 0.0, Diff: 0.0, Sum: 0.0]
      [Object Copy (ms): Min: 0.8, Avg: 1.0, Max: 1.1, Diff: 0.3, Sum: 8.1]
      [Termination (ms): Min: 0.0, Avg: 0.0, Max: 0.0, Diff: 0.0, Sum: 0.1]
         [Termination Attempts: Min: 1, Avg: 1.0, Max: 1, Diff: 0, Sum: 8]
      [GC Worker Other (ms): Min: 0.0, Avg: 0.0, Max: 0.0, Diff: 0.0, Sum: 0.1]
      [GC Worker Total (ms): Min: 3.7, Avg: 3.7, Max: 3.7, Diff: 0.1, Sum: 29.5]
      [GC Worker End (ms): Min: 1009535.7, Avg: 1009535.7, Max: 1009535.7, Diff: 0.0]
   [Code Root Fixup: 0.1 ms]
   [Code Root Purge: 0.0 ms]
   [Clear CT: 0.2 ms]
   [Other: 0.7 ms]
      [Choose CSet: 0.0 ms]
      [Ref Proc: 0.3 ms]
      [Ref Enq: 0.0 ms]
      [Redirty Cards: 0.2 ms]
      [Humongous Register: 0.0 ms]
      [Humongous Reclaim: 0.0 ms]
      [Free CSet: 0.1 ms]
   [Eden: 77.0M(77.0M)->0.0B(75.0M) Survivors: 1024.0K->2048.0K Heap: 227.8M(256.0M)->151.2M(256.0M)]
 [Times: user=0.03 sys=0.00, real=0.01 secs] 
2019-02-06T22:25:31.562+0500: 1010.506: [GC pause (G1 Evacuation Pause) (young) (initial-mark), 0.0054425 secs]
   [Parallel Time: 4.6 ms, GC Workers: 8]
      [GC Worker Start (ms): Min: 1010506.5, Avg: 1010506.6, Max: 1010506.7, Diff: 0.1]
      [Ext Root Scanning (ms): Min: 0.7, Avg: 0.7, Max: 0.8, Diff: 0.1, Sum: 5.8]
      [Update RS (ms): Min: 1.2, Avg: 1.3, Max: 1.6, Diff: 0.4, Sum: 10.7]
         [Processed Buffers: Min: 2, Avg: 5.2, Max: 17, Diff: 15, Sum: 42]
      [Scan RS (ms): Min: 0.8, Avg: 1.2, Max: 1.4, Diff: 0.6, Sum: 9.5]
      [Code Root Scanning (ms): Min: 0.0, Avg: 0.0, Max: 0.0, Diff: 0.0, Sum: 0.0]
      [Object Copy (ms): Min: 1.0, Avg: 1.1, Max: 1.1, Diff: 0.2, Sum: 8.5]
      [Termination (ms): Min: 0.0, Avg: 0.0, Max: 0.0, Diff: 0.0, Sum: 0.0]
         [Termination Attempts: Min: 1, Avg: 1.6, Max: 2, Diff: 1, Sum: 13]
      [GC Worker Other (ms): Min: 0.0, Avg: 0.0, Max: 0.0, Diff: 0.0, Sum: 0.1]
      [GC Worker Total (ms): Min: 4.3, Avg: 4.3, Max: 4.4, Diff: 0.1, Sum: 34.6]
      [GC Worker End (ms): Min: 1010510.9, Avg: 1010510.9, Max: 1010510.9, Diff: 0.0]
   [Code Root Fixup: 0.1 ms]
   [Code Root Purge: 0.0 ms]
   [Clear CT: 0.1 ms]
   [Other: 0.6 ms]
      [Choose CSet: 0.0 ms]
      [Ref Proc: 0.3 ms]
      [Ref Enq: 0.0 ms]
      [Redirty Cards: 0.1 ms]
      [Humongous Register: 0.0 ms]
      [Humongous Reclaim: 0.0 ms]
      [Free CSet: 0.0 ms]
   [Eden: 75.0M(75.0M)->0.0B(77.0M) Survivors: 2048.0K->1024.0K Heap: 226.2M(256.0M)->151.0M(256.0M)]
 [Times: user=0.04 sys=0.00, real=0.00 secs] 
2019-02-06T22:25:31.567+0500: 1010.512: [GC concurrent-root-region-scan-start]
2019-02-06T22:25:31.572+0500: 1010.517: [GC concurrent-root-region-scan-end, 0.0050048 secs]
2019-02-06T22:25:31.572+0500: 1010.517: [GC concurrent-mark-start]
2019-02-06T22:25:31.598+0500: 1010.542: [GC concurrent-mark-end, 0.0251222 secs]
2019-02-06T22:25:31.598+0500: 1010.542: [GC remark 2019-02-06T22:25:31.598+0500: 1010.542: [Finalize Marking, 0.0004826 secs] 2019-02-06T22:25:31.598+0500: 1010.543: [GC ref-proc, 0.0005718 secs] 2019-02-06T22:25:31.599+0500: 1010.544: [Unloading, 0.0041510 secs], 0.0074591 secs]
 [Times: user=0.03 sys=0.00, real=0.01 secs] 
2019-02-06T22:25:31.606+0500: 1010.550: [GC cleanup 153M->153M(256M), 0.0006959 secs]
 [Times: user=0.00 sys=0.01, real=0.00 secs] 
2019-02-06T22:25:32.629+0500: 1011.574: [GC pause (G1 Evacuation Pause) (young), 0.0100093 secs]
   [Parallel Time: 4.2 ms, GC Workers: 8]
      [GC Worker Start (ms): Min: 1011574.1, Avg: 1011574.2, Max: 1011574.2, Diff: 0.1]
      [Ext Root Scanning (ms): Min: 0.3, Avg: 0.3, Max: 0.7, Diff: 0.4, Sum: 2.8]
      [Update RS (ms): Min: 0.9, Avg: 1.4, Max: 1.7, Diff: 0.8, Sum: 11.1]
         [Processed Buffers: Min: 2, Avg: 5.6, Max: 13, Diff: 11, Sum: 45]
      [Scan RS (ms): Min: 0.9, Avg: 1.1, Max: 1.3, Diff: 0.4, Sum: 9.2]
      [Code Root Scanning (ms): Min: 0.0, Avg: 0.0, Max: 0.0, Diff: 0.0, Sum: 0.0]
      [Object Copy (ms): Min: 1.0, Avg: 1.0, Max: 1.1, Diff: 0.1, Sum: 8.4]
      [Termination (ms): Min: 0.0, Avg: 0.0, Max: 0.0, Diff: 0.0, Sum: 0.0]
         [Termination Attempts: Min: 1, Avg: 1.8, Max: 3, Diff: 2, Sum: 14]
      [GC Worker Other (ms): Min: 0.0, Avg: 0.0, Max: 0.0, Diff: 0.0, Sum: 0.1]
      [GC Worker Total (ms): Min: 3.9, Avg: 3.9, Max: 4.0, Diff: 0.1, Sum: 31.6]
      [GC Worker End (ms): Min: 1011578.1, Avg: 1011578.1, Max: 1011578.1, Diff: 0.0]
   [Code Root Fixup: 0.1 ms]
   [Code Root Purge: 0.0 ms]
   [Clear CT: 0.1 ms]
   [Other: 5.6 ms]
      [Choose CSet: 0.0 ms]
      [Ref Proc: 5.2 ms]
      [Ref Enq: 0.0 ms]
      [Redirty Cards: 0.1 ms]
      [Humongous Register: 0.0 ms]
      [Humongous Reclaim: 0.0 ms]
      [Free CSet: 0.0 ms]
   [Eden: 77.0M(77.0M)->0.0B(74.0M) Survivors: 1024.0K->2048.0K Heap: 228.0M(256.0M)->151.2M(256.0M)]
 [Times: user=0.04 sys=0.00, real=0.02 secs] 
2019-02-06T22:25:33.562+0500: 1012.507: [GC pause (G1 Evacuation Pause) (young), 0.0049476 secs]
   [Parallel Time: 4.1 ms, GC Workers: 8]
      [GC Worker Start (ms): Min: 1012506.7, Avg: 1012506.8, Max: 1012506.8, Diff: 0.1]
      [Ext Root Scanning (ms): Min: 0.3, Avg: 0.3, Max: 0.7, Diff: 0.4, Sum: 2.7]
      [Update RS (ms): Min: 0.9, Avg: 1.3, Max: 1.6, Diff: 0.7, Sum: 10.6]
         [Processed Buffers: Min: 2, Avg: 5.8, Max: 11, Diff: 9, Sum: 46]
      [Scan RS (ms): Min: 0.9, Avg: 1.2, Max: 1.6, Diff: 0.7, Sum: 9.8]
      [Code Root Scanning (ms): Min: 0.0, Avg: 0.0, Max: 0.0, Diff: 0.0, Sum: 0.0]
      [Object Copy (ms): Min: 0.7, Avg: 1.0, Max: 1.1, Diff: 0.4, Sum: 8.1]
      [Termination (ms): Min: 0.0, Avg: 0.0, Max: 0.0, Diff: 0.0, Sum: 0.0]
         [Termination Attempts: Min: 1, Avg: 2.8, Max: 5, Diff: 4, Sum: 22]
      [GC Worker Other (ms): Min: 0.0, Avg: 0.0, Max: 0.1, Diff: 0.1, Sum: 0.2]
      [GC Worker Total (ms): Min: 3.9, Avg: 3.9, Max: 4.0, Diff: 0.1, Sum: 31.4]
      [GC Worker End (ms): Min: 1012510.7, Avg: 1012510.7, Max: 1012510.8, Diff: 0.1]
   [Code Root Fixup: 0.1 ms]
   [Code Root Purge: 0.0 ms]
   [Clear CT: 0.2 ms]
   [Other: 0.6 ms]
      [Choose CSet: 0.0 ms]
      [Ref Proc: 0.3 ms]
      [Ref Enq: 0.0 ms]
      [Redirty Cards: 0.1 ms]
      [Humongous Register: 0.0 ms]
      [Humongous Reclaim: 0.0 ms]
      [Free CSet: 0.0 ms]
   [Eden: 74.0M(74.0M)->0.0B(74.0M) Survivors: 2048.0K->2048.0K Heap: 225.2M(256.0M)->151.3M(256.0M)]
 [Times: user=0.04 sys=0.00, real=0.00 secs] 
2019-02-06T22:25:34.469+0500: 1013.413: [GC pause (G1 Evacuation Pause) (young) (initial-mark), 0.0054366 secs]
   [Parallel Time: 4.6 ms, GC Workers: 8]
      [GC Worker Start (ms): Min: 1013413.4, Avg: 1013413.4, Max: 1013413.5, Diff: 0.1]
      [Ext Root Scanning (ms): Min: 0.7, Avg: 0.7, Max: 0.7, Diff: 0.1, Sum: 5.5]
      [Update RS (ms): Min: 1.3, Avg: 1.4, Max: 1.7, Diff: 0.5, Sum: 11.5]
         [Processed Buffers: Min: 3, Avg: 5.6, Max: 15, Diff: 12, Sum: 45]
      [Scan RS (ms): Min: 0.8, Avg: 1.1, Max: 1.8, Diff: 1.0, Sum: 9.0]
      [Code Root Scanning (ms): Min: 0.0, Avg: 0.0, Max: 0.0, Diff: 0.0, Sum: 0.0]
      [Object Copy (ms): Min: 0.5, Avg: 1.0, Max: 1.2, Diff: 0.7, Sum: 8.3]
      [Termination (ms): Min: 0.0, Avg: 0.0, Max: 0.0, Diff: 0.0, Sum: 0.0]
         [Termination Attempts: Min: 1, Avg: 2.1, Max: 4, Diff: 3, Sum: 17]
      [GC Worker Other (ms): Min: 0.0, Avg: 0.0, Max: 0.0, Diff: 0.0, Sum: 0.1]
      [GC Worker Total (ms): Min: 4.3, Avg: 4.3, Max: 4.3, Diff: 0.1, Sum: 34.4]
      [GC Worker End (ms): Min: 1013417.7, Avg: 1013417.7, Max: 1013417.7, Diff: 0.0]
   [Code Root Fixup: 0.1 ms]
   [Code Root Purge: 0.0 ms]
   [Clear CT: 0.1 ms]
   [Other: 0.6 ms]
      [Choose CSet: 0.0 ms]
      [Ref Proc: 0.2 ms]
      [Ref Enq: 0.0 ms]
      [Redirty Cards: 0.1 ms]
      [Humongous Register: 0.0 ms]
      [Humongous Reclaim: 0.0 ms]
      [Free CSet: 0.0 ms]
   [Eden: 74.0M(74.0M)->0.0B(74.0M) Survivors: 2048.0K->2048.0K Heap: 225.3M(256.0M)->151.8M(256.0M)]
 [Times: user=0.03 sys=0.00, real=0.01 secs] 
2019-02-06T22:25:34.474+0500: 1013.419: [GC concurrent-root-region-scan-start]
2019-02-06T22:25:34.479+0500: 1013.424: [GC concurrent-root-region-scan-end, 0.0047401 secs]
2019-02-06T22:25:34.479+0500: 1013.424: [GC concurrent-mark-start]
2019-02-06T22:25:34.504+0500: 1013.448: [GC concurrent-mark-end, 0.0247538 secs]
2019-02-06T22:25:34.504+0500: 1013.449: [GC remark 2019-02-06T22:25:34.504+0500: 1013.449: [Finalize Marking, 0.0002839 secs] 2019-02-06T22:25:34.504+0500: 1013.449: [GC ref-proc, 0.0005413 secs] 2019-02-06T22:25:34.505+0500: 1013.450: [Unloading, 0.0041297 secs], 0.0071310 secs]
 [Times: user=0.04 sys=0.00, real=0.01 secs] 
2019-02-06T22:25:34.512+0500: 1013.456: [GC cleanup 154M->154M(256M), 0.0006720 secs]
 [Times: user=0.00 sys=0.00, real=0.00 secs] 
2019-02-06T22:25:35.385+0500: 1014.330: [GC pause (G1 Evacuation Pause) (young), 0.0048965 secs]
   [Parallel Time: 4.1 ms, GC Workers: 8]
      [GC Worker Start (ms): Min: 1014329.8, Avg: 1014329.9, Max: 1014329.9, Diff: 0.1]
      [Ext Root Scanning (ms): Min: 0.3, Avg: 0.5, Max: 0.9, Diff: 0.6, Sum: 3.6]
      [Update RS (ms): Min: 1.0, Avg: 1.5, Max: 1.9, Diff: 0.9, Sum: 12.2]
         [Processed Buffers: Min: 2, Avg: 5.8, Max: 14, Diff: 12, Sum: 46]
      [Scan RS (ms): Min: 0.6, Avg: 0.9, Max: 1.1, Diff: 0.5, Sum: 7.2]
      [Code Root Scanning (ms): Min: 0.0, Avg: 0.0, Max: 0.0, Diff: 0.0, Sum: 0.0]
      [Object Copy (ms): Min: 1.0, Avg: 1.0, Max: 1.1, Diff: 0.1, Sum: 8.1]
      [Termination (ms): Min: 0.0, Avg: 0.0, Max: 0.0, Diff: 0.0, Sum: 0.0]
         [Termination Attempts: Min: 1, Avg: 1.0, Max: 1, Diff: 0, Sum: 8]
      [GC Worker Other (ms): Min: 0.0, Avg: 0.0, Max: 0.1, Diff: 0.0, Sum: 0.2]
      [GC Worker Total (ms): Min: 3.9, Avg: 3.9, Max: 4.0, Diff: 0.1, Sum: 31.3]
      [GC Worker End (ms): Min: 1014333.8, Avg: 1014333.8, Max: 1014333.8, Diff: 0.0]
   [Code Root Fixup: 0.1 ms]
   [Code Root Purge: 0.0 ms]
   [Clear CT: 0.1 ms]
   [Other: 0.6 ms]
      [Choose CSet: 0.0 ms]
      [Ref Proc: 0.3 ms]
      [Ref Enq: 0.0 ms]
      [Redirty Cards: 0.1 ms]
      [Humongous Register: 0.0 ms]
      [Humongous Reclaim: 0.0 ms]
      [Free CSet: 0.0 ms]
   [Eden: 74.0M(74.0M)->0.0B(10.0M) Survivors: 2048.0K->2048.0K Heap: 225.8M(256.0M)->151.3M(256.0M)]
 [Times: user=0.03 sys=0.00, real=0.01 secs] 
2019-02-06T22:25:35.509+0500: 1014.453: [GC pause (G1 Evacuation Pause) (mixed), 0.0070697 secs]
   [Parallel Time: 5.7 ms, GC Workers: 8]
      [GC Worker Start (ms): Min: 1014453.5, Avg: 1014453.5, Max: 1014453.5, Diff: 0.1]
      [Ext Root Scanning (ms): Min: 0.2, Avg: 0.3, Max: 0.8, Diff: 0.6, Sum: 2.7]
      [Update RS (ms): Min: 1.1, Avg: 1.5, Max: 1.6, Diff: 0.6, Sum: 11.8]
         [Processed Buffers: Min: 2, Avg: 4.8, Max: 12, Diff: 10, Sum: 38]
      [Scan RS (ms): Min: 1.5, Avg: 1.6, Max: 1.7, Diff: 0.2, Sum: 13.0]
      [Code Root Scanning (ms): Min: 0.0, Avg: 0.3, Max: 2.0, Diff: 2.0, Sum: 2.1]
      [Object Copy (ms): Min: 0.0, Avg: 1.4, Max: 1.7, Diff: 1.6, Sum: 11.4]
      [Termination (ms): Min: 0.0, Avg: 0.5, Max: 0.5, Diff: 0.5, Sum: 3.7]
         [Termination Attempts: Min: 1, Avg: 15.2, Max: 24, Diff: 23, Sum: 122]
      [GC Worker Other (ms): Min: 0.0, Avg: 0.0, Max: 0.0, Diff: 0.0, Sum: 0.1]
      [GC Worker Total (ms): Min: 5.5, Avg: 5.6, Max: 5.6, Diff: 0.1, Sum: 44.8]
      [GC Worker End (ms): Min: 1014459.0, Avg: 1014459.1, Max: 1014459.1, Diff: 0.1]
   [Code Root Fixup: 0.6 ms]
   [Code Root Purge: 0.0 ms]
   [Clear CT: 0.1 ms]
   [Other: 0.7 ms]
      [Choose CSet: 0.0 ms]
      [Ref Proc: 0.3 ms]
      [Ref Enq: 0.0 ms]
      [Redirty Cards: 0.1 ms]
      [Humongous Register: 0.0 ms]
      [Humongous Reclaim: 0.0 ms]
      [Free CSet: 0.1 ms]
   [Eden: 10.0M(10.0M)->0.0B(75.0M) Survivors: 2048.0K->2048.0K Heap: 161.3M(256.0M)->151.1M(256.0M)]
 [Times: user=0.04 sys=0.00, real=0.01 secs] 
2019-02-06T22:25:36.464+0500: 1015.409: [GC pause (G1 Evacuation Pause) (young), 0.0046930 secs]
   [Parallel Time: 3.9 ms, GC Workers: 8]
      [GC Worker Start (ms): Min: 1015408.9, Avg: 1015408.9, Max: 1015409.0, Diff: 0.1]
      [Ext Root Scanning (ms): Min: 0.3, Avg: 0.3, Max: 0.7, Diff: 0.4, Sum: 2.6]
      [Update RS (ms): Min: 1.8, Avg: 1.9, Max: 2.2, Diff: 0.5, Sum: 14.9]
         [Processed Buffers: Min: 3, Avg: 5.8, Max: 13, Diff: 10, Sum: 46]
      [Scan RS (ms): Min: 0.2, Avg: 0.6, Max: 0.7, Diff: 0.5, Sum: 4.7]
      [Code Root Scanning (ms): Min: 0.0, Avg: 0.0, Max: 0.0, Diff: 0.0, Sum: 0.0]
      [Object Copy (ms): Min: 0.9, Avg: 0.9, Max: 1.0, Diff: 0.1, Sum: 7.6]
      [Termination (ms): Min: 0.0, Avg: 0.0, Max: 0.0, Diff: 0.0, Sum: 0.0]
         [Termination Attempts: Min: 1, Avg: 1.1, Max: 2, Diff: 1, Sum: 9]
      [GC Worker Other (ms): Min: 0.0, Avg: 0.0, Max: 0.0, Diff: 0.0, Sum: 0.1]
      [GC Worker Total (ms): Min: 3.7, Avg: 3.7, Max: 3.8, Diff: 0.1, Sum: 29.9]
      [GC Worker End (ms): Min: 1015412.7, Avg: 1015412.7, Max: 1015412.7, Diff: 0.0]
   [Code Root Fixup: 0.1 ms]
   [Code Root Purge: 0.0 ms]
   [Clear CT: 0.1 ms]
   [Other: 0.6 ms]
      [Choose CSet: 0.0 ms]
      [Ref Proc: 0.3 ms]
      [Ref Enq: 0.0 ms]
      [Redirty Cards: 0.1 ms]
      [Humongous Register: 0.0 ms]
      [Humongous Reclaim: 0.0 ms]
      [Free CSet: 0.0 ms]
   [Eden: 75.0M(75.0M)->0.0B(77.0M) Survivors: 2048.0K->1024.0K Heap: 226.1M(256.0M)->150.9M(256.0M)]
 [Times: user=0.03 sys=0.00, real=0.00 secs] 
2019-02-06T22:25:37.397+0500: 1016.342: [GC pause (G1 Evacuation Pause) (young) (initial-mark), 0.0050238 secs]
   [Parallel Time: 4.2 ms, GC Workers: 8]
      [GC Worker Start (ms): Min: 1016341.9, Avg: 1016342.0, Max: 1016342.0, Diff: 0.1]
      [Ext Root Scanning (ms): Min: 0.6, Avg: 0.7, Max: 0.7, Diff: 0.1, Sum: 5.3]
      [Update RS (ms): Min: 1.8, Avg: 1.9, Max: 2.2, Diff: 0.4, Sum: 15.1]
         [Processed Buffers: Min: 3, Avg: 5.9, Max: 19, Diff: 16, Sum: 47]
      [Scan RS (ms): Min: 0.2, Avg: 0.4, Max: 0.6, Diff: 0.4, Sum: 3.5]
      [Code Root Scanning (ms): Min: 0.0, Avg: 0.0, Max: 0.0, Diff: 0.0, Sum: 0.0]
      [Object Copy (ms): Min: 0.9, Avg: 1.0, Max: 1.0, Diff: 0.1, Sum: 7.7]
      [Termination (ms): Min: 0.0, Avg: 0.0, Max: 0.0, Diff: 0.0, Sum: 0.0]
         [Termination Attempts: Min: 1, Avg: 1.5, Max: 3, Diff: 2, Sum: 12]
      [GC Worker Other (ms): Min: 0.0, Avg: 0.0, Max: 0.0, Diff: 0.0, Sum: 0.1]
      [GC Worker Total (ms): Min: 3.9, Avg: 4.0, Max: 4.0, Diff: 0.1, Sum: 31.7]
      [GC Worker End (ms): Min: 1016345.9, Avg: 1016345.9, Max: 1016345.9, Diff: 0.0]
   [Code Root Fixup: 0.1 ms]
   [Code Root Purge: 0.0 ms]
   [Clear CT: 0.1 ms]
   [Other: 0.6 ms]
      [Choose CSet: 0.0 ms]
      [Ref Proc: 0.3 ms]
      [Ref Enq: 0.0 ms]
      [Redirty Cards: 0.1 ms]
      [Humongous Register: 0.0 ms]
      [Humongous Reclaim: 0.0 ms]
      [Free CSet: 0.0 ms]
   [Eden: 77.0M(77.0M)->0.0B(74.0M) Survivors: 1024.0K->2048.0K Heap: 227.9M(256.0M)->151.3M(256.0M)]
 [Times: user=0.03 sys=0.00, real=0.01 secs] 
2019-02-06T22:25:37.402+0500: 1016.347: [GC concurrent-root-region-scan-start]
2019-02-06T22:25:37.407+0500: 1016.352: [GC concurrent-root-region-scan-end, 0.0045294 secs]
2019-02-06T22:25:37.407+0500: 1016.352: [GC concurrent-mark-start]
2019-02-06T22:25:37.432+0500: 1016.377: [GC concurrent-mark-end, 0.0249890 secs]
2019-02-06T22:25:37.432+0500: 1016.377: [GC remark 2019-02-06T22:25:37.432+0500: 1016.377: [Finalize Marking, 0.0003468 secs] 2019-02-06T22:25:37.433+0500: 1016.377: [GC ref-proc, 0.0005496 secs] 2019-02-06T22:25:37.433+0500: 1016.378: [Unloading, 0.0040639 secs], 0.0065847 secs]
 [Times: user=0.03 sys=0.00, real=0.00 secs] 
2019-02-06T22:25:37.439+0500: 1016.384: [GC cleanup 154M->154M(256M), 0.0006476 secs]
 [Times: user=0.00 sys=0.00, real=0.01 secs] 
2019-02-06T22:25:38.298+0500: 1017.243: [GC pause (G1 Evacuation Pause) (young), 0.0045027 secs]
   [Parallel Time: 3.7 ms, GC Workers: 8]
      [GC Worker Start (ms): Min: 1017242.7, Avg: 1017242.8, Max: 1017242.8, Diff: 0.1]
      [Ext Root Scanning (ms): Min: 0.3, Avg: 0.4, Max: 0.7, Diff: 0.5, Sum: 2.9]
      [Update RS (ms): Min: 1.6, Avg: 2.0, Max: 2.3, Diff: 0.8, Sum: 15.6]
         [Processed Buffers: Min: 4, Avg: 6.1, Max: 9, Diff: 5, Sum: 49]
      [Scan RS (ms): Min: 0.0, Avg: 0.3, Max: 0.4, Diff: 0.4, Sum: 2.3]
      [Code Root Scanning (ms): Min: 0.0, Avg: 0.0, Max: 0.0, Diff: 0.0, Sum: 0.0]
      [Object Copy (ms): Min: 0.8, Avg: 0.9, Max: 1.0, Diff: 0.1, Sum: 7.3]
      [Termination (ms): Min: 0.0, Avg: 0.0, Max: 0.0, Diff: 0.0, Sum: 0.0]
         [Termination Attempts: Min: 1, Avg: 1.0, Max: 1, Diff: 0, Sum: 8]
      [GC Worker Other (ms): Min: 0.0, Avg: 0.0, Max: 0.0, Diff: 0.0, Sum: 0.1]
      [GC Worker Total (ms): Min: 3.5, Avg: 3.5, Max: 3.6, Diff: 0.1, Sum: 28.2]
      [GC Worker End (ms): Min: 1017246.3, Avg: 1017246.3, Max: 1017246.3, Diff: 0.0]
   [Code Root Fixup: 0.1 ms]
   [Code Root Purge: 0.0 ms]
   [Clear CT: 0.1 ms]
   [Other: 0.6 ms]
      [Choose CSet: 0.0 ms]
      [Ref Proc: 0.2 ms]
      [Ref Enq: 0.0 ms]
      [Redirty Cards: 0.1 ms]
      [Humongous Register: 0.0 ms]
      [Humongous Reclaim: 0.0 ms]
      [Free CSet: 0.0 ms]
   [Eden: 74.0M(74.0M)->0.0B(74.0M) Survivors: 2048.0K->2048.0K Heap: 225.3M(256.0M)->151.3M(256.0M)]
 [Times: user=0.03 sys=0.01, real=0.01 secs] 
2019-02-06T22:25:39.404+0500: 1018.348: [GC pause (G1 Evacuation Pause) (young), 0.0167258 secs]
   [Parallel Time: 15.8 ms, GC Workers: 8]
      [GC Worker Start (ms): Min: 1018348.4, Avg: 1018348.5, Max: 1018348.6, Diff: 0.1]
      [Ext Root Scanning (ms): Min: 0.3, Avg: 1.7, Max: 5.7, Diff: 5.4, Sum: 13.9]
      [Update RS (ms): Min: 0.0, Avg: 2.2, Max: 3.2, Diff: 3.2, Sum: 17.8]
         [Processed Buffers: Min: 0, Avg: 6.6, Max: 17, Diff: 17, Sum: 53]
      [Scan RS (ms): Min: 0.0, Avg: 0.1, Max: 0.2, Diff: 0.2, Sum: 0.7]
      [Code Root Scanning (ms): Min: 0.0, Avg: 0.0, Max: 0.0, Diff: 0.0, Sum: 0.0]
      [Object Copy (ms): Min: 0.0, Avg: 1.0, Max: 1.4, Diff: 1.4, Sum: 7.9]
      [Termination (ms): Min: 0.0, Avg: 5.6, Max: 10.8, Diff: 10.8, Sum: 44.9]
         [Termination Attempts: Min: 1, Avg: 1.2, Max: 2, Diff: 1, Sum: 10]
      [GC Worker Other (ms): Min: 0.0, Avg: 0.0, Max: 0.0, Diff: 0.0, Sum: 0.1]
      [GC Worker Total (ms): Min: 5.7, Avg: 10.7, Max: 15.7, Diff: 10.0, Sum: 85.4]
      [GC Worker End (ms): Min: 1018354.2, Avg: 1018359.2, Max: 1018364.2, Diff: 10.0]
   [Code Root Fixup: 0.1 ms]
   [Code Root Purge: 0.0 ms]
   [Clear CT: 0.2 ms]
   [Other: 0.7 ms]
      [Choose CSet: 0.0 ms]
      [Ref Proc: 0.3 ms]
      [Ref Enq: 0.0 ms]
      [Redirty Cards: 0.2 ms]
      [Humongous Register: 0.0 ms]
      [Humongous Reclaim: 0.0 ms]
      [Free CSet: 0.0 ms]
   [Eden: 74.0M(74.0M)->0.0B(74.0M) Survivors: 2048.0K->2048.0K Heap: 225.3M(256.0M)->151.3M(256.0M)]
 [Times: user=0.03 sys=0.00, real=0.02 secs] 
2019-02-06T22:25:40.400+0500: 1019.345: [GC pause (G1 Evacuation Pause) (young) (initial-mark), 0.0051175 secs]
   [Parallel Time: 4.4 ms, GC Workers: 8]
      [GC Worker Start (ms): Min: 1019344.8, Avg: 1019344.9, Max: 1019344.9, Diff: 0.1]
      [Ext Root Scanning (ms): Min: 0.6, Avg: 0.7, Max: 0.7, Diff: 0.1, Sum: 5.4]
      [Update RS (ms): Min: 2.3, Avg: 2.4, Max: 2.6, Diff: 0.3, Sum: 19.3]
         [Processed Buffers: Min: 5, Avg: 7.1, Max: 12, Diff: 7, Sum: 57]
      [Scan RS (ms): Min: 0.0, Avg: 0.0, Max: 0.0, Diff: 0.0, Sum: 0.1]
      [Code Root Scanning (ms): Min: 0.0, Avg: 0.0, Max: 0.0, Diff: 0.0, Sum: 0.0]
      [Object Copy (ms): Min: 0.8, Avg: 0.9, Max: 1.0, Diff: 0.3, Sum: 7.5]
      [Termination (ms): Min: 0.0, Avg: 0.0, Max: 0.0, Diff: 0.0, Sum: 0.0]
         [Termination Attempts: Min: 1, Avg: 1.0, Max: 1, Diff: 0, Sum: 8]
      [GC Worker Other (ms): Min: 0.0, Avg: 0.0, Max: 0.0, Diff: 0.0, Sum: 0.2]
      [GC Worker Total (ms): Min: 4.0, Avg: 4.1, Max: 4.1, Diff: 0.1, Sum: 32.5]
      [GC Worker End (ms): Min: 1019348.9, Avg: 1019348.9, Max: 1019349.0, Diff: 0.0]
   [Code Root Fixup: 0.1 ms]
   [Code Root Purge: 0.0 ms]
   [Clear CT: 0.1 ms]
   [Other: 0.6 ms]
      [Choose CSet: 0.0 ms]
      [Ref Proc: 0.2 ms]
      [Ref Enq: 0.0 ms]
      [Redirty Cards: 0.1 ms]
      [Humongous Register: 0.0 ms]
      [Humongous Reclaim: 0.0 ms]
      [Free CSet: 0.0 ms]
   [Eden: 74.0M(74.0M)->0.0B(74.0M) Survivors: 2048.0K->2048.0K Heap: 225.3M(256.0M)->151.5M(256.0M)]
 [Times: user=0.03 sys=0.01, real=0.00 secs] 
2019-02-06T22:25:40.405+0500: 1019.350: [GC concurrent-root-region-scan-start]
2019-02-06T22:25:40.410+0500: 1019.355: [GC concurrent-root-region-scan-end, 0.0046818 secs]
2019-02-06T22:25:40.410+0500: 1019.355: [GC concurrent-mark-start]
2019-02-06T22:25:40.435+0500: 1019.379: [GC concurrent-mark-end, 0.0246532 secs]
2019-02-06T22:25:40.435+0500: 1019.380: [GC remark 2019-02-06T22:25:40.435+0500: 1019.380: [Finalize Marking, 0.0002876 secs] 2019-02-06T22:25:40.436+0500: 1019.380: [GC ref-proc, 0.0003987 secs] 2019-02-06T22:25:40.436+0500: 1019.380: [Unloading, 0.0042885 secs], 0.0073792 secs]
 [Times: user=0.03 sys=0.00, real=0.01 secs] 
2019-02-06T22:25:40.443+0500: 1019.387: [GC cleanup 154M->154M(256M), 0.0006910 secs]
 [Times: user=0.00 sys=0.00, real=0.00 secs] 
2019-02-06T22:25:41.312+0500: 1020.256: [GC pause (G1 Evacuation Pause) (young), 0.0046823 secs]
   [Parallel Time: 3.9 ms, GC Workers: 8]
      [GC Worker Start (ms): Min: 1020256.2, Avg: 1020256.2, Max: 1020256.2, Diff: 0.1]
      [Ext Root Scanning (ms): Min: 0.2, Avg: 0.3, Max: 0.7, Diff: 0.5, Sum: 2.7]
      [Update RS (ms): Min: 1.6, Avg: 2.0, Max: 2.4, Diff: 0.8, Sum: 15.7]
         [Processed Buffers: Min: 3, Avg: 5.4, Max: 14, Diff: 11, Sum: 43]
      [Scan RS (ms): Min: 0.1, Avg: 0.4, Max: 0.6, Diff: 0.5, Sum: 3.5]
      [Code Root Scanning (ms): Min: 0.0, Avg: 0.0, Max: 0.0, Diff: 0.0, Sum: 0.0]
      [Object Copy (ms): Min: 1.0, Avg: 1.1, Max: 1.3, Diff: 0.2, Sum: 8.6]
      [Termination (ms): Min: 0.0, Avg: 0.0, Max: 0.0, Diff: 0.0, Sum: 0.0]
         [Termination Attempts: Min: 1, Avg: 1.8, Max: 3, Diff: 2, Sum: 14]
      [GC Worker Other (ms): Min: 0.0, Avg: 0.0, Max: 0.0, Diff: 0.0, Sum: 0.1]
      [GC Worker Total (ms): Min: 3.8, Avg: 3.8, Max: 3.9, Diff: 0.1, Sum: 30.6]
      [GC Worker End (ms): Min: 1020260.0, Avg: 1020260.0, Max: 1020260.0, Diff: 0.0]
   [Code Root Fixup: 0.1 ms]
   [Code Root Purge: 0.0 ms]
   [Clear CT: 0.1 ms]
   [Other: 0.6 ms]
      [Choose CSet: 0.0 ms]
      [Ref Proc: 0.3 ms]
      [Ref Enq: 0.0 ms]
      [Redirty Cards: 0.1 ms]
      [Humongous Register: 0.0 ms]
      [Humongous Reclaim: 0.0 ms]
      [Free CSet: 0.0 ms]
   [Eden: 74.0M(74.0M)->0.0B(11.0M) Survivors: 2048.0K->1024.0K Heap: 225.5M(256.0M)->151.3M(256.0M)]
 [Times: user=0.03 sys=0.00, real=0.00 secs] 
2019-02-06T22:25:41.455+0500: 1020.399: [GC pause (G1 Evacuation Pause) (mixed), 0.0061194 secs]
   [Parallel Time: 5.3 ms, GC Workers: 8]
      [GC Worker Start (ms): Min: 1020399.2, Avg: 1020399.3, Max: 1020399.3, Diff: 0.1]
      [Ext Root Scanning (ms): Min: 0.2, Avg: 0.3, Max: 0.7, Diff: 0.5, Sum: 2.7]
      [Update RS (ms): Min: 1.6, Avg: 1.9, Max: 2.2, Diff: 0.7, Sum: 15.3]
         [Processed Buffers: Min: 2, Avg: 5.1, Max: 14, Diff: 12, Sum: 41]
      [Scan RS (ms): Min: 1.5, Avg: 1.9, Max: 2.2, Diff: 0.7, Sum: 15.0]
      [Code Root Scanning (ms): Min: 0.0, Avg: 0.0, Max: 0.0, Diff: 0.0, Sum: 0.0]
      [Object Copy (ms): Min: 0.8, Avg: 1.1, Max: 1.2, Diff: 0.4, Sum: 8.9]
      [Termination (ms): Min: 0.0, Avg: 0.0, Max: 0.0, Diff: 0.0, Sum: 0.0]
         [Termination Attempts: Min: 1, Avg: 1.5, Max: 3, Diff: 2, Sum: 12]
      [GC Worker Other (ms): Min: 0.0, Avg: 0.0, Max: 0.0, Diff: 0.0, Sum: 0.1]
      [GC Worker Total (ms): Min: 5.2, Avg: 5.2, Max: 5.3, Diff: 0.1, Sum: 42.0]
      [GC Worker End (ms): Min: 1020404.5, Avg: 1020404.5, Max: 1020404.5, Diff: 0.0]
   [Code Root Fixup: 0.1 ms]
   [Code Root Purge: 0.0 ms]
   [Clear CT: 0.1 ms]
   [Other: 0.6 ms]
      [Choose CSet: 0.0 ms]
      [Ref Proc: 0.2 ms]
      [Ref Enq: 0.0 ms]
      [Redirty Cards: 0.1 ms]
      [Humongous Register: 0.0 ms]
      [Humongous Reclaim: 0.0 ms]
      [Free CSet: 0.0 ms]
   [Eden: 11.0M(11.0M)->0.0B(77.0M) Survivors: 1024.0K->1024.0K Heap: 162.3M(256.0M)->150.5M(256.0M)]
 [Times: user=0.04 sys=0.00, real=0.01 secs] 
2019-02-06T22:25:42.415+0500: 1021.360: [GC pause (G1 Evacuation Pause) (young), 0.0045006 secs]
   [Parallel Time: 3.7 ms, GC Workers: 8]
      [GC Worker Start (ms): Min: 1021359.8, Avg: 1021359.8, Max: 1021359.9, Diff: 0.1]
      [Ext Root Scanning (ms): Min: 0.3, Avg: 0.3, Max: 0.7, Diff: 0.4, Sum: 2.8]
      [Update RS (ms): Min: 2.1, Avg: 2.3, Max: 2.6, Diff: 0.5, Sum: 18.8]
         [Processed Buffers: Min: 5, Avg: 6.9, Max: 15, Diff: 10, Sum: 55]
      [Scan RS (ms): Min: 0.0, Avg: 0.0, Max: 0.0, Diff: 0.0, Sum: 0.1]
      [Code Root Scanning (ms): Min: 0.0, Avg: 0.0, Max: 0.0, Diff: 0.0, Sum: 0.0]
      [Object Copy (ms): Min: 0.8, Avg: 0.9, Max: 1.0, Diff: 0.3, Sum: 7.4]
      [Termination (ms): Min: 0.0, Avg: 0.0, Max: 0.0, Diff: 0.0, Sum: 0.0]
         [Termination Attempts: Min: 1, Avg: 1.2, Max: 2, Diff: 1, Sum: 10]
      [GC Worker Other (ms): Min: 0.0, Avg: 0.0, Max: 0.0, Diff: 0.0, Sum: 0.1]
      [GC Worker Total (ms): Min: 3.6, Avg: 3.6, Max: 3.7, Diff: 0.1, Sum: 29.1]
      [GC Worker End (ms): Min: 1021363.5, Avg: 1021363.5, Max: 1021363.5, Diff: 0.0]
   [Code Root Fixup: 0.1 ms]
   [Code Root Purge: 0.0 ms]
   [Clear CT: 0.1 ms]
   [Other: 0.6 ms]
      [Choose CSet: 0.0 ms]
      [Ref Proc: 0.3 ms]
      [Ref Enq: 0.0 ms]
      [Redirty Cards: 0.1 ms]
      [Humongous Register: 0.0 ms]
      [Humongous Reclaim: 0.0 ms]
      [Free CSet: 0.0 ms]
   [Eden: 77.0M(77.0M)->0.0B(77.0M) Survivors: 1024.0K->1024.0K Heap: 227.5M(256.0M)->150.6M(256.0M)]
 [Times: user=0.03 sys=0.00, real=0.01 secs] 
2019-02-06T22:25:43.362+0500: 1022.306: [GC pause (G1 Evacuation Pause) (young) (initial-mark), 0.0051048 secs]
   [Parallel Time: 4.3 ms, GC Workers: 8]
      [GC Worker Start (ms): Min: 1022306.7, Avg: 1022306.7, Max: 1022306.7, Diff: 0.1]
      [Ext Root Scanning (ms): Min: 0.6, Avg: 0.7, Max: 0.7, Diff: 0.1, Sum: 5.6]
      [Update RS (ms): Min: 1.8, Avg: 1.9, Max: 2.2, Diff: 0.4, Sum: 15.1]
         [Processed Buffers: Min: 3, Avg: 6.2, Max: 11, Diff: 8, Sum: 50]
      [Scan RS (ms): Min: 0.2, Avg: 0.4, Max: 0.6, Diff: 0.4, Sum: 3.6]
      [Code Root Scanning (ms): Min: 0.0, Avg: 0.0, Max: 0.0, Diff: 0.0, Sum: 0.0]
      [Object Copy (ms): Min: 0.9, Avg: 1.0, Max: 1.1, Diff: 0.2, Sum: 7.9]
      [Termination (ms): Min: 0.0, Avg: 0.0, Max: 0.0, Diff: 0.0, Sum: 0.0]
         [Termination Attempts: Min: 1, Avg: 2.0, Max: 3, Diff: 2, Sum: 16]
      [GC Worker Other (ms): Min: 0.0, Avg: 0.0, Max: 0.0, Diff: 0.0, Sum: 0.2]
      [GC Worker Total (ms): Min: 4.0, Avg: 4.0, Max: 4.1, Diff: 0.1, Sum: 32.4]
      [GC Worker End (ms): Min: 1022310.7, Avg: 1022310.7, Max: 1022310.8, Diff: 0.0]
   [Code Root Fixup: 0.1 ms]
   [Code Root Purge: 0.0 ms]
   [Clear CT: 0.1 ms]
   [Other: 0.6 ms]
      [Choose CSet: 0.0 ms]
      [Ref Proc: 0.2 ms]
      [Ref Enq: 0.0 ms]
      [Redirty Cards: 0.1 ms]
      [Humongous Register: 0.0 ms]
      [Humongous Reclaim: 0.0 ms]
      [Free CSet: 0.0 ms]
   [Eden: 77.0M(77.0M)->0.0B(77.0M) Survivors: 1024.0K->1024.0K Heap: 227.6M(256.0M)->150.7M(256.0M)]
 [Times: user=0.03 sys=0.00, real=0.00 secs] 
2019-02-06T22:25:43.367+0500: 1022.312: [GC concurrent-root-region-scan-start]
2019-02-06T22:25:43.372+0500: 1022.316: [GC concurrent-root-region-scan-end, 0.0046093 secs]
2019-02-06T22:25:43.372+0500: 1022.316: [GC concurrent-mark-start]
2019-02-06T22:25:43.397+0500: 1022.342: [GC concurrent-mark-end, 0.0255162 secs]
2019-02-06T22:25:43.398+0500: 1022.342: [GC remark 2019-02-06T22:25:43.398+0500: 1022.342: [Finalize Marking, 0.0002939 secs] 2019-02-06T22:25:43.398+0500: 1022.343: [GC ref-proc, 0.0003792 secs] 2019-02-06T22:25:43.399+0500: 1022.343: [Unloading, 0.0039899 secs], 0.0065190 secs]
 [Times: user=0.03 sys=0.01, real=0.01 secs] 
2019-02-06T22:25:43.405+0500: 1022.349: [GC cleanup 153M->153M(256M), 0.0006775 secs]
 [Times: user=0.00 sys=0.00, real=0.00 secs] 
2019-02-06T22:25:44.342+0500: 1023.287: [GC pause (G1 Evacuation Pause) (young), 0.0044742 secs]
   [Parallel Time: 3.7 ms, GC Workers: 8]
      [GC Worker Start (ms): Min: 1023286.9, Avg: 1023286.9, Max: 1023286.9, Diff: 0.1]
      [Ext Root Scanning (ms): Min: 0.3, Avg: 0.4, Max: 0.7, Diff: 0.5, Sum: 2.9]
      [Update RS (ms): Min: 2.1, Avg: 2.3, Max: 2.5, Diff: 0.4, Sum: 18.3]
         [Processed Buffers: Min: 4, Avg: 7.9, Max: 12, Diff: 8, Sum: 63]
      [Scan RS (ms): Min: 0.0, Avg: 0.0, Max: 0.1, Diff: 0.1, Sum: 0.1]
      [Code Root Scanning (ms): Min: 0.0, Avg: 0.0, Max: 0.0, Diff: 0.0, Sum: 0.0]
      [Object Copy (ms): Min: 0.8, Avg: 0.9, Max: 1.0, Diff: 0.2, Sum: 7.3]
      [Termination (ms): Min: 0.0, Avg: 0.0, Max: 0.0, Diff: 0.0, Sum: 0.0]
         [Termination Attempts: Min: 1, Avg: 2.0, Max: 4, Diff: 3, Sum: 16]
      [GC Worker Other (ms): Min: 0.0, Avg: 0.0, Max: 0.0, Diff: 0.0, Sum: 0.1]
      [GC Worker Total (ms): Min: 3.6, Avg: 3.6, Max: 3.6, Diff: 0.1, Sum: 28.8]
      [GC Worker End (ms): Min: 1023290.5, Avg: 1023290.5, Max: 1023290.5, Diff: 0.0]
   [Code Root Fixup: 0.1 ms]
   [Code Root Purge: 0.0 ms]
   [Clear CT: 0.1 ms]
   [Other: 0.6 ms]
      [Choose CSet: 0.0 ms]
      [Ref Proc: 0.2 ms]
      [Ref Enq: 0.0 ms]
      [Redirty Cards: 0.1 ms]
      [Humongous Register: 0.0 ms]
      [Humongous Reclaim: 0.0 ms]
      [Free CSet: 0.0 ms]
   [Eden: 77.0M(77.0M)->0.0B(75.0M) Survivors: 1024.0K->2048.0K Heap: 227.7M(256.0M)->151.0M(256.0M)]
 [Times: user=0.02 sys=0.00, real=0.00 secs] 
2019-02-06T22:25:45.272+0500: 1024.216: [GC pause (G1 Evacuation Pause) (young), 0.0043708 secs]
   [Parallel Time: 3.6 ms, GC Workers: 8]
      [GC Worker Start (ms): Min: 1024216.3, Avg: 1024216.3, Max: 1024216.4, Diff: 0.1]
      [Ext Root Scanning (ms): Min: 0.2, Avg: 0.3, Max: 0.7, Diff: 0.5, Sum: 2.7]
      [Update RS (ms): Min: 2.0, Avg: 2.2, Max: 2.4, Diff: 0.3, Sum: 17.5]
         [Processed Buffers: Min: 4, Avg: 6.6, Max: 13, Diff: 9, Sum: 53]
      [Scan RS (ms): Min: 0.0, Avg: 0.0, Max: 0.1, Diff: 0.1, Sum: 0.1]
      [Code Root Scanning (ms): Min: 0.0, Avg: 0.0, Max: 0.0, Diff: 0.0, Sum: 0.0]
      [Object Copy (ms): Min: 0.7, Avg: 0.8, Max: 1.0, Diff: 0.3, Sum: 6.8]
      [Termination (ms): Min: 0.0, Avg: 0.0, Max: 0.0, Diff: 0.0, Sum: 0.0]
         [Termination Attempts: Min: 1, Avg: 1.0, Max: 1, Diff: 0, Sum: 8]
      [GC Worker Other (ms): Min: 0.0, Avg: 0.0, Max: 0.0, Diff: 0.0, Sum: 0.1]
      [GC Worker Total (ms): Min: 3.4, Avg: 3.4, Max: 3.4, Diff: 0.1, Sum: 27.3]
      [GC Worker End (ms): Min: 1024219.7, Avg: 1024219.7, Max: 1024219.8, Diff: 0.0]
   [Code Root Fixup: 0.1 ms]
   [Code Root Purge: 0.0 ms]
   [Clear CT: 0.1 ms]
   [Other: 0.6 ms]
      [Choose CSet: 0.0 ms]
      [Ref Proc: 0.3 ms]
      [Ref Enq: 0.0 ms]
      [Redirty Cards: 0.1 ms]
      [Humongous Register: 0.0 ms]
      [Humongous Reclaim: 0.0 ms]
      [Free CSet: 0.0 ms]
   [Eden: 75.0M(75.0M)->0.0B(77.0M) Survivors: 2048.0K->1024.0K Heap: 226.0M(256.0M)->150.8M(256.0M)]
 [Times: user=0.03 sys=0.00, real=0.00 secs] 
2019-02-06T22:25:46.352+0500: 1025.296: [GC pause (G1 Evacuation Pause) (young) (initial-mark), 0.0051507 secs]
   [Parallel Time: 4.4 ms, GC Workers: 8]
      [GC Worker Start (ms): Min: 1025296.3, Avg: 1025296.3, Max: 1025296.4, Diff: 0.1]
      [Ext Root Scanning (ms): Min: 0.6, Avg: 0.7, Max: 0.7, Diff: 0.1, Sum: 5.5]
      [Update RS (ms): Min: 1.5, Avg: 1.6, Max: 1.9, Diff: 0.5, Sum: 13.0]
         [Processed Buffers: Min: 3, Avg: 5.9, Max: 9, Diff: 6, Sum: 47]
      [Scan RS (ms): Min: 0.5, Avg: 0.8, Max: 1.0, Diff: 0.5, Sum: 6.5]
      [Code Root Scanning (ms): Min: 0.0, Avg: 0.0, Max: 0.0, Diff: 0.0, Sum: 0.0]
      [Object Copy (ms): Min: 0.9, Avg: 0.9, Max: 1.0, Diff: 0.2, Sum: 7.5]
      [Termination (ms): Min: 0.0, Avg: 0.0, Max: 0.0, Diff: 0.0, Sum: 0.0]
         [Termination Attempts: Min: 1, Avg: 1.0, Max: 1, Diff: 0, Sum: 8]
      [GC Worker Other (ms): Min: 0.0, Avg: 0.0, Max: 0.0, Diff: 0.0, Sum: 0.1]
      [GC Worker Total (ms): Min: 4.0, Avg: 4.1, Max: 4.1, Diff: 0.1, Sum: 32.6]
      [GC Worker End (ms): Min: 1025300.4, Avg: 1025300.4, Max: 1025300.4, Diff: 0.0]
   [Code Root Fixup: 0.1 ms]
   [Code Root Purge: 0.0 ms]
   [Clear CT: 0.1 ms]
   [Other: 0.5 ms]
      [Choose CSet: 0.0 ms]
      [Ref Proc: 0.2 ms]
      [Ref Enq: 0.0 ms]
      [Redirty Cards: 0.1 ms]
      [Humongous Register: 0.0 ms]
      [Humongous Reclaim: 0.0 ms]
      [Free CSet: 0.0 ms]
   [Eden: 77.0M(77.0M)->0.0B(77.0M) Survivors: 1024.0K->1024.0K Heap: 227.8M(256.0M)->150.9M(256.0M)]
 [Times: user=0.03 sys=0.00, real=0.00 secs] 
2019-02-06T22:25:46.357+0500: 1025.301: [GC concurrent-root-region-scan-start]
2019-02-06T22:25:46.362+0500: 1025.306: [GC concurrent-root-region-scan-end, 0.0046523 secs]
2019-02-06T22:25:46.362+0500: 1025.306: [GC concurrent-mark-start]
2019-02-06T22:25:46.388+0500: 1025.332: [GC concurrent-mark-end, 0.0262573 secs]
2019-02-06T22:25:46.388+0500: 1025.333: [GC remark 2019-02-06T22:25:46.388+0500: 1025.333: [Finalize Marking, 0.0018265 secs] 2019-02-06T22:25:46.390+0500: 1025.335: [GC ref-proc, 0.0005635 secs] 2019-02-06T22:25:46.391+0500: 1025.335: [Unloading, 0.0054153 secs], 0.0095991 secs]
 [Times: user=0.05 sys=0.00, real=0.01 secs] 
2019-02-06T22:25:46.398+0500: 1025.343: [GC cleanup 153M->153M(256M), 0.0006224 secs]
 [Times: user=0.00 sys=0.00, real=0.00 secs] 
2019-02-06T22:25:47.298+0500: 1026.242: [GC pause (G1 Evacuation Pause) (young), 0.0046116 secs]
   [Parallel Time: 3.8 ms, GC Workers: 8]
      [GC Worker Start (ms): Min: 1026242.4, Avg: 1026242.4, Max: 1026242.5, Diff: 0.1]
      [Ext Root Scanning (ms): Min: 0.3, Avg: 0.4, Max: 0.7, Diff: 0.5, Sum: 2.9]
      [Update RS (ms): Min: 1.6, Avg: 1.7, Max: 2.0, Diff: 0.4, Sum: 13.5]
         [Processed Buffers: Min: 3, Avg: 5.6, Max: 13, Diff: 10, Sum: 45]
      [Scan RS (ms): Min: 0.4, Avg: 0.7, Max: 0.9, Diff: 0.5, Sum: 5.4]
      [Code Root Scanning (ms): Min: 0.0, Avg: 0.0, Max: 0.0, Diff: 0.0, Sum: 0.0]
      [Object Copy (ms): Min: 0.9, Avg: 1.0, Max: 1.0, Diff: 0.1, Sum: 7.8]
      [Termination (ms): Min: 0.0, Avg: 0.0, Max: 0.0, Diff: 0.0, Sum: 0.0]
         [Termination Attempts: Min: 1, Avg: 2.0, Max: 3, Diff: 2, Sum: 16]
      [GC Worker Other (ms): Min: 0.0, Avg: 0.0, Max: 0.0, Diff: 0.0, Sum: 0.2]
      [GC Worker Total (ms): Min: 3.7, Avg: 3.7, Max: 3.8, Diff: 0.1, Sum: 29.8]
      [GC Worker End (ms): Min: 1026246.2, Avg: 1026246.2, Max: 1026246.2, Diff: 0.0]
   [Code Root Fixup: 0.1 ms]
   [Code Root Purge: 0.0 ms]
   [Clear CT: 0.1 ms]
   [Other: 0.6 ms]
      [Choose CSet: 0.0 ms]
      [Ref Proc: 0.2 ms]
      [Ref Enq: 0.0 ms]
      [Redirty Cards: 0.1 ms]
      [Humongous Register: 0.0 ms]
      [Humongous Reclaim: 0.0 ms]
      [Free CSet: 0.0 ms]
   [Eden: 77.0M(77.0M)->0.0B(77.0M) Survivors: 1024.0K->1024.0K Heap: 227.9M(256.0M)->150.9M(256.0M)]
 [Times: user=0.03 sys=0.00, real=0.01 secs] 
2019-02-06T22:25:48.289+0500: 1027.233: [GC pause (G1 Evacuation Pause) (young), 0.0048282 secs]
   [Parallel Time: 4.0 ms, GC Workers: 8]
      [GC Worker Start (ms): Min: 1027233.1, Avg: 1027233.1, Max: 1027233.2, Diff: 0.1]
      [Ext Root Scanning (ms): Min: 0.3, Avg: 0.3, Max: 0.7, Diff: 0.5, Sum: 2.7]
      [Update RS (ms): Min: 1.5, Avg: 1.9, Max: 2.2, Diff: 0.7, Sum: 15.0]
         [Processed Buffers: Min: 3, Avg: 5.9, Max: 15, Diff: 12, Sum: 47]
      [Scan RS (ms): Min: 0.2, Avg: 0.5, Max: 0.6, Diff: 0.4, Sum: 3.8]
      [Code Root Scanning (ms): Min: 0.0, Avg: 0.0, Max: 0.0, Diff: 0.0, Sum: 0.0]
      [Object Copy (ms): Min: 0.9, Avg: 1.0, Max: 1.2, Diff: 0.3, Sum: 7.9]
      [Termination (ms): Min: 0.0, Avg: 0.2, Max: 0.3, Diff: 0.3, Sum: 1.9]
         [Termination Attempts: Min: 1, Avg: 1.9, Max: 3, Diff: 2, Sum: 15]
      [GC Worker Other (ms): Min: 0.0, Avg: 0.0, Max: 0.0, Diff: 0.0, Sum: 0.1]
      [GC Worker Total (ms): Min: 3.9, Avg: 3.9, Max: 4.0, Diff: 0.1, Sum: 31.5]
      [GC Worker End (ms): Min: 1027237.0, Avg: 1027237.0, Max: 1027237.1, Diff: 0.0]
   [Code Root Fixup: 0.1 ms]
   [Code Root Purge: 0.0 ms]
   [Clear CT: 0.2 ms]
   [Other: 0.6 ms]
      [Choose CSet: 0.0 ms]
      [Ref Proc: 0.2 ms]
      [Ref Enq: 0.0 ms]
      [Redirty Cards: 0.1 ms]
      [Humongous Register: 0.0 ms]
      [Humongous Reclaim: 0.0 ms]
      [Free CSet: 0.0 ms]
   [Eden: 77.0M(77.0M)->0.0B(76.0M) Survivors: 1024.0K->1024.0K Heap: 227.9M(256.0M)->150.9M(256.0M)]
 [Times: user=0.04 sys=0.00, real=0.01 secs] 
2019-02-06T22:25:49.469+0500: 1028.414: [GC pause (G1 Evacuation Pause) (young) (initial-mark), 0.0051806 secs]
   [Parallel Time: 4.3 ms, GC Workers: 8]
      [GC Worker Start (ms): Min: 1028413.7, Avg: 1028413.8, Max: 1028413.9, Diff: 0.1]
      [Ext Root Scanning (ms): Min: 0.6, Avg: 0.7, Max: 0.8, Diff: 0.1, Sum: 5.7]
      [Update RS (ms): Min: 2.0, Avg: 2.1, Max: 2.4, Diff: 0.4, Sum: 17.0]
         [Processed Buffers: Min: 4, Avg: 6.6, Max: 11, Diff: 7, Sum: 53]
      [Scan RS (ms): Min: 0.1, Avg: 0.3, Max: 0.5, Diff: 0.4, Sum: 2.6]
      [Code Root Scanning (ms): Min: 0.0, Avg: 0.0, Max: 0.0, Diff: 0.0, Sum: 0.0]
      [Object Copy (ms): Min: 0.9, Avg: 0.9, Max: 1.0, Diff: 0.2, Sum: 7.5]
      [Termination (ms): Min: 0.0, Avg: 0.0, Max: 0.0, Diff: 0.0, Sum: 0.0]
         [Termination Attempts: Min: 1, Avg: 1.0, Max: 1, Diff: 0, Sum: 8]
      [GC Worker Other (ms): Min: 0.0, Avg: 0.0, Max: 0.0, Diff: 0.0, Sum: 0.1]
      [GC Worker Total (ms): Min: 4.0, Avg: 4.1, Max: 4.2, Diff: 0.1, Sum: 32.9]
      [GC Worker End (ms): Min: 1028417.9, Avg: 1028417.9, Max: 1028417.9, Diff: 0.0]
   [Code Root Fixup: 0.1 ms]
   [Code Root Purge: 0.0 ms]
   [Clear CT: 0.1 ms]
   [Other: 0.6 ms]
      [Choose CSet: 0.0 ms]
      [Ref Proc: 0.3 ms]
      [Ref Enq: 0.0 ms]
      [Redirty Cards: 0.1 ms]
      [Humongous Register: 0.0 ms]
      [Humongous Reclaim: 0.0 ms]
      [Free CSet: 0.0 ms]
   [Eden: 76.0M(76.0M)->0.0B(74.0M) Survivors: 1024.0K->2048.0K Heap: 226.9M(256.0M)->151.3M(256.0M)]
 [Times: user=0.03 sys=0.01, real=0.01 secs] 
2019-02-06T22:25:49.475+0500: 1028.419: [GC concurrent-root-region-scan-start]
2019-02-06T22:25:49.480+0500: 1028.424: [GC concurrent-root-region-scan-end, 0.0047299 secs]
2019-02-06T22:25:49.480+0500: 1028.424: [GC concurrent-mark-start]
2019-02-06T22:25:49.507+0500: 1028.451: [GC concurrent-mark-end, 0.0270767 secs]
2019-02-06T22:25:49.507+0500: 1028.451: [GC remark 2019-02-06T22:25:49.507+0500: 1028.451: [Finalize Marking, 0.0099411 secs] 2019-02-06T22:25:49.517+0500: 1028.461: [GC ref-proc, 0.0005545 secs] 2019-02-06T22:25:49.518+0500: 1028.462: [Unloading, 0.0042173 secs], 0.0168407 secs]
 [Times: user=0.04 sys=0.01, real=0.02 secs] 
2019-02-06T22:25:49.524+0500: 1028.468: [GC cleanup 153M->153M(256M), 0.0007177 secs]
 [Times: user=0.00 sys=0.00, real=0.00 secs] 
2019-02-06T22:25:50.650+0500: 1029.594: [GC pause (G1 Evacuation Pause) (young), 0.0048574 secs]
   [Parallel Time: 3.9 ms, GC Workers: 8]
      [GC Worker Start (ms): Min: 1029594.6, Avg: 1029594.6, Max: 1029594.6, Diff: 0.1]
      [Ext Root Scanning (ms): Min: 0.3, Avg: 0.4, Max: 0.7, Diff: 0.4, Sum: 3.1]
      [Update RS (ms): Min: 2.0, Avg: 2.2, Max: 2.5, Diff: 0.4, Sum: 17.5]
         [Processed Buffers: Min: 4, Avg: 7.0, Max: 14, Diff: 10, Sum: 56]
      [Scan RS (ms): Min: 0.0, Avg: 0.0, Max: 0.2, Diff: 0.2, Sum: 0.4]
      [Code Root Scanning (ms): Min: 0.0, Avg: 0.0, Max: 0.0, Diff: 0.0, Sum: 0.0]
      [Object Copy (ms): Min: 1.0, Avg: 1.2, Max: 1.3, Diff: 0.4, Sum: 9.3]
      [Termination (ms): Min: 0.0, Avg: 0.0, Max: 0.0, Diff: 0.0, Sum: 0.0]
         [Termination Attempts: Min: 1, Avg: 1.5, Max: 2, Diff: 1, Sum: 12]
      [GC Worker Other (ms): Min: 0.0, Avg: 0.0, Max: 0.0, Diff: 0.0, Sum: 0.1]
      [GC Worker Total (ms): Min: 3.8, Avg: 3.8, Max: 3.8, Diff: 0.1, Sum: 30.4]
      [GC Worker End (ms): Min: 1029598.4, Avg: 1029598.4, Max: 1029598.4, Diff: 0.0]
   [Code Root Fixup: 0.1 ms]
   [Code Root Purge: 0.0 ms]
   [Clear CT: 0.1 ms]
   [Other: 0.7 ms]
      [Choose CSet: 0.0 ms]
      [Ref Proc: 0.3 ms]
      [Ref Enq: 0.0 ms]
      [Redirty Cards: 0.1 ms]
      [Humongous Register: 0.0 ms]
      [Humongous Reclaim: 0.0 ms]
      [Free CSet: 0.0 ms]
   [Eden: 74.0M(74.0M)->0.0B(74.0M) Survivors: 2048.0K->2048.0K Heap: 225.3M(256.0M)->151.3M(256.0M)]
 [Times: user=0.03 sys=0.00, real=0.00 secs] 
2019-02-06T22:25:51.625+0500: 1030.569: [GC pause (G1 Evacuation Pause) (young), 0.0049176 secs]
   [Parallel Time: 4.0 ms, GC Workers: 8]
      [GC Worker Start (ms): Min: 1030569.3, Avg: 1030569.3, Max: 1030569.4, Diff: 0.1]
      [Ext Root Scanning (ms): Min: 0.3, Avg: 0.4, Max: 0.8, Diff: 0.5, Sum: 3.1]
      [Update RS (ms): Min: 1.3, Avg: 1.7, Max: 2.0, Diff: 0.7, Sum: 13.5]
         [Processed Buffers: Min: 3, Avg: 6.0, Max: 11, Diff: 8, Sum: 48]
      [Scan RS (ms): Min: 0.5, Avg: 0.8, Max: 0.9, Diff: 0.5, Sum: 6.4]
      [Code Root Scanning (ms): Min: 0.0, Avg: 0.0, Max: 0.0, Diff: 0.0, Sum: 0.0]
      [Object Copy (ms): Min: 0.9, Avg: 1.0, Max: 1.1, Diff: 0.1, Sum: 7.9]
      [Termination (ms): Min: 0.0, Avg: 0.0, Max: 0.0, Diff: 0.0, Sum: 0.0]
         [Termination Attempts: Min: 1, Avg: 1.8, Max: 3, Diff: 2, Sum: 14]
      [GC Worker Other (ms): Min: 0.0, Avg: 0.0, Max: 0.1, Diff: 0.0, Sum: 0.2]
      [GC Worker Total (ms): Min: 3.8, Avg: 3.9, Max: 4.0, Diff: 0.2, Sum: 31.0]
      [GC Worker End (ms): Min: 1030573.2, Avg: 1030573.2, Max: 1030573.2, Diff: 0.0]
   [Code Root Fixup: 0.1 ms]
   [Code Root Purge: 0.0 ms]
   [Clear CT: 0.2 ms]
   [Other: 0.7 ms]
      [Choose CSet: 0.0 ms]
      [Ref Proc: 0.3 ms]
      [Ref Enq: 0.0 ms]
      [Redirty Cards: 0.1 ms]
      [Humongous Register: 0.0 ms]
      [Humongous Reclaim: 0.0 ms]
      [Free CSet: 0.0 ms]
   [Eden: 74.0M(74.0M)->0.0B(76.0M) Survivors: 2048.0K->1024.0K Heap: 225.3M(256.0M)->151.0M(256.0M)]
 [Times: user=0.03 sys=0.00, real=0.01 secs] 
2019-02-06T22:25:52.662+0500: 1031.606: [GC pause (G1 Evacuation Pause) (young) (initial-mark), 0.0053034 secs]
   [Parallel Time: 4.5 ms, GC Workers: 8]
      [GC Worker Start (ms): Min: 1031606.4, Avg: 1031606.4, Max: 1031606.5, Diff: 0.1]
      [Ext Root Scanning (ms): Min: 0.7, Avg: 0.8, Max: 0.8, Diff: 0.1, Sum: 6.1]
      [Update RS (ms): Min: 1.7, Avg: 1.8, Max: 2.0, Diff: 0.3, Sum: 14.6]
         [Processed Buffers: Min: 3, Avg: 5.5, Max: 12, Diff: 9, Sum: 44]
      [Scan RS (ms): Min: 0.5, Avg: 0.7, Max: 0.8, Diff: 0.3, Sum: 5.4]
      [Code Root Scanning (ms): Min: 0.0, Avg: 0.0, Max: 0.0, Diff: 0.0, Sum: 0.0]
      [Object Copy (ms): Min: 1.0, Avg: 1.0, Max: 1.1, Diff: 0.1, Sum: 8.0]
      [Termination (ms): Min: 0.0, Avg: 0.0, Max: 0.0, Diff: 0.0, Sum: 0.0]
         [Termination Attempts: Min: 1, Avg: 1.1, Max: 2, Diff: 1, Sum: 9]
      [GC Worker Other (ms): Min: 0.0, Avg: 0.0, Max: 0.0, Diff: 0.0, Sum: 0.1]
      [GC Worker Total (ms): Min: 4.2, Avg: 4.3, Max: 4.3, Diff: 0.1, Sum: 34.2]
      [GC Worker End (ms): Min: 1031610.7, Avg: 1031610.7, Max: 1031610.7, Diff: 0.0]
   [Code Root Fixup: 0.1 ms]
   [Code Root Purge: 0.0 ms]
   [Clear CT: 0.1 ms]
   [Other: 0.6 ms]
      [Choose CSet: 0.0 ms]
      [Ref Proc: 0.2 ms]
      [Ref Enq: 0.0 ms]
      [Redirty Cards: 0.1 ms]
      [Humongous Register: 0.0 ms]
      [Humongous Reclaim: 0.0 ms]
      [Free CSet: 0.0 ms]
   [Eden: 76.0M(76.0M)->0.0B(74.0M) Survivors: 1024.0K->2048.0K Heap: 227.0M(256.0M)->151.4M(256.0M)]
 [Times: user=0.03 sys=0.00, real=0.00 secs] 
2019-02-06T22:25:52.667+0500: 1031.612: [GC concurrent-root-region-scan-start]
2019-02-06T22:25:52.672+0500: 1031.616: [GC concurrent-root-region-scan-end, 0.0045186 secs]
2019-02-06T22:25:52.672+0500: 1031.616: [GC concurrent-mark-start]
2019-02-06T22:25:52.697+0500: 1031.642: [GC concurrent-mark-end, 0.0255344 secs]
2019-02-06T22:25:52.698+0500: 1031.642: [GC remark 2019-02-06T22:25:52.698+0500: 1031.642: [Finalize Marking, 0.0003387 secs] 2019-02-06T22:25:52.698+0500: 1031.642: [GC ref-proc, 0.0005341 secs] 2019-02-06T22:25:52.699+0500: 1031.643: [Unloading, 0.0043173 secs], 0.0073736 secs]
 [Times: user=0.04 sys=0.00, real=0.01 secs] 
2019-02-06T22:25:52.705+0500: 1031.650: [GC cleanup 154M->154M(256M), 0.0007103 secs]
 [Times: user=0.00 sys=0.00, real=0.00 secs] 
2019-02-06T22:25:53.622+0500: 1032.567: [GC pause (G1 Evacuation Pause) (young), 0.0050717 secs]
   [Parallel Time: 4.3 ms, GC Workers: 8]
      [GC Worker Start (ms): Min: 1032566.7, Avg: 1032566.7, Max: 1032566.8, Diff: 0.1]
      [Ext Root Scanning (ms): Min: 0.2, Avg: 0.3, Max: 0.7, Diff: 0.5, Sum: 2.7]
      [Update RS (ms): Min: 1.9, Avg: 1.9, Max: 2.1, Diff: 0.2, Sum: 15.6]
         [Processed Buffers: Min: 4, Avg: 6.2, Max: 17, Diff: 13, Sum: 50]
      [Scan RS (ms): Min: 0.2, Avg: 0.5, Max: 0.6, Diff: 0.4, Sum: 3.7]
      [Code Root Scanning (ms): Min: 0.0, Avg: 0.0, Max: 0.0, Diff: 0.0, Sum: 0.0]
      [Object Copy (ms): Min: 1.0, Avg: 1.1, Max: 1.3, Diff: 0.3, Sum: 8.9]
      [Termination (ms): Min: 0.0, Avg: 0.2, Max: 0.3, Diff: 0.3, Sum: 2.0]
         [Termination Attempts: Min: 1, Avg: 2.1, Max: 5, Diff: 4, Sum: 17]
      [GC Worker Other (ms): Min: 0.0, Avg: 0.0, Max: 0.0, Diff: 0.0, Sum: 0.1]
      [GC Worker Total (ms): Min: 4.0, Avg: 4.1, Max: 4.2, Diff: 0.2, Sum: 33.0]
      [GC Worker End (ms): Min: 1032570.8, Avg: 1032570.9, Max: 1032570.9, Diff: 0.1]
   [Code Root Fixup: 0.1 ms]
   [Code Root Purge: 0.0 ms]
   [Clear CT: 0.1 ms]
   [Other: 0.6 ms]
      [Choose CSet: 0.0 ms]
      [Ref Proc: 0.2 ms]
      [Ref Enq: 0.0 ms]
      [Redirty Cards: 0.1 ms]
      [Humongous Register: 0.0 ms]
      [Humongous Reclaim: 0.0 ms]
      [Free CSet: 0.0 ms]
   [Eden: 74.0M(74.0M)->0.0B(76.0M) Survivors: 2048.0K->1024.0K Heap: 225.4M(256.0M)->151.4M(256.0M)]
 [Times: user=0.03 sys=0.00, real=0.00 secs] 
2019-02-06T22:25:54.618+0500: 1033.562: [GC pause (G1 Evacuation Pause) (young), 0.0047532 secs]
   [Parallel Time: 3.9 ms, GC Workers: 8]
      [GC Worker Start (ms): Min: 1033562.4, Avg: 1033562.4, Max: 1033562.5, Diff: 0.1]
      [Ext Root Scanning (ms): Min: 0.2, Avg: 0.3, Max: 0.7, Diff: 0.5, Sum: 2.7]
      [Update RS (ms): Min: 1.8, Avg: 2.1, Max: 2.4, Diff: 0.6, Sum: 16.7]
         [Processed Buffers: Min: 4, Avg: 6.1, Max: 11, Diff: 7, Sum: 49]
      [Scan RS (ms): Min: 0.1, Avg: 0.3, Max: 0.6, Diff: 0.5, Sum: 2.6]
      [Code Root Scanning (ms): Min: 0.0, Avg: 0.0, Max: 0.0, Diff: 0.0, Sum: 0.0]
      [Object Copy (ms): Min: 1.0, Avg: 1.0, Max: 1.1, Diff: 0.1, Sum: 8.2]
      [Termination (ms): Min: 0.0, Avg: 0.0, Max: 0.0, Diff: 0.0, Sum: 0.0]
         [Termination Attempts: Min: 1, Avg: 1.6, Max: 4, Diff: 3, Sum: 13]
      [GC Worker Other (ms): Min: 0.0, Avg: 0.0, Max: 0.0, Diff: 0.0, Sum: 0.2]
      [GC Worker Total (ms): Min: 3.8, Avg: 3.8, Max: 3.8, Diff: 0.1, Sum: 30.3]
      [GC Worker End (ms): Min: 1033566.2, Avg: 1033566.2, Max: 1033566.3, Diff: 0.0]
   [Code Root Fixup: 0.1 ms]
   [Code Root Purge: 0.0 ms]
   [Clear CT: 0.1 ms]
   [Other: 0.6 ms]
      [Choose CSet: 0.0 ms]
      [Ref Proc: 0.3 ms]
      [Ref Enq: 0.0 ms]
      [Redirty Cards: 0.1 ms]
      [Humongous Register: 0.0 ms]
      [Humongous Reclaim: 0.0 ms]
      [Free CSet: 0.0 ms]
   [Eden: 76.0M(76.0M)->0.0B(74.0M) Survivors: 1024.0K->2048.0K Heap: 227.4M(256.0M)->151.5M(256.0M)]
 [Times: user=0.03 sys=0.00, real=0.01 secs] 
2019-02-06T22:25:55.612+0500: 1034.556: [GC pause (G1 Evacuation Pause) (young) (initial-mark), 0.0051899 secs]
   [Parallel Time: 4.4 ms, GC Workers: 8]
      [GC Worker Start (ms): Min: 1034556.4, Avg: 1034556.4, Max: 1034556.5, Diff: 0.1]
      [Ext Root Scanning (ms): Min: 0.6, Avg: 0.7, Max: 0.7, Diff: 0.1, Sum: 5.4]
      [Update RS (ms): Min: 2.2, Avg: 2.3, Max: 2.5, Diff: 0.3, Sum: 18.2]
         [Processed Buffers: Min: 4, Avg: 7.1, Max: 13, Diff: 9, Sum: 57]
      [Scan RS (ms): Min: 0.0, Avg: 0.0, Max: 0.1, Diff: 0.1, Sum: 0.2]
      [Code Root Scanning (ms): Min: 0.0, Avg: 0.0, Max: 0.0, Diff: 0.0, Sum: 0.0]
      [Object Copy (ms): Min: 1.0, Avg: 1.1, Max: 1.2, Diff: 0.2, Sum: 9.0]
      [Termination (ms): Min: 0.0, Avg: 0.0, Max: 0.0, Diff: 0.0, Sum: 0.0]
         [Termination Attempts: Min: 1, Avg: 1.2, Max: 2, Diff: 1, Sum: 10]
      [GC Worker Other (ms): Min: 0.0, Avg: 0.0, Max: 0.0, Diff: 0.0, Sum: 0.1]
      [GC Worker Total (ms): Min: 4.1, Avg: 4.1, Max: 4.2, Diff: 0.1, Sum: 32.9]
      [GC Worker End (ms): Min: 1034560.5, Avg: 1034560.5, Max: 1034560.5, Diff: 0.0]
   [Code Root Fixup: 0.1 ms]
   [Code Root Purge: 0.0 ms]
   [Clear CT: 0.1 ms]
   [Other: 0.5 ms]
      [Choose CSet: 0.0 ms]
      [Ref Proc: 0.2 ms]
      [Ref Enq: 0.0 ms]
      [Redirty Cards: 0.1 ms]
      [Humongous Register: 0.0 ms]
      [Humongous Reclaim: 0.0 ms]
      [Free CSet: 0.0 ms]
   [Eden: 74.0M(74.0M)->0.0B(74.0M) Survivors: 2048.0K->2048.0K Heap: 225.5M(256.0M)->151.7M(256.0M)]
 [Times: user=0.03 sys=0.00, real=0.00 secs] 
2019-02-06T22:25:55.617+0500: 1034.562: [GC concurrent-root-region-scan-start]
2019-02-06T22:25:55.622+0500: 1034.566: [GC concurrent-root-region-scan-end, 0.0043902 secs]
2019-02-06T22:25:55.622+0500: 1034.566: [GC concurrent-mark-start]
2019-02-06T22:25:55.647+0500: 1034.591: [GC concurrent-mark-end, 0.0250238 secs]
2019-02-06T22:25:55.647+0500: 1034.591: [GC remark 2019-02-06T22:25:55.647+0500: 1034.591: [Finalize Marking, 0.0002160 secs] 2019-02-06T22:25:55.647+0500: 1034.592: [GC ref-proc, 0.0005223 secs] 2019-02-06T22:25:55.648+0500: 1034.592: [Unloading, 0.0041184 secs], 0.0070794 secs]
 [Times: user=0.03 sys=0.01, real=0.01 secs] 
2019-02-06T22:25:55.654+0500: 1034.599: [GC cleanup 154M->154M(256M), 0.0006823 secs]
 [Times: user=0.00 sys=0.00, real=0.00 secs] 
2019-02-06T22:25:56.531+0500: 1035.475: [GC pause (G1 Evacuation Pause) (young), 0.0046935 secs]
   [Parallel Time: 3.8 ms, GC Workers: 8]
      [GC Worker Start (ms): Min: 1035475.5, Avg: 1035475.6, Max: 1035475.6, Diff: 0.1]
      [Ext Root Scanning (ms): Min: 0.3, Avg: 0.3, Max: 0.7, Diff: 0.4, Sum: 2.8]
      [Update RS (ms): Min: 1.5, Avg: 1.7, Max: 1.9, Diff: 0.4, Sum: 13.7]
         [Processed Buffers: Min: 3, Avg: 5.9, Max: 19, Diff: 16, Sum: 47]
      [Scan RS (ms): Min: 0.5, Avg: 0.6, Max: 0.7, Diff: 0.3, Sum: 5.0]
      [Code Root Scanning (ms): Min: 0.0, Avg: 0.0, Max: 0.0, Diff: 0.0, Sum: 0.0]
      [Object Copy (ms): Min: 1.0, Avg: 1.1, Max: 1.1, Diff: 0.1, Sum: 8.5]
      [Termination (ms): Min: 0.0, Avg: 0.0, Max: 0.0, Diff: 0.0, Sum: 0.0]
         [Termination Attempts: Min: 1, Avg: 1.4, Max: 2, Diff: 1, Sum: 11]
      [GC Worker Other (ms): Min: 0.0, Avg: 0.0, Max: 0.0, Diff: 0.0, Sum: 0.1]
      [GC Worker Total (ms): Min: 3.7, Avg: 3.8, Max: 3.8, Diff: 0.1, Sum: 30.1]
      [GC Worker End (ms): Min: 1035479.3, Avg: 1035479.3, Max: 1035479.3, Diff: 0.0]
   [Code Root Fixup: 0.1 ms]
   [Code Root Purge: 0.0 ms]
   [Clear CT: 0.1 ms]
   [Other: 0.6 ms]
      [Choose CSet: 0.0 ms]
      [Ref Proc: 0.3 ms]
      [Ref Enq: 0.0 ms]
      [Redirty Cards: 0.1 ms]
      [Humongous Register: 0.0 ms]
      [Humongous Reclaim: 0.0 ms]
      [Free CSet: 0.0 ms]
   [Eden: 74.0M(74.0M)->0.0B(10.0M) Survivors: 2048.0K->2048.0K Heap: 225.7M(256.0M)->151.9M(256.0M)]
 [Times: user=0.03 sys=0.00, real=0.00 secs] 
2019-02-06T22:25:56.663+0500: 1035.608: [GC pause (G1 Evacuation Pause) (mixed), 0.0063340 secs]
   [Parallel Time: 5.5 ms, GC Workers: 8]
      [GC Worker Start (ms): Min: 1035607.9, Avg: 1035608.0, Max: 1035608.0, Diff: 0.1]
      [Ext Root Scanning (ms): Min: 0.2, Avg: 0.3, Max: 0.8, Diff: 0.5, Sum: 2.7]
      [Update RS (ms): Min: 1.3, Avg: 1.8, Max: 2.0, Diff: 0.7, Sum: 14.0]
         [Processed Buffers: Min: 1, Avg: 5.0, Max: 11, Diff: 10, Sum: 40]
      [Scan RS (ms): Min: 1.7, Avg: 1.9, Max: 2.0, Diff: 0.3, Sum: 15.2]
      [Code Root Scanning (ms): Min: 0.0, Avg: 0.0, Max: 0.0, Diff: 0.0, Sum: 0.0]
      [Object Copy (ms): Min: 1.3, Avg: 1.3, Max: 1.4, Diff: 0.0, Sum: 10.7]
      [Termination (ms): Min: 0.0, Avg: 0.0, Max: 0.0, Diff: 0.0, Sum: 0.0]
         [Termination Attempts: Min: 1, Avg: 1.1, Max: 2, Diff: 1, Sum: 9]
      [GC Worker Other (ms): Min: 0.0, Avg: 0.0, Max: 0.0, Diff: 0.0, Sum: 0.1]
      [GC Worker Total (ms): Min: 5.3, Avg: 5.4, Max: 5.4, Diff: 0.1, Sum: 42.8]
      [GC Worker End (ms): Min: 1035613.3, Avg: 1035613.3, Max: 1035613.3, Diff: 0.0]
   [Code Root Fixup: 0.1 ms]
   [Code Root Purge: 0.0 ms]
   [Clear CT: 0.1 ms]
   [Other: 0.6 ms]
      [Choose CSet: 0.0 ms]
      [Ref Proc: 0.2 ms]
      [Ref Enq: 0.0 ms]
      [Redirty Cards: 0.1 ms]
      [Humongous Register: 0.0 ms]
      [Humongous Reclaim: 0.0 ms]
      [Free CSet: 0.0 ms]
   [Eden: 10.0M(10.0M)->0.0B(77.0M) Survivors: 2048.0K->1024.0K Heap: 161.9M(256.0M)->150.7M(256.0M)]
 [Times: user=0.04 sys=0.01, real=0.01 secs] 
2019-02-06T22:25:57.592+0500: 1036.537: [GC pause (G1 Evacuation Pause) (young), 0.0045452 secs]
   [Parallel Time: 3.7 ms, GC Workers: 8]
      [GC Worker Start (ms): Min: 1036536.6, Avg: 1036536.6, Max: 1036536.7, Diff: 0.1]
      [Ext Root Scanning (ms): Min: 0.2, Avg: 0.3, Max: 0.7, Diff: 0.5, Sum: 2.7]
      [Update RS (ms): Min: 1.5, Avg: 1.9, Max: 2.1, Diff: 0.6, Sum: 15.1]
         [Processed Buffers: Min: 3, Avg: 5.9, Max: 10, Diff: 7, Sum: 47]
      [Scan RS (ms): Min: 0.2, Avg: 0.5, Max: 0.5, Diff: 0.3, Sum: 3.6]
      [Code Root Scanning (ms): Min: 0.0, Avg: 0.0, Max: 0.0, Diff: 0.0, Sum: 0.0]
      [Object Copy (ms): Min: 0.9, Avg: 1.0, Max: 1.0, Diff: 0.1, Sum: 7.7]
      [Termination (ms): Min: 0.0, Avg: 0.0, Max: 0.0, Diff: 0.0, Sum: 0.0]
         [Termination Attempts: Min: 1, Avg: 1.1, Max: 2, Diff: 1, Sum: 9]
      [GC Worker Other (ms): Min: 0.0, Avg: 0.0, Max: 0.0, Diff: 0.0, Sum: 0.1]
      [GC Worker Total (ms): Min: 3.6, Avg: 3.7, Max: 3.7, Diff: 0.1, Sum: 29.2]
      [GC Worker End (ms): Min: 1036540.3, Avg: 1036540.3, Max: 1036540.3, Diff: 0.0]
   [Code Root Fixup: 0.1 ms]
   [Code Root Purge: 0.0 ms]
   [Clear CT: 0.1 ms]
   [Other: 0.6 ms]
      [Choose CSet: 0.0 ms]
      [Ref Proc: 0.2 ms]
      [Ref Enq: 0.0 ms]
      [Redirty Cards: 0.1 ms]
      [Humongous Register: 0.0 ms]
      [Humongous Reclaim: 0.0 ms]
      [Free CSet: 0.0 ms]
   [Eden: 77.0M(77.0M)->0.0B(75.0M) Survivors: 1024.0K->2048.0K Heap: 227.7M(256.0M)->151.1M(256.0M)]
 [Times: user=0.03 sys=0.00, real=0.00 secs] 
2019-02-06T22:25:58.486+0500: 1037.430: [GC pause (G1 Evacuation Pause) (young) (initial-mark), 0.0049790 secs]
   [Parallel Time: 4.2 ms, GC Workers: 8]
      [GC Worker Start (ms): Min: 1037430.5, Avg: 1037430.5, Max: 1037430.5, Diff: 0.1]
      [Ext Root Scanning (ms): Min: 0.6, Avg: 0.7, Max: 0.7, Diff: 0.1, Sum: 5.4]
      [Update RS (ms): Min: 1.9, Avg: 2.0, Max: 2.2, Diff: 0.3, Sum: 16.0]
         [Processed Buffers: Min: 4, Avg: 6.5, Max: 10, Diff: 6, Sum: 52]
      [Scan RS (ms): Min: 0.1, Avg: 0.3, Max: 0.4, Diff: 0.3, Sum: 2.2]
      [Code Root Scanning (ms): Min: 0.0, Avg: 0.0, Max: 0.0, Diff: 0.0, Sum: 0.0]
      [Object Copy (ms): Min: 0.9, Avg: 0.9, Max: 1.0, Diff: 0.1, Sum: 7.4]
      [Termination (ms): Min: 0.0, Avg: 0.0, Max: 0.0, Diff: 0.0, Sum: 0.0]
         [Termination Attempts: Min: 1, Avg: 1.0, Max: 1, Diff: 0, Sum: 8]
      [GC Worker Other (ms): Min: 0.0, Avg: 0.0, Max: 0.0, Diff: 0.0, Sum: 0.2]
      [GC Worker Total (ms): Min: 3.9, Avg: 3.9, Max: 4.0, Diff: 0.1, Sum: 31.2]
      [GC Worker End (ms): Min: 1037434.4, Avg: 1037434.4, Max: 1037434.4, Diff: 0.0]
   [Code Root Fixup: 0.1 ms]
   [Code Root Purge: 0.0 ms]
   [Clear CT: 0.1 ms]
   [Other: 0.6 ms]
      [Choose CSet: 0.0 ms]
      [Ref Proc: 0.3 ms]
      [Ref Enq: 0.0 ms]
      [Redirty Cards: 0.1 ms]
      [Humongous Register: 0.0 ms]
      [Humongous Reclaim: 0.0 ms]
      [Free CSet: 0.0 ms]
   [Eden: 75.0M(75.0M)->0.0B(75.0M) Survivors: 2048.0K->2048.0K Heap: 226.1M(256.0M)->151.1M(256.0M)]
 [Times: user=0.03 sys=0.00, real=0.01 secs] 
2019-02-06T22:25:58.491+0500: 1037.435: [GC concurrent-root-region-scan-start]
2019-02-06T22:25:58.495+0500: 1037.440: [GC concurrent-root-region-scan-end, 0.0043858 secs]
2019-02-06T22:25:58.495+0500: 1037.440: [GC concurrent-mark-start]
2019-02-06T22:25:58.521+0500: 1037.465: [GC concurrent-mark-end, 0.0253810 secs]
2019-02-06T22:25:58.521+0500: 1037.465: [GC remark 2019-02-06T22:25:58.521+0500: 1037.465: [Finalize Marking, 0.0010676 secs] 2019-02-06T22:25:58.522+0500: 1037.467: [GC ref-proc, 0.0005291 secs] 2019-02-06T22:25:58.523+0500: 1037.467: [Unloading, 0.0041675 secs], 0.0079645 secs]
 [Times: user=0.04 sys=0.00, real=0.00 secs] 
2019-02-06T22:25:58.529+0500: 1037.474: [GC cleanup 153M->153M(256M), 0.0007316 secs]
 [Times: user=0.00 sys=0.00, real=0.01 secs] 
2019-02-06T22:25:59.411+0500: 1038.356: [GC pause (G1 Evacuation Pause) (young), 0.0081964 secs]
   [Parallel Time: 6.5 ms, GC Workers: 8]
      [GC Worker Start (ms): Min: 1038355.6, Avg: 1038356.9, Max: 1038361.1, Diff: 5.5]
      [Ext Root Scanning (ms): Min: 0.0, Avg: 0.4, Max: 0.9, Diff: 0.9, Sum: 2.8]
      [Update RS (ms): Min: 0.0, Avg: 2.2, Max: 3.1, Diff: 3.1, Sum: 17.3]
         [Processed Buffers: Min: 0, Avg: 7.4, Max: 19, Diff: 19, Sum: 59]
      [Scan RS (ms): Min: 0.0, Avg: 0.0, Max: 0.2, Diff: 0.2, Sum: 0.2]
      [Code Root Scanning (ms): Min: 0.0, Avg: 0.0, Max: 0.0, Diff: 0.0, Sum: 0.0]
      [Object Copy (ms): Min: 0.0, Avg: 1.0, Max: 1.3, Diff: 1.3, Sum: 8.0]
      [Termination (ms): Min: 0.0, Avg: 1.4, Max: 1.7, Diff: 1.7, Sum: 11.3]
         [Termination Attempts: Min: 1, Avg: 1.1, Max: 2, Diff: 1, Sum: 9]
      [GC Worker Other (ms): Min: 0.0, Avg: 0.0, Max: 0.0, Diff: 0.0, Sum: 0.1]
      [GC Worker Total (ms): Min: 0.0, Avg: 5.0, Max: 6.4, Diff: 6.4, Sum: 39.8]
      [GC Worker End (ms): Min: 1038361.2, Avg: 1038361.9, Max: 1038362.1, Diff: 0.9]
   [Code Root Fixup: 0.1 ms]
   [Code Root Purge: 0.0 ms]
   [Clear CT: 0.1 ms]
   [Other: 1.5 ms]
      [Choose CSet: 0.0 ms]
      [Ref Proc: 1.1 ms]
      [Ref Enq: 0.0 ms]
      [Redirty Cards: 0.1 ms]
      [Humongous Register: 0.0 ms]
      [Humongous Reclaim: 0.0 ms]
      [Free CSet: 0.0 ms]
   [Eden: 75.0M(75.0M)->0.0B(74.0M) Survivors: 2048.0K->2048.0K Heap: 226.1M(256.0M)->151.2M(256.0M)]
 [Times: user=0.04 sys=0.00, real=0.01 secs] 
2019-02-06T22:26:00.379+0500: 1039.323: [GC pause (G1 Evacuation Pause) (young), 0.0071256 secs]
   [Parallel Time: 5.3 ms, GC Workers: 8]
      [GC Worker Start (ms): Min: 1039323.0, Avg: 1039323.0, Max: 1039323.1, Diff: 0.1]
      [Ext Root Scanning (ms): Min: 0.3, Avg: 0.5, Max: 1.4, Diff: 1.1, Sum: 3.9]
      [Update RS (ms): Min: 1.9, Avg: 2.8, Max: 4.9, Diff: 3.0, Sum: 22.7]
         [Processed Buffers: Min: 2, Avg: 6.9, Max: 13, Diff: 11, Sum: 55]
      [Scan RS (ms): Min: 0.0, Avg: 0.0, Max: 0.1, Diff: 0.1, Sum: 0.2]
      [Code Root Scanning (ms): Min: 0.0, Avg: 0.0, Max: 0.0, Diff: 0.0, Sum: 0.0]
      [Object Copy (ms): Min: 0.0, Avg: 1.0, Max: 1.3, Diff: 1.3, Sum: 8.0]
      [Termination (ms): Min: 0.0, Avg: 0.9, Max: 1.1, Diff: 1.1, Sum: 7.0]
         [Termination Attempts: Min: 1, Avg: 4.8, Max: 16, Diff: 15, Sum: 38]
      [GC Worker Other (ms): Min: 0.0, Avg: 0.0, Max: 0.0, Diff: 0.0, Sum: 0.1]
      [GC Worker Total (ms): Min: 5.2, Avg: 5.2, Max: 5.3, Diff: 0.1, Sum: 41.9]
      [GC Worker End (ms): Min: 1039328.2, Avg: 1039328.3, Max: 1039328.3, Diff: 0.0]
   [Code Root Fixup: 0.1 ms]
   [Code Root Purge: 0.0 ms]
   [Clear CT: 0.1 ms]
   [Other: 1.6 ms]
      [Choose CSet: 0.0 ms]
      [Ref Proc: 1.2 ms]
      [Ref Enq: 0.0 ms]
      [Redirty Cards: 0.1 ms]
      [Humongous Register: 0.0 ms]
      [Humongous Reclaim: 0.0 ms]
      [Free CSet: 0.0 ms]
   [Eden: 74.0M(74.0M)->0.0B(74.0M) Survivors: 2048.0K->2048.0K Heap: 225.2M(256.0M)->151.4M(256.0M)]
 [Times: user=0.04 sys=0.00, real=0.01 secs] 
2019-02-06T22:26:01.534+0500: 1040.478: [GC pause (G1 Evacuation Pause) (young) (initial-mark), 0.0058867 secs]
   [Parallel Time: 5.1 ms, GC Workers: 8]
      [GC Worker Start (ms): Min: 1040478.3, Avg: 1040478.4, Max: 1040478.4, Diff: 0.1]
      [Ext Root Scanning (ms): Min: 0.6, Avg: 0.7, Max: 0.7, Diff: 0.1, Sum: 5.4]
      [Update RS (ms): Min: 1.3, Avg: 1.4, Max: 1.7, Diff: 0.4, Sum: 11.5]
         [Processed Buffers: Min: 2, Avg: 5.5, Max: 13, Diff: 11, Sum: 44]
      [Scan RS (ms): Min: 0.5, Avg: 0.9, Max: 1.1, Diff: 0.5, Sum: 7.0]
      [Code Root Scanning (ms): Min: 0.0, Avg: 0.0, Max: 0.0, Diff: 0.0, Sum: 0.0]
      [Object Copy (ms): Min: 0.9, Avg: 1.1, Max: 1.8, Diff: 0.9, Sum: 8.6]
      [Termination (ms): Min: 0.0, Avg: 0.8, Max: 0.9, Diff: 0.9, Sum: 6.4]
         [Termination Attempts: Min: 1, Avg: 1.2, Max: 2, Diff: 1, Sum: 10]
      [GC Worker Other (ms): Min: 0.0, Avg: 0.0, Max: 0.0, Diff: 0.0, Sum: 0.1]
      [GC Worker Total (ms): Min: 4.7, Avg: 4.9, Max: 4.9, Diff: 0.2, Sum: 38.9]
      [GC Worker End (ms): Min: 1040483.1, Avg: 1040483.2, Max: 1040483.3, Diff: 0.2]
   [Code Root Fixup: 0.1 ms]
   [Code Root Purge: 0.0 ms]
   [Clear CT: 0.1 ms]
   [Other: 0.6 ms]
      [Choose CSet: 0.0 ms]
      [Ref Proc: 0.2 ms]
      [Ref Enq: 0.0 ms]
      [Redirty Cards: 0.1 ms]
      [Humongous Register: 0.0 ms]
      [Humongous Reclaim: 0.0 ms]
      [Free CSet: 0.0 ms]
   [Eden: 74.0M(74.0M)->0.0B(76.0M) Survivors: 2048.0K->1024.0K Heap: 225.4M(256.0M)->151.1M(256.0M)]
 [Times: user=0.04 sys=0.00, real=0.01 secs] 
2019-02-06T22:26:01.540+0500: 1040.484: [GC concurrent-root-region-scan-start]
2019-02-06T22:26:01.545+0500: 1040.489: [GC concurrent-root-region-scan-end, 0.0048850 secs]
2019-02-06T22:26:01.545+0500: 1040.489: [GC concurrent-mark-start]
2019-02-06T22:26:01.571+0500: 1040.515: [GC concurrent-mark-end, 0.0258731 secs]
2019-02-06T22:26:01.571+0500: 1040.515: [GC remark 2019-02-06T22:26:01.571+0500: 1040.515: [Finalize Marking, 0.0005123 secs] 2019-02-06T22:26:01.572+0500: 1040.516: [GC ref-proc, 0.0005273 secs] 2019-02-06T22:26:01.572+0500: 1040.516: [Unloading, 0.0040432 secs], 0.0071963 secs]
 [Times: user=0.03 sys=0.00, real=0.00 secs] 
2019-02-06T22:26:01.578+0500: 1040.523: [GC cleanup 153M->153M(256M), 0.0006134 secs]
 [Times: user=0.00 sys=0.00, real=0.00 secs] 
2019-02-06T22:26:02.433+0500: 1041.377: [GC pause (G1 Evacuation Pause) (young), 0.0056519 secs]
   [Parallel Time: 4.8 ms, GC Workers: 8]
      [GC Worker Start (ms): Min: 1041377.6, Avg: 1041377.7, Max: 1041377.7, Diff: 0.1]
      [Ext Root Scanning (ms): Min: 0.3, Avg: 0.4, Max: 0.7, Diff: 0.4, Sum: 3.1]
      [Update RS (ms): Min: 1.2, Avg: 1.6, Max: 1.9, Diff: 0.6, Sum: 13.2]
         [Processed Buffers: Min: 2, Avg: 5.6, Max: 15, Diff: 13, Sum: 45]
      [Scan RS (ms): Min: 0.6, Avg: 0.8, Max: 0.9, Diff: 0.3, Sum: 6.5]
      [Code Root Scanning (ms): Min: 0.0, Avg: 0.0, Max: 0.0, Diff: 0.0, Sum: 0.0]
      [Object Copy (ms): Min: 0.8, Avg: 1.0, Max: 1.6, Diff: 0.8, Sum: 8.0]
      [Termination (ms): Min: 0.0, Avg: 0.8, Max: 1.0, Diff: 1.0, Sum: 6.3]
         [Termination Attempts: Min: 1, Avg: 1.0, Max: 1, Diff: 0, Sum: 8]
      [GC Worker Other (ms): Min: 0.0, Avg: 0.0, Max: 0.0, Diff: 0.0, Sum: 0.1]
      [GC Worker Total (ms): Min: 4.5, Avg: 4.6, Max: 4.7, Diff: 0.2, Sum: 37.1]
      [GC Worker End (ms): Min: 1041382.2, Avg: 1041382.3, Max: 1041382.4, Diff: 0.2]
   [Code Root Fixup: 0.1 ms]
   [Code Root Purge: 0.0 ms]
   [Clear CT: 0.1 ms]
   [Other: 0.6 ms]
      [Choose CSet: 0.0 ms]
      [Ref Proc: 0.2 ms]
      [Ref Enq: 0.0 ms]
      [Redirty Cards: 0.1 ms]
      [Humongous Register: 0.0 ms]
      [Humongous Reclaim: 0.0 ms]
      [Free CSet: 0.0 ms]
   [Eden: 76.0M(76.0M)->0.0B(74.0M) Survivors: 1024.0K->2048.0K Heap: 227.1M(256.0M)->151.4M(256.0M)]
 [Times: user=0.03 sys=0.01, real=0.00 secs] 
2019-02-06T22:26:03.313+0500: 1042.257: [GC pause (G1 Evacuation Pause) (young), 0.0044301 secs]
   [Parallel Time: 3.6 ms, GC Workers: 8]
      [GC Worker Start (ms): Min: 1042257.4, Avg: 1042257.4, Max: 1042257.4, Diff: 0.1]
      [Ext Root Scanning (ms): Min: 0.3, Avg: 0.3, Max: 0.7, Diff: 0.4, Sum: 2.7]
      [Update RS (ms): Min: 1.1, Avg: 1.6, Max: 1.9, Diff: 0.7, Sum: 12.5]
         [Processed Buffers: Min: 3, Avg: 5.8, Max: 13, Diff: 10, Sum: 46]
      [Scan RS (ms): Min: 0.4, Avg: 0.7, Max: 0.9, Diff: 0.5, Sum: 5.7]
      [Code Root Scanning (ms): Min: 0.0, Avg: 0.0, Max: 0.0, Diff: 0.0, Sum: 0.0]
      [Object Copy (ms): Min: 0.8, Avg: 0.9, Max: 1.0, Diff: 0.1, Sum: 7.0]
      [Termination (ms): Min: 0.0, Avg: 0.0, Max: 0.0, Diff: 0.0, Sum: 0.0]
         [Termination Attempts: Min: 1, Avg: 1.0, Max: 1, Diff: 0, Sum: 8]
      [GC Worker Other (ms): Min: 0.0, Avg: 0.0, Max: 0.0, Diff: 0.0, Sum: 0.1]
      [GC Worker Total (ms): Min: 3.5, Avg: 3.5, Max: 3.5, Diff: 0.1, Sum: 28.0]
      [GC Worker End (ms): Min: 1042260.9, Avg: 1042260.9, Max: 1042260.9, Diff: 0.0]
   [Code Root Fixup: 0.1 ms]
   [Code Root Purge: 0.0 ms]
   [Clear CT: 0.2 ms]
   [Other: 0.6 ms]
      [Choose CSet: 0.0 ms]
      [Ref Proc: 0.2 ms]
      [Ref Enq: 0.0 ms]
      [Redirty Cards: 0.2 ms]
      [Humongous Register: 0.0 ms]
      [Humongous Reclaim: 0.0 ms]
      [Free CSet: 0.1 ms]
   [Eden: 74.0M(74.0M)->0.0B(74.0M) Survivors: 2048.0K->2048.0K Heap: 225.4M(256.0M)->151.4M(256.0M)]
 [Times: user=0.03 sys=0.00, real=0.00 secs] 
2019-02-06T22:26:04.214+0500: 1043.158: [GC pause (G1 Evacuation Pause) (young) (initial-mark), 0.0051975 secs]
   [Parallel Time: 4.3 ms, GC Workers: 8]
      [GC Worker Start (ms): Min: 1043158.7, Avg: 1043158.8, Max: 1043158.8, Diff: 0.1]
      [Ext Root Scanning (ms): Min: 0.6, Avg: 0.7, Max: 0.7, Diff: 0.1, Sum: 5.5]
      [Update RS (ms): Min: 1.6, Avg: 1.8, Max: 2.1, Diff: 0.4, Sum: 14.1]
         [Processed Buffers: Min: 3, Avg: 6.5, Max: 14, Diff: 11, Sum: 52]
      [Scan RS (ms): Min: 0.4, Avg: 0.6, Max: 0.8, Diff: 0.4, Sum: 5.0]
      [Code Root Scanning (ms): Min: 0.0, Avg: 0.0, Max: 0.0, Diff: 0.0, Sum: 0.0]
      [Object Copy (ms): Min: 0.9, Avg: 0.9, Max: 1.0, Diff: 0.1, Sum: 7.3]
      [Termination (ms): Min: 0.0, Avg: 0.0, Max: 0.0, Diff: 0.0, Sum: 0.0]
         [Termination Attempts: Min: 1, Avg: 1.0, Max: 1, Diff: 0, Sum: 8]
      [GC Worker Other (ms): Min: 0.0, Avg: 0.0, Max: 0.1, Diff: 0.0, Sum: 0.2]
      [GC Worker Total (ms): Min: 4.0, Avg: 4.0, Max: 4.1, Diff: 0.1, Sum: 32.1]
      [GC Worker End (ms): Min: 1043162.8, Avg: 1043162.8, Max: 1043162.8, Diff: 0.0]
   [Code Root Fixup: 0.1 ms]
   [Code Root Purge: 0.0 ms]
   [Clear CT: 0.1 ms]
   [Other: 0.6 ms]
      [Choose CSet: 0.0 ms]
      [Ref Proc: 0.3 ms]
      [Ref Enq: 0.0 ms]
      [Redirty Cards: 0.1 ms]
      [Humongous Register: 0.0 ms]
      [Humongous Reclaim: 0.0 ms]
      [Free CSet: 0.0 ms]
   [Eden: 74.0M(74.0M)->0.0B(74.0M) Survivors: 2048.0K->2048.0K Heap: 225.4M(256.0M)->151.5M(256.0M)]
 [Times: user=0.03 sys=0.00, real=0.01 secs] 
2019-02-06T22:26:04.220+0500: 1043.164: [GC concurrent-root-region-scan-start]
2019-02-06T22:26:04.224+0500: 1043.168: [GC concurrent-root-region-scan-end, 0.0045009 secs]
2019-02-06T22:26:04.224+0500: 1043.168: [GC concurrent-mark-start]
2019-02-06T22:26:04.249+0500: 1043.193: [GC concurrent-mark-end, 0.0250525 secs]
2019-02-06T22:26:04.249+0500: 1043.194: [GC remark 2019-02-06T22:26:04.249+0500: 1043.194: [Finalize Marking, 0.0002416 secs] 2019-02-06T22:26:04.250+0500: 1043.194: [GC ref-proc, 0.0005313 secs] 2019-02-06T22:26:04.250+0500: 1043.195: [Unloading, 0.0040869 secs], 0.0068269 secs]
 [Times: user=0.04 sys=0.00, real=0.01 secs] 
2019-02-06T22:26:04.257+0500: 1043.201: [GC cleanup 154M->154M(256M), 0.0006877 secs]
 [Times: user=0.00 sys=0.00, real=0.00 secs] 
2019-02-06T22:26:05.121+0500: 1044.065: [GC pause (G1 Evacuation Pause) (young), 0.0075911 secs]
   [Parallel Time: 5.8 ms, GC Workers: 8]
      [GC Worker Start (ms): Min: 1044065.2, Avg: 1044066.2, Max: 1044070.6, Diff: 5.4]
      [Ext Root Scanning (ms): Min: 0.0, Avg: 0.3, Max: 0.7, Diff: 0.7, Sum: 2.7]
      [Update RS (ms): Min: 0.0, Avg: 2.2, Max: 3.1, Diff: 3.1, Sum: 17.7]
         [Processed Buffers: Min: 0, Avg: 7.1, Max: 16, Diff: 16, Sum: 57]
      [Scan RS (ms): Min: 0.0, Avg: 0.0, Max: 0.1, Diff: 0.1, Sum: 0.1]
      [Code Root Scanning (ms): Min: 0.0, Avg: 0.0, Max: 0.0, Diff: 0.0, Sum: 0.0]
      [Object Copy (ms): Min: 0.0, Avg: 1.2, Max: 3.1, Diff: 3.1, Sum: 9.3]
      [Termination (ms): Min: 0.0, Avg: 0.9, Max: 1.1, Diff: 1.1, Sum: 6.9]
         [Termination Attempts: Min: 1, Avg: 1.0, Max: 1, Diff: 0, Sum: 8]
      [GC Worker Other (ms): Min: 0.0, Avg: 0.0, Max: 0.0, Diff: 0.0, Sum: 0.1]
      [GC Worker Total (ms): Min: 0.0, Avg: 4.6, Max: 5.7, Diff: 5.7, Sum: 36.9]
      [GC Worker End (ms): Min: 1044070.6, Avg: 1044070.8, Max: 1044070.9, Diff: 0.2]
   [Code Root Fixup: 0.1 ms]
   [Code Root Purge: 0.0 ms]
   [Clear CT: 0.1 ms]
   [Other: 1.6 ms]
      [Choose CSet: 0.0 ms]
      [Ref Proc: 1.2 ms]
      [Ref Enq: 0.0 ms]
      [Redirty Cards: 0.2 ms]
      [Humongous Register: 0.0 ms]
      [Humongous Reclaim: 0.0 ms]
      [Free CSet: 0.0 ms]
   [Eden: 74.0M(74.0M)->0.0B(74.0M) Survivors: 2048.0K->2048.0K Heap: 225.5M(256.0M)->151.6M(256.0M)]
 [Times: user=0.03 sys=0.00, real=0.00 secs] 
2019-02-06T22:26:06.016+0500: 1044.960: [GC pause (G1 Evacuation Pause) (young), 0.0056685 secs]
   [Parallel Time: 4.9 ms, GC Workers: 8]
      [GC Worker Start (ms): Min: 1044959.9, Avg: 1044959.9, Max: 1044960.0, Diff: 0.1]
      [Ext Root Scanning (ms): Min: 0.3, Avg: 0.3, Max: 0.7, Diff: 0.4, Sum: 2.8]
      [Update RS (ms): Min: 1.5, Avg: 2.1, Max: 3.3, Diff: 1.8, Sum: 16.6]
         [Processed Buffers: Min: 2, Avg: 6.1, Max: 12, Diff: 10, Sum: 49]
      [Scan RS (ms): Min: 0.0, Avg: 0.5, Max: 0.7, Diff: 0.7, Sum: 3.8]
      [Code Root Scanning (ms): Min: 0.0, Avg: 0.0, Max: 0.0, Diff: 0.0, Sum: 0.0]
      [Object Copy (ms): Min: 0.3, Avg: 1.2, Max: 1.7, Diff: 1.4, Sum: 9.4]
      [Termination (ms): Min: 0.0, Avg: 0.6, Max: 0.8, Diff: 0.8, Sum: 4.7]
         [Termination Attempts: Min: 1, Avg: 1.0, Max: 1, Diff: 0, Sum: 8]
      [GC Worker Other (ms): Min: 0.0, Avg: 0.0, Max: 0.0, Diff: 0.0, Sum: 0.1]
      [GC Worker Total (ms): Min: 4.5, Avg: 4.7, Max: 4.8, Diff: 0.3, Sum: 37.4]
      [GC Worker End (ms): Min: 1044964.5, Avg: 1044964.6, Max: 1044964.7, Diff: 0.2]
   [Code Root Fixup: 0.1 ms]
   [Code Root Purge: 0.0 ms]
   [Clear CT: 0.1 ms]
   [Other: 0.6 ms]
      [Choose CSet: 0.0 ms]
      [Ref Proc: 0.2 ms]
      [Ref Enq: 0.0 ms]
      [Redirty Cards: 0.1 ms]
      [Humongous Register: 0.0 ms]
      [Humongous Reclaim: 0.0 ms]
      [Free CSet: 0.0 ms]
   [Eden: 74.0M(74.0M)->0.0B(74.0M) Survivors: 2048.0K->2048.0K Heap: 225.6M(256.0M)->151.9M(256.0M)]
 [Times: user=0.03 sys=0.00, real=0.01 secs] 
2019-02-06T22:26:06.930+0500: 1045.875: [GC pause (G1 Evacuation Pause) (young) (initial-mark), 0.0051775 secs]
   [Parallel Time: 4.3 ms, GC Workers: 8]
      [GC Worker Start (ms): Min: 1045875.0, Avg: 1045875.1, Max: 1045875.1, Diff: 0.1]
      [Ext Root Scanning (ms): Min: 0.6, Avg: 0.7, Max: 0.7, Diff: 0.1, Sum: 5.6]
      [Update RS (ms): Min: 1.3, Avg: 1.5, Max: 1.8, Diff: 0.5, Sum: 12.1]
         [Processed Buffers: Min: 3, Avg: 5.8, Max: 11, Diff: 8, Sum: 46]
      [Scan RS (ms): Min: 0.7, Avg: 1.0, Max: 1.2, Diff: 0.5, Sum: 7.8]
      [Code Root Scanning (ms): Min: 0.0, Avg: 0.0, Max: 0.0, Diff: 0.0, Sum: 0.0]
      [Object Copy (ms): Min: 0.8, Avg: 0.9, Max: 1.0, Diff: 0.1, Sum: 7.3]
      [Termination (ms): Min: 0.0, Avg: 0.0, Max: 0.0, Diff: 0.0, Sum: 0.0]
         [Termination Attempts: Min: 1, Avg: 1.2, Max: 2, Diff: 1, Sum: 10]
      [GC Worker Other (ms): Min: 0.0, Avg: 0.0, Max: 0.0, Diff: 0.0, Sum: 0.1]
      [GC Worker Total (ms): Min: 4.1, Avg: 4.1, Max: 4.2, Diff: 0.1, Sum: 32.9]
      [GC Worker End (ms): Min: 1045879.2, Avg: 1045879.2, Max: 1045879.2, Diff: 0.0]
   [Code Root Fixup: 0.1 ms]
   [Code Root Purge: 0.0 ms]
   [Clear CT: 0.1 ms]
   [Other: 0.6 ms]
      [Choose CSet: 0.0 ms]
      [Ref Proc: 0.3 ms]
      [Ref Enq: 0.0 ms]
      [Redirty Cards: 0.1 ms]
      [Humongous Register: 0.0 ms]
      [Humongous Reclaim: 0.0 ms]
      [Free CSet: 0.0 ms]
   [Eden: 74.0M(74.0M)->0.0B(76.0M) Survivors: 2048.0K->1024.0K Heap: 225.9M(256.0M)->151.4M(256.0M)]
 [Times: user=0.04 sys=0.00, real=0.00 secs] 
2019-02-06T22:26:06.936+0500: 1045.880: [GC concurrent-root-region-scan-start]
2019-02-06T22:26:06.940+0500: 1045.885: [GC concurrent-root-region-scan-end, 0.0045372 secs]
2019-02-06T22:26:06.940+0500: 1045.885: [GC concurrent-mark-start]
2019-02-06T22:26:06.966+0500: 1045.910: [GC concurrent-mark-end, 0.0254462 secs]
2019-02-06T22:26:06.966+0500: 1045.910: [GC remark 2019-02-06T22:26:06.966+0500: 1045.911: [Finalize Marking, 0.0002858 secs] 2019-02-06T22:26:06.967+0500: 1045.911: [GC ref-proc, 0.0005385 secs] 2019-02-06T22:26:06.967+0500: 1045.911: [Unloading, 0.0040566 secs], 0.0071697 secs]
 [Times: user=0.04 sys=0.00, real=0.01 secs] 
2019-02-06T22:26:06.974+0500: 1045.918: [GC cleanup 154M->154M(256M), 0.0006511 secs]
 [Times: user=0.00 sys=0.00, real=0.00 secs] 
2019-02-06T22:26:07.837+0500: 1046.782: [GC pause (G1 Evacuation Pause) (young), 0.0047276 secs]
   [Parallel Time: 3.8 ms, GC Workers: 8]
      [GC Worker Start (ms): Min: 1046781.7, Avg: 1046781.8, Max: 1046782.0, Diff: 0.3]
      [Ext Root Scanning (ms): Min: 0.1, Avg: 0.3, Max: 0.7, Diff: 0.7, Sum: 2.7]
      [Update RS (ms): Min: 1.2, Avg: 1.6, Max: 1.9, Diff: 0.7, Sum: 12.6]
         [Processed Buffers: Min: 3, Avg: 5.5, Max: 14, Diff: 11, Sum: 44]
      [Scan RS (ms): Min: 0.5, Avg: 0.8, Max: 1.0, Diff: 0.5, Sum: 6.3]
      [Code Root Scanning (ms): Min: 0.0, Avg: 0.0, Max: 0.0, Diff: 0.0, Sum: 0.0]
      [Object Copy (ms): Min: 0.8, Avg: 0.9, Max: 1.1, Diff: 0.3, Sum: 7.2]
      [Termination (ms): Min: 0.0, Avg: 0.0, Max: 0.0, Diff: 0.0, Sum: 0.0]
         [Termination Attempts: Min: 1, Avg: 1.1, Max: 2, Diff: 1, Sum: 9]
      [GC Worker Other (ms): Min: 0.0, Avg: 0.0, Max: 0.0, Diff: 0.0, Sum: 0.1]
      [GC Worker Total (ms): Min: 3.4, Avg: 3.6, Max: 3.7, Diff: 0.3, Sum: 29.0]
      [GC Worker End (ms): Min: 1046785.4, Avg: 1046785.4, Max: 1046785.4, Diff: 0.0]
   [Code Root Fixup: 0.1 ms]
   [Code Root Purge: 0.0 ms]
   [Clear CT: 0.1 ms]
   [Other: 0.8 ms]
      [Choose CSet: 0.0 ms]
      [Ref Proc: 0.4 ms]
      [Ref Enq: 0.0 ms]
      [Redirty Cards: 0.2 ms]
      [Humongous Register: 0.0 ms]
      [Humongous Reclaim: 0.0 ms]
      [Free CSet: 0.0 ms]
   [Eden: 76.0M(76.0M)->0.0B(11.0M) Survivors: 1024.0K->1024.0K Heap: 227.4M(256.0M)->151.6M(256.0M)]
 [Times: user=0.03 sys=0.01, real=0.01 secs] 
2019-02-06T22:26:07.970+0500: 1046.914: [GC pause (G1 Evacuation Pause) (mixed), 0.0080157 secs]
   [Parallel Time: 6.7 ms, GC Workers: 8]
      [GC Worker Start (ms): Min: 1046914.5, Avg: 1046914.5, Max: 1046914.6, Diff: 0.1]
      [Ext Root Scanning (ms): Min: 0.2, Avg: 0.4, Max: 1.2, Diff: 0.9, Sum: 3.1]
      [Update RS (ms): Min: 1.0, Avg: 1.8, Max: 2.5, Diff: 1.5, Sum: 14.3]
         [Processed Buffers: Min: 1, Avg: 5.1, Max: 9, Diff: 8, Sum: 41]
      [Scan RS (ms): Min: 1.4, Avg: 2.4, Max: 4.4, Diff: 3.0, Sum: 19.1]
      [Code Root Scanning (ms): Min: 0.0, Avg: 0.3, Max: 2.3, Diff: 2.3, Sum: 2.3]
      [Object Copy (ms): Min: 0.0, Avg: 1.4, Max: 2.1, Diff: 2.1, Sum: 11.2]
      [Termination (ms): Min: 0.0, Avg: 0.3, Max: 0.4, Diff: 0.4, Sum: 2.4]
         [Termination Attempts: Min: 1, Avg: 9.5, Max: 15, Diff: 14, Sum: 76]
      [GC Worker Other (ms): Min: 0.0, Avg: 0.0, Max: 0.0, Diff: 0.0, Sum: 0.1]
      [GC Worker Total (ms): Min: 6.5, Avg: 6.6, Max: 6.6, Diff: 0.1, Sum: 52.5]
      [GC Worker End (ms): Min: 1046921.0, Avg: 1046921.1, Max: 1046921.1, Diff: 0.1]
   [Code Root Fixup: 0.5 ms]
   [Code Root Purge: 0.0 ms]
   [Clear CT: 0.1 ms]
   [Other: 0.7 ms]
      [Choose CSet: 0.0 ms]
      [Ref Proc: 0.2 ms]
      [Ref Enq: 0.0 ms]
      [Redirty Cards: 0.1 ms]
      [Humongous Register: 0.0 ms]
      [Humongous Reclaim: 0.0 ms]
      [Free CSet: 0.1 ms]
   [Eden: 11.0M(11.0M)->0.0B(75.0M) Survivors: 1024.0K->2048.0K Heap: 162.6M(256.0M)->151.0M(256.0M)]
 [Times: user=0.04 sys=0.00, real=0.00 secs] 
2019-02-06T22:26:08.945+0500: 1047.889: [GC pause (G1 Evacuation Pause) (young), 0.0046399 secs]
   [Parallel Time: 3.8 ms, GC Workers: 8]
      [GC Worker Start (ms): Min: 1047889.3, Avg: 1047889.3, Max: 1047889.4, Diff: 0.1]
      [Ext Root Scanning (ms): Min: 0.3, Avg: 0.4, Max: 0.7, Diff: 0.5, Sum: 2.9]
      [Update RS (ms): Min: 1.6, Avg: 2.1, Max: 2.4, Diff: 0.8, Sum: 16.6]
         [Processed Buffers: Min: 4, Avg: 6.1, Max: 13, Diff: 9, Sum: 49]
      [Scan RS (ms): Min: 0.0, Avg: 0.3, Max: 0.5, Diff: 0.5, Sum: 2.6]
      [Code Root Scanning (ms): Min: 0.0, Avg: 0.0, Max: 0.0, Diff: 0.0, Sum: 0.0]
      [Object Copy (ms): Min: 0.8, Avg: 0.9, Max: 0.9, Diff: 0.2, Sum: 7.0]
      [Termination (ms): Min: 0.0, Avg: 0.0, Max: 0.0, Diff: 0.0, Sum: 0.0]
         [Termination Attempts: Min: 1, Avg: 1.0, Max: 1, Diff: 0, Sum: 8]
      [GC Worker Other (ms): Min: 0.0, Avg: 0.0, Max: 0.0, Diff: 0.0, Sum: 0.1]
      [GC Worker Total (ms): Min: 3.6, Avg: 3.7, Max: 3.7, Diff: 0.1, Sum: 29.2]
      [GC Worker End (ms): Min: 1047893.0, Avg: 1047893.0, Max: 1047893.0, Diff: 0.0]
   [Code Root Fixup: 0.1 ms]
   [Code Root Purge: 0.0 ms]
   [Clear CT: 0.1 ms]
   [Other: 0.6 ms]
      [Choose CSet: 0.0 ms]
      [Ref Proc: 0.3 ms]
      [Ref Enq: 0.0 ms]
      [Redirty Cards: 0.2 ms]
      [Humongous Register: 0.0 ms]
      [Humongous Reclaim: 0.0 ms]
      [Free CSet: 0.0 ms]
   [Eden: 75.0M(75.0M)->0.0B(76.0M) Survivors: 2048.0K->1024.0K Heap: 226.0M(256.0M)->151.0M(256.0M)]
 [Times: user=0.03 sys=0.00, real=0.01 secs] 
2019-02-06T22:26:09.901+0500: 1048.845: [GC pause (G1 Evacuation Pause) (young) (initial-mark), 0.0061516 secs]
   [Parallel Time: 5.0 ms, GC Workers: 8]
      [GC Worker Start (ms): Min: 1048845.0, Avg: 1048845.1, Max: 1048845.1, Diff: 0.1]
      [Ext Root Scanning (ms): Min: 0.6, Avg: 0.7, Max: 0.7, Diff: 0.1, Sum: 5.5]
      [Update RS (ms): Min: 1.8, Avg: 1.9, Max: 2.1, Diff: 0.3, Sum: 15.5]
         [Processed Buffers: Min: 3, Avg: 5.8, Max: 16, Diff: 13, Sum: 46]
      [Scan RS (ms): Min: 0.2, Avg: 0.4, Max: 0.6, Diff: 0.4, Sum: 3.5]
      [Code Root Scanning (ms): Min: 0.0, Avg: 0.0, Max: 0.0, Diff: 0.0, Sum: 0.0]
      [Object Copy (ms): Min: 0.9, Avg: 1.0, Max: 1.6, Diff: 0.7, Sum: 7.9]
      [Termination (ms): Min: 0.0, Avg: 0.7, Max: 0.9, Diff: 0.9, Sum: 5.8]
         [Termination Attempts: Min: 1, Avg: 1.0, Max: 1, Diff: 0, Sum: 8]
      [GC Worker Other (ms): Min: 0.0, Avg: 0.0, Max: 0.0, Diff: 0.0, Sum: 0.1]
      [GC Worker Total (ms): Min: 4.7, Avg: 4.8, Max: 4.9, Diff: 0.1, Sum: 38.3]
      [GC Worker End (ms): Min: 1048849.8, Avg: 1048849.8, Max: 1048849.9, Diff: 0.1]
   [Code Root Fixup: 0.1 ms]
   [Code Root Purge: 0.0 ms]
   [Clear CT: 0.1 ms]
   [Other: 0.9 ms]
      [Choose CSet: 0.0 ms]
      [Ref Proc: 0.4 ms]
      [Ref Enq: 0.0 ms]
      [Redirty Cards: 0.1 ms]
      [Humongous Register: 0.0 ms]
      [Humongous Reclaim: 0.0 ms]
      [Free CSet: 0.1 ms]
   [Eden: 76.0M(76.0M)->0.0B(74.0M) Survivors: 1024.0K->2048.0K Heap: 227.0M(256.0M)->151.4M(256.0M)]
 [Times: user=0.04 sys=0.00, real=0.00 secs] 
2019-02-06T22:26:09.907+0500: 1048.851: [GC concurrent-root-region-scan-start]
2019-02-06T22:26:09.912+0500: 1048.856: [GC concurrent-root-region-scan-end, 0.0050331 secs]
2019-02-06T22:26:09.912+0500: 1048.856: [GC concurrent-mark-start]
2019-02-06T22:26:09.939+0500: 1048.883: [GC concurrent-mark-end, 0.0269970 secs]
2019-02-06T22:26:09.939+0500: 1048.884: [GC remark 2019-02-06T22:26:09.940+0500: 1048.884: [Finalize Marking, 0.0002787 secs] 2019-02-06T22:26:09.940+0500: 1048.884: [GC ref-proc, 0.0004101 secs] 2019-02-06T22:26:09.940+0500: 1048.885: [Unloading, 0.0055710 secs], 0.0083683 secs]
 [Times: user=0.04 sys=0.00, real=0.01 secs] 
2019-02-06T22:26:09.948+0500: 1048.893: [GC cleanup 154M->154M(256M), 0.0006849 secs]
 [Times: user=0.00 sys=0.00, real=0.00 secs] 
2019-02-06T22:26:10.781+0500: 1049.725: [GC pause (G1 Evacuation Pause) (young), 0.0043367 secs]
   [Parallel Time: 3.5 ms, GC Workers: 8]
      [GC Worker Start (ms): Min: 1049725.1, Avg: 1049725.2, Max: 1049725.2, Diff: 0.1]
      [Ext Root Scanning (ms): Min: 0.3, Avg: 0.4, Max: 0.7, Diff: 0.4, Sum: 3.2]
      [Update RS (ms): Min: 2.0, Avg: 2.1, Max: 2.2, Diff: 0.2, Sum: 17.0]
         [Processed Buffers: Min: 4, Avg: 6.6, Max: 13, Diff: 9, Sum: 53]
      [Scan RS (ms): Min: 0.0, Avg: 0.0, Max: 0.1, Diff: 0.1, Sum: 0.1]
      [Code Root Scanning (ms): Min: 0.0, Avg: 0.0, Max: 0.0, Diff: 0.0, Sum: 0.0]
      [Object Copy (ms): Min: 0.7, Avg: 0.9, Max: 1.0, Diff: 0.2, Sum: 6.9]
      [Termination (ms): Min: 0.0, Avg: 0.0, Max: 0.0, Diff: 0.0, Sum: 0.0]
         [Termination Attempts: Min: 1, Avg: 1.2, Max: 2, Diff: 1, Sum: 10]
      [GC Worker Other (ms): Min: 0.0, Avg: 0.0, Max: 0.0, Diff: 0.0, Sum: 0.1]
      [GC Worker Total (ms): Min: 3.4, Avg: 3.4, Max: 3.5, Diff: 0.1, Sum: 27.4]
      [GC Worker End (ms): Min: 1049728.6, Avg: 1049728.6, Max: 1049728.6, Diff: 0.0]
   [Code Root Fixup: 0.1 ms]
   [Code Root Purge: 0.0 ms]
   [Clear CT: 0.1 ms]
   [Other: 0.6 ms]
      [Choose CSet: 0.0 ms]
      [Ref Proc: 0.3 ms]
      [Ref Enq: 0.0 ms]
      [Redirty Cards: 0.2 ms]
      [Humongous Register: 0.0 ms]
      [Humongous Reclaim: 0.0 ms]
      [Free CSet: 0.0 ms]
   [Eden: 74.0M(74.0M)->0.0B(76.0M) Survivors: 2048.0K->1024.0K Heap: 225.4M(256.0M)->151.2M(256.0M)]
 [Times: user=0.03 sys=0.00, real=0.00 secs] 
2019-02-06T22:26:11.648+0500: 1050.592: [GC pause (G1 Evacuation Pause) (young), 0.0075232 secs]
   [Parallel Time: 5.8 ms, GC Workers: 8]
      [GC Worker Start (ms): Min: 1050592.2, Avg: 1050592.5, Max: 1050594.6, Diff: 2.4]
      [Ext Root Scanning (ms): Min: 0.0, Avg: 0.4, Max: 0.8, Diff: 0.8, Sum: 3.0]
      [Update RS (ms): Min: 0.0, Avg: 1.7, Max: 2.6, Diff: 2.6, Sum: 13.9]
         [Processed Buffers: Min: 0, Avg: 6.2, Max: 16, Diff: 16, Sum: 50]
      [Scan RS (ms): Min: 0.3, Avg: 1.0, Max: 2.3, Diff: 2.0, Sum: 7.7]
      [Code Root Scanning (ms): Min: 0.0, Avg: 0.0, Max: 0.0, Diff: 0.0, Sum: 0.0]
      [Object Copy (ms): Min: 0.0, Avg: 1.4, Max: 4.0, Diff: 4.0, Sum: 10.9]
      [Termination (ms): Min: 0.0, Avg: 0.8, Max: 1.1, Diff: 1.1, Sum: 6.7]
         [Termination Attempts: Min: 1, Avg: 1.0, Max: 1, Diff: 0, Sum: 8]
      [GC Worker Other (ms): Min: 0.0, Avg: 0.0, Max: 0.0, Diff: 0.0, Sum: 0.1]
      [GC Worker Total (ms): Min: 3.1, Avg: 5.3, Max: 5.7, Diff: 2.6, Sum: 42.4]
      [GC Worker End (ms): Min: 1050597.7, Avg: 1050597.8, Max: 1050598.0, Diff: 0.2]
   [Code Root Fixup: 0.1 ms]
   [Code Root Purge: 0.0 ms]
   [Clear CT: 0.1 ms]
   [Other: 1.5 ms]
      [Choose CSet: 0.0 ms]
      [Ref Proc: 1.1 ms]
      [Ref Enq: 0.0 ms]
      [Redirty Cards: 0.2 ms]
      [Humongous Register: 0.0 ms]
      [Humongous Reclaim: 0.0 ms]
      [Free CSet: 0.0 ms]
   [Eden: 76.0M(76.0M)->0.0B(76.0M) Survivors: 1024.0K->1024.0K Heap: 227.2M(256.0M)->151.3M(256.0M)]
 [Times: user=0.04 sys=0.00, real=0.01 secs] 
2019-02-06T22:26:12.469+0500: 1051.413: [GC pause (G1 Evacuation Pause) (young) (initial-mark), 0.0096462 secs]
   [Parallel Time: 7.8 ms, GC Workers: 8]
      [GC Worker Start (ms): Min: 1051413.7, Avg: 1051414.0, Max: 1051414.5, Diff: 0.8]
      [Ext Root Scanning (ms): Min: 0.4, Avg: 1.6, Max: 6.1, Diff: 5.6, Sum: 12.5]
      [Update RS (ms): Min: 0.0, Avg: 2.2, Max: 4.3, Diff: 4.3, Sum: 17.3]
         [Processed Buffers: Min: 0, Avg: 5.6, Max: 11, Diff: 11, Sum: 45]
      [Scan RS (ms): Min: 0.0, Avg: 0.5, Max: 0.8, Diff: 0.8, Sum: 4.2]
      [Code Root Scanning (ms): Min: 0.0, Avg: 0.0, Max: 0.0, Diff: 0.0, Sum: 0.0]
      [Object Copy (ms): Min: 0.0, Avg: 1.6, Max: 3.9, Diff: 3.9, Sum: 13.1]
      [Termination (ms): Min: 0.0, Avg: 1.0, Max: 1.6, Diff: 1.6, Sum: 7.8]
         [Termination Attempts: Min: 1, Avg: 1.2, Max: 3, Diff: 2, Sum: 10]
      [GC Worker Other (ms): Min: 0.0, Avg: 0.0, Max: 0.0, Diff: 0.0, Sum: 0.2]
      [GC Worker Total (ms): Min: 6.1, Avg: 6.9, Max: 7.4, Diff: 1.3, Sum: 55.1]
      [GC Worker End (ms): Min: 1051420.6, Avg: 1051420.9, Max: 1051421.2, Diff: 0.6]
   [Code Root Fixup: 0.1 ms]
   [Code Root Purge: 0.0 ms]
   [Clear CT: 0.2 ms]
   [Other: 1.6 ms]
      [Choose CSet: 0.0 ms]
      [Ref Proc: 1.2 ms]
      [Ref Enq: 0.0 ms]
      [Redirty Cards: 0.1 ms]
      [Humongous Register: 0.0 ms]
      [Humongous Reclaim: 0.0 ms]
      [Free CSet: 0.1 ms]
   [Eden: 76.0M(76.0M)->0.0B(76.0M) Survivors: 1024.0K->1024.0K Heap: 227.3M(256.0M)->151.4M(256.0M)]
 [Times: user=0.04 sys=0.00, real=0.01 secs] 
2019-02-06T22:26:12.479+0500: 1051.423: [GC concurrent-root-region-scan-start]
2019-02-06T22:26:12.485+0500: 1051.429: [GC concurrent-root-region-scan-end, 0.0056393 secs]
2019-02-06T22:26:12.485+0500: 1051.429: [GC concurrent-mark-start]
2019-02-06T22:26:12.517+0500: 1051.461: [GC concurrent-mark-end, 0.0322803 secs]
2019-02-06T22:26:12.517+0500: 1051.462: [GC remark 2019-02-06T22:26:12.517+0500: 1051.462: [Finalize Marking, 0.0014289 secs] 2019-02-06T22:26:12.519+0500: 1051.463: [GC ref-proc, 0.0006888 secs] 2019-02-06T22:26:12.520+0500: 1051.464: [Unloading, 0.0065016 secs], 0.0106783 secs]
 [Times: user=0.04 sys=0.00, real=0.01 secs] 
2019-02-06T22:26:12.529+0500: 1051.473: [GC cleanup 154M->154M(256M), 0.0008429 secs]
 [Times: user=0.00 sys=0.00, real=0.01 secs] 
2019-02-06T22:26:13.376+0500: 1052.320: [GC pause (G1 Evacuation Pause) (young), 0.0076424 secs]
   [Parallel Time: 5.9 ms, GC Workers: 8]
      [GC Worker Start (ms): Min: 1052320.3, Avg: 1052320.3, Max: 1052320.4, Diff: 0.1]
      [Ext Root Scanning (ms): Min: 0.3, Avg: 0.8, Max: 3.6, Diff: 3.4, Sum: 6.6]
      [Update RS (ms): Min: 0.0, Avg: 1.9, Max: 2.8, Diff: 2.8, Sum: 14.9]
         [Processed Buffers: Min: 0, Avg: 6.0, Max: 12, Diff: 12, Sum: 48]
      [Scan RS (ms): Min: 0.0, Avg: 0.5, Max: 0.8, Diff: 0.8, Sum: 4.0]
      [Code Root Scanning (ms): Min: 0.0, Avg: 0.0, Max: 0.0, Diff: 0.0, Sum: 0.0]
      [Object Copy (ms): Min: 1.2, Avg: 1.8, Max: 4.5, Diff: 3.3, Sum: 14.2]
      [Termination (ms): Min: 0.0, Avg: 0.8, Max: 0.9, Diff: 0.9, Sum: 6.0]
         [Termination Attempts: Min: 1, Avg: 2.1, Max: 4, Diff: 3, Sum: 17]
      [GC Worker Other (ms): Min: 0.0, Avg: 0.0, Max: 0.0, Diff: 0.0, Sum: 0.1]
      [GC Worker Total (ms): Min: 5.6, Avg: 5.7, Max: 5.8, Diff: 0.1, Sum: 45.8]
      [GC Worker End (ms): Min: 1052326.0, Avg: 1052326.1, Max: 1052326.1, Diff: 0.1]
   [Code Root Fixup: 0.1 ms]
   [Code Root Purge: 0.0 ms]
   [Clear CT: 0.1 ms]
   [Other: 1.5 ms]
      [Choose CSet: 0.0 ms]
      [Ref Proc: 1.1 ms]
      [Ref Enq: 0.0 ms]
      [Redirty Cards: 0.2 ms]
      [Humongous Register: 0.0 ms]
      [Humongous Reclaim: 0.0 ms]
      [Free CSet: 0.0 ms]
   [Eden: 76.0M(76.0M)->0.0B(74.0M) Survivors: 1024.0K->2048.0K Heap: 227.4M(256.0M)->151.6M(256.0M)]
 [Times: user=0.03 sys=0.00, real=0.01 secs] 
2019-02-06T22:26:14.223+0500: 1053.167: [GC pause (G1 Evacuation Pause) (young), 0.0084249 secs]
   [Parallel Time: 6.6 ms, GC Workers: 8]
      [GC Worker Start (ms): Min: 1053167.1, Avg: 1053168.3, Max: 1053173.5, Diff: 6.4]
      [Ext Root Scanning (ms): Min: 0.0, Avg: 0.4, Max: 0.8, Diff: 0.8, Sum: 3.1]
      [Update RS (ms): Min: 0.0, Avg: 2.4, Max: 4.8, Diff: 4.8, Sum: 19.4]
         [Processed Buffers: Min: 0, Avg: 7.4, Max: 22, Diff: 22, Sum: 59]
      [Scan RS (ms): Min: 0.0, Avg: 0.0, Max: 0.1, Diff: 0.1, Sum: 0.2]
      [Code Root Scanning (ms): Min: 0.0, Avg: 0.0, Max: 0.0, Diff: 0.0, Sum: 0.0]
      [Object Copy (ms): Min: 0.0, Avg: 1.7, Max: 5.9, Diff: 5.9, Sum: 13.4]
      [Termination (ms): Min: 0.0, Avg: 0.7, Max: 1.0, Diff: 1.0, Sum: 6.0]
         [Termination Attempts: Min: 1, Avg: 2.4, Max: 5, Diff: 4, Sum: 19]
      [GC Worker Other (ms): Min: 0.0, Avg: 0.0, Max: 0.0, Diff: 0.0, Sum: 0.1]
      [GC Worker Total (ms): Min: 0.0, Avg: 5.3, Max: 6.5, Diff: 6.5, Sum: 42.1]
      [GC Worker End (ms): Min: 1053173.5, Avg: 1053173.6, Max: 1053173.6, Diff: 0.1]
   [Code Root Fixup: 0.1 ms]
   [Code Root Purge: 0.0 ms]
   [Clear CT: 0.1 ms]
   [Other: 1.6 ms]
      [Choose CSet: 0.0 ms]
      [Ref Proc: 1.2 ms]
      [Ref Enq: 0.0 ms]
      [Redirty Cards: 0.2 ms]
      [Humongous Register: 0.0 ms]
      [Humongous Reclaim: 0.0 ms]
      [Free CSet: 0.0 ms]
   [Eden: 74.0M(74.0M)->0.0B(76.0M) Survivors: 2048.0K->1024.0K Heap: 225.6M(256.0M)->151.4M(256.0M)]
 [Times: user=0.04 sys=0.00, real=0.01 secs] 
2019-02-06T22:26:15.121+0500: 1054.065: [GC pause (G1 Evacuation Pause) (young) (initial-mark), 0.0068083 secs]
   [Parallel Time: 5.0 ms, GC Workers: 8]
      [GC Worker Start (ms): Min: 1054065.5, Avg: 1054065.6, Max: 1054066.1, Diff: 0.6]
      [Ext Root Scanning (ms): Min: 0.2, Avg: 1.1, Max: 2.9, Diff: 2.7, Sum: 9.0]
      [Update RS (ms): Min: 0.4, Avg: 2.3, Max: 2.8, Diff: 2.4, Sum: 18.1]
         [Processed Buffers: Min: 4, Avg: 6.4, Max: 13, Diff: 9, Sum: 51]
      [Scan RS (ms): Min: 0.0, Avg: 0.0, Max: 0.1, Diff: 0.1, Sum: 0.2]
      [Code Root Scanning (ms): Min: 0.0, Avg: 0.0, Max: 0.0, Diff: 0.0, Sum: 0.0]
      [Object Copy (ms): Min: 0.8, Avg: 1.0, Max: 1.1, Diff: 0.4, Sum: 8.2]
      [Termination (ms): Min: 0.0, Avg: 0.1, Max: 0.1, Diff: 0.1, Sum: 0.5]
         [Termination Attempts: Min: 1, Avg: 1.1, Max: 2, Diff: 1, Sum: 9]
      [GC Worker Other (ms): Min: 0.0, Avg: 0.1, Max: 0.1, Diff: 0.1, Sum: 0.6]
      [GC Worker Total (ms): Min: 4.1, Avg: 4.6, Max: 4.8, Diff: 0.7, Sum: 36.6]
      [GC Worker End (ms): Min: 1054070.1, Avg: 1054070.2, Max: 1054070.2, Diff: 0.1]
   [Code Root Fixup: 0.1 ms]
   [Code Root Purge: 0.0 ms]
   [Clear CT: 0.1 ms]
   [Other: 1.6 ms]
      [Choose CSet: 0.0 ms]
      [Ref Proc: 1.1 ms]
      [Ref Enq: 0.0 ms]
      [Redirty Cards: 0.2 ms]
      [Humongous Register: 0.0 ms]
      [Humongous Reclaim: 0.0 ms]
      [Free CSet: 0.0 ms]
   [Eden: 76.0M(76.0M)->0.0B(76.0M) Survivors: 1024.0K->1024.0K Heap: 227.4M(256.0M)->151.6M(256.0M)]
 [Times: user=0.03 sys=0.00, real=0.00 secs] 
2019-02-06T22:26:15.128+0500: 1054.072: [GC concurrent-root-region-scan-start]
2019-02-06T22:26:15.134+0500: 1054.078: [GC concurrent-root-region-scan-end, 0.0055419 secs]
2019-02-06T22:26:15.134+0500: 1054.078: [GC concurrent-mark-start]
2019-02-06T22:26:15.165+0500: 1054.109: [GC concurrent-mark-end, 0.0309778 secs]
2019-02-06T22:26:15.165+0500: 1054.109: [GC remark 2019-02-06T22:26:15.165+0500: 1054.109: [Finalize Marking, 0.0010888 secs] 2019-02-06T22:26:15.166+0500: 1054.110: [GC ref-proc, 0.0005536 secs] 2019-02-06T22:26:15.167+0500: 1054.111: [Unloading, 0.0059069 secs], 0.0092729 secs]
 [Times: user=0.05 sys=0.00, real=0.01 secs] 
2019-02-06T22:26:15.175+0500: 1054.119: [GC cleanup 154M->154M(256M), 0.0007962 secs]
 [Times: user=0.00 sys=0.00, real=0.00 secs] 
2019-02-06T22:26:16.036+0500: 1054.981: [GC pause (G1 Evacuation Pause) (young), 0.0046427 secs]
   [Parallel Time: 3.9 ms, GC Workers: 8]
      [GC Worker Start (ms): Min: 1054980.8, Avg: 1054980.8, Max: 1054980.9, Diff: 0.1]
      [Ext Root Scanning (ms): Min: 0.3, Avg: 0.4, Max: 0.7, Diff: 0.4, Sum: 3.1]
      [Update RS (ms): Min: 0.0, Avg: 1.4, Max: 1.9, Diff: 1.9, Sum: 11.5]
         [Processed Buffers: Min: 0, Avg: 5.1, Max: 10, Diff: 10, Sum: 41]
      [Scan RS (ms): Min: 0.0, Avg: 0.7, Max: 1.0, Diff: 1.0, Sum: 5.8]
      [Code Root Scanning (ms): Min: 0.0, Avg: 0.0, Max: 0.0, Diff: 0.0, Sum: 0.0]
      [Object Copy (ms): Min: 0.8, Avg: 1.2, Max: 3.4, Diff: 2.6, Sum: 9.3]
      [Termination (ms): Min: 0.0, Avg: 0.1, Max: 0.1, Diff: 0.1, Sum: 0.5]
         [Termination Attempts: Min: 1, Avg: 1.2, Max: 2, Diff: 1, Sum: 10]
      [GC Worker Other (ms): Min: 0.0, Avg: 0.0, Max: 0.0, Diff: 0.0, Sum: 0.1]
      [GC Worker Total (ms): Min: 3.7, Avg: 3.8, Max: 3.8, Diff: 0.1, Sum: 30.3]
      [GC Worker End (ms): Min: 1054984.6, Avg: 1054984.6, Max: 1054984.6, Diff: 0.0]
   [Code Root Fixup: 0.1 ms]
   [Code Root Purge: 0.0 ms]
   [Clear CT: 0.1 ms]
   [Other: 0.6 ms]
      [Choose CSet: 0.0 ms]
      [Ref Proc: 0.2 ms]
      [Ref Enq: 0.0 ms]
      [Redirty Cards: 0.1 ms]
      [Humongous Register: 0.0 ms]
      [Humongous Reclaim: 0.0 ms]
      [Free CSet: 0.0 ms]
   [Eden: 76.0M(76.0M)->0.0B(76.0M) Survivors: 1024.0K->1024.0K Heap: 227.6M(256.0M)->151.4M(256.0M)]
 [Times: user=0.03 sys=0.00, real=0.01 secs] 
2019-02-06T22:26:16.919+0500: 1055.864: [GC pause (G1 Evacuation Pause) (young), 0.0066928 secs]
   [Parallel Time: 4.9 ms, GC Workers: 8]
      [GC Worker Start (ms): Min: 1055863.8, Avg: 1055863.8, Max: 1055863.9, Diff: 0.1]
      [Ext Root Scanning (ms): Min: 0.3, Avg: 0.6, Max: 1.7, Diff: 1.4, Sum: 4.5]
      [Update RS (ms): Min: 0.0, Avg: 1.9, Max: 2.7, Diff: 2.7, Sum: 14.9]
         [Processed Buffers: Min: 0, Avg: 4.6, Max: 11, Diff: 11, Sum: 37]
      [Scan RS (ms): Min: 0.0, Avg: 0.8, Max: 1.8, Diff: 1.8, Sum: 6.4]
      [Code Root Scanning (ms): Min: 0.0, Avg: 0.0, Max: 0.0, Diff: 0.0, Sum: 0.0]
      [Object Copy (ms): Min: 0.0, Avg: 1.4, Max: 4.3, Diff: 4.3, Sum: 11.5]
      [Termination (ms): Min: 0.0, Avg: 0.1, Max: 0.1, Diff: 0.1, Sum: 0.7]
         [Termination Attempts: Min: 1, Avg: 6.2, Max: 10, Diff: 9, Sum: 50]
      [GC Worker Other (ms): Min: 0.0, Avg: 0.0, Max: 0.0, Diff: 0.0, Sum: 0.1]
      [GC Worker Total (ms): Min: 4.7, Avg: 4.8, Max: 4.8, Diff: 0.1, Sum: 38.2]
      [GC Worker End (ms): Min: 1055868.6, Avg: 1055868.6, Max: 1055868.6, Diff: 0.0]
   [Code Root Fixup: 0.1 ms]
   [Code Root Purge: 0.0 ms]
   [Clear CT: 0.2 ms]
   [Other: 1.6 ms]
      [Choose CSet: 0.0 ms]
      [Ref Proc: 1.2 ms]
      [Ref Enq: 0.0 ms]
      [Redirty Cards: 0.2 ms]
      [Humongous Register: 0.0 ms]
      [Humongous Reclaim: 0.0 ms]
      [Free CSet: 0.0 ms]
   [Eden: 76.0M(76.0M)->0.0B(76.0M) Survivors: 1024.0K->1024.0K Heap: 227.4M(256.0M)->151.6M(256.0M)]
 [Times: user=0.03 sys=0.01, real=0.01 secs] 
2019-02-06T22:26:17.787+0500: 1056.731: [GC pause (G1 Evacuation Pause) (young) (initial-mark), 0.0055869 secs]
   [Parallel Time: 3.7 ms, GC Workers: 8]
      [GC Worker Start (ms): Min: 1056731.4, Avg: 1056731.5, Max: 1056731.5, Diff: 0.1]
      [Ext Root Scanning (ms): Min: 0.6, Avg: 0.7, Max: 0.7, Diff: 0.1, Sum: 5.4]
      [Update RS (ms): Min: 1.4, Avg: 1.5, Max: 1.7, Diff: 0.3, Sum: 12.1]
         [Processed Buffers: Min: 3, Avg: 5.1, Max: 10, Diff: 7, Sum: 41]
      [Scan RS (ms): Min: 0.2, Avg: 0.5, Max: 0.6, Diff: 0.4, Sum: 3.8]
      [Code Root Scanning (ms): Min: 0.0, Avg: 0.0, Max: 0.0, Diff: 0.0, Sum: 0.0]
      [Object Copy (ms): Min: 0.6, Avg: 0.7, Max: 0.8, Diff: 0.2, Sum: 5.5]
      [Termination (ms): Min: 0.0, Avg: 0.0, Max: 0.0, Diff: 0.0, Sum: 0.0]
         [Termination Attempts: Min: 1, Avg: 1.1, Max: 2, Diff: 1, Sum: 9]
      [GC Worker Other (ms): Min: 0.0, Avg: 0.0, Max: 0.0, Diff: 0.0, Sum: 0.2]
      [GC Worker Total (ms): Min: 3.3, Avg: 3.4, Max: 3.4, Diff: 0.1, Sum: 27.0]
      [GC Worker End (ms): Min: 1056734.8, Avg: 1056734.8, Max: 1056734.8, Diff: 0.0]
   [Code Root Fixup: 0.1 ms]
   [Code Root Purge: 0.0 ms]
   [Clear CT: 0.2 ms]
   [Other: 1.6 ms]
      [Choose CSet: 0.0 ms]
      [Ref Proc: 1.3 ms]
      [Ref Enq: 0.0 ms]
      [Redirty Cards: 0.2 ms]
      [Humongous Register: 0.0 ms]
      [Humongous Reclaim: 0.0 ms]
      [Free CSet: 0.0 ms]
   [Eden: 76.0M(76.0M)->0.0B(76.0M) Survivors: 1024.0K->1024.0K Heap: 227.6M(256.0M)->151.5M(256.0M)]
 [Times: user=0.03 sys=0.00, real=0.01 secs] 
2019-02-06T22:26:17.793+0500: 1056.737: [GC concurrent-root-region-scan-start]
2019-02-06T22:26:17.796+0500: 1056.740: [GC concurrent-root-region-scan-end, 0.0034165 secs]
2019-02-06T22:26:17.796+0500: 1056.740: [GC concurrent-mark-start]
2019-02-06T22:26:17.824+0500: 1056.769: [GC concurrent-mark-end, 0.0281963 secs]
2019-02-06T22:26:17.825+0500: 1056.769: [GC remark 2019-02-06T22:26:17.825+0500: 1056.769: [Finalize Marking, 0.0014534 secs] 2019-02-06T22:26:17.826+0500: 1056.770: [GC ref-proc, 0.0004769 secs] 2019-02-06T22:26:17.827+0500: 1056.771: [Unloading, 0.0049117 secs], 0.0085789 secs]
 [Times: user=0.03 sys=0.00, real=0.01 secs] 
2019-02-06T22:26:17.834+0500: 1056.778: [GC cleanup 154M->154M(256M), 0.0006908 secs]
 [Times: user=0.01 sys=0.00, real=0.00 secs] 
2019-02-06T22:26:18.678+0500: 1057.622: [GC pause (G1 Evacuation Pause) (young), 0.0061785 secs]
   [Parallel Time: 4.5 ms, GC Workers: 8]
      [GC Worker Start (ms): Min: 1057622.1, Avg: 1057622.2, Max: 1057622.7, Diff: 0.6]
      [Ext Root Scanning (ms): Min: 0.0, Avg: 0.4, Max: 0.8, Diff: 0.8, Sum: 2.8]
      [Update RS (ms): Min: 1.7, Avg: 2.2, Max: 3.8, Diff: 2.1, Sum: 17.8]
         [Processed Buffers: Min: 0, Avg: 6.1, Max: 12, Diff: 12, Sum: 49]
      [Scan RS (ms): Min: 0.0, Avg: 0.2, Max: 0.3, Diff: 0.3, Sum: 1.3]
      [Code Root Scanning (ms): Min: 0.0, Avg: 0.0, Max: 0.0, Diff: 0.0, Sum: 0.0]
      [Object Copy (ms): Min: 0.0, Avg: 0.6, Max: 0.7, Diff: 0.7, Sum: 4.9]
      [Termination (ms): Min: 0.0, Avg: 0.8, Max: 1.0, Diff: 1.0, Sum: 6.5]
         [Termination Attempts: Min: 1, Avg: 1.5, Max: 4, Diff: 3, Sum: 12]
      [GC Worker Other (ms): Min: 0.0, Avg: 0.0, Max: 0.0, Diff: 0.0, Sum: 0.1]
      [GC Worker Total (ms): Min: 3.7, Avg: 4.2, Max: 4.4, Diff: 0.7, Sum: 33.5]
      [GC Worker End (ms): Min: 1057626.4, Avg: 1057626.4, Max: 1057626.4, Diff: 0.1]
   [Code Root Fixup: 0.1 ms]
   [Code Root Purge: 0.0 ms]
   [Clear CT: 0.1 ms]
   [Other: 1.5 ms]
      [Choose CSet: 0.0 ms]
      [Ref Proc: 1.1 ms]
      [Ref Enq: 0.0 ms]
      [Redirty Cards: 0.2 ms]
      [Humongous Register: 0.0 ms]
      [Humongous Reclaim: 0.0 ms]
      [Free CSet: 0.0 ms]
   [Eden: 76.0M(76.0M)->0.0B(76.0M) Survivors: 1024.0K->1024.0K Heap: 227.5M(256.0M)->151.8M(256.0M)]
 [Times: user=0.04 sys=0.01, real=0.01 secs] 
2019-02-06T22:26:19.541+0500: 1058.485: [GC pause (G1 Evacuation Pause) (young), 0.0064473 secs]
   [Parallel Time: 4.8 ms, GC Workers: 8]
      [GC Worker Start (ms): Min: 1058485.2, Avg: 1058485.3, Max: 1058485.4, Diff: 0.2]
      [Ext Root Scanning (ms): Min: 0.2, Avg: 0.6, Max: 1.3, Diff: 1.1, Sum: 4.9]
      [Update RS (ms): Min: 1.1, Avg: 1.9, Max: 4.2, Diff: 3.1, Sum: 15.2]
         [Processed Buffers: Min: 1, Avg: 6.0, Max: 14, Diff: 13, Sum: 48]
      [Scan RS (ms): Min: 0.0, Avg: 0.5, Max: 1.2, Diff: 1.2, Sum: 4.3]
      [Code Root Scanning (ms): Min: 0.0, Avg: 0.0, Max: 0.0, Diff: 0.0, Sum: 0.0]
      [Object Copy (ms): Min: 0.0, Avg: 0.7, Max: 0.9, Diff: 0.9, Sum: 5.7]
      [Termination (ms): Min: 0.0, Avg: 0.9, Max: 1.0, Diff: 1.0, Sum: 6.8]
         [Termination Attempts: Min: 1, Avg: 3.2, Max: 13, Diff: 12, Sum: 26]
      [GC Worker Other (ms): Min: 0.0, Avg: 0.0, Max: 0.0, Diff: 0.0, Sum: 0.1]
      [GC Worker Total (ms): Min: 4.5, Avg: 4.6, Max: 4.8, Diff: 0.2, Sum: 37.1]
      [GC Worker End (ms): Min: 1058489.8, Avg: 1058489.9, Max: 1058489.9, Diff: 0.1]
   [Code Root Fixup: 0.1 ms]
   [Code Root Purge: 0.0 ms]
   [Clear CT: 0.2 ms]
   [Other: 1.4 ms]
      [Choose CSet: 0.0 ms]
      [Ref Proc: 1.0 ms]
      [Ref Enq: 0.0 ms]
      [Redirty Cards: 0.2 ms]
      [Humongous Register: 0.0 ms]
      [Humongous Reclaim: 0.0 ms]
      [Free CSet: 0.0 ms]
   [Eden: 76.0M(76.0M)->0.0B(75.0M) Survivors: 1024.0K->1024.0K Heap: 227.8M(256.0M)->151.7M(256.0M)]
 [Times: user=0.04 sys=0.00, real=0.00 secs] 
2019-02-06T22:26:20.396+0500: 1059.340: [GC pause (G1 Evacuation Pause) (young) (initial-mark), 0.0068808 secs]
   [Parallel Time: 5.2 ms, GC Workers: 8]
      [GC Worker Start (ms): Min: 1059340.2, Avg: 1059340.3, Max: 1059340.3, Diff: 0.1]
      [Ext Root Scanning (ms): Min: 0.3, Avg: 1.4, Max: 4.8, Diff: 4.5, Sum: 11.2]
      [Update RS (ms): Min: 0.0, Avg: 2.1, Max: 3.8, Diff: 3.8, Sum: 16.9]
         [Processed Buffers: Min: 0, Avg: 5.9, Max: 21, Diff: 21, Sum: 47]
      [Scan RS (ms): Min: 0.0, Avg: 0.0, Max: 0.1, Diff: 0.1, Sum: 0.1]
      [Code Root Scanning (ms): Min: 0.0, Avg: 0.0, Max: 0.0, Diff: 0.0, Sum: 0.0]
      [Object Copy (ms): Min: 0.0, Avg: 0.6, Max: 0.9, Diff: 0.9, Sum: 5.0]
      [Termination (ms): Min: 0.0, Avg: 0.7, Max: 0.9, Diff: 0.9, Sum: 5.3]
         [Termination Attempts: Min: 1, Avg: 2.0, Max: 4, Diff: 3, Sum: 16]
      [GC Worker Other (ms): Min: 0.0, Avg: 0.1, Max: 0.5, Diff: 0.5, Sum: 0.6]
      [GC Worker Total (ms): Min: 4.8, Avg: 4.9, Max: 5.0, Diff: 0.2, Sum: 39.1]
      [GC Worker End (ms): Min: 1059345.1, Avg: 1059345.2, Max: 1059345.2, Diff: 0.1]
   [Code Root Fixup: 0.1 ms]
   [Code Root Purge: 0.0 ms]
   [Clear CT: 0.1 ms]
   [Other: 1.5 ms]
      [Choose CSet: 0.0 ms]
      [Ref Proc: 1.1 ms]
      [Ref Enq: 0.0 ms]
      [Redirty Cards: 0.2 ms]
      [Humongous Register: 0.0 ms]
      [Humongous Reclaim: 0.0 ms]
      [Free CSet: 0.0 ms]
   [Eden: 75.0M(75.0M)->0.0B(75.0M) Survivors: 1024.0K->1024.0K Heap: 226.7M(256.0M)->151.6M(256.0M)]
 [Times: user=0.04 sys=0.00, real=0.01 secs] 
2019-02-06T22:26:20.403+0500: 1059.347: [GC concurrent-root-region-scan-start]
2019-02-06T22:26:20.406+0500: 1059.350: [GC concurrent-root-region-scan-end, 0.0030414 secs]
2019-02-06T22:26:20.406+0500: 1059.350: [GC concurrent-mark-start]
2019-02-06T22:26:20.433+0500: 1059.377: [GC concurrent-mark-end, 0.0273037 secs]
2019-02-06T22:26:20.433+0500: 1059.378: [GC remark 2019-02-06T22:26:20.433+0500: 1059.378: [Finalize Marking, 0.0011336 secs] 2019-02-06T22:26:20.435+0500: 1059.379: [GC ref-proc, 0.0004470 secs] 2019-02-06T22:26:20.435+0500: 1059.379: [Unloading, 0.0052412 secs], 0.0085139 secs]
 [Times: user=0.04 sys=0.00, real=0.01 secs] 
2019-02-06T22:26:20.442+0500: 1059.387: [GC cleanup 155M->155M(256M), 0.0008457 secs]
 [Times: user=0.00 sys=0.00, real=0.00 secs] 
2019-02-06T22:29:39.892+0500: 1258.835: [GC pause (G1 Evacuation Pause) (young), 0.0130390 secs]
   [Parallel Time: 11.0 ms, GC Workers: 8]
      [GC Worker Start (ms): Min: 1258836.1, Avg: 1258836.4, Max: 1258836.6, Diff: 0.5]
      [Ext Root Scanning (ms): Min: 1.7, Avg: 2.8, Max: 8.7, Diff: 7.0, Sum: 22.3]
      [Update RS (ms): Min: 0.0, Avg: 2.4, Max: 3.4, Diff: 3.3, Sum: 19.4]
         [Processed Buffers: Min: 0, Avg: 8.4, Max: 17, Diff: 17, Sum: 67]
      [Scan RS (ms): Min: 0.0, Avg: 2.0, Max: 2.5, Diff: 2.5, Sum: 16.1]
      [Code Root Scanning (ms): Min: 0.0, Avg: 0.0, Max: 0.0, Diff: 0.0, Sum: 0.0]
      [Object Copy (ms): Min: 1.8, Avg: 3.0, Max: 3.3, Diff: 1.5, Sum: 24.3]
      [Termination (ms): Min: 0.0, Avg: 0.1, Max: 0.3, Diff: 0.3, Sum: 1.2]
         [Termination Attempts: Min: 2, Avg: 13.8, Max: 23, Diff: 21, Sum: 110]
      [GC Worker Other (ms): Min: 0.0, Avg: 0.0, Max: 0.0, Diff: 0.0, Sum: 0.3]
      [GC Worker Total (ms): Min: 10.2, Avg: 10.4, Max: 10.7, Diff: 0.5, Sum: 83.5]
      [GC Worker End (ms): Min: 1258846.8, Avg: 1258846.8, Max: 1258846.9, Diff: 0.1]
   [Code Root Fixup: 0.0 ms]
   [Code Root Purge: 0.0 ms]
   [Clear CT: 0.2 ms]
   [Other: 1.8 ms]
      [Choose CSet: 0.0 ms]
      [Ref Proc: 0.4 ms]
      [Ref Enq: 0.0 ms]
      [Redirty Cards: 0.1 ms]
      [Humongous Register: 0.4 ms]
      [Humongous Reclaim: 0.0 ms]
      [Free CSet: 0.2 ms]
   [Eden: 75.0M(75.0M)->0.0B(9216.0K) Survivors: 1024.0K->3072.0K Heap: 226.6M(256.0M)->153.2M(256.0M)]
 [Times: user=0.05 sys=0.03, real=0.01 secs] 
2019-02-06T22:31:10.749+0500: 1349.691: [GC pause (G1 Evacuation Pause) (mixed), 0.0176058 secs]
   [Parallel Time: 14.8 ms, GC Workers: 8]
      [GC Worker Start (ms): Min: 1349691.2, Avg: 1349691.2, Max: 1349691.3, Diff: 0.1]
      [Ext Root Scanning (ms): Min: 0.3, Avg: 0.6, Max: 2.1, Diff: 1.8, Sum: 4.8]
      [Update RS (ms): Min: 0.2, Avg: 1.5, Max: 2.0, Diff: 1.8, Sum: 11.9]
         [Processed Buffers: Min: 3, Avg: 7.0, Max: 16, Diff: 13, Sum: 56]
      [Scan RS (ms): Min: 2.4, Avg: 2.4, Max: 2.5, Diff: 0.1, Sum: 19.5]
      [Code Root Scanning (ms): Min: 0.0, Avg: 0.0, Max: 0.0, Diff: 0.0, Sum: 0.0]
      [Object Copy (ms): Min: 9.0, Avg: 9.4, Max: 9.8, Diff: 0.8, Sum: 75.0]
      [Termination (ms): Min: 0.0, Avg: 0.7, Max: 0.9, Diff: 0.9, Sum: 5.8]
         [Termination Attempts: Min: 1, Avg: 5.0, Max: 11, Diff: 10, Sum: 40]
      [GC Worker Other (ms): Min: 0.0, Avg: 0.0, Max: 0.0, Diff: 0.0, Sum: 0.2]
      [GC Worker Total (ms): Min: 14.6, Avg: 14.7, Max: 14.8, Diff: 0.2, Sum: 117.3]
      [GC Worker End (ms): Min: 1349705.8, Avg: 1349705.9, Max: 1349705.9, Diff: 0.2]
   [Code Root Fixup: 0.1 ms]
   [Code Root Purge: 0.0 ms]
   [Clear CT: 0.2 ms]
   [Other: 2.5 ms]
      [Choose CSet: 0.0 ms]
      [Ref Proc: 1.8 ms]
      [Ref Enq: 0.0 ms]
      [Redirty Cards: 0.2 ms]
      [Humongous Register: 0.0 ms]
      [Humongous Reclaim: 0.0 ms]
      [Free CSet: 0.1 ms]
   [Eden: 9216.0K(9216.0K)->0.0B(73.0M) Survivors: 3072.0K->2048.0K Heap: 162.2M(256.0M)->153.6M(256.0M)]
 [Times: user=0.07 sys=0.02, real=0.02 secs] 
2019-02-06T22:43:21.132+0500: 2080.070: [GC pause (G1 Evacuation Pause) (young), 0.0725168 secs]
   [Parallel Time: 69.3 ms, GC Workers: 8]
      [GC Worker Start (ms): Min: 2080071.3, Avg: 2080071.5, Max: 2080071.7, Diff: 0.4]
      [Ext Root Scanning (ms): Min: 2.4, Avg: 4.8, Max: 19.6, Diff: 17.2, Sum: 38.4]
      [Update RS (ms): Min: 9.3, Avg: 25.7, Max: 30.0, Diff: 20.8, Sum: 206.0]
         [Processed Buffers: Min: 3, Avg: 8.0, Max: 21, Diff: 18, Sum: 64]
      [Scan RS (ms): Min: 1.6, Avg: 3.6, Max: 5.7, Diff: 4.1, Sum: 28.6]
      [Code Root Scanning (ms): Min: 0.0, Avg: 0.0, Max: 0.1, Diff: 0.1, Sum: 0.1]
      [Object Copy (ms): Min: 28.6, Avg: 31.4, Max: 35.7, Diff: 7.0, Sum: 251.2]
      [Termination (ms): Min: 0.0, Avg: 3.3, Max: 6.0, Diff: 6.0, Sum: 26.7]
         [Termination Attempts: Min: 1, Avg: 7.9, Max: 27, Diff: 26, Sum: 63]
      [GC Worker Other (ms): Min: 0.0, Avg: 0.0, Max: 0.0, Diff: 0.0, Sum: 0.3]
      [GC Worker Total (ms): Min: 68.6, Avg: 68.9, Max: 69.1, Diff: 0.5, Sum: 551.2]
      [GC Worker End (ms): Min: 2080140.3, Avg: 2080140.4, Max: 2080140.5, Diff: 0.1]
   [Code Root Fixup: 0.0 ms]
   [Code Root Purge: 0.0 ms]
   [Clear CT: 0.1 ms]
   [Other: 3.1 ms]
      [Choose CSet: 0.0 ms]
      [Ref Proc: 0.4 ms]
      [Ref Enq: 0.0 ms]
      [Redirty Cards: 0.1 ms]
      [Humongous Register: 0.3 ms]
      [Humongous Reclaim: 0.0 ms]
      [Free CSet: 0.7 ms]
   [Eden: 73.0M(73.0M)->0.0B(5120.0K) Survivors: 2048.0K->7168.0K Heap: 226.6M(256.0M)->158.7M(256.0M)]
 [Times: user=0.12 sys=0.21, real=0.07 secs] 
2019-02-06T22:44:11.437+0500: 2130.375: [GC pause (G1 Evacuation Pause) (young) (initial-mark), 0.0267929 secs]
   [Parallel Time: 24.7 ms, GC Workers: 8]
      [GC Worker Start (ms): Min: 2130376.2, Avg: 2130376.2, Max: 2130376.3, Diff: 0.1]
      [Ext Root Scanning (ms): Min: 5.9, Avg: 6.1, Max: 6.7, Diff: 0.8, Sum: 48.8]
      [Update RS (ms): Min: 2.1, Avg: 3.0, Max: 3.7, Diff: 1.6, Sum: 24.0]
         [Processed Buffers: Min: 1, Avg: 7.8, Max: 22, Diff: 21, Sum: 62]
      [Scan RS (ms): Min: 0.0, Avg: 0.0, Max: 0.1, Diff: 0.1, Sum: 0.3]
      [Code Root Scanning (ms): Min: 0.0, Avg: 0.0, Max: 0.1, Diff: 0.1, Sum: 0.1]
      [Object Copy (ms): Min: 12.8, Avg: 13.5, Max: 14.4, Diff: 1.6, Sum: 107.7]
      [Termination (ms): Min: 0.0, Avg: 0.5, Max: 0.6, Diff: 0.6, Sum: 4.0]
         [Termination Attempts: Min: 1, Avg: 1.8, Max: 3, Diff: 2, Sum: 14]
      [GC Worker Other (ms): Min: 0.0, Avg: 0.0, Max: 0.0, Diff: 0.0, Sum: 0.2]
      [GC Worker Total (ms): Min: 23.0, Avg: 23.1, Max: 23.2, Diff: 0.2, Sum: 185.1]
      [GC Worker End (ms): Min: 2130399.3, Avg: 2130399.4, Max: 2130399.5, Diff: 0.2]
   [Code Root Fixup: 0.1 ms]
   [Code Root Purge: 0.0 ms]
   [Clear CT: 0.1 ms]
   [Other: 1.9 ms]
      [Choose CSet: 0.0 ms]
      [Ref Proc: 0.9 ms]
      [Ref Enq: 0.0 ms]
      [Redirty Cards: 0.2 ms]
      [Humongous Register: 0.0 ms]
      [Humongous Reclaim: 0.0 ms]
      [Free CSet: 0.1 ms]
   [Eden: 5120.0K(5120.0K)->0.0B(10.0M) Survivors: 7168.0K->2048.0K Heap: 163.7M(256.0M)->159.9M(256.0M)]
 [Times: user=0.07 sys=0.04, real=0.03 secs] 
2019-02-06T22:44:11.466+0500: 2130.403: [GC concurrent-root-region-scan-start]
2019-02-06T22:44:11.468+0500: 2130.406: [GC concurrent-root-region-scan-end, 0.0026197 secs]
2019-02-06T22:44:11.469+0500: 2130.407: [GC concurrent-mark-start]
2019-02-06T22:44:11.507+0500: 2130.444: [GC concurrent-mark-end, 0.0376734 secs]
2019-02-06T22:44:11.507+0500: 2130.444: [GC remark 2019-02-06T22:44:11.507+0500: 2130.445: [Finalize Marking, 0.0001673 secs] 2019-02-06T22:44:11.507+0500: 2130.445: [GC ref-proc, 0.0003106 secs] 2019-02-06T22:44:11.508+0500: 2130.445: [Unloading, 0.0520351 secs], 0.0541573 secs]
 [Times: user=0.05 sys=0.18, real=0.06 secs] 
2019-02-06T22:44:11.562+0500: 2130.499: [GC cleanup 159M->159M(256M), 0.0008353 secs]
 [Times: user=0.00 sys=0.00, real=0.00 secs] 
2019-02-06T22:45:51.090+0500: 2230.026: [GC pause (G1 Evacuation Pause) (young), 0.0050041 secs]
   [Parallel Time: 4.2 ms, GC Workers: 8]
      [GC Worker Start (ms): Min: 2230026.5, Avg: 2230026.5, Max: 2230026.6, Diff: 0.1]
      [Ext Root Scanning (ms): Min: 0.3, Avg: 0.4, Max: 0.7, Diff: 0.4, Sum: 2.8]
      [Update RS (ms): Min: 0.1, Avg: 1.1, Max: 1.5, Diff: 1.4, Sum: 8.6]
         [Processed Buffers: Min: 3, Avg: 7.1, Max: 15, Diff: 12, Sum: 57]
      [Scan RS (ms): Min: 0.0, Avg: 0.2, Max: 0.3, Diff: 0.3, Sum: 1.3]
      [Code Root Scanning (ms): Min: 0.0, Avg: 0.0, Max: 0.0, Diff: 0.0, Sum: 0.0]
      [Object Copy (ms): Min: 2.3, Avg: 2.5, Max: 3.4, Diff: 1.2, Sum: 20.3]
      [Termination (ms): Min: 0.0, Avg: 0.0, Max: 0.0, Diff: 0.0, Sum: 0.0]
         [Termination Attempts: Min: 1, Avg: 2.1, Max: 4, Diff: 3, Sum: 17]
      [GC Worker Other (ms): Min: 0.0, Avg: 0.0, Max: 0.0, Diff: 0.0, Sum: 0.1]
      [GC Worker Total (ms): Min: 4.1, Avg: 4.1, Max: 4.2, Diff: 0.1, Sum: 33.1]
      [GC Worker End (ms): Min: 2230030.7, Avg: 2230030.7, Max: 2230030.7, Diff: 0.0]
   [Code Root Fixup: 0.1 ms]
   [Code Root Purge: 0.0 ms]
   [Clear CT: 0.1 ms]
   [Other: 0.6 ms]
      [Choose CSet: 0.0 ms]
      [Ref Proc: 0.3 ms]
      [Ref Enq: 0.0 ms]
      [Redirty Cards: 0.1 ms]
      [Humongous Register: 0.0 ms]
      [Humongous Reclaim: 0.0 ms]
      [Free CSet: 0.0 ms]
   [Eden: 10.0M(10.0M)->0.0B(10.0M) Survivors: 2048.0K->2048.0K Heap: 169.9M(256.0M)->162.5M(256.0M)]
 [Times: user=0.02 sys=0.00, real=0.00 secs] 
2019-02-06T22:47:31.291+0500: 2330.227: [GC pause (G1 Evacuation Pause) (mixed), 0.0069509 secs]
   [Parallel Time: 5.5 ms, GC Workers: 8]
      [GC Worker Start (ms): Min: 2330226.9, Avg: 2330227.0, Max: 2330227.0, Diff: 0.1]
      [Ext Root Scanning (ms): Min: 0.3, Avg: 0.4, Max: 0.7, Diff: 0.4, Sum: 3.4]
      [Update RS (ms): Min: 0.4, Avg: 0.8, Max: 2.4, Diff: 2.0, Sum: 6.2]
         [Processed Buffers: Min: 1, Avg: 5.4, Max: 13, Diff: 12, Sum: 43]
      [Scan RS (ms): Min: 0.0, Avg: 0.7, Max: 0.9, Diff: 0.9, Sum: 5.9]
      [Code Root Scanning (ms): Min: 0.0, Avg: 0.0, Max: 0.0, Diff: 0.0, Sum: 0.0]
      [Object Copy (ms): Min: 1.8, Avg: 2.7, Max: 3.5, Diff: 1.7, Sum: 21.3]
      [Termination (ms): Min: 0.0, Avg: 0.7, Max: 0.9, Diff: 0.9, Sum: 5.9]
         [Termination Attempts: Min: 1, Avg: 16.9, Max: 25, Diff: 24, Sum: 135]
      [GC Worker Other (ms): Min: 0.0, Avg: 0.0, Max: 0.0, Diff: 0.0, Sum: 0.1]
      [GC Worker Total (ms): Min: 5.3, Avg: 5.4, Max: 5.4, Diff: 0.1, Sum: 42.8]
      [GC Worker End (ms): Min: 2330232.3, Avg: 2330232.3, Max: 2330232.3, Diff: 0.0]
   [Code Root Fixup: 0.1 ms]
   [Code Root Purge: 0.0 ms]
   [Clear CT: 0.1 ms]
   [Other: 1.2 ms]
      [Choose CSet: 0.0 ms]
      [Ref Proc: 0.9 ms]
      [Ref Enq: 0.0 ms]
      [Redirty Cards: 0.1 ms]
      [Humongous Register: 0.0 ms]
      [Humongous Reclaim: 0.0 ms]
      [Free CSet: 0.0 ms]
   [Eden: 10.0M(10.0M)->0.0B(10.0M) Survivors: 2048.0K->2048.0K Heap: 172.5M(256.0M)->160.3M(256.0M)]
 [Times: user=0.04 sys=0.00, real=0.00 secs] 
2019-02-06T22:49:12.504+0500: 2431.439: [GC pause (G1 Evacuation Pause) (mixed), 0.0128973 secs]
   [Parallel Time: 10.5 ms, GC Workers: 8]
      [GC Worker Start (ms): Min: 2431439.6, Avg: 2431439.6, Max: 2431439.7, Diff: 0.1]
      [Ext Root Scanning (ms): Min: 0.3, Avg: 0.5, Max: 1.0, Diff: 0.7, Sum: 3.9]
      [Update RS (ms): Min: 0.6, Avg: 1.3, Max: 2.3, Diff: 1.7, Sum: 10.2]
         [Processed Buffers: Min: 1, Avg: 6.1, Max: 19, Diff: 18, Sum: 49]
      [Scan RS (ms): Min: 1.9, Avg: 3.1, Max: 7.7, Diff: 5.8, Sum: 24.7]
      [Code Root Scanning (ms): Min: 0.0, Avg: 0.0, Max: 0.0, Diff: 0.0, Sum: 0.0]
      [Object Copy (ms): Min: 0.1, Avg: 3.8, Max: 5.0, Diff: 4.9, Sum: 30.7]
      [Termination (ms): Min: 0.0, Avg: 1.1, Max: 1.9, Diff: 1.9, Sum: 8.9]
         [Termination Attempts: Min: 1, Avg: 2.0, Max: 3, Diff: 2, Sum: 16]
      [GC Worker Other (ms): Min: 0.0, Avg: 0.0, Max: 0.0, Diff: 0.0, Sum: 0.2]
      [GC Worker Total (ms): Min: 9.4, Avg: 9.8, Max: 10.3, Diff: 0.9, Sum: 78.5]
      [GC Worker End (ms): Min: 2431449.1, Avg: 2431449.4, Max: 2431450.0, Diff: 0.9]
   [Code Root Fixup: 0.1 ms]
   [Code Root Purge: 0.0 ms]
   [Clear CT: 0.2 ms]
   [Other: 2.1 ms]
      [Choose CSet: 0.0 ms]
      [Ref Proc: 1.6 ms]
      [Ref Enq: 0.0 ms]
      [Redirty Cards: 0.2 ms]
      [Humongous Register: 0.0 ms]
      [Humongous Reclaim: 0.0 ms]
      [Free CSet: 0.1 ms]
   [Eden: 10.0M(10.0M)->0.0B(10.0M) Survivors: 2048.0K->2048.0K Heap: 170.3M(256.0M)->159.3M(256.0M)]
 [Times: user=0.06 sys=0.01, real=0.01 secs] 
2019-02-06T22:50:52.642+0500: 2531.577: [GC pause (G1 Evacuation Pause) (mixed), 0.0098707 secs]
   [Parallel Time: 9.1 ms, GC Workers: 8]
      [GC Worker Start (ms): Min: 2531577.3, Avg: 2531577.4, Max: 2531577.5, Diff: 0.1]
      [Ext Root Scanning (ms): Min: 0.3, Avg: 0.7, Max: 2.0, Diff: 1.7, Sum: 6.0]
      [Update RS (ms): Min: 2.9, Avg: 4.3, Max: 5.2, Diff: 2.4, Sum: 34.2]
         [Processed Buffers: Min: 2, Avg: 8.2, Max: 22, Diff: 20, Sum: 66]
      [Scan RS (ms): Min: 0.5, Avg: 1.1, Max: 1.3, Diff: 0.8, Sum: 9.0]
      [Code Root Scanning (ms): Min: 0.0, Avg: 0.0, Max: 0.0, Diff: 0.0, Sum: 0.0]
      [Object Copy (ms): Min: 1.9, Avg: 2.1, Max: 2.7, Diff: 0.7, Sum: 16.9]
      [Termination (ms): Min: 0.0, Avg: 0.6, Max: 0.8, Diff: 0.7, Sum: 5.1]
         [Termination Attempts: Min: 1, Avg: 1.4, Max: 2, Diff: 1, Sum: 11]
      [GC Worker Other (ms): Min: 0.0, Avg: 0.0, Max: 0.0, Diff: 0.0, Sum: 0.1]
      [GC Worker Total (ms): Min: 8.8, Avg: 8.9, Max: 9.0, Diff: 0.2, Sum: 71.2]
      [GC Worker End (ms): Min: 2531586.2, Avg: 2531586.3, Max: 2531586.4, Diff: 0.1]
   [Code Root Fixup: 0.0 ms]
   [Code Root Purge: 0.0 ms]
   [Clear CT: 0.1 ms]
   [Other: 0.6 ms]
      [Choose CSet: 0.0 ms]
      [Ref Proc: 0.2 ms]
      [Ref Enq: 0.0 ms]
      [Redirty Cards: 0.2 ms]
      [Humongous Register: 0.0 ms]
      [Humongous Reclaim: 0.0 ms]
      [Free CSet: 0.0 ms]
   [Eden: 10.0M(10.0M)->0.0B(19.0M) Survivors: 2048.0K->2048.0K Heap: 169.3M(256.0M)->159.8M(256.0M)]
 [Times: user=0.06 sys=0.00, real=0.01 secs] 
2019-02-06T22:54:03.308+0500: 2722.241: [GC pause (G1 Evacuation Pause) (young), 0.0137537 secs]
   [Parallel Time: 13.0 ms, GC Workers: 8]
      [GC Worker Start (ms): Min: 2722241.5, Avg: 2722241.7, Max: 2722242.6, Diff: 1.0]
      [Ext Root Scanning (ms): Min: 0.0, Avg: 0.7, Max: 2.4, Diff: 2.4, Sum: 5.2]
      [Update RS (ms): Min: 1.3, Avg: 2.9, Max: 3.5, Diff: 2.2, Sum: 23.3]
         [Processed Buffers: Min: 2, Avg: 7.4, Max: 24, Diff: 22, Sum: 59]
      [Scan RS (ms): Min: 0.0, Avg: 0.0, Max: 0.2, Diff: 0.2, Sum: 0.3]
      [Code Root Scanning (ms): Min: 0.0, Avg: 0.0, Max: 0.0, Diff: 0.0, Sum: 0.0]
      [Object Copy (ms): Min: 8.3, Avg: 8.7, Max: 9.0, Diff: 0.7, Sum: 69.5]
      [Termination (ms): Min: 0.0, Avg: 0.3, Max: 0.5, Diff: 0.5, Sum: 2.5]
         [Termination Attempts: Min: 1, Avg: 1.8, Max: 4, Diff: 3, Sum: 14]
      [GC Worker Other (ms): Min: 0.0, Avg: 0.0, Max: 0.1, Diff: 0.0, Sum: 0.1]
      [GC Worker Total (ms): Min: 11.7, Avg: 12.6, Max: 12.9, Diff: 1.2, Sum: 101.0]
      [GC Worker End (ms): Min: 2722254.3, Avg: 2722254.4, Max: 2722254.5, Diff: 0.2]
   [Code Root Fixup: 0.0 ms]
   [Code Root Purge: 0.0 ms]
   [Clear CT: 0.1 ms]
   [Other: 0.6 ms]
      [Choose CSet: 0.0 ms]
      [Ref Proc: 0.3 ms]
      [Ref Enq: 0.0 ms]
      [Redirty Cards: 0.1 ms]
      [Humongous Register: 0.0 ms]
      [Humongous Reclaim: 0.0 ms]
      [Free CSet: 0.0 ms]
   [Eden: 19.0M(19.0M)->0.0B(20.0M) Survivors: 2048.0K->3072.0K Heap: 178.8M(256.0M)->161.8M(256.0M)]
 [Times: user=0.06 sys=0.02, real=0.02 secs] 
2019-02-06T22:57:24.196+0500: 2923.129: [GC pause (G1 Evacuation Pause) (young) (initial-mark), 0.0065193 secs]
   [Parallel Time: 5.8 ms, GC Workers: 8]
      [GC Worker Start (ms): Min: 2923129.0, Avg: 2923129.0, Max: 2923129.1, Diff: 0.1]
      [Ext Root Scanning (ms): Min: 0.5, Avg: 0.6, Max: 0.6, Diff: 0.1, Sum: 4.4]
      [Update RS (ms): Min: 0.8, Avg: 0.9, Max: 1.3, Diff: 0.5, Sum: 7.0]
         [Processed Buffers: Min: 2, Avg: 5.9, Max: 17, Diff: 15, Sum: 47]
      [Scan RS (ms): Min: 0.0, Avg: 0.0, Max: 0.1, Diff: 0.1, Sum: 0.1]
      [Code Root Scanning (ms): Min: 0.0, Avg: 0.0, Max: 0.0, Diff: 0.0, Sum: 0.0]
      [Object Copy (ms): Min: 3.7, Avg: 4.1, Max: 4.2, Diff: 0.5, Sum: 32.5]
      [Termination (ms): Min: 0.0, Avg: 0.0, Max: 0.0, Diff: 0.0, Sum: 0.0]
         [Termination Attempts: Min: 1, Avg: 1.0, Max: 1, Diff: 0, Sum: 8]
      [GC Worker Other (ms): Min: 0.0, Avg: 0.0, Max: 0.0, Diff: 0.0, Sum: 0.1]
      [GC Worker Total (ms): Min: 5.5, Avg: 5.5, Max: 5.6, Diff: 0.1, Sum: 44.2]
      [GC Worker End (ms): Min: 2923134.5, Avg: 2923134.6, Max: 2923134.6, Diff: 0.0]
   [Code Root Fixup: 0.0 ms]
   [Code Root Purge: 0.0 ms]
   [Clear CT: 0.1 ms]
   [Other: 0.6 ms]
      [Choose CSet: 0.0 ms]
      [Ref Proc: 0.3 ms]
      [Ref Enq: 0.0 ms]
      [Redirty Cards: 0.1 ms]
      [Humongous Register: 0.0 ms]
      [Humongous Reclaim: 0.0 ms]
      [Free CSet: 0.0 ms]
   [Eden: 20.0M(20.0M)->0.0B(42.0M) Survivors: 3072.0K->3072.0K Heap: 181.8M(256.0M)->163.9M(256.0M)]
 [Times: user=0.03 sys=0.01, real=0.01 secs] 
2019-02-06T22:57:24.203+0500: 2923.136: [GC concurrent-root-region-scan-start]
2019-02-06T22:57:24.206+0500: 2923.138: [GC concurrent-root-region-scan-end, 0.0028446 secs]
2019-02-06T22:57:24.206+0500: 2923.138: [GC concurrent-mark-start]
2019-02-06T22:57:24.223+0500: 2923.156: [GC concurrent-mark-end, 0.0174073 secs]
2019-02-06T22:57:24.224+0500: 2923.156: [GC remark 2019-02-06T22:57:24.224+0500: 2923.156: [Finalize Marking, 0.0002569 secs] 2019-02-06T22:57:24.224+0500: 2923.156: [GC ref-proc, 0.0003408 secs] 2019-02-06T22:57:24.224+0500: 2923.157: [Unloading, 0.0041030 secs], 0.0061714 secs]
 [Times: user=0.03 sys=0.00, real=0.01 secs] 
2019-02-06T22:57:24.230+0500: 2923.162: [GC cleanup 163M->162M(256M), 0.0006798 secs]
 [Times: user=0.00 sys=0.00, real=0.00 secs] 
2019-02-06T22:57:24.231+0500: 2923.163: [GC concurrent-cleanup-start]
2019-02-06T22:57:24.231+0500: 2923.163: [GC concurrent-cleanup-end, 0.0000127 secs]
2019-02-06T23:04:26.265+0500: 3345.195: [GC pause (G1 Evacuation Pause) (young), 0.0332029 secs]
   [Parallel Time: 30.8 ms, GC Workers: 8]
      [GC Worker Start (ms): Min: 3345195.8, Avg: 3345196.0, Max: 3345196.3, Diff: 0.5]
      [Ext Root Scanning (ms): Min: 2.3, Avg: 3.8, Max: 13.6, Diff: 11.3, Sum: 30.4]
      [Update RS (ms): Min: 0.0, Avg: 4.3, Max: 6.4, Diff: 6.4, Sum: 34.6]
         [Processed Buffers: Min: 0, Avg: 6.1, Max: 11, Diff: 11, Sum: 49]
      [Scan RS (ms): Min: 0.0, Avg: 1.8, Max: 2.9, Diff: 2.9, Sum: 14.1]
      [Code Root Scanning (ms): Min: 0.0, Avg: 0.0, Max: 0.1, Diff: 0.1, Sum: 0.1]
      [Object Copy (ms): Min: 16.8, Avg: 18.5, Max: 20.6, Diff: 3.8, Sum: 147.8]
      [Termination (ms): Min: 0.0, Avg: 1.8, Max: 3.1, Diff: 3.1, Sum: 14.7]
         [Termination Attempts: Min: 1, Avg: 1.9, Max: 5, Diff: 4, Sum: 15]
      [GC Worker Other (ms): Min: 0.0, Avg: 0.0, Max: 0.1, Diff: 0.0, Sum: 0.3]
      [GC Worker Total (ms): Min: 30.0, Avg: 30.2, Max: 30.4, Diff: 0.4, Sum: 242.0]
      [GC Worker End (ms): Min: 3345226.2, Avg: 3345226.3, Max: 3345226.4, Diff: 0.2]
   [Code Root Fixup: 0.1 ms]
   [Code Root Purge: 0.0 ms]
   [Clear CT: 0.1 ms]
   [Other: 2.2 ms]
      [Choose CSet: 0.0 ms]
      [Ref Proc: 0.8 ms]
      [Ref Enq: 0.0 ms]
      [Redirty Cards: 0.1 ms]
      [Humongous Register: 0.4 ms]
      [Humongous Reclaim: 0.0 ms]
      [Free CSet: 0.2 ms]
   [Eden: 42.0M(42.0M)->0.0B(6144.0K) Survivors: 3072.0K->6144.0K Heap: 204.9M(256.0M)->166.8M(256.0M)]
 [Times: user=0.07 sys=0.09, real=0.04 secs] 
2019-02-06T23:05:26.338+0500: 3405.267: [GC pause (G1 Evacuation Pause) (mixed), 0.0315727 secs]
   [Parallel Time: 30.6 ms, GC Workers: 8]
      [GC Worker Start (ms): Min: 3405267.6, Avg: 3405267.7, Max: 3405267.8, Diff: 0.1]
      [Ext Root Scanning (ms): Min: 0.2, Avg: 0.6, Max: 2.9, Diff: 2.6, Sum: 5.1]
      [Update RS (ms): Min: 0.0, Avg: 0.7, Max: 1.1, Diff: 1.1, Sum: 5.6]
         [Processed Buffers: Min: 0, Avg: 6.0, Max: 18, Diff: 18, Sum: 48]
      [Scan RS (ms): Min: 12.5, Avg: 13.7, Max: 14.0, Diff: 1.5, Sum: 109.5]
      [Code Root Scanning (ms): Min: 0.0, Avg: 0.0, Max: 0.1, Diff: 0.1, Sum: 0.1]
      [Object Copy (ms): Min: 9.2, Avg: 12.3, Max: 15.4, Diff: 6.2, Sum: 98.2]
      [Termination (ms): Min: 0.0, Avg: 3.0, Max: 6.0, Diff: 6.0, Sum: 23.8]
         [Termination Attempts: Min: 1, Avg: 2.1, Max: 4, Diff: 3, Sum: 17]
      [GC Worker Other (ms): Min: 0.0, Avg: 0.0, Max: 0.0, Diff: 0.0, Sum: 0.1]
      [GC Worker Total (ms): Min: 30.2, Avg: 30.3, Max: 30.4, Diff: 0.2, Sum: 242.5]
      [GC Worker End (ms): Min: 3405298.0, Avg: 3405298.0, Max: 3405298.2, Diff: 0.2]
   [Code Root Fixup: 0.1 ms]
   [Code Root Purge: 0.0 ms]
   [Clear CT: 0.2 ms]
   [Other: 0.8 ms]
      [Choose CSet: 0.1 ms]
      [Ref Proc: 0.3 ms]
      [Ref Enq: 0.0 ms]
      [Redirty Cards: 0.1 ms]
      [Humongous Register: 0.0 ms]
      [Humongous Reclaim: 0.0 ms]
      [Free CSet: 0.1 ms]
   [Eden: 6144.0K(6144.0K)->0.0B(23.0M) Survivors: 6144.0K->2048.0K Heap: 172.8M(256.0M)->158.3M(256.0M)]
 [Times: user=0.08 sys=0.07, real=0.04 secs] 
2019-02-06T23:08:55.503+0500: 3614.431: [GC pause (G1 Evacuation Pause) (young), 0.0097142 secs]
   [Parallel Time: 8.9 ms, GC Workers: 8]
      [GC Worker Start (ms): Min: 3614431.3, Avg: 3614431.4, Max: 3614431.4, Diff: 0.1]
      [Ext Root Scanning (ms): Min: 0.3, Avg: 0.4, Max: 0.9, Diff: 0.6, Sum: 3.5]
      [Update RS (ms): Min: 1.8, Avg: 2.2, Max: 2.7, Diff: 0.9, Sum: 17.4]
         [Processed Buffers: Min: 2, Avg: 7.2, Max: 21, Diff: 19, Sum: 58]
      [Scan RS (ms): Min: 0.0, Avg: 0.2, Max: 0.3, Diff: 0.3, Sum: 1.6]
      [Code Root Scanning (ms): Min: 0.0, Avg: 0.0, Max: 0.0, Diff: 0.0, Sum: 0.0]
      [Object Copy (ms): Min: 4.5, Avg: 5.6, Max: 5.9, Diff: 1.4, Sum: 44.8]
      [Termination (ms): Min: 0.0, Avg: 0.3, Max: 1.5, Diff: 1.5, Sum: 2.4]
         [Termination Attempts: Min: 1, Avg: 1.4, Max: 3, Diff: 2, Sum: 11]
      [GC Worker Other (ms): Min: 0.0, Avg: 0.0, Max: 0.0, Diff: 0.0, Sum: 0.1]
      [GC Worker Total (ms): Min: 8.7, Avg: 8.7, Max: 8.8, Diff: 0.1, Sum: 69.9]
      [GC Worker End (ms): Min: 3614440.1, Avg: 3614440.1, Max: 3614440.1, Diff: 0.0]
   [Code Root Fixup: 0.0 ms]
   [Code Root Purge: 0.0 ms]
   [Clear CT: 0.1 ms]
   [Other: 0.7 ms]
      [Choose CSet: 0.0 ms]
      [Ref Proc: 0.3 ms]
      [Ref Enq: 0.0 ms]
      [Redirty Cards: 0.1 ms]
      [Humongous Register: 0.0 ms]
      [Humongous Reclaim: 0.0 ms]
      [Free CSet: 0.0 ms]
   [Eden: 23.0M(23.0M)->0.0B(32.0M) Survivors: 2048.0K->4096.0K Heap: 181.3M(256.0M)->165.0M(256.0M)]
 [Times: user=0.05 sys=0.00, real=0.01 secs] 
2019-02-06T23:34:00.992+0500: 3920.171: [GC pause (G1 Evacuation Pause) (young) (initial-mark), 0.0108178 secs]
   [Parallel Time: 9.1 ms, GC Workers: 8]
      [GC Worker Start (ms): Min: 3920171.4, Avg: 3920171.4, Max: 3920171.4, Diff: 0.1]
      [Ext Root Scanning (ms): Min: 0.8, Avg: 0.9, Max: 1.0, Diff: 0.2, Sum: 7.3]
      [Update RS (ms): Min: 0.3, Avg: 0.4, Max: 0.8, Diff: 0.5, Sum: 3.3]
         [Processed Buffers: Min: 1, Avg: 6.1, Max: 16, Diff: 15, Sum: 49]
      [Scan RS (ms): Min: 0.0, Avg: 0.3, Max: 0.4, Diff: 0.4, Sum: 2.4]
      [Code Root Scanning (ms): Min: 0.0, Avg: 0.0, Max: 0.0, Diff: 0.0, Sum: 0.0]
      [Object Copy (ms): Min: 4.0, Avg: 4.2, Max: 4.7, Diff: 0.7, Sum: 33.6]
      [Termination (ms): Min: 0.0, Avg: 2.2, Max: 2.5, Diff: 2.5, Sum: 17.4]
         [Termination Attempts: Min: 1, Avg: 1.0, Max: 1, Diff: 0, Sum: 8]
      [GC Worker Other (ms): Min: 0.0, Avg: 0.0, Max: 0.1, Diff: 0.1, Sum: 0.2]
      [GC Worker Total (ms): Min: 6.4, Avg: 8.0, Max: 8.3, Diff: 1.9, Sum: 64.1]
      [GC Worker End (ms): Min: 3920177.7, Avg: 3920179.4, Max: 3920179.7, Diff: 1.9]
   [Code Root Fixup: 0.1 ms]
   [Code Root Purge: 0.0 ms]
   [Clear CT: 0.2 ms]
   [Other: 1.4 ms]
      [Choose CSet: 0.0 ms]
      [Ref Proc: 1.0 ms]
      [Ref Enq: 0.0 ms]
      [Redirty Cards: 0.1 ms]
      [Humongous Register: 0.0 ms]
      [Humongous Reclaim: 0.0 ms]
      [Free CSet: 0.0 ms]
   [Eden: 32.0M(32.0M)->0.0B(54.0M) Survivors: 4096.0K->5120.0K Heap: 197.0M(256.0M)->168.6M(256.0M)]
 [Times: user=0.05 sys=0.01, real=0.01 secs] 
2019-02-06T23:34:01.003+0500: 3920.182: [GC concurrent-root-region-scan-start]
2019-02-06T23:34:01.007+0500: 3920.185: [GC concurrent-root-region-scan-end, 0.0036916 secs]
2019-02-06T23:34:01.007+0500: 3920.186: [GC concurrent-mark-start]
2019-02-06T23:34:01.031+0500: 3920.210: [GC concurrent-mark-end, 0.0241728 secs]
2019-02-06T23:34:01.032+0500: 3920.210: [GC remark 2019-02-06T23:34:01.032+0500: 3920.210: [Finalize Marking, 0.0010790 secs] 2019-02-06T23:34:01.033+0500: 3920.212: [GC ref-proc, 0.0004568 secs] 2019-02-06T23:34:01.033+0500: 3920.212: [Unloading, 0.0178461 secs], 0.0212495 secs]
 [Times: user=0.04 sys=0.06, real=0.02 secs] 
2019-02-06T23:34:01.053+0500: 3920.232: [GC cleanup 169M->168M(256M), 0.0009219 secs]
 [Times: user=0.00 sys=0.00, real=0.00 secs] 
2019-02-06T23:34:01.054+0500: 3920.233: [GC concurrent-cleanup-start]
2019-02-06T23:34:01.054+0500: 3920.233: [GC concurrent-cleanup-end, 0.0000158 secs]
2019-02-07T07:42:24.687+0500: 4239.723: [GC pause (G1 Evacuation Pause) (young), 0.0325845 secs]
   [Parallel Time: 25.2 ms, GC Workers: 8]
      [GC Worker Start (ms): Min: 4239728.2, Avg: 4239728.5, Max: 4239728.7, Diff: 0.5]
      [Ext Root Scanning (ms): Min: 1.0, Avg: 2.0, Max: 7.9, Diff: 6.9, Sum: 15.8]
      [Update RS (ms): Min: 0.0, Avg: 5.5, Max: 7.0, Diff: 7.0, Sum: 44.4]
         [Processed Buffers: Min: 0, Avg: 7.2, Max: 16, Diff: 16, Sum: 58]
      [Scan RS (ms): Min: 0.0, Avg: 0.3, Max: 0.6, Diff: 0.6, Sum: 2.3]
      [Code Root Scanning (ms): Min: 0.0, Avg: 0.1, Max: 0.3, Diff: 0.3, Sum: 0.6]
      [Object Copy (ms): Min: 15.4, Avg: 15.7, Max: 16.0, Diff: 0.6, Sum: 125.6]
      [Termination (ms): Min: 0.0, Avg: 0.0, Max: 0.1, Diff: 0.1, Sum: 0.3]
         [Termination Attempts: Min: 3, Avg: 8.2, Max: 13, Diff: 10, Sum: 66]
      [GC Worker Other (ms): Min: 0.6, Avg: 0.7, Max: 0.9, Diff: 0.3, Sum: 6.0]
      [GC Worker Total (ms): Min: 24.2, Avg: 24.4, Max: 24.7, Diff: 0.5, Sum: 195.1]
      [GC Worker End (ms): Min: 4239752.9, Avg: 4239752.9, Max: 4239752.9, Diff: 0.0]
   [Code Root Fixup: 0.1 ms]
   [Code Root Purge: 0.0 ms]
   [Clear CT: 0.1 ms]
   [Other: 7.1 ms]
      [Choose CSet: 0.0 ms]
      [Ref Proc: 1.1 ms]
      [Ref Enq: 0.0 ms]
      [Redirty Cards: 0.1 ms]
      [Humongous Register: 1.0 ms]
      [Humongous Reclaim: 0.0 ms]
      [Free CSet: 0.4 ms]
   [Eden: 54.0M(54.0M)->0.0B(6144.0K) Survivors: 5120.0K->6144.0K Heap: 221.6M(256.0M)->168.6M(256.0M)]
 [Times: user=0.04 sys=0.08, real=0.03 secs] 
2019-02-07T07:43:07.131+0500: 4282.167: [GC pause (G1 Evacuation Pause) (mixed), 0.0195447 secs]
   [Parallel Time: 18.4 ms, GC Workers: 8]
      [GC Worker Start (ms): Min: 4282167.1, Avg: 4282167.1, Max: 4282167.2, Diff: 0.1]
      [Ext Root Scanning (ms): Min: 0.4, Avg: 1.0, Max: 4.4, Diff: 4.0, Sum: 7.8]
      [Update RS (ms): Min: 0.0, Avg: 0.5, Max: 0.9, Diff: 0.9, Sum: 4.2]
         [Processed Buffers: Min: 0, Avg: 4.8, Max: 16, Diff: 16, Sum: 38]
      [Scan RS (ms): Min: 2.9, Avg: 5.5, Max: 6.3, Diff: 3.4, Sum: 43.6]
      [Code Root Scanning (ms): Min: 0.0, Avg: 0.1, Max: 0.3, Diff: 0.3, Sum: 1.0]
      [Object Copy (ms): Min: 6.8, Avg: 9.6, Max: 11.9, Diff: 5.1, Sum: 76.9]
      [Termination (ms): Min: 0.0, Avg: 1.5, Max: 4.1, Diff: 4.1, Sum: 12.3]
         [Termination Attempts: Min: 1, Avg: 1.0, Max: 1, Diff: 0, Sum: 8]
      [GC Worker Other (ms): Min: 0.0, Avg: 0.0, Max: 0.0, Diff: 0.0, Sum: 0.2]
      [GC Worker Total (ms): Min: 18.2, Avg: 18.2, Max: 18.4, Diff: 0.2, Sum: 145.9]
      [GC Worker End (ms): Min: 4282185.3, Avg: 4282185.3, Max: 4282185.4, Diff: 0.1]
   [Code Root Fixup: 0.2 ms]
   [Code Root Purge: 0.0 ms]
   [Clear CT: 0.1 ms]
   [Other: 0.8 ms]
      [Choose CSet: 0.0 ms]
      [Ref Proc: 0.3 ms]
      [Ref Enq: 0.0 ms]
      [Redirty Cards: 0.1 ms]
      [Humongous Register: 0.0 ms]
      [Humongous Reclaim: 0.0 ms]
      [Free CSet: 0.2 ms]
   [Eden: 6144.0K(6144.0K)->0.0B(10.0M) Survivors: 6144.0K->2048.0K Heap: 174.6M(256.0M)->155.6M(256.0M)]
 [Times: user=0.05 sys=0.04, real=0.02 secs] 
2019-02-07T07:44:17.015+0500: 4352.050: [GC pause (G1 Evacuation Pause) (mixed), 0.0112340 secs]
   [Parallel Time: 10.6 ms, GC Workers: 8]
      [GC Worker Start (ms): Min: 4352050.5, Avg: 4352050.6, Max: 4352050.6, Diff: 0.1]
      [Ext Root Scanning (ms): Min: 0.3, Avg: 0.4, Max: 0.8, Diff: 0.5, Sum: 3.5]
      [Update RS (ms): Min: 1.1, Avg: 1.4, Max: 1.7, Diff: 0.6, Sum: 10.8]
         [Processed Buffers: Min: 1, Avg: 6.1, Max: 16, Diff: 15, Sum: 49]
      [Scan RS (ms): Min: 5.5, Avg: 5.8, Max: 6.3, Diff: 0.9, Sum: 46.3]
      [Code Root Scanning (ms): Min: 0.0, Avg: 0.0, Max: 0.1, Diff: 0.1, Sum: 0.1]
      [Object Copy (ms): Min: 2.5, Avg: 2.8, Max: 3.0, Diff: 0.5, Sum: 22.8]
      [Termination (ms): Min: 0.0, Avg: 0.0, Max: 0.0, Diff: 0.0, Sum: 0.0]
         [Termination Attempts: Min: 1, Avg: 1.0, Max: 1, Diff: 0, Sum: 8]
      [GC Worker Other (ms): Min: 0.0, Avg: 0.0, Max: 0.0, Diff: 0.0, Sum: 0.2]
      [GC Worker Total (ms): Min: 10.4, Avg: 10.5, Max: 10.5, Diff: 0.1, Sum: 83.7]
      [GC Worker End (ms): Min: 4352061.0, Avg: 4352061.0, Max: 4352061.0, Diff: 0.0]
   [Code Root Fixup: 0.1 ms]
   [Code Root Purge: 0.0 ms]
   [Clear CT: 0.1 ms]
   [Other: 0.5 ms]
      [Choose CSet: 0.0 ms]
      [Ref Proc: 0.2 ms]
      [Ref Enq: 0.0 ms]
      [Redirty Cards: 0.1 ms]
      [Humongous Register: 0.0 ms]
      [Humongous Reclaim: 0.0 ms]
      [Free CSet: 0.0 ms]
   [Eden: 10.0M(10.0M)->0.0B(64.0M) Survivors: 2048.0K->2048.0K Heap: 165.6M(256.0M)->158.3M(256.0M)]
 [Times: user=0.03 sys=0.03, real=0.01 secs] 
